2025-05-11 16:12:13,164 - INFO - Timetable loaded successfully
2025-05-11 16:12:13,440 - INFO - Course rolls mapping loaded successfully
2025-05-11 16:12:13,456 - INFO - Room capacities loaded successfully
2025-05-11 16:12:13,595 - INFO - Roll number to name mapping loaded successfully
2025-05-11 16:12:13,597 - ERROR - Error loading input files: 'Room'
2025-05-11 16:12:13,597 - ERROR - Failed to load input files. Exiting.
2025-05-11 16:13:33,266 - INFO - Timetable loaded successfully
2025-05-11 16:13:33,535 - INFO - Course rolls mapping loaded successfully
2025-05-11 16:13:33,552 - INFO - Room capacities loaded successfully
2025-05-11 16:13:33,687 - INFO - Roll number to name mapping loaded successfully
2025-05-11 16:13:33,688 - ERROR - Error loading input files: 'int' object has no attribute 'split'
2025-05-11 16:13:33,689 - ERROR - Failed to load input files. Exiting.
2025-05-11 16:43:50,560 - INFO - Timetable loaded successfully
2025-05-11 16:43:50,845 - INFO - Course rolls mapping loaded successfully
2025-05-11 16:43:50,865 - INFO - Room capacities loaded successfully
2025-05-11 16:43:50,992 - INFO - Roll number to name mapping loaded successfully
2025-05-11 16:43:50,995 - ERROR - Error loading input files: 'int' object has no attribute 'split'
2025-05-11 16:43:50,995 - ERROR - Failed to load input files. Exiting.
2025-05-11 16:50:57,319 - INFO - Timetable loaded successfully
2025-05-11 16:50:57,594 - INFO - Course rolls mapping loaded successfully
2025-05-11 16:50:57,612 - INFO - Room capacities loaded successfully
2025-05-11 16:50:57,738 - INFO - Roll number to name mapping loaded successfully
2025-05-11 16:50:57,738 - ERROR - Error loading input files: 'int' object has no attribute 'split'
2025-05-11 16:50:57,738 - ERROR - Failed to load input files. Exiting.
2025-05-11 16:58:45,399 - INFO - Timetable loaded successfully
2025-05-11 16:58:45,667 - INFO - Course rolls mapping loaded successfully
2025-05-11 16:58:45,685 - INFO - Room capacities loaded successfully
2025-05-11 16:58:45,815 - INFO - Roll number to name mapping loaded successfully
2025-05-11 16:58:45,816 - ERROR - Error loading input files: 'int' object has no attribute 'split'
2025-05-11 16:58:45,816 - ERROR - Failed to load input files. Exiting.
2025-05-11 17:05:40,895 - INFO - Timetable loaded successfully
2025-05-11 17:05:41,157 - INFO - Course rolls mapping loaded successfully
2025-05-11 17:05:41,174 - INFO - Room capacities loaded successfully
2025-05-11 17:05:41,300 - INFO - Roll number to name mapping loaded successfully
2025-05-11 17:05:41,300 - ERROR - Error loading input files: 'int' object has no attribute 'split'
2025-05-11 17:05:41,300 - ERROR - Failed to load input files. Exiting.
2025-05-11 17:15:10,584 - ERROR - Error loading input files: course_rolls.xlsx must contain both 'Course' and 'RollNo' columns
2025-05-11 17:16:08,983 - INFO - Timetable loaded successfully
2025-05-11 17:16:09,001 - INFO - Room capacities loaded successfully
2025-05-11 17:16:09,130 - INFO - Roll number to name mapping loaded successfully
2025-05-11 17:16:09,131 - ERROR - Error loading input files: 'int' object has no attribute 'split'
2025-05-11 17:22:09,825 - INFO - Timetable loaded successfully
2025-05-11 17:22:09,847 - INFO - Room capacities loaded successfully
2025-05-11 17:22:10,004 - INFO - Roll number to name mapping loaded successfully
2025-05-11 17:22:10,005 - WARNING - Room '6101' doesn't follow expected format 'Building-RoomNumber'
2025-05-11 17:22:10,005 - WARNING - Room '6102' doesn't follow expected format 'Building-RoomNumber'
2025-05-11 17:22:10,005 - WARNING - Room '6103' doesn't follow expected format 'Building-RoomNumber'
2025-05-11 17:22:10,006 - WARNING - Room '6104' doesn't follow expected format 'Building-RoomNumber'
2025-05-11 17:22:10,006 - WARNING - Room '6105' doesn't follow expected format 'Building-RoomNumber'
2025-05-11 17:22:10,006 - WARNING - Room '6106' doesn't follow expected format 'Building-RoomNumber'
2025-05-11 17:22:10,006 - WARNING - Room '6107' doesn't follow expected format 'Building-RoomNumber'
2025-05-11 17:22:10,007 - WARNING - Room '6108' doesn't follow expected format 'Building-RoomNumber'
2025-05-11 17:22:10,007 - WARNING - Room '6109' doesn't follow expected format 'Building-RoomNumber'
2025-05-11 17:22:10,007 - WARNING - Room '6110' doesn't follow expected format 'Building-RoomNumber'
2025-05-11 17:22:10,007 - WARNING - Room '8301' doesn't follow expected format 'Building-RoomNumber'
2025-05-11 17:22:10,007 - WARNING - Room '8302' doesn't follow expected format 'Building-RoomNumber'
2025-05-11 17:22:10,007 - WARNING - Room '8303' doesn't follow expected format 'Building-RoomNumber'
2025-05-11 17:22:10,008 - WARNING - Room '8304' doesn't follow expected format 'Building-RoomNumber'
2025-05-11 17:22:10,008 - WARNING - Room '8305' doesn't follow expected format 'Building-RoomNumber'
2025-05-11 17:22:10,008 - WARNING - Room '8306' doesn't follow expected format 'Building-RoomNumber'
2025-05-11 17:22:10,008 - WARNING - Room '8307' doesn't follow expected format 'Building-RoomNumber'
2025-05-11 17:22:10,008 - WARNING - Room '8308' doesn't follow expected format 'Building-RoomNumber'
2025-05-11 17:22:10,008 - WARNING - Room '8309' doesn't follow expected format 'Building-RoomNumber'
2025-05-11 17:22:10,008 - WARNING - Room '8310' doesn't follow expected format 'Building-RoomNumber'
2025-05-11 17:22:10,008 - WARNING - Room '9409' doesn't follow expected format 'Building-RoomNumber'
2025-05-11 17:22:10,010 - WARNING - Room '9410' doesn't follow expected format 'Building-RoomNumber'
2025-05-11 17:22:10,010 - WARNING - Room '10502' doesn't follow expected format 'Building-RoomNumber'
2025-05-11 17:22:10,011 - ERROR - Error generating seating arrangement: 'Session'
2025-05-11 17:24:51,707 - INFO - Timetable columns: Date, Day, Morning, Evening
2025-05-11 17:24:51,707 - INFO - Timetable loaded successfully
2025-05-11 17:24:51,724 - INFO - Room capacities columns: Room, Capacity, Building
2025-05-11 17:24:51,724 - INFO - Room capacities loaded successfully
2025-05-11 17:24:51,858 - INFO - Roll number to name mapping loaded successfully
2025-05-11 17:24:51,860 - ERROR - Error generating seating arrangement: Required columns missing from timetable: Session, Course
2025-05-11 17:31:09,468 - INFO - Timetable columns: Date, Day, Session, Course
2025-05-11 17:31:09,468 - INFO - Timetable loaded successfully
2025-05-11 17:31:09,486 - INFO - Room capacities columns: Room, Capacity, Building
2025-05-11 17:31:09,486 - INFO - Room capacities loaded successfully
2025-05-11 17:31:09,614 - INFO - Roll number to name mapping loaded successfully
2025-05-11 17:31:09,616 - INFO - Timetable columns: Date, Day, Session, Course
2025-05-11 17:31:09,616 - INFO - Using columns for grouping: Date, Session
2025-05-11 17:31:09,616 - WARNING - Roll names file missing required columns 'RollNo' and/or 'Name'
2025-05-11 17:31:09,627 - INFO - Processing 2016-04-30 00:00:00 - Morning session
2025-05-11 17:31:09,658 - INFO - Generated: 30_04_2016_CS249_B-001_morning.xlsx
2025-05-11 17:31:09,665 - INFO - Generated: 30_04_2016_CH426_B-001_morning.xlsx
2025-05-11 17:31:09,671 - INFO - Generated: 30_04_2016_MM304_B-001_morning.xlsx
2025-05-11 17:31:09,678 - INFO - Generated: 30_04_2016_CB308_B-001_morning.xlsx
2025-05-11 17:31:09,685 - INFO - Generated: 30_04_2016_CE216_B-001_morning.xlsx
2025-05-11 17:31:09,693 - INFO - Generated: 30_04_2016_CB204_B-001_morning.xlsx
2025-05-11 17:31:09,699 - INFO - Generated: 30_04_2016_PH422_B-001_morning.xlsx
2025-05-11 17:31:09,706 - INFO - Generated: 30_04_2016_MM202_B-001_morning.xlsx
2025-05-11 17:31:09,707 - INFO - Processing 2016-05-01 00:00:00 - Evening session
2025-05-11 17:31:09,742 - INFO - Generated: 01_05_2016_CS514_B-001_evening.xlsx
2025-05-11 17:31:09,749 - INFO - Generated: 01_05_2016_CE512_B-001_evening.xlsx
2025-05-11 17:31:09,755 - INFO - Generated: 01_05_2016_CH606_B-001_evening.xlsx
2025-05-11 17:31:09,762 - INFO - Generated: 01_05_2016_ME526_B-001_evening.xlsx
2025-05-11 17:31:09,768 - INFO - Generated: 01_05_2016_ME522_B-001_evening.xlsx
2025-05-11 17:31:09,775 - INFO - Generated: 01_05_2016_EE513_B-001_evening.xlsx
2025-05-11 17:31:09,782 - INFO - Generated: 01_05_2016_EE580_B-001_evening.xlsx
2025-05-11 17:31:09,790 - INFO - Generated: 01_05_2016_MM504_B-001_evening.xlsx
2025-05-11 17:31:09,796 - INFO - Generated: 01_05_2016_PH601_B-001_evening.xlsx
2025-05-11 17:31:09,803 - INFO - Generated: 01_05_2016_PH603_B-001_evening.xlsx
2025-05-11 17:31:09,809 - INFO - Generated: 01_05_2016_MH504_B-001_evening.xlsx
2025-05-11 17:31:09,817 - INFO - Generated: 01_05_2016_ME312_B-001_evening.xlsx
2025-05-11 17:31:09,826 - INFO - Generated: 01_05_2016_CE314_B-001_evening.xlsx
2025-05-11 17:31:09,836 - INFO - Generated: 01_05_2016_EE320_B-001_evening.xlsx
2025-05-11 17:31:09,844 - INFO - Generated: 01_05_2016_CS341_B-001_evening.xlsx
2025-05-11 17:31:09,844 - INFO - Processing 2016-05-01 00:00:00 - Morning session
2025-05-11 17:31:09,875 - INFO - Generated: 01_05_2016_HS202_B-001_morning.xlsx
2025-05-11 17:31:09,882 - INFO - Generated: 01_05_2016_HS212_B-001_morning.xlsx
2025-05-11 17:31:09,891 - INFO - Generated: 01_05_2016_HS225_B-001_morning.xlsx
2025-05-11 17:31:09,900 - INFO - Generated: 01_05_2016_HS302_B-001_morning.xlsx
2025-05-11 17:31:09,911 - INFO - Generated: 01_05_2016_HS312_B-001_morning.xlsx
2025-05-11 17:31:09,921 - INFO - Generated: 01_05_2016_HS341_B-001_morning.xlsx
2025-05-11 17:31:09,928 - INFO - Generated: 01_05_2016_HS331_B-001_morning.xlsx
2025-05-11 17:31:09,936 - INFO - Generated: 01_05_2016_HS713_B-001_morning.xlsx
2025-05-11 17:31:09,944 - INFO - Generated: 01_05_2016_EE574_B-001_morning.xlsx
2025-05-11 17:31:09,952 - INFO - Generated: 01_05_2016_MA524_B-001_morning.xlsx
2025-05-11 17:31:09,953 - INFO - Processing 2016-05-02 00:00:00 - Evening session
2025-05-11 17:31:09,992 - INFO - Generated: 02_05_2016_MA504_B-001_evening.xlsx
2025-05-11 17:31:09,999 - INFO - Generated: 02_05_2016_CE506_B-001_evening.xlsx
2025-05-11 17:31:10,007 - INFO - Generated: 02_05_2016_MH502_B-001_evening.xlsx
2025-05-11 17:31:10,013 - INFO - Generated: 02_05_2016_EE507_B-001_evening.xlsx
2025-05-11 17:31:10,021 - INFO - Generated: 02_05_2016_MM502_B-001_evening.xlsx
2025-05-11 17:31:10,028 - INFO - Generated: 02_05_2016_CB504_B-001_evening.xlsx
2025-05-11 17:31:10,035 - INFO - Generated: 02_05_2016_CS546_B-001_evening.xlsx
2025-05-11 17:31:10,042 - INFO - Generated: 02_05_2016_CE318_B-001_evening.xlsx
2025-05-11 17:31:10,049 - INFO - Generated: 02_05_2016_ME332_B-001_evening.xlsx
2025-05-11 17:31:10,056 - INFO - Generated: 02_05_2016_EE309_B-001_evening.xlsx
2025-05-11 17:31:10,063 - INFO - Generated: 02_05_2016_MM302_B-001_evening.xlsx
2025-05-11 17:31:10,070 - INFO - Generated: 02_05_2016_CS267_B-001_evening.xlsx
2025-05-11 17:31:10,071 - INFO - Processing 2016-05-02 00:00:00 - Morning session
2025-05-11 17:31:10,097 - INFO - Generated: 02_05_2016_HS514_B-001_morning.xlsx
2025-05-11 17:31:10,105 - INFO - Generated: 02_05_2016_CS372_B-001_morning.xlsx
2025-05-11 17:31:10,112 - INFO - Generated: 02_05_2016_CS392_B-001_morning.xlsx
2025-05-11 17:31:10,120 - INFO - Generated: 02_05_2016_CH422_B-001_morning.xlsx
2025-05-11 17:31:10,126 - INFO - Generated: 02_05_2016_EP206_B-001_morning.xlsx
2025-05-11 17:31:10,135 - INFO - Generated: 02_05_2016_PH201_B-001_morning.xlsx
2025-05-11 17:31:10,142 - INFO - Generated: 02_05_2016_CS244_B-001_morning.xlsx
2025-05-11 17:31:10,148 - INFO - Generated: 02_05_2016_PH426_B-001_morning.xlsx
2025-05-11 17:31:10,157 - INFO - Generated: 02_05_2016_MA424_B-001_morning.xlsx
2025-05-11 17:31:10,163 - INFO - Generated: 02_05_2016_CB302_B-001_morning.xlsx
2025-05-11 17:31:10,164 - INFO - Processing 2016-05-03 00:00:00 - Evening session
2025-05-11 17:31:10,200 - INFO - Generated: 03_05_2016_CS551_B-001_evening.xlsx
2025-05-11 17:31:10,207 - INFO - Generated: 03_05_2016_CE514_B-001_evening.xlsx
2025-05-11 17:31:10,214 - INFO - Generated: 03_05_2016_ME542_B-001_evening.xlsx
2025-05-11 17:31:10,221 - INFO - Generated: 03_05_2016_ME544_B-001_evening.xlsx
2025-05-11 17:31:10,229 - INFO - Generated: 03_05_2016_EE514_B-001_evening.xlsx
2025-05-11 17:31:10,236 - INFO - Generated: 03_05_2016_EE549_B-001_evening.xlsx
2025-05-11 17:31:10,243 - INFO - Generated: 03_05_2016_PH602_B-001_evening.xlsx
2025-05-11 17:31:10,250 - INFO - Generated: 03_05_2016_PH513_B-001_evening.xlsx
2025-05-11 17:31:10,259 - INFO - Generated: 03_05_2016_CH604_B-001_evening.xlsx
2025-05-11 17:31:10,266 - INFO - Generated: 03_05_2016_ME546_B-001_evening.xlsx
2025-05-11 17:31:10,273 - INFO - Generated: 03_05_2016_CS358_B-001_evening.xlsx
2025-05-11 17:31:10,280 - INFO - Generated: 03_05_2016_CE320_B-001_evening.xlsx
2025-05-11 17:31:10,281 - INFO - Processing 2016-05-03 00:00:00 - Morning session
2025-05-11 17:31:10,319 - INFO - Generated: 03_05_2016_CS259_B-001_morning.xlsx
2025-05-11 17:31:10,327 - INFO - Generated: 03_05_2016_MA428_B-001_morning.xlsx
2025-05-11 17:31:10,336 - INFO - Generated: 03_05_2016_MA220_B-001_morning.xlsx
2025-05-11 17:31:10,342 - INFO - Generated: 03_05_2016_CE218_B-001_morning.xlsx
2025-05-11 17:31:10,350 - INFO - Generated: 03_05_2016_CH428_B-001_morning.xlsx
2025-05-11 17:31:10,357 - INFO - Generated: 03_05_2016_ME216_B-001_morning.xlsx
2025-05-11 17:31:10,364 - INFO - Generated: 03_05_2016_EE205_B-001_morning.xlsx
2025-05-11 17:31:10,371 - INFO - Generated: 03_05_2016_EE341_B-001_morning.xlsx
2025-05-11 17:31:10,377 - INFO - Generated: 03_05_2016_MM206_B-001_morning.xlsx
2025-05-11 17:31:10,387 - INFO - Generated: 03_05_2016_MM306_B-001_morning.xlsx
2025-05-11 17:31:10,394 - INFO - Generated: 03_05_2016_ME314_B-001_morning.xlsx
2025-05-11 17:31:10,402 - INFO - Generated: 03_05_2016_EP202_B-001_morning.xlsx
2025-05-11 17:31:10,409 - INFO - Generated: 03_05_2016_PH420_B-001_morning.xlsx
2025-05-11 17:31:10,415 - INFO - Generated: 03_05_2016_CB206_B-001_morning.xlsx
2025-05-11 17:31:10,423 - INFO - Generated: 03_05_2016_CB304_B-001_morning.xlsx
2025-05-11 17:31:10,430 - INFO - Generated: 03_05_2016_MA533_B-001_morning.xlsx
2025-05-11 17:31:10,430 - INFO - Processing 2016-05-04 00:00:00 - Evening session
2025-05-11 17:31:10,467 - INFO - Generated: 04_05_2016_CS547_B-001_evening.xlsx
2025-05-11 17:31:10,475 - INFO - Generated: 04_05_2016_CS568_B-001_evening.xlsx
2025-05-11 17:31:10,483 - INFO - Generated: 04_05_2016_CE545_B-001_evening.xlsx
2025-05-11 17:31:10,491 - INFO - Generated: 04_05_2016_CH607_B-001_evening.xlsx
2025-05-11 17:31:10,497 - INFO - Generated: 04_05_2016_ME567_B-001_evening.xlsx
2025-05-11 17:31:10,506 - INFO - Generated: 04_05_2016_ME547_B-001_evening.xlsx
2025-05-11 17:31:10,513 - INFO - Generated: 04_05_2016_ME552_B-001_evening.xlsx
2025-05-11 17:31:10,520 - INFO - Generated: 04_05_2016_EE560_B-001_evening.xlsx
2025-05-11 17:31:10,528 - INFO - Generated: 04_05_2016_MM510_B-001_evening.xlsx
2025-05-11 17:31:10,536 - INFO - Generated: 04_05_2016_CB502_B-001_evening.xlsx
2025-05-11 17:31:10,543 - INFO - Generated: 04_05_2016_MA522_B-001_evening.xlsx
2025-05-11 17:31:10,550 - INFO - Generated: 04_05_2016_PH703_B-001_evening.xlsx
2025-05-11 17:31:10,558 - INFO - Generated: 04_05_2016_CE324_B-001_evening.xlsx
2025-05-11 17:31:10,558 - INFO - Processing 2016-05-04 00:00:00 - Morning session
2025-05-11 17:31:10,594 - INFO - Generated: 04_05_2016_HS716_B-001_morning.xlsx
2025-05-11 17:31:10,603 - INFO - Generated: 04_05_2016_CS209_B-001_morning.xlsx
2025-05-11 17:31:10,610 - INFO - Generated: 04_05_2016_MA430_B-001_morning.xlsx
2025-05-11 17:31:10,618 - INFO - Generated: 04_05_2016_CE220_B-001_morning.xlsx
2025-05-11 17:31:10,624 - INFO - Generated: 04_05_2016_ME214_B-001_morning.xlsx
2025-05-11 17:31:10,632 - INFO - Generated: 04_05_2016_EE280_B-001_morning.xlsx
2025-05-11 17:31:10,641 - INFO - Generated: 04_05_2016_EE382_B-001_morning.xlsx
2025-05-11 17:31:10,647 - INFO - Generated: 04_05_2016_MM204_B-001_morning.xlsx
2025-05-11 17:31:10,655 - INFO - Generated: 04_05_2016_PH428_B-001_morning.xlsx
2025-05-11 17:31:10,663 - INFO - Generated: 04_05_2016_PH608_B-001_morning.xlsx
2025-05-11 17:31:10,672 - INFO - Generated: 04_05_2016_EP204_B-001_morning.xlsx
2025-05-11 17:31:10,681 - INFO - Generated: 04_05_2016_CB208_B-001_morning.xlsx
2025-05-11 17:31:10,691 - INFO - Generated: 04_05_2016_CB424_B-001_morning.xlsx
2025-05-11 17:31:10,697 - INFO - Generated: 04_05_2016_CH424_B-001_morning.xlsx
2025-05-11 17:31:10,707 - INFO - Generated: 04_05_2016_MA216_B-001_morning.xlsx
2025-05-11 17:31:10,707 - INFO - Processing 2016-05-05 00:00:00 - Evening session
2025-05-11 17:31:10,757 - INFO - Generated: 05_05_2016_CE532_B-001_evening.xlsx
2025-05-11 17:31:10,763 - INFO - Generated: 05_05_2016_CE536_B-001_evening.xlsx
2025-05-11 17:31:10,772 - INFO - Generated: 05_05_2016_EE535_B-001_evening.xlsx
2025-05-11 17:31:10,778 - INFO - Generated: 05_05_2016_MM520_B-001_evening.xlsx
2025-05-11 17:31:10,786 - INFO - Generated: 05_05_2016_ME510_B-001_evening.xlsx
2025-05-11 17:31:10,794 - INFO - Generated: 05_05_2016_MA502_B-001_evening.xlsx
2025-05-11 17:31:10,801 - INFO - Generated: 05_05_2016_CB506_B-001_evening.xlsx
2025-05-11 17:31:10,809 - INFO - Generated: 05_05_2016_MA536_B-001_evening.xlsx
2025-05-11 17:31:10,816 - INFO - Generated: 05_05_2016_EP208_B-001_evening.xlsx
2025-05-11 17:31:10,824 - INFO - Generated: 05_05_2016_PH203_B-001_evening.xlsx
2025-05-11 17:31:10,829 - INFO - Generated: 05_05_2016_CS511_B-001_evening.xlsx
2025-05-11 17:31:10,839 - INFO - Generated: 05_05_2016_CE526_B-001_evening.xlsx
2025-05-11 17:31:10,846 - INFO - Generated: 05_05_2016_EE566_B-001_evening.xlsx
2025-05-11 17:31:10,847 - INFO - Processing 2016-05-05 00:00:00 - Morning session
2025-05-11 17:31:10,877 - INFO - Generated: 05_05_2016_CS277_B-001_morning.xlsx
2025-05-11 17:31:10,885 - INFO - Generated: 05_05_2016_MA422_B-001_morning.xlsx
2025-05-11 17:31:10,892 - INFO - Generated: 05_05_2016_MA218_B-001_morning.xlsx
2025-05-11 17:31:10,900 - INFO - Generated: 05_05_2016_CE214_B-001_morning.xlsx
2025-05-11 17:31:10,907 - INFO - Generated: 05_05_2016_ME208_B-001_morning.xlsx
2025-05-11 17:31:10,916 - INFO - Generated: 05_05_2016_EE203_B-001_morning.xlsx
2025-05-11 17:31:10,922 - INFO - Generated: 05_05_2016_PH424_B-001_morning.xlsx
2025-05-11 17:31:10,929 - INFO - Generated: 05_05_2016_CB202_B-001_morning.xlsx
2025-05-11 17:31:10,937 - INFO - Generated: 05_05_2016_NT512_B-001_morning.xlsx
2025-05-11 17:31:10,945 - INFO - Generated: 05_05_2016_CH434_B-001_morning.xlsx
2025-05-11 17:31:10,954 - INFO - Generated: 05_05_2016_EE561_B-001_morning.xlsx
2025-05-11 17:31:10,963 - INFO - Generated: 05_05_2016_EE731_B-001_morning.xlsx
2025-05-11 17:31:10,963 - INFO - Processing 2016-05-06 00:00:00 - Evening session
2025-05-11 17:31:10,999 - INFO - Generated: 06_05_2016_EE529_B-001_evening.xlsx
2025-05-11 17:31:11,008 - INFO - Generated: 06_05_2016_CS508_B-001_evening.xlsx
2025-05-11 17:31:11,016 - INFO - Generated: 06_05_2016_CE528_B-001_evening.xlsx
2025-05-11 17:31:11,025 - INFO - Generated: 06_05_2016_CE570_B-001_evening.xlsx
2025-05-11 17:31:11,038 - INFO - Generated: 06_05_2016_EE573_B-001_evening.xlsx
2025-05-11 17:31:11,046 - INFO - Generated: 06_05_2016_CS563_B-001_evening.xlsx
2025-05-11 17:31:11,056 - INFO - Generated: 06_05_2016_MM512_B-001_evening.xlsx
2025-05-11 17:31:11,057 - INFO - Processing 2016-05-06 00:00:00 - Morning session
2025-05-11 17:31:11,097 - INFO - Generated: 06_05_2016_MA225_B-001_morning.xlsx
2025-05-11 17:31:11,107 - INFO - Generated: 06_05_2016_CH432_B-001_morning.xlsx
2025-05-11 17:31:11,114 - INFO - Generated: 06_05_2016_EE528_B-001_morning.xlsx
2025-05-11 17:31:11,123 - INFO - Generated: 06_05_2016_MA546_B-001_morning.xlsx
2025-05-11 17:31:11,130 - INFO - Generated: 06_05_2016_HS702_B-001_morning.xlsx
2025-05-11 17:31:11,139 - INFO - Generated: 06_05_2016_MA426_B-001_morning.xlsx
2025-05-11 17:31:11,146 - INFO - Generated: 06_05_2016_MA541_B-001_morning.xlsx
2025-05-11 17:31:11,157 - INFO - Generated: 06_05_2016_ME541_B-001_morning.xlsx
2025-05-11 17:31:11,164 - INFO - Generated: 06_05_2016_ME534_B-001_morning.xlsx
2025-05-11 17:31:11,172 - INFO - Generated: 06_05_2016_ME506_B-001_morning.xlsx
2025-05-11 17:31:11,180 - INFO - Generated: 06_05_2016_PH605_B-001_morning.xlsx
2025-05-11 17:31:11,188 - INFO - Generated: 06_05_2016_CE534_B-001_morning.xlsx
2025-05-11 17:31:11,196 - INFO - Generated: 06_05_2016_CE568_B-001_morning.xlsx
2025-05-11 17:31:11,196 - INFO - Seating arrangement generation completed successfully
2025-05-11 17:31:11,196 - INFO - Operation completed successfully!
2025-05-11 17:40:09,132 - INFO - Course rolls columns: Course, RollNo
2025-05-11 17:40:09,133 - INFO - Course rolls loaded with 9864 entries
2025-05-11 17:40:09,138 - INFO - Found 232 unique courses in the course rolls file
2025-05-11 17:40:09,164 - INFO - Timetable columns: Date, Day, Session, Course
2025-05-11 17:40:09,164 - INFO - Timetable loaded successfully
2025-05-11 17:40:09,181 - INFO - Room capacities columns: Room, Capacity, Building
2025-05-11 17:40:09,182 - INFO - Room capacities loaded successfully
2025-05-11 17:40:09,304 - INFO - Roll number to name mapping loaded successfully
2025-05-11 17:40:09,306 - INFO - Timetable columns: Date, Day, Session, Course
2025-05-11 17:40:09,306 - INFO - Using columns for grouping: Date, Session
2025-05-11 17:40:09,307 - WARNING - Roll names file missing required columns 'RollNo' and/or 'Name'
2025-05-11 17:40:09,317 - INFO - Processing 2016-04-30 00:00:00 - Morning session
2025-05-11 17:40:09,320 - INFO - Found 40 roll numbers for course: CS249
2025-05-11 17:40:09,321 - INFO - Found 26 roll numbers for course: CH426
2025-05-11 17:40:09,323 - INFO - Found 29 roll numbers for course: MM304
2025-05-11 17:40:09,326 - INFO - Found 54 roll numbers for course: CB308
2025-05-11 17:40:09,328 - INFO - Found 54 roll numbers for course: CE216
2025-05-11 17:40:09,331 - INFO - Found 56 roll numbers for course: CB204
2025-05-11 17:40:09,332 - INFO - Found 28 roll numbers for course: PH422
2025-05-11 17:40:09,334 - INFO - Found 32 roll numbers for course: MM202
2025-05-11 17:40:09,336 - INFO - Found 40 roll numbers for course: CS249
2025-05-11 17:40:09,338 - INFO - Found 26 roll numbers for course: CH426
2025-05-11 17:40:09,340 - INFO - Found 29 roll numbers for course: MM304
2025-05-11 17:40:09,343 - INFO - Found 54 roll numbers for course: CB308
2025-05-11 17:40:09,345 - INFO - Found 54 roll numbers for course: CE216
2025-05-11 17:40:09,348 - INFO - Found 56 roll numbers for course: CB204
2025-05-11 17:40:09,351 - INFO - Found 28 roll numbers for course: PH422
2025-05-11 17:40:09,352 - INFO - Found 32 roll numbers for course: MM202
2025-05-11 17:40:09,355 - INFO - Found 56 roll numbers for course: CB204
2025-05-11 17:40:09,358 - INFO - Found 54 roll numbers for course: CB308
2025-05-11 17:40:09,360 - INFO - Found 54 roll numbers for course: CE216
2025-05-11 17:40:09,363 - INFO - Found 40 roll numbers for course: CS249
2025-05-11 17:40:09,365 - INFO - Found 32 roll numbers for course: MM202
2025-05-11 17:40:09,366 - INFO - Found 29 roll numbers for course: MM304
2025-05-11 17:40:09,367 - INFO - Found 28 roll numbers for course: PH422
2025-05-11 17:40:09,369 - INFO - Found 26 roll numbers for course: CH426
2025-05-11 17:40:09,370 - INFO - Allocation for CB204 in B-001 with 56 students
2025-05-11 17:40:09,385 - INFO - Generated: seating_arrangements\30_04_2016_CB204_B-001_morning.xlsx
2025-05-11 17:40:09,385 - INFO - Allocation for CB308 in B-001 with 14 students
2025-05-11 17:40:09,392 - INFO - Generated: seating_arrangements\30_04_2016_CB308_B-001_morning.xlsx
2025-05-11 17:40:09,392 - INFO - Allocation for CB308 in B-101 with 40 students
2025-05-11 17:40:09,401 - INFO - Generated: seating_arrangements\30_04_2016_CB308_B-101_morning.xlsx
2025-05-11 17:40:09,401 - INFO - Allocation for CE216 in B-101 with 30 students
2025-05-11 17:40:09,408 - INFO - Generated: seating_arrangements\30_04_2016_CE216_B-101_morning.xlsx
2025-05-11 17:40:09,408 - INFO - Allocation for CE216 in B-002 with 24 students
2025-05-11 17:40:09,415 - INFO - Generated: seating_arrangements\30_04_2016_CE216_B-002_morning.xlsx
2025-05-11 17:40:09,415 - INFO - Allocation for CS249 in B-002 with 40 students
2025-05-11 17:40:09,423 - INFO - Generated: seating_arrangements\30_04_2016_CS249_B-002_morning.xlsx
2025-05-11 17:40:09,423 - INFO - Allocation for MM202 in B-002 with 6 students
2025-05-11 17:40:09,430 - INFO - Generated: seating_arrangements\30_04_2016_MM202_B-002_morning.xlsx
2025-05-11 17:40:09,431 - INFO - Allocation for MM202 in B-003 with 26 students
2025-05-11 17:40:09,438 - INFO - Generated: seating_arrangements\30_04_2016_MM202_B-003_morning.xlsx
2025-05-11 17:40:09,438 - INFO - Allocation for MM304 in B-003 with 29 students
2025-05-11 17:40:09,446 - INFO - Generated: seating_arrangements\30_04_2016_MM304_B-003_morning.xlsx
2025-05-11 17:40:09,446 - INFO - Allocation for PH422 in B-003 with 15 students
2025-05-11 17:40:09,453 - INFO - Generated: seating_arrangements\30_04_2016_PH422_B-003_morning.xlsx
2025-05-11 17:40:09,453 - INFO - Allocation for PH422 in B-103 with 13 students
2025-05-11 17:40:09,460 - INFO - Generated: seating_arrangements\30_04_2016_PH422_B-103_morning.xlsx
2025-05-11 17:40:09,460 - INFO - Allocation for CH426 in B-103 with 26 students
2025-05-11 17:40:09,467 - INFO - Generated: seating_arrangements\30_04_2016_CH426_B-103_morning.xlsx
2025-05-11 17:40:09,468 - INFO - Processing 2016-05-01 00:00:00 - Evening session
2025-05-11 17:40:09,470 - INFO - Found 49 roll numbers for course: CS514
2025-05-11 17:40:09,472 - INFO - Found 32 roll numbers for course: CE512
2025-05-11 17:40:09,473 - INFO - Found 7 roll numbers for course: CH606
2025-05-11 17:40:09,474 - INFO - Found 5 roll numbers for course: ME526
2025-05-11 17:40:09,475 - INFO - Found 19 roll numbers for course: ME522
2025-05-11 17:40:09,477 - INFO - Found 7 roll numbers for course: EE513
2025-05-11 17:40:09,478 - INFO - Found 12 roll numbers for course: EE580
2025-05-11 17:40:09,479 - INFO - Found 16 roll numbers for course: MM504
2025-05-11 17:40:09,480 - INFO - Found 8 roll numbers for course: PH601
2025-05-11 17:40:09,481 - INFO - Found 8 roll numbers for course: PH603
2025-05-11 17:40:09,483 - INFO - Found 15 roll numbers for course: MH504
2025-05-11 17:40:09,486 - INFO - Found 78 roll numbers for course: ME312
2025-05-11 17:40:09,488 - INFO - Found 56 roll numbers for course: CE314
2025-05-11 17:40:09,492 - INFO - Found 86 roll numbers for course: EE320
2025-05-11 17:40:09,495 - INFO - Found 87 roll numbers for course: CS341
2025-05-11 17:40:09,497 - INFO - Found 49 roll numbers for course: CS514
2025-05-11 17:40:09,499 - INFO - Found 32 roll numbers for course: CE512
2025-05-11 17:40:09,500 - INFO - Found 7 roll numbers for course: CH606
2025-05-11 17:40:09,501 - INFO - Found 5 roll numbers for course: ME526
2025-05-11 17:40:09,502 - INFO - Found 19 roll numbers for course: ME522
2025-05-11 17:40:09,503 - INFO - Found 7 roll numbers for course: EE513
2025-05-11 17:40:09,504 - INFO - Found 12 roll numbers for course: EE580
2025-05-11 17:40:09,506 - INFO - Found 16 roll numbers for course: MM504
2025-05-11 17:40:09,507 - INFO - Found 8 roll numbers for course: PH601
2025-05-11 17:40:09,508 - INFO - Found 8 roll numbers for course: PH603
2025-05-11 17:40:09,509 - INFO - Found 15 roll numbers for course: MH504
2025-05-11 17:40:09,512 - INFO - Found 78 roll numbers for course: ME312
2025-05-11 17:40:09,515 - INFO - Found 56 roll numbers for course: CE314
2025-05-11 17:40:09,518 - INFO - Found 86 roll numbers for course: EE320
2025-05-11 17:40:09,522 - INFO - Found 87 roll numbers for course: CS341
2025-05-11 17:40:09,526 - INFO - Found 87 roll numbers for course: CS341
2025-05-11 17:40:09,530 - INFO - Found 86 roll numbers for course: EE320
2025-05-11 17:40:09,533 - INFO - Found 78 roll numbers for course: ME312
2025-05-11 17:40:09,536 - INFO - Found 56 roll numbers for course: CE314
2025-05-11 17:40:09,538 - INFO - Found 49 roll numbers for course: CS514
2025-05-11 17:40:09,541 - INFO - Found 32 roll numbers for course: CE512
2025-05-11 17:40:09,542 - INFO - Found 19 roll numbers for course: ME522
2025-05-11 17:40:09,544 - INFO - Found 16 roll numbers for course: MM504
2025-05-11 17:40:09,545 - INFO - Found 15 roll numbers for course: MH504
2025-05-11 17:40:09,546 - INFO - Found 12 roll numbers for course: EE580
2025-05-11 17:40:09,547 - INFO - Found 8 roll numbers for course: PH601
2025-05-11 17:40:09,548 - INFO - Found 8 roll numbers for course: PH603
2025-05-11 17:40:09,549 - INFO - Found 7 roll numbers for course: CH606
2025-05-11 17:40:09,550 - INFO - Found 7 roll numbers for course: EE513
2025-05-11 17:40:09,551 - INFO - Found 5 roll numbers for course: ME526
2025-05-11 17:40:09,551 - INFO - Allocation for CS341 in B-001 with 70 students
2025-05-11 17:40:09,560 - INFO - Generated: seating_arrangements\01_05_2016_CS341_B-001_evening.xlsx
2025-05-11 17:40:09,560 - INFO - Allocation for CS341 in B-101 with 17 students
2025-05-11 17:40:09,567 - INFO - Generated: seating_arrangements\01_05_2016_CS341_B-101_evening.xlsx
2025-05-11 17:40:09,567 - INFO - Allocation for EE320 in B-101 with 53 students
2025-05-11 17:40:09,575 - INFO - Generated: seating_arrangements\01_05_2016_EE320_B-101_evening.xlsx
2025-05-11 17:40:09,577 - INFO - Allocation for EE320 in B-002 with 33 students
2025-05-11 17:40:09,584 - INFO - Generated: seating_arrangements\01_05_2016_EE320_B-002_evening.xlsx
2025-05-11 17:40:09,584 - INFO - Allocation for ME312 in B-002 with 37 students
2025-05-11 17:40:09,592 - INFO - Generated: seating_arrangements\01_05_2016_ME312_B-002_evening.xlsx
2025-05-11 17:40:09,592 - INFO - Allocation for ME312 in B-003 with 41 students
2025-05-11 17:40:09,601 - INFO - Generated: seating_arrangements\01_05_2016_ME312_B-003_evening.xlsx
2025-05-11 17:40:09,601 - INFO - Allocation for CE314 in B-003 with 29 students
2025-05-11 17:40:09,608 - INFO - Generated: seating_arrangements\01_05_2016_CE314_B-003_evening.xlsx
2025-05-11 17:40:09,608 - INFO - Allocation for CE314 in B-103 with 27 students
2025-05-11 17:40:09,616 - INFO - Generated: seating_arrangements\01_05_2016_CE314_B-103_evening.xlsx
2025-05-11 17:40:09,616 - INFO - Allocation for CS514 in B-103 with 43 students
2025-05-11 17:40:09,624 - INFO - Generated: seating_arrangements\01_05_2016_CS514_B-103_evening.xlsx
2025-05-11 17:40:09,624 - INFO - Allocation for CS514 in 10502 with 6 students
2025-05-11 17:40:09,631 - INFO - Generated: seating_arrangements\01_05_2016_CS514_10502_evening.xlsx
2025-05-11 17:40:09,631 - INFO - Allocation for CE512 in 10502 with 32 students
2025-05-11 17:40:09,638 - INFO - Generated: seating_arrangements\01_05_2016_CE512_10502_evening.xlsx
2025-05-11 17:40:09,639 - INFO - Allocation for ME522 in 10502 with 19 students
2025-05-11 17:40:09,646 - INFO - Generated: seating_arrangements\01_05_2016_ME522_10502_evening.xlsx
2025-05-11 17:40:09,646 - INFO - Allocation for MM504 in 10502 with 16 students
2025-05-11 17:40:09,653 - INFO - Generated: seating_arrangements\01_05_2016_MM504_10502_evening.xlsx
2025-05-11 17:40:09,653 - INFO - Allocation for MH504 in 10502 with 15 students
2025-05-11 17:40:09,660 - INFO - Generated: seating_arrangements\01_05_2016_MH504_10502_evening.xlsx
2025-05-11 17:40:09,661 - INFO - Allocation for EE580 in 10502 with 2 students
2025-05-11 17:40:09,668 - INFO - Generated: seating_arrangements\01_05_2016_EE580_10502_evening.xlsx
2025-05-11 17:40:09,669 - INFO - Allocation for EE580 in 6101 with 10 students
2025-05-11 17:40:09,675 - INFO - Generated: seating_arrangements\01_05_2016_EE580_6101_evening.xlsx
2025-05-11 17:40:09,675 - INFO - Allocation for PH601 in 6101 with 8 students
2025-05-11 17:40:09,684 - INFO - Generated: seating_arrangements\01_05_2016_PH601_6101_evening.xlsx
2025-05-11 17:40:09,684 - INFO - Allocation for PH603 in 6101 with 8 students
2025-05-11 17:40:09,689 - INFO - Generated: seating_arrangements\01_05_2016_PH603_6101_evening.xlsx
2025-05-11 17:40:09,691 - INFO - Allocation for CH606 in 6101 with 4 students
2025-05-11 17:40:09,698 - INFO - Generated: seating_arrangements\01_05_2016_CH606_6101_evening.xlsx
2025-05-11 17:40:09,699 - INFO - Allocation for CH606 in 6102 with 3 students
2025-05-11 17:40:09,704 - INFO - Generated: seating_arrangements\01_05_2016_CH606_6102_evening.xlsx
2025-05-11 17:40:09,706 - INFO - Allocation for EE513 in 6102 with 7 students
2025-05-11 17:40:09,712 - INFO - Generated: seating_arrangements\01_05_2016_EE513_6102_evening.xlsx
2025-05-11 17:40:09,713 - INFO - Allocation for ME526 in 6102 with 5 students
2025-05-11 17:40:09,720 - INFO - Generated: seating_arrangements\01_05_2016_ME526_6102_evening.xlsx
2025-05-11 17:40:09,720 - INFO - Processing 2016-05-01 00:00:00 - Morning session
2025-05-11 17:40:09,729 - INFO - Found 284 roll numbers for course: HS202
2025-05-11 17:40:09,734 - INFO - Found 124 roll numbers for course: HS212
2025-05-11 17:40:09,738 - INFO - Found 96 roll numbers for course: HS225
2025-05-11 17:40:09,740 - INFO - Found 48 roll numbers for course: HS302
2025-05-11 17:40:09,744 - INFO - Found 94 roll numbers for course: HS312
2025-05-11 17:40:09,749 - INFO - Found 97 roll numbers for course: HS341
2025-05-11 17:40:09,754 - INFO - Found 151 roll numbers for course: HS331
2025-05-11 17:40:09,755 - INFO - Found 12 roll numbers for course: HS713
2025-05-11 17:40:09,756 - INFO - Found 17 roll numbers for course: EE574
2025-05-11 17:40:09,758 - INFO - Found 28 roll numbers for course: MA524
2025-05-11 17:40:09,768 - INFO - Found 284 roll numbers for course: HS202
2025-05-11 17:40:09,773 - INFO - Found 124 roll numbers for course: HS212
2025-05-11 17:40:09,777 - INFO - Found 96 roll numbers for course: HS225
2025-05-11 17:40:09,779 - INFO - Found 48 roll numbers for course: HS302
2025-05-11 17:40:09,783 - INFO - Found 94 roll numbers for course: HS312
2025-05-11 17:40:09,787 - INFO - Found 97 roll numbers for course: HS341
2025-05-11 17:40:09,793 - INFO - Found 151 roll numbers for course: HS331
2025-05-11 17:40:09,795 - INFO - Found 12 roll numbers for course: HS713
2025-05-11 17:40:09,796 - INFO - Found 17 roll numbers for course: EE574
2025-05-11 17:40:09,798 - INFO - Found 28 roll numbers for course: MA524
2025-05-11 17:40:09,807 - INFO - Found 284 roll numbers for course: HS202
2025-05-11 17:40:09,814 - INFO - Found 151 roll numbers for course: HS331
2025-05-11 17:40:09,818 - INFO - Found 124 roll numbers for course: HS212
2025-05-11 17:40:09,822 - INFO - Found 97 roll numbers for course: HS341
2025-05-11 17:40:09,827 - INFO - Found 96 roll numbers for course: HS225
2025-05-11 17:40:09,831 - INFO - Found 94 roll numbers for course: HS312
2025-05-11 17:40:09,833 - INFO - Found 48 roll numbers for course: HS302
2025-05-11 17:40:09,835 - INFO - Found 28 roll numbers for course: MA524
2025-05-11 17:40:09,836 - INFO - Found 17 roll numbers for course: EE574
2025-05-11 17:40:09,837 - INFO - Found 12 roll numbers for course: HS713
2025-05-11 17:40:09,838 - INFO - Allocation for HS202 in B-001 with 70 students
2025-05-11 17:40:09,847 - INFO - Generated: seating_arrangements\01_05_2016_HS202_B-001_morning.xlsx
2025-05-11 17:40:09,847 - INFO - Allocation for HS202 in B-101 with 70 students
2025-05-11 17:40:09,855 - INFO - Generated: seating_arrangements\01_05_2016_HS202_B-101_morning.xlsx
2025-05-11 17:40:09,856 - INFO - Allocation for HS202 in B-002 with 70 students
2025-05-11 17:40:09,866 - INFO - Generated: seating_arrangements\01_05_2016_HS202_B-002_morning.xlsx
2025-05-11 17:40:09,866 - INFO - Allocation for HS202 in B-003 with 70 students
2025-05-11 17:40:09,884 - INFO - Generated: seating_arrangements\01_05_2016_HS202_B-003_morning.xlsx
2025-05-11 17:40:09,884 - INFO - Allocation for HS202 in B-103 with 4 students
2025-05-11 17:40:09,892 - INFO - Generated: seating_arrangements\01_05_2016_HS202_B-103_morning.xlsx
2025-05-11 17:40:09,892 - INFO - Allocation for HS331 in B-103 with 66 students
2025-05-11 17:40:09,903 - INFO - Generated: seating_arrangements\01_05_2016_HS331_B-103_morning.xlsx
2025-05-11 17:40:09,903 - INFO - Allocation for HS331 in 10502 with 85 students
2025-05-11 17:40:09,914 - INFO - Generated: seating_arrangements\01_05_2016_HS331_10502_morning.xlsx
2025-05-11 17:40:09,914 - INFO - Allocation for HS212 in 10502 with 5 students
2025-05-11 17:40:09,922 - INFO - Generated: seating_arrangements\01_05_2016_HS212_10502_morning.xlsx
2025-05-11 17:40:09,922 - INFO - Allocation for HS212 in 6101 with 30 students
2025-05-11 17:40:09,932 - INFO - Generated: seating_arrangements\01_05_2016_HS212_6101_morning.xlsx
2025-05-11 17:40:09,932 - INFO - Allocation for HS212 in 6102 with 72 students
2025-05-11 17:40:09,942 - INFO - Generated: seating_arrangements\01_05_2016_HS212_6102_morning.xlsx
2025-05-11 17:40:09,942 - INFO - Allocation for HS212 in 6103 with 17 students
2025-05-11 17:40:09,951 - INFO - Generated: seating_arrangements\01_05_2016_HS212_6103_morning.xlsx
2025-05-11 17:40:09,951 - INFO - Allocation for HS341 in 6103 with 13 students
2025-05-11 17:40:09,962 - INFO - Generated: seating_arrangements\01_05_2016_HS341_6103_morning.xlsx
2025-05-11 17:40:09,962 - INFO - Allocation for HS341 in 6104 with 72 students
2025-05-11 17:40:09,973 - INFO - Generated: seating_arrangements\01_05_2016_HS341_6104_morning.xlsx
2025-05-11 17:40:09,973 - INFO - Allocation for HS341 in 6105 with 12 students
2025-05-11 17:40:09,982 - INFO - Generated: seating_arrangements\01_05_2016_HS341_6105_morning.xlsx
2025-05-11 17:40:09,982 - INFO - Allocation for HS225 in 6105 with 18 students
2025-05-11 17:40:09,990 - INFO - Generated: seating_arrangements\01_05_2016_HS225_6105_morning.xlsx
2025-05-11 17:40:09,991 - INFO - Allocation for HS225 in 6106 with 30 students
2025-05-11 17:40:10,000 - INFO - Generated: seating_arrangements\01_05_2016_HS225_6106_morning.xlsx
2025-05-11 17:40:10,001 - INFO - Allocation for HS225 in 6107 with 48 students
2025-05-11 17:40:10,010 - INFO - Generated: seating_arrangements\01_05_2016_HS225_6107_morning.xlsx
2025-05-11 17:40:10,010 - INFO - Allocation for HS312 in 6107 with 24 students
2025-05-11 17:40:10,019 - INFO - Generated: seating_arrangements\01_05_2016_HS312_6107_morning.xlsx
2025-05-11 17:40:10,020 - INFO - Allocation for HS312 in 6108 with 30 students
2025-05-11 17:40:10,030 - INFO - Generated: seating_arrangements\01_05_2016_HS312_6108_morning.xlsx
2025-05-11 17:40:10,031 - INFO - Allocation for HS312 in 6109 with 40 students
2025-05-11 17:40:10,040 - INFO - Generated: seating_arrangements\01_05_2016_HS312_6109_morning.xlsx
2025-05-11 17:40:10,040 - INFO - Allocation for HS302 in 6109 with 32 students
2025-05-11 17:40:10,050 - INFO - Generated: seating_arrangements\01_05_2016_HS302_6109_morning.xlsx
2025-05-11 17:40:10,050 - INFO - Allocation for HS302 in 6110 with 16 students
2025-05-11 17:40:10,058 - INFO - Generated: seating_arrangements\01_05_2016_HS302_6110_morning.xlsx
2025-05-11 17:40:10,058 - INFO - Allocation for MA524 in 6110 with 14 students
2025-05-11 17:40:10,067 - INFO - Generated: seating_arrangements\01_05_2016_MA524_6110_morning.xlsx
2025-05-11 17:40:10,068 - INFO - Allocation for MA524 in 8301 with 14 students
2025-05-11 17:40:10,076 - INFO - Generated: seating_arrangements\01_05_2016_MA524_8301_morning.xlsx
2025-05-11 17:40:10,077 - INFO - Allocation for EE574 in 8301 with 16 students
2025-05-11 17:40:10,086 - INFO - Generated: seating_arrangements\01_05_2016_EE574_8301_morning.xlsx
2025-05-11 17:40:10,086 - INFO - Allocation for EE574 in 8302 with 1 students
2025-05-11 17:40:10,093 - INFO - Generated: seating_arrangements\01_05_2016_EE574_8302_morning.xlsx
2025-05-11 17:40:10,094 - INFO - Allocation for HS713 in 8302 with 12 students
2025-05-11 17:40:10,102 - INFO - Generated: seating_arrangements\01_05_2016_HS713_8302_morning.xlsx
2025-05-11 17:40:10,102 - INFO - Processing 2016-05-02 00:00:00 - Evening session
2025-05-11 17:40:10,105 - INFO - Found 35 roll numbers for course: MA504
2025-05-11 17:40:10,106 - INFO - Found 15 roll numbers for course: CE506
2025-05-11 17:40:10,107 - INFO - Found 15 roll numbers for course: MH502
2025-05-11 17:40:10,109 - INFO - Found 7 roll numbers for course: EE507
2025-05-11 17:40:10,111 - INFO - Found 20 roll numbers for course: MM502
2025-05-11 17:40:10,114 - INFO - Found 58 roll numbers for course: CB504
2025-05-11 17:40:10,116 - INFO - Found 30 roll numbers for course: CS546
2025-05-11 17:40:10,119 - INFO - Found 56 roll numbers for course: CE318
2025-05-11 17:40:10,122 - INFO - Found 78 roll numbers for course: ME332
2025-05-11 17:40:10,126 - INFO - Found 86 roll numbers for course: EE309
2025-05-11 17:40:10,129 - INFO - Found 29 roll numbers for course: MM302
2025-05-11 17:40:10,133 - INFO - Found 131 roll numbers for course: CS267
2025-05-11 17:40:10,135 - INFO - Found 35 roll numbers for course: MA504
2025-05-11 17:40:10,137 - INFO - Found 15 roll numbers for course: CE506
2025-05-11 17:40:10,138 - INFO - Found 15 roll numbers for course: MH502
2025-05-11 17:40:10,139 - INFO - Found 7 roll numbers for course: EE507
2025-05-11 17:40:10,140 - INFO - Found 20 roll numbers for course: MM502
2025-05-11 17:40:10,143 - INFO - Found 58 roll numbers for course: CB504
2025-05-11 17:40:10,145 - INFO - Found 30 roll numbers for course: CS546
2025-05-11 17:40:10,148 - INFO - Found 56 roll numbers for course: CE318
2025-05-11 17:40:10,152 - INFO - Found 78 roll numbers for course: ME332
2025-05-11 17:40:10,155 - INFO - Found 86 roll numbers for course: EE309
2025-05-11 17:40:10,157 - INFO - Found 29 roll numbers for course: MM302
2025-05-11 17:40:10,167 - INFO - Found 131 roll numbers for course: CS267
2025-05-11 17:40:10,173 - INFO - Found 131 roll numbers for course: CS267
2025-05-11 17:40:10,177 - INFO - Found 86 roll numbers for course: EE309
2025-05-11 17:40:10,180 - INFO - Found 78 roll numbers for course: ME332
2025-05-11 17:40:10,183 - INFO - Found 58 roll numbers for course: CB504
2025-05-11 17:40:10,186 - INFO - Found 56 roll numbers for course: CE318
2025-05-11 17:40:10,188 - INFO - Found 35 roll numbers for course: MA504
2025-05-11 17:40:10,190 - INFO - Found 30 roll numbers for course: CS546
2025-05-11 17:40:10,191 - INFO - Found 29 roll numbers for course: MM302
2025-05-11 17:40:10,193 - INFO - Found 20 roll numbers for course: MM502
2025-05-11 17:40:10,195 - INFO - Found 15 roll numbers for course: CE506
2025-05-11 17:40:10,196 - INFO - Found 15 roll numbers for course: MH502
2025-05-11 17:40:10,198 - INFO - Found 7 roll numbers for course: EE507
2025-05-11 17:40:10,198 - INFO - Allocation for CS267 in B-001 with 70 students
2025-05-11 17:40:10,206 - INFO - Generated: seating_arrangements\02_05_2016_CS267_B-001_evening.xlsx
2025-05-11 17:40:10,206 - INFO - Allocation for CS267 in B-101 with 61 students
2025-05-11 17:40:10,216 - INFO - Generated: seating_arrangements\02_05_2016_CS267_B-101_evening.xlsx
2025-05-11 17:40:10,217 - INFO - Allocation for EE309 in B-101 with 9 students
2025-05-11 17:40:10,224 - INFO - Generated: seating_arrangements\02_05_2016_EE309_B-101_evening.xlsx
2025-05-11 17:40:10,225 - INFO - Allocation for EE309 in B-002 with 70 students
2025-05-11 17:40:10,234 - INFO - Generated: seating_arrangements\02_05_2016_EE309_B-002_evening.xlsx
2025-05-11 17:40:10,234 - INFO - Allocation for EE309 in B-003 with 7 students
2025-05-11 17:40:10,240 - INFO - Generated: seating_arrangements\02_05_2016_EE309_B-003_evening.xlsx
2025-05-11 17:40:10,240 - INFO - Allocation for ME332 in B-003 with 63 students
2025-05-11 17:40:10,250 - INFO - Generated: seating_arrangements\02_05_2016_ME332_B-003_evening.xlsx
2025-05-11 17:40:10,250 - INFO - Allocation for ME332 in B-103 with 15 students
2025-05-11 17:40:10,258 - INFO - Generated: seating_arrangements\02_05_2016_ME332_B-103_evening.xlsx
2025-05-11 17:40:10,258 - INFO - Allocation for CB504 in B-103 with 55 students
2025-05-11 17:40:10,269 - INFO - Generated: seating_arrangements\02_05_2016_CB504_B-103_evening.xlsx
2025-05-11 17:40:10,269 - INFO - Allocation for CB504 in 10502 with 3 students
2025-05-11 17:40:10,277 - INFO - Generated: seating_arrangements\02_05_2016_CB504_10502_evening.xlsx
2025-05-11 17:40:10,277 - INFO - Allocation for CE318 in 10502 with 56 students
2025-05-11 17:40:10,286 - INFO - Generated: seating_arrangements\02_05_2016_CE318_10502_evening.xlsx
2025-05-11 17:40:10,286 - INFO - Allocation for MA504 in 10502 with 31 students
2025-05-11 17:40:10,294 - INFO - Generated: seating_arrangements\02_05_2016_MA504_10502_evening.xlsx
2025-05-11 17:40:10,294 - INFO - Allocation for MA504 in 6101 with 4 students
2025-05-11 17:40:10,301 - INFO - Generated: seating_arrangements\02_05_2016_MA504_6101_evening.xlsx
2025-05-11 17:40:10,301 - INFO - Allocation for CS546 in 6101 with 26 students
2025-05-11 17:40:10,310 - INFO - Generated: seating_arrangements\02_05_2016_CS546_6101_evening.xlsx
2025-05-11 17:40:10,310 - INFO - Allocation for CS546 in 6102 with 4 students
2025-05-11 17:40:10,317 - INFO - Generated: seating_arrangements\02_05_2016_CS546_6102_evening.xlsx
2025-05-11 17:40:10,317 - INFO - Allocation for MM302 in 6102 with 29 students
2025-05-11 17:40:10,324 - INFO - Generated: seating_arrangements\02_05_2016_MM302_6102_evening.xlsx
2025-05-11 17:40:10,325 - INFO - Allocation for MM502 in 6102 with 20 students
2025-05-11 17:40:10,333 - INFO - Generated: seating_arrangements\02_05_2016_MM502_6102_evening.xlsx
2025-05-11 17:40:10,334 - INFO - Allocation for CE506 in 6102 with 15 students
2025-05-11 17:40:10,340 - INFO - Generated: seating_arrangements\02_05_2016_CE506_6102_evening.xlsx
2025-05-11 17:40:10,341 - INFO - Allocation for MH502 in 6102 with 4 students
2025-05-11 17:40:10,351 - INFO - Generated: seating_arrangements\02_05_2016_MH502_6102_evening.xlsx
2025-05-11 17:40:10,351 - INFO - Allocation for MH502 in 6103 with 11 students
2025-05-11 17:40:10,359 - INFO - Generated: seating_arrangements\02_05_2016_MH502_6103_evening.xlsx
2025-05-11 17:40:10,359 - INFO - Allocation for EE507 in 6103 with 7 students
2025-05-11 17:40:10,367 - INFO - Generated: seating_arrangements\02_05_2016_EE507_6103_evening.xlsx
2025-05-11 17:40:10,367 - INFO - Processing 2016-05-02 00:00:00 - Morning session
2025-05-11 17:40:10,376 - INFO - Found 96 roll numbers for course: HS514
2025-05-11 17:40:10,379 - INFO - Found 38 roll numbers for course: CS372
2025-05-11 17:40:10,382 - INFO - Found 49 roll numbers for course: CS392
2025-05-11 17:40:10,386 - INFO - Found 26 roll numbers for course: CH422
2025-05-11 17:40:10,388 - INFO - Found 24 roll numbers for course: EP206
2025-05-11 17:40:10,392 - INFO - Found 39 roll numbers for course: PH201
2025-05-11 17:40:10,403 - INFO - Found 290 roll numbers for course: CS244
2025-05-11 17:40:10,406 - INFO - Found 28 roll numbers for course: PH426
2025-05-11 17:40:10,407 - INFO - Found 30 roll numbers for course: MA424
2025-05-11 17:40:10,410 - INFO - Found 54 roll numbers for course: CB302
2025-05-11 17:40:10,415 - INFO - Found 96 roll numbers for course: HS514
2025-05-11 17:40:10,418 - INFO - Found 38 roll numbers for course: CS372
2025-05-11 17:40:10,420 - INFO - Found 49 roll numbers for course: CS392
2025-05-11 17:40:10,422 - INFO - Found 26 roll numbers for course: CH422
2025-05-11 17:40:10,424 - INFO - Found 24 roll numbers for course: EP206
2025-05-11 17:40:10,428 - INFO - Found 39 roll numbers for course: PH201
2025-05-11 17:40:10,438 - INFO - Found 290 roll numbers for course: CS244
2025-05-11 17:40:10,440 - INFO - Found 28 roll numbers for course: PH426
2025-05-11 17:40:10,442 - INFO - Found 30 roll numbers for course: MA424
2025-05-11 17:40:10,446 - INFO - Found 54 roll numbers for course: CB302
2025-05-11 17:40:10,456 - INFO - Found 290 roll numbers for course: CS244
2025-05-11 17:40:10,461 - INFO - Found 96 roll numbers for course: HS514
2025-05-11 17:40:10,464 - INFO - Found 54 roll numbers for course: CB302
2025-05-11 17:40:10,467 - INFO - Found 49 roll numbers for course: CS392
2025-05-11 17:40:10,469 - INFO - Found 39 roll numbers for course: PH201
2025-05-11 17:40:10,470 - INFO - Found 38 roll numbers for course: CS372
2025-05-11 17:40:10,472 - INFO - Found 30 roll numbers for course: MA424
2025-05-11 17:40:10,474 - INFO - Found 28 roll numbers for course: PH426
2025-05-11 17:40:10,476 - INFO - Found 26 roll numbers for course: CH422
2025-05-11 17:40:10,479 - INFO - Found 24 roll numbers for course: EP206
2025-05-11 17:40:10,479 - INFO - Allocation for CS244 in B-001 with 70 students
2025-05-11 17:40:10,487 - INFO - Generated: seating_arrangements\02_05_2016_CS244_B-001_morning.xlsx
2025-05-11 17:40:10,488 - INFO - Allocation for CS244 in B-101 with 70 students
2025-05-11 17:40:10,499 - INFO - Generated: seating_arrangements\02_05_2016_CS244_B-101_morning.xlsx
2025-05-11 17:40:10,499 - INFO - Allocation for CS244 in B-002 with 70 students
2025-05-11 17:40:10,510 - INFO - Generated: seating_arrangements\02_05_2016_CS244_B-002_morning.xlsx
2025-05-11 17:40:10,510 - INFO - Allocation for CS244 in B-003 with 70 students
2025-05-11 17:40:10,519 - INFO - Generated: seating_arrangements\02_05_2016_CS244_B-003_morning.xlsx
2025-05-11 17:40:10,519 - INFO - Allocation for CS244 in B-103 with 10 students
2025-05-11 17:40:10,526 - INFO - Generated: seating_arrangements\02_05_2016_CS244_B-103_morning.xlsx
2025-05-11 17:40:10,527 - INFO - Allocation for HS514 in B-103 with 60 students
2025-05-11 17:40:10,536 - INFO - Generated: seating_arrangements\02_05_2016_HS514_B-103_morning.xlsx
2025-05-11 17:40:10,536 - INFO - Allocation for HS514 in 10502 with 36 students
2025-05-11 17:40:10,547 - INFO - Generated: seating_arrangements\02_05_2016_HS514_10502_morning.xlsx
2025-05-11 17:40:10,547 - INFO - Allocation for CB302 in 10502 with 54 students
2025-05-11 17:40:10,556 - INFO - Generated: seating_arrangements\02_05_2016_CB302_10502_morning.xlsx
2025-05-11 17:40:10,556 - INFO - Allocation for CS392 in 6101 with 30 students
2025-05-11 17:40:10,564 - INFO - Generated: seating_arrangements\02_05_2016_CS392_6101_morning.xlsx
2025-05-11 17:40:10,564 - INFO - Allocation for CS392 in 6102 with 19 students
2025-05-11 17:40:10,572 - INFO - Generated: seating_arrangements\02_05_2016_CS392_6102_morning.xlsx
2025-05-11 17:40:10,572 - INFO - Allocation for PH201 in 6102 with 39 students
2025-05-11 17:40:10,581 - INFO - Generated: seating_arrangements\02_05_2016_PH201_6102_morning.xlsx
2025-05-11 17:40:10,581 - INFO - Allocation for CS372 in 6102 with 14 students
2025-05-11 17:40:10,589 - INFO - Generated: seating_arrangements\02_05_2016_CS372_6102_morning.xlsx
2025-05-11 17:40:10,589 - INFO - Allocation for CS372 in 6103 with 24 students
2025-05-11 17:40:10,597 - INFO - Generated: seating_arrangements\02_05_2016_CS372_6103_morning.xlsx
2025-05-11 17:40:10,597 - INFO - Allocation for MA424 in 6103 with 6 students
2025-05-11 17:40:10,604 - INFO - Generated: seating_arrangements\02_05_2016_MA424_6103_morning.xlsx
2025-05-11 17:40:10,604 - INFO - Allocation for MA424 in 6104 with 24 students
2025-05-11 17:40:10,612 - INFO - Generated: seating_arrangements\02_05_2016_MA424_6104_morning.xlsx
2025-05-11 17:40:10,612 - INFO - Allocation for PH426 in 6104 with 28 students
2025-05-11 17:40:10,620 - INFO - Generated: seating_arrangements\02_05_2016_PH426_6104_morning.xlsx
2025-05-11 17:40:10,620 - INFO - Allocation for CH422 in 6104 with 20 students
2025-05-11 17:40:10,628 - INFO - Generated: seating_arrangements\02_05_2016_CH422_6104_morning.xlsx
2025-05-11 17:40:10,629 - INFO - Allocation for CH422 in 6105 with 6 students
2025-05-11 17:40:10,637 - INFO - Generated: seating_arrangements\02_05_2016_CH422_6105_morning.xlsx
2025-05-11 17:40:10,637 - INFO - Allocation for EP206 in 6105 with 24 students
2025-05-11 17:40:10,644 - INFO - Generated: seating_arrangements\02_05_2016_EP206_6105_morning.xlsx
2025-05-11 17:40:10,646 - INFO - Processing 2016-05-03 00:00:00 - Evening session
2025-05-11 17:40:10,652 - INFO - Found 173 roll numbers for course: CS551
2025-05-11 17:40:10,653 - INFO - Found 12 roll numbers for course: CE514
2025-05-11 17:40:10,655 - INFO - Found 25 roll numbers for course: ME542
2025-05-11 17:40:10,658 - INFO - Found 61 roll numbers for course: ME544
2025-05-11 17:40:10,659 - INFO - Found 7 roll numbers for course: EE514
2025-05-11 17:40:10,661 - INFO - Found 14 roll numbers for course: EE549
2025-05-11 17:40:10,662 - INFO - Found 10 roll numbers for course: PH602
2025-05-11 17:40:10,663 - INFO - Found 16 roll numbers for course: PH513
2025-05-11 17:40:10,665 - INFO - Found 29 roll numbers for course: CH604
2025-05-11 17:40:10,666 - INFO - Found 5 roll numbers for course: ME546
2025-05-11 17:40:10,670 - INFO - Found 87 roll numbers for course: CS358
2025-05-11 17:40:10,672 - INFO - Found 56 roll numbers for course: CE320
2025-05-11 17:40:10,679 - INFO - Found 173 roll numbers for course: CS551
2025-05-11 17:40:10,681 - INFO - Found 12 roll numbers for course: CE514
2025-05-11 17:40:10,682 - INFO - Found 25 roll numbers for course: ME542
2025-05-11 17:40:10,684 - INFO - Found 61 roll numbers for course: ME544
2025-05-11 17:40:10,686 - INFO - Found 7 roll numbers for course: EE514
2025-05-11 17:40:10,687 - INFO - Found 14 roll numbers for course: EE549
2025-05-11 17:40:10,689 - INFO - Found 10 roll numbers for course: PH602
2025-05-11 17:40:10,690 - INFO - Found 16 roll numbers for course: PH513
2025-05-11 17:40:10,692 - INFO - Found 29 roll numbers for course: CH604
2025-05-11 17:40:10,693 - INFO - Found 5 roll numbers for course: ME546
2025-05-11 17:40:10,698 - INFO - Found 87 roll numbers for course: CS358
2025-05-11 17:40:10,700 - INFO - Found 56 roll numbers for course: CE320
2025-05-11 17:40:10,707 - INFO - Found 173 roll numbers for course: CS551
2025-05-11 17:40:10,711 - INFO - Found 87 roll numbers for course: CS358
2025-05-11 17:40:10,713 - INFO - Found 61 roll numbers for course: ME544
2025-05-11 17:40:10,717 - INFO - Found 56 roll numbers for course: CE320
2025-05-11 17:40:10,719 - INFO - Found 29 roll numbers for course: CH604
2025-05-11 17:40:10,720 - INFO - Found 25 roll numbers for course: ME542
2025-05-11 17:40:10,722 - INFO - Found 16 roll numbers for course: PH513
2025-05-11 17:40:10,723 - INFO - Found 14 roll numbers for course: EE549
2025-05-11 17:40:10,724 - INFO - Found 12 roll numbers for course: CE514
2025-05-11 17:40:10,726 - INFO - Found 10 roll numbers for course: PH602
2025-05-11 17:40:10,727 - INFO - Found 7 roll numbers for course: EE514
2025-05-11 17:40:10,729 - INFO - Found 5 roll numbers for course: ME546
2025-05-11 17:40:10,729 - INFO - Allocation for CS551 in B-001 with 70 students
2025-05-11 17:40:10,739 - INFO - Generated: seating_arrangements\03_05_2016_CS551_B-001_evening.xlsx
2025-05-11 17:40:10,739 - INFO - Allocation for CS551 in B-101 with 70 students
2025-05-11 17:40:10,748 - INFO - Generated: seating_arrangements\03_05_2016_CS551_B-101_evening.xlsx
2025-05-11 17:40:10,748 - INFO - Allocation for CS551 in B-002 with 33 students
2025-05-11 17:40:10,756 - INFO - Generated: seating_arrangements\03_05_2016_CS551_B-002_evening.xlsx
2025-05-11 17:40:10,756 - INFO - Allocation for CS358 in B-002 with 37 students
2025-05-11 17:40:10,765 - INFO - Generated: seating_arrangements\03_05_2016_CS358_B-002_evening.xlsx
2025-05-11 17:40:10,765 - INFO - Allocation for CS358 in B-003 with 50 students
2025-05-11 17:40:10,774 - INFO - Generated: seating_arrangements\03_05_2016_CS358_B-003_evening.xlsx
2025-05-11 17:40:10,774 - INFO - Allocation for ME544 in B-003 with 20 students
2025-05-11 17:40:10,781 - INFO - Generated: seating_arrangements\03_05_2016_ME544_B-003_evening.xlsx
2025-05-11 17:40:10,782 - INFO - Allocation for ME544 in B-103 with 41 students
2025-05-11 17:40:10,790 - INFO - Generated: seating_arrangements\03_05_2016_ME544_B-103_evening.xlsx
2025-05-11 17:40:10,790 - INFO - Allocation for CE320 in B-103 with 29 students
2025-05-11 17:40:10,798 - INFO - Generated: seating_arrangements\03_05_2016_CE320_B-103_evening.xlsx
2025-05-11 17:40:10,798 - INFO - Allocation for CE320 in 10502 with 27 students
2025-05-11 17:40:10,806 - INFO - Generated: seating_arrangements\03_05_2016_CE320_10502_evening.xlsx
2025-05-11 17:40:10,806 - INFO - Allocation for CH604 in 10502 with 29 students
2025-05-11 17:40:10,814 - INFO - Generated: seating_arrangements\03_05_2016_CH604_10502_evening.xlsx
2025-05-11 17:40:10,814 - INFO - Allocation for ME542 in 10502 with 25 students
2025-05-11 17:40:10,823 - INFO - Generated: seating_arrangements\03_05_2016_ME542_10502_evening.xlsx
2025-05-11 17:40:10,823 - INFO - Allocation for PH513 in 10502 with 9 students
2025-05-11 17:40:10,830 - INFO - Generated: seating_arrangements\03_05_2016_PH513_10502_evening.xlsx
2025-05-11 17:40:10,830 - INFO - Allocation for PH513 in 6101 with 7 students
2025-05-11 17:40:10,838 - INFO - Generated: seating_arrangements\03_05_2016_PH513_6101_evening.xlsx
2025-05-11 17:40:10,838 - INFO - Allocation for EE549 in 6101 with 14 students
2025-05-11 17:40:10,845 - INFO - Generated: seating_arrangements\03_05_2016_EE549_6101_evening.xlsx
2025-05-11 17:40:10,845 - INFO - Allocation for CE514 in 6101 with 9 students
2025-05-11 17:40:10,853 - INFO - Generated: seating_arrangements\03_05_2016_CE514_6101_evening.xlsx
2025-05-11 17:40:10,853 - INFO - Allocation for CE514 in 6102 with 3 students
2025-05-11 17:40:10,860 - INFO - Generated: seating_arrangements\03_05_2016_CE514_6102_evening.xlsx
2025-05-11 17:40:10,861 - INFO - Allocation for PH602 in 6102 with 10 students
2025-05-11 17:40:10,867 - INFO - Generated: seating_arrangements\03_05_2016_PH602_6102_evening.xlsx
2025-05-11 17:40:10,867 - INFO - Allocation for EE514 in 6102 with 7 students
2025-05-11 17:40:10,876 - INFO - Generated: seating_arrangements\03_05_2016_EE514_6102_evening.xlsx
2025-05-11 17:40:10,876 - INFO - Allocation for ME546 in 6102 with 5 students
2025-05-11 17:40:10,883 - INFO - Generated: seating_arrangements\03_05_2016_ME546_6102_evening.xlsx
2025-05-11 17:40:10,883 - INFO - Processing 2016-05-03 00:00:00 - Morning session
2025-05-11 17:40:10,889 - INFO - Found 131 roll numbers for course: CS259
2025-05-11 17:40:10,890 - INFO - Found 30 roll numbers for course: MA428
2025-05-11 17:40:10,895 - INFO - Found 50 roll numbers for course: MA220
2025-05-11 17:40:10,898 - INFO - Found 54 roll numbers for course: CE218
2025-05-11 17:40:10,900 - INFO - Found 26 roll numbers for course: CH428
2025-05-11 17:40:10,902 - INFO - Found 70 roll numbers for course: ME216
2025-05-11 17:40:10,906 - INFO - Found 89 roll numbers for course: EE205
2025-05-11 17:40:10,912 - INFO - Found 86 roll numbers for course: EE341
2025-05-11 17:40:10,914 - INFO - Found 32 roll numbers for course: MM206
2025-05-11 17:40:10,916 - INFO - Found 29 roll numbers for course: MM306
2025-05-11 17:40:10,919 - INFO - Found 78 roll numbers for course: ME314
2025-05-11 17:40:10,921 - INFO - Found 24 roll numbers for course: EP202
2025-05-11 17:40:10,922 - INFO - Found 28 roll numbers for course: PH420
2025-05-11 17:40:10,925 - INFO - Found 56 roll numbers for course: CB206
2025-05-11 17:40:10,929 - INFO - Found 54 roll numbers for course: CB304
2025-05-11 17:40:10,931 - INFO - Found 23 roll numbers for course: MA533
2025-05-11 17:40:10,935 - INFO - Found 131 roll numbers for course: CS259
2025-05-11 17:40:10,937 - INFO - Found 30 roll numbers for course: MA428
2025-05-11 17:40:10,940 - INFO - Found 50 roll numbers for course: MA220
2025-05-11 17:40:10,942 - INFO - Found 54 roll numbers for course: CE218
2025-05-11 17:40:10,944 - INFO - Found 26 roll numbers for course: CH428
2025-05-11 17:40:10,948 - INFO - Found 70 roll numbers for course: ME216
2025-05-11 17:40:10,951 - INFO - Found 89 roll numbers for course: EE205
2025-05-11 17:40:10,954 - INFO - Found 86 roll numbers for course: EE341
2025-05-11 17:40:10,956 - INFO - Found 32 roll numbers for course: MM206
2025-05-11 17:40:10,958 - INFO - Found 29 roll numbers for course: MM306
2025-05-11 17:40:10,962 - INFO - Found 78 roll numbers for course: ME314
2025-05-11 17:40:10,963 - INFO - Found 24 roll numbers for course: EP202
2025-05-11 17:40:10,966 - INFO - Found 28 roll numbers for course: PH420
2025-05-11 17:40:10,969 - INFO - Found 56 roll numbers for course: CB206
2025-05-11 17:40:10,971 - INFO - Found 54 roll numbers for course: CB304
2025-05-11 17:40:10,973 - INFO - Found 23 roll numbers for course: MA533
2025-05-11 17:40:10,978 - INFO - Found 131 roll numbers for course: CS259
2025-05-11 17:40:10,982 - INFO - Found 89 roll numbers for course: EE205
2025-05-11 17:40:10,987 - INFO - Found 86 roll numbers for course: EE341
2025-05-11 17:40:10,990 - INFO - Found 78 roll numbers for course: ME314
2025-05-11 17:40:10,993 - INFO - Found 70 roll numbers for course: ME216
2025-05-11 17:40:10,996 - INFO - Found 56 roll numbers for course: CB206
2025-05-11 17:40:10,998 - INFO - Found 54 roll numbers for course: CE218
2025-05-11 17:40:11,001 - INFO - Found 54 roll numbers for course: CB304
2025-05-11 17:40:11,004 - INFO - Found 50 roll numbers for course: MA220
2025-05-11 17:40:11,005 - INFO - Found 32 roll numbers for course: MM206
2025-05-11 17:40:11,007 - INFO - Found 30 roll numbers for course: MA428
2025-05-11 17:40:11,009 - INFO - Found 29 roll numbers for course: MM306
2025-05-11 17:40:11,011 - INFO - Found 28 roll numbers for course: PH420
2025-05-11 17:40:11,013 - INFO - Found 26 roll numbers for course: CH428
2025-05-11 17:40:11,015 - INFO - Found 24 roll numbers for course: EP202
2025-05-11 17:40:11,017 - INFO - Found 23 roll numbers for course: MA533
2025-05-11 17:40:11,017 - INFO - Allocation for CS259 in B-001 with 70 students
2025-05-11 17:40:11,027 - INFO - Generated: seating_arrangements\03_05_2016_CS259_B-001_morning.xlsx
2025-05-11 17:40:11,027 - INFO - Allocation for CS259 in B-101 with 61 students
2025-05-11 17:40:11,036 - INFO - Generated: seating_arrangements\03_05_2016_CS259_B-101_morning.xlsx
2025-05-11 17:40:11,037 - INFO - Allocation for EE205 in B-101 with 9 students
2025-05-11 17:40:11,046 - INFO - Generated: seating_arrangements\03_05_2016_EE205_B-101_morning.xlsx
2025-05-11 17:40:11,046 - INFO - Allocation for EE205 in B-002 with 70 students
2025-05-11 17:40:11,057 - INFO - Generated: seating_arrangements\03_05_2016_EE205_B-002_morning.xlsx
2025-05-11 17:40:11,057 - INFO - Allocation for EE205 in B-003 with 10 students
2025-05-11 17:40:11,066 - INFO - Generated: seating_arrangements\03_05_2016_EE205_B-003_morning.xlsx
2025-05-11 17:40:11,066 - INFO - Allocation for EE341 in B-003 with 60 students
2025-05-11 17:40:11,075 - INFO - Generated: seating_arrangements\03_05_2016_EE341_B-003_morning.xlsx
2025-05-11 17:40:11,075 - INFO - Allocation for EE341 in B-103 with 26 students
2025-05-11 17:40:11,084 - INFO - Generated: seating_arrangements\03_05_2016_EE341_B-103_morning.xlsx
2025-05-11 17:40:11,084 - INFO - Allocation for ME314 in B-103 with 44 students
2025-05-11 17:40:11,093 - INFO - Generated: seating_arrangements\03_05_2016_ME314_B-103_morning.xlsx
2025-05-11 17:40:11,093 - INFO - Allocation for ME314 in 10502 with 34 students
2025-05-11 17:40:11,100 - INFO - Generated: seating_arrangements\03_05_2016_ME314_10502_morning.xlsx
2025-05-11 17:40:11,101 - INFO - Allocation for ME216 in 10502 with 56 students
2025-05-11 17:40:11,110 - INFO - Generated: seating_arrangements\03_05_2016_ME216_10502_morning.xlsx
2025-05-11 17:40:11,111 - INFO - Allocation for ME216 in 6101 with 14 students
2025-05-11 17:40:11,117 - INFO - Generated: seating_arrangements\03_05_2016_ME216_6101_morning.xlsx
2025-05-11 17:40:11,118 - INFO - Allocation for CB206 in 6101 with 16 students
2025-05-11 17:40:11,125 - INFO - Generated: seating_arrangements\03_05_2016_CB206_6101_morning.xlsx
2025-05-11 17:40:11,126 - INFO - Allocation for CB206 in 6102 with 40 students
2025-05-11 17:40:11,134 - INFO - Generated: seating_arrangements\03_05_2016_CB206_6102_morning.xlsx
2025-05-11 17:40:11,134 - INFO - Allocation for CE218 in 6102 with 32 students
2025-05-11 17:40:11,143 - INFO - Generated: seating_arrangements\03_05_2016_CE218_6102_morning.xlsx
2025-05-11 17:40:11,143 - INFO - Allocation for CE218 in 6103 with 22 students
2025-05-11 17:40:11,150 - INFO - Generated: seating_arrangements\03_05_2016_CE218_6103_morning.xlsx
2025-05-11 17:40:11,151 - INFO - Allocation for CB304 in 6103 with 8 students
2025-05-11 17:40:11,158 - INFO - Generated: seating_arrangements\03_05_2016_CB304_6103_morning.xlsx
2025-05-11 17:40:11,158 - INFO - Allocation for CB304 in 6104 with 46 students
2025-05-11 17:40:11,167 - INFO - Generated: seating_arrangements\03_05_2016_CB304_6104_morning.xlsx
2025-05-11 17:40:11,167 - INFO - Allocation for MA220 in 6104 with 26 students
2025-05-11 17:40:11,174 - INFO - Generated: seating_arrangements\03_05_2016_MA220_6104_morning.xlsx
2025-05-11 17:40:11,175 - INFO - Allocation for MA220 in 6105 with 24 students
2025-05-11 17:40:11,184 - INFO - Generated: seating_arrangements\03_05_2016_MA220_6105_morning.xlsx
2025-05-11 17:40:11,184 - INFO - Allocation for MM206 in 6105 with 6 students
2025-05-11 17:40:11,191 - INFO - Generated: seating_arrangements\03_05_2016_MM206_6105_morning.xlsx
2025-05-11 17:40:11,191 - INFO - Allocation for MM206 in 6106 with 26 students
2025-05-11 17:40:11,200 - INFO - Generated: seating_arrangements\03_05_2016_MM206_6106_morning.xlsx
2025-05-11 17:40:11,200 - INFO - Allocation for MA428 in 6106 with 4 students
2025-05-11 17:40:11,206 - INFO - Generated: seating_arrangements\03_05_2016_MA428_6106_morning.xlsx
2025-05-11 17:40:11,206 - INFO - Allocation for MA428 in 6107 with 26 students
2025-05-11 17:40:11,216 - INFO - Generated: seating_arrangements\03_05_2016_MA428_6107_morning.xlsx
2025-05-11 17:40:11,216 - INFO - Allocation for MM306 in 6107 with 29 students
2025-05-11 17:40:11,225 - INFO - Generated: seating_arrangements\03_05_2016_MM306_6107_morning.xlsx
2025-05-11 17:40:11,225 - INFO - Allocation for PH420 in 6107 with 17 students
2025-05-11 17:40:11,234 - INFO - Generated: seating_arrangements\03_05_2016_PH420_6107_morning.xlsx
2025-05-11 17:40:11,234 - INFO - Allocation for PH420 in 6108 with 11 students
2025-05-11 17:40:11,243 - INFO - Generated: seating_arrangements\03_05_2016_PH420_6108_morning.xlsx
2025-05-11 17:40:11,243 - INFO - Allocation for CH428 in 6108 with 19 students
2025-05-11 17:40:11,252 - INFO - Generated: seating_arrangements\03_05_2016_CH428_6108_morning.xlsx
2025-05-11 17:40:11,252 - INFO - Allocation for CH428 in 6109 with 7 students
2025-05-11 17:40:11,259 - INFO - Generated: seating_arrangements\03_05_2016_CH428_6109_morning.xlsx
2025-05-11 17:40:11,259 - INFO - Allocation for EP202 in 6109 with 24 students
2025-05-11 17:40:11,268 - INFO - Generated: seating_arrangements\03_05_2016_EP202_6109_morning.xlsx
2025-05-11 17:40:11,269 - INFO - Allocation for MA533 in 6109 with 23 students
2025-05-11 17:40:11,277 - INFO - Generated: seating_arrangements\03_05_2016_MA533_6109_morning.xlsx
2025-05-11 17:40:11,277 - INFO - Processing 2016-05-04 00:00:00 - Evening session
2025-05-11 17:40:11,280 - INFO - Found 30 roll numbers for course: CS547
2025-05-11 17:40:11,285 - INFO - Found 120 roll numbers for course: CS568
2025-05-11 17:40:11,286 - INFO - Found 27 roll numbers for course: CE545
2025-05-11 17:40:11,289 - INFO - Found 59 roll numbers for course: CH607
2025-05-11 17:40:11,291 - INFO - Found 14 roll numbers for course: ME567
2025-05-11 17:40:11,294 - INFO - Found 59 roll numbers for course: ME547
2025-05-11 17:40:11,296 - INFO - Found 21 roll numbers for course: ME552
2025-05-11 17:40:11,298 - INFO - Found 18 roll numbers for course: EE560
2025-05-11 17:40:11,300 - INFO - Found 49 roll numbers for course: MM510
2025-05-11 17:40:11,303 - INFO - Found 48 roll numbers for course: CB502
2025-05-11 17:40:11,305 - INFO - Found 26 roll numbers for course: MA522
2025-05-11 17:40:11,306 - INFO - Found 8 roll numbers for course: PH703
2025-05-11 17:40:11,310 - INFO - Found 56 roll numbers for course: CE324
2025-05-11 17:40:11,312 - INFO - Found 30 roll numbers for course: CS547
2025-05-11 17:40:11,317 - INFO - Found 120 roll numbers for course: CS568
2025-05-11 17:40:11,319 - INFO - Found 27 roll numbers for course: CE545
2025-05-11 17:40:11,322 - INFO - Found 59 roll numbers for course: CH607
2025-05-11 17:40:11,323 - INFO - Found 14 roll numbers for course: ME567
2025-05-11 17:40:11,326 - INFO - Found 59 roll numbers for course: ME547
2025-05-11 17:40:11,328 - INFO - Found 21 roll numbers for course: ME552
2025-05-11 17:40:11,330 - INFO - Found 18 roll numbers for course: EE560
2025-05-11 17:40:11,332 - INFO - Found 49 roll numbers for course: MM510
2025-05-11 17:40:11,335 - INFO - Found 48 roll numbers for course: CB502
2025-05-11 17:40:11,336 - INFO - Found 26 roll numbers for course: MA522
2025-05-11 17:40:11,337 - INFO - Found 8 roll numbers for course: PH703
2025-05-11 17:40:11,340 - INFO - Found 56 roll numbers for course: CE324
2025-05-11 17:40:11,347 - INFO - Found 120 roll numbers for course: CS568
2025-05-11 17:40:11,350 - INFO - Found 59 roll numbers for course: CH607
2025-05-11 17:40:11,353 - INFO - Found 59 roll numbers for course: ME547
2025-05-11 17:40:11,356 - INFO - Found 56 roll numbers for course: CE324
2025-05-11 17:40:11,358 - INFO - Found 49 roll numbers for course: MM510
2025-05-11 17:40:11,361 - INFO - Found 48 roll numbers for course: CB502
2025-05-11 17:40:11,363 - INFO - Found 30 roll numbers for course: CS547
2025-05-11 17:40:11,365 - INFO - Found 27 roll numbers for course: CE545
2025-05-11 17:40:11,367 - INFO - Found 26 roll numbers for course: MA522
2025-05-11 17:40:11,369 - INFO - Found 21 roll numbers for course: ME552
2025-05-11 17:40:11,370 - INFO - Found 18 roll numbers for course: EE560
2025-05-11 17:40:11,371 - INFO - Found 14 roll numbers for course: ME567
2025-05-11 17:40:11,373 - INFO - Found 8 roll numbers for course: PH703
2025-05-11 17:40:11,373 - INFO - Allocation for CS568 in B-001 with 70 students
2025-05-11 17:40:11,385 - INFO - Generated: seating_arrangements\04_05_2016_CS568_B-001_evening.xlsx
2025-05-11 17:40:11,385 - INFO - Allocation for CS568 in B-101 with 50 students
2025-05-11 17:40:11,394 - INFO - Generated: seating_arrangements\04_05_2016_CS568_B-101_evening.xlsx
2025-05-11 17:40:11,394 - INFO - Allocation for CH607 in B-101 with 20 students
2025-05-11 17:40:11,402 - INFO - Generated: seating_arrangements\04_05_2016_CH607_B-101_evening.xlsx
2025-05-11 17:40:11,402 - INFO - Allocation for CH607 in B-002 with 39 students
2025-05-11 17:40:11,412 - INFO - Generated: seating_arrangements\04_05_2016_CH607_B-002_evening.xlsx
2025-05-11 17:40:11,412 - INFO - Allocation for ME547 in B-002 with 31 students
2025-05-11 17:40:11,420 - INFO - Generated: seating_arrangements\04_05_2016_ME547_B-002_evening.xlsx
2025-05-11 17:40:11,420 - INFO - Allocation for ME547 in B-003 with 28 students
2025-05-11 17:40:11,432 - INFO - Generated: seating_arrangements\04_05_2016_ME547_B-003_evening.xlsx
2025-05-11 17:40:11,432 - INFO - Allocation for CE324 in B-003 with 42 students
2025-05-11 17:40:11,441 - INFO - Generated: seating_arrangements\04_05_2016_CE324_B-003_evening.xlsx
2025-05-11 17:40:11,441 - INFO - Allocation for CE324 in B-103 with 14 students
2025-05-11 17:40:11,450 - INFO - Generated: seating_arrangements\04_05_2016_CE324_B-103_evening.xlsx
2025-05-11 17:40:11,450 - INFO - Allocation for MM510 in B-103 with 49 students
2025-05-11 17:40:11,459 - INFO - Generated: seating_arrangements\04_05_2016_MM510_B-103_evening.xlsx
2025-05-11 17:40:11,460 - INFO - Allocation for CB502 in B-103 with 7 students
2025-05-11 17:40:11,468 - INFO - Generated: seating_arrangements\04_05_2016_CB502_B-103_evening.xlsx
2025-05-11 17:40:11,468 - INFO - Allocation for CB502 in 10502 with 41 students
2025-05-11 17:40:11,476 - INFO - Generated: seating_arrangements\04_05_2016_CB502_10502_evening.xlsx
2025-05-11 17:40:11,477 - INFO - Allocation for CS547 in 10502 with 30 students
2025-05-11 17:40:11,486 - INFO - Generated: seating_arrangements\04_05_2016_CS547_10502_evening.xlsx
2025-05-11 17:40:11,486 - INFO - Allocation for CE545 in 10502 with 19 students
2025-05-11 17:40:11,495 - INFO - Generated: seating_arrangements\04_05_2016_CE545_10502_evening.xlsx
2025-05-11 17:40:11,495 - INFO - Allocation for CE545 in 6101 with 8 students
2025-05-11 17:40:11,503 - INFO - Generated: seating_arrangements\04_05_2016_CE545_6101_evening.xlsx
2025-05-11 17:40:11,503 - INFO - Allocation for MA522 in 6101 with 22 students
2025-05-11 17:40:11,511 - INFO - Generated: seating_arrangements\04_05_2016_MA522_6101_evening.xlsx
2025-05-11 17:40:11,512 - INFO - Allocation for MA522 in 6102 with 4 students
2025-05-11 17:40:11,520 - INFO - Generated: seating_arrangements\04_05_2016_MA522_6102_evening.xlsx
2025-05-11 17:40:11,520 - INFO - Allocation for ME552 in 6102 with 21 students
2025-05-11 17:40:11,529 - INFO - Generated: seating_arrangements\04_05_2016_ME552_6102_evening.xlsx
2025-05-11 17:40:11,529 - INFO - Allocation for EE560 in 6102 with 18 students
2025-05-11 17:40:11,537 - INFO - Generated: seating_arrangements\04_05_2016_EE560_6102_evening.xlsx
2025-05-11 17:40:11,537 - INFO - Allocation for ME567 in 6102 with 14 students
2025-05-11 17:40:11,547 - INFO - Generated: seating_arrangements\04_05_2016_ME567_6102_evening.xlsx
2025-05-11 17:40:11,547 - INFO - Allocation for PH703 in 6102 with 8 students
2025-05-11 17:40:11,554 - INFO - Generated: seating_arrangements\04_05_2016_PH703_6102_evening.xlsx
2025-05-11 17:40:11,555 - INFO - Processing 2016-05-04 00:00:00 - Morning session
2025-05-11 17:40:11,556 - INFO - Found 13 roll numbers for course: HS716
2025-05-11 17:40:11,560 - INFO - Found 91 roll numbers for course: CS209
2025-05-11 17:40:11,562 - INFO - Found 30 roll numbers for course: MA430
2025-05-11 17:40:11,566 - INFO - Found 55 roll numbers for course: CE220
2025-05-11 17:40:11,570 - INFO - Found 70 roll numbers for course: ME214
2025-05-11 17:40:11,574 - INFO - Found 89 roll numbers for course: EE280
2025-05-11 17:40:11,578 - INFO - Found 86 roll numbers for course: EE382
2025-05-11 17:40:11,581 - INFO - Found 32 roll numbers for course: MM204
2025-05-11 17:40:11,582 - INFO - Found 28 roll numbers for course: PH428
2025-05-11 17:40:11,584 - INFO - Found 18 roll numbers for course: PH608
2025-05-11 17:40:11,586 - INFO - Found 24 roll numbers for course: EP204
2025-05-11 17:40:11,589 - INFO - Found 56 roll numbers for course: CB208
2025-05-11 17:40:11,592 - INFO - Found 54 roll numbers for course: CB424
2025-05-11 17:40:11,594 - INFO - Found 26 roll numbers for course: CH424
2025-05-11 17:40:11,597 - INFO - Found 50 roll numbers for course: MA216
2025-05-11 17:40:11,599 - INFO - Found 13 roll numbers for course: HS716
2025-05-11 17:40:11,603 - INFO - Found 91 roll numbers for course: CS209
2025-05-11 17:40:11,605 - INFO - Found 30 roll numbers for course: MA430
2025-05-11 17:40:11,608 - INFO - Found 55 roll numbers for course: CE220
2025-05-11 17:40:11,612 - INFO - Found 70 roll numbers for course: ME214
2025-05-11 17:40:11,616 - INFO - Found 89 roll numbers for course: EE280
2025-05-11 17:40:11,620 - INFO - Found 86 roll numbers for course: EE382
2025-05-11 17:40:11,622 - INFO - Found 32 roll numbers for course: MM204
2025-05-11 17:40:11,624 - INFO - Found 28 roll numbers for course: PH428
2025-05-11 17:40:11,627 - INFO - Found 18 roll numbers for course: PH608
2025-05-11 17:40:11,629 - INFO - Found 24 roll numbers for course: EP204
2025-05-11 17:40:11,631 - INFO - Found 56 roll numbers for course: CB208
2025-05-11 17:40:11,634 - INFO - Found 54 roll numbers for course: CB424
2025-05-11 17:40:11,635 - INFO - Found 26 roll numbers for course: CH424
2025-05-11 17:40:11,638 - INFO - Found 50 roll numbers for course: MA216
2025-05-11 17:40:11,644 - INFO - Found 91 roll numbers for course: CS209
2025-05-11 17:40:11,648 - INFO - Found 89 roll numbers for course: EE280
2025-05-11 17:40:11,651 - INFO - Found 86 roll numbers for course: EE382
2025-05-11 17:40:11,654 - INFO - Found 70 roll numbers for course: ME214
2025-05-11 17:40:11,656 - INFO - Found 56 roll numbers for course: CB208
2025-05-11 17:40:11,660 - INFO - Found 55 roll numbers for course: CE220
2025-05-11 17:40:11,663 - INFO - Found 54 roll numbers for course: CB424
2025-05-11 17:40:11,665 - INFO - Found 50 roll numbers for course: MA216
2025-05-11 17:40:11,667 - INFO - Found 32 roll numbers for course: MM204
2025-05-11 17:40:11,669 - INFO - Found 30 roll numbers for course: MA430
2025-05-11 17:40:11,670 - INFO - Found 28 roll numbers for course: PH428
2025-05-11 17:40:11,672 - INFO - Found 26 roll numbers for course: CH424
2025-05-11 17:40:11,675 - INFO - Found 24 roll numbers for course: EP204
2025-05-11 17:40:11,677 - INFO - Found 18 roll numbers for course: PH608
2025-05-11 17:40:11,678 - INFO - Found 13 roll numbers for course: HS716
2025-05-11 17:40:11,679 - INFO - Allocation for CS209 in B-001 with 70 students
2025-05-11 17:40:11,688 - INFO - Generated: seating_arrangements\04_05_2016_CS209_B-001_morning.xlsx
2025-05-11 17:40:11,688 - INFO - Allocation for CS209 in B-101 with 21 students
2025-05-11 17:40:11,697 - INFO - Generated: seating_arrangements\04_05_2016_CS209_B-101_morning.xlsx
2025-05-11 17:40:11,697 - INFO - Allocation for EE280 in B-101 with 49 students
2025-05-11 17:40:11,706 - INFO - Generated: seating_arrangements\04_05_2016_EE280_B-101_morning.xlsx
2025-05-11 17:40:11,706 - INFO - Allocation for EE280 in B-002 with 40 students
2025-05-11 17:40:11,716 - INFO - Generated: seating_arrangements\04_05_2016_EE280_B-002_morning.xlsx
2025-05-11 17:40:11,716 - INFO - Allocation for EE382 in B-002 with 30 students
2025-05-11 17:40:11,724 - INFO - Generated: seating_arrangements\04_05_2016_EE382_B-002_morning.xlsx
2025-05-11 17:40:11,724 - INFO - Allocation for EE382 in B-003 with 56 students
2025-05-11 17:40:11,734 - INFO - Generated: seating_arrangements\04_05_2016_EE382_B-003_morning.xlsx
2025-05-11 17:40:11,734 - INFO - Allocation for ME214 in B-003 with 14 students
2025-05-11 17:40:11,742 - INFO - Generated: seating_arrangements\04_05_2016_ME214_B-003_morning.xlsx
2025-05-11 17:40:11,742 - INFO - Allocation for ME214 in B-103 with 56 students
2025-05-11 17:40:11,753 - INFO - Generated: seating_arrangements\04_05_2016_ME214_B-103_morning.xlsx
2025-05-11 17:40:11,753 - INFO - Allocation for CB208 in B-103 with 14 students
2025-05-11 17:40:11,762 - INFO - Generated: seating_arrangements\04_05_2016_CB208_B-103_morning.xlsx
2025-05-11 17:40:11,763 - INFO - Allocation for CB208 in 10502 with 42 students
2025-05-11 17:40:11,771 - INFO - Generated: seating_arrangements\04_05_2016_CB208_10502_morning.xlsx
2025-05-11 17:40:11,771 - INFO - Allocation for CE220 in 10502 with 48 students
2025-05-11 17:40:11,781 - INFO - Generated: seating_arrangements\04_05_2016_CE220_10502_morning.xlsx
2025-05-11 17:40:11,781 - INFO - Allocation for CE220 in 6101 with 7 students
2025-05-11 17:40:11,789 - INFO - Generated: seating_arrangements\04_05_2016_CE220_6101_morning.xlsx
2025-05-11 17:40:11,789 - INFO - Allocation for CB424 in 6101 with 23 students
2025-05-11 17:40:11,798 - INFO - Generated: seating_arrangements\04_05_2016_CB424_6101_morning.xlsx
2025-05-11 17:40:11,798 - INFO - Allocation for CB424 in 6102 with 31 students
2025-05-11 17:40:11,808 - INFO - Generated: seating_arrangements\04_05_2016_CB424_6102_morning.xlsx
2025-05-11 17:40:11,808 - INFO - Allocation for MA216 in 6102 with 41 students
2025-05-11 17:40:11,816 - INFO - Generated: seating_arrangements\04_05_2016_MA216_6102_morning.xlsx
2025-05-11 17:40:11,816 - INFO - Allocation for MA216 in 6103 with 9 students
2025-05-11 17:40:11,825 - INFO - Generated: seating_arrangements\04_05_2016_MA216_6103_morning.xlsx
2025-05-11 17:40:11,826 - INFO - Allocation for MM204 in 6103 with 21 students
2025-05-11 17:40:11,833 - INFO - Generated: seating_arrangements\04_05_2016_MM204_6103_morning.xlsx
2025-05-11 17:40:11,833 - INFO - Allocation for MM204 in 6104 with 11 students
2025-05-11 17:40:11,841 - INFO - Generated: seating_arrangements\04_05_2016_MM204_6104_morning.xlsx
2025-05-11 17:40:11,841 - INFO - Allocation for MA430 in 6104 with 30 students
2025-05-11 17:40:11,850 - INFO - Generated: seating_arrangements\04_05_2016_MA430_6104_morning.xlsx
2025-05-11 17:40:11,850 - INFO - Allocation for PH428 in 6104 with 28 students
2025-05-11 17:40:11,860 - INFO - Generated: seating_arrangements\04_05_2016_PH428_6104_morning.xlsx
2025-05-11 17:40:11,860 - INFO - Allocation for CH424 in 6104 with 3 students
2025-05-11 17:40:11,868 - INFO - Generated: seating_arrangements\04_05_2016_CH424_6104_morning.xlsx
2025-05-11 17:40:11,869 - INFO - Allocation for CH424 in 6105 with 23 students
2025-05-11 17:40:11,878 - INFO - Generated: seating_arrangements\04_05_2016_CH424_6105_morning.xlsx
2025-05-11 17:40:11,878 - INFO - Allocation for EP204 in 6105 with 7 students
2025-05-11 17:40:11,886 - INFO - Generated: seating_arrangements\04_05_2016_EP204_6105_morning.xlsx
2025-05-11 17:40:11,886 - INFO - Allocation for EP204 in 6106 with 17 students
2025-05-11 17:40:11,894 - INFO - Generated: seating_arrangements\04_05_2016_EP204_6106_morning.xlsx
2025-05-11 17:40:11,894 - INFO - Allocation for PH608 in 6106 with 13 students
2025-05-11 17:40:11,901 - INFO - Generated: seating_arrangements\04_05_2016_PH608_6106_morning.xlsx
2025-05-11 17:40:11,901 - INFO - Allocation for PH608 in 6107 with 5 students
2025-05-11 17:40:11,909 - INFO - Generated: seating_arrangements\04_05_2016_PH608_6107_morning.xlsx
2025-05-11 17:40:11,910 - INFO - Allocation for HS716 in 6107 with 13 students
2025-05-11 17:40:11,919 - INFO - Generated: seating_arrangements\04_05_2016_HS716_6107_morning.xlsx
2025-05-11 17:40:11,919 - INFO - Processing 2016-05-05 00:00:00 - Evening session
2025-05-11 17:40:11,921 - INFO - Found 15 roll numbers for course: CE532
2025-05-11 17:40:11,924 - INFO - Found 13 roll numbers for course: CE536
2025-05-11 17:40:11,926 - INFO - Found 17 roll numbers for course: EE535
2025-05-11 17:40:11,927 - INFO - Found 13 roll numbers for course: MM520
2025-05-11 17:40:11,928 - INFO - Found 11 roll numbers for course: ME510
2025-05-11 17:40:11,930 - INFO - Found 25 roll numbers for course: MA502
2025-05-11 17:40:11,933 - INFO - Found 45 roll numbers for course: CB506
2025-05-11 17:40:11,936 - INFO - Found 16 roll numbers for course: MA536
2025-05-11 17:40:11,938 - INFO - Found 24 roll numbers for course: EP208
2025-05-11 17:40:11,941 - INFO - Found 25 roll numbers for course: PH203
2025-05-11 17:40:11,943 - INFO - Found 25 roll numbers for course: CS511
2025-05-11 17:40:11,945 - INFO - Found 15 roll numbers for course: CE526
2025-05-11 17:40:11,947 - INFO - Found 12 roll numbers for course: EE566
2025-05-11 17:40:11,949 - INFO - Found 15 roll numbers for course: CE532
2025-05-11 17:40:11,950 - INFO - Found 13 roll numbers for course: CE536
2025-05-11 17:40:11,952 - INFO - Found 17 roll numbers for course: EE535
2025-05-11 17:40:11,954 - INFO - Found 13 roll numbers for course: MM520
2025-05-11 17:40:11,957 - INFO - Found 11 roll numbers for course: ME510
2025-05-11 17:40:11,960 - INFO - Found 25 roll numbers for course: MA502
2025-05-11 17:40:11,964 - INFO - Found 45 roll numbers for course: CB506
2025-05-11 17:40:11,966 - INFO - Found 16 roll numbers for course: MA536
2025-05-11 17:40:11,968 - INFO - Found 24 roll numbers for course: EP208
2025-05-11 17:40:11,972 - INFO - Found 25 roll numbers for course: PH203
2025-05-11 17:40:11,978 - INFO - Found 25 roll numbers for course: CS511
2025-05-11 17:40:11,982 - INFO - Found 15 roll numbers for course: CE526
2025-05-11 17:40:11,984 - INFO - Found 12 roll numbers for course: EE566
2025-05-11 17:40:11,996 - INFO - Found 45 roll numbers for course: CB506
2025-05-11 17:40:12,002 - INFO - Found 25 roll numbers for course: MA502
2025-05-11 17:40:12,006 - INFO - Found 25 roll numbers for course: PH203
2025-05-11 17:40:12,012 - INFO - Found 25 roll numbers for course: CS511
2025-05-11 17:40:12,019 - INFO - Found 24 roll numbers for course: EP208
2025-05-11 17:40:12,026 - INFO - Found 17 roll numbers for course: EE535
2025-05-11 17:40:12,031 - INFO - Found 16 roll numbers for course: MA536
2025-05-11 17:40:12,038 - INFO - Found 15 roll numbers for course: CE532
2025-05-11 17:40:12,047 - INFO - Found 15 roll numbers for course: CE526
2025-05-11 17:40:12,053 - INFO - Found 13 roll numbers for course: CE536
2025-05-11 17:40:12,060 - INFO - Found 13 roll numbers for course: MM520
2025-05-11 17:40:12,064 - INFO - Found 12 roll numbers for course: EE566
2025-05-11 17:40:12,068 - INFO - Found 11 roll numbers for course: ME510
2025-05-11 17:40:12,069 - INFO - Allocation for CB506 in B-001 with 45 students
2025-05-11 17:40:12,101 - INFO - Generated: seating_arrangements\05_05_2016_CB506_B-001_evening.xlsx
2025-05-11 17:40:12,101 - INFO - Allocation for MA502 in B-001 with 25 students
2025-05-11 17:40:12,120 - INFO - Generated: seating_arrangements\05_05_2016_MA502_B-001_evening.xlsx
2025-05-11 17:40:12,121 - INFO - Allocation for PH203 in B-101 with 25 students
2025-05-11 17:40:12,153 - INFO - Generated: seating_arrangements\05_05_2016_PH203_B-101_evening.xlsx
2025-05-11 17:40:12,153 - INFO - Allocation for CS511 in B-101 with 25 students
2025-05-11 17:40:12,173 - INFO - Generated: seating_arrangements\05_05_2016_CS511_B-101_evening.xlsx
2025-05-11 17:40:12,174 - INFO - Allocation for EP208 in B-101 with 20 students
2025-05-11 17:40:12,190 - INFO - Generated: seating_arrangements\05_05_2016_EP208_B-101_evening.xlsx
2025-05-11 17:40:12,191 - INFO - Allocation for EP208 in B-002 with 4 students
2025-05-11 17:40:12,215 - INFO - Generated: seating_arrangements\05_05_2016_EP208_B-002_evening.xlsx
2025-05-11 17:40:12,215 - INFO - Allocation for EE535 in B-002 with 17 students
2025-05-11 17:40:12,233 - INFO - Generated: seating_arrangements\05_05_2016_EE535_B-002_evening.xlsx
2025-05-11 17:40:12,243 - INFO - Allocation for MA536 in B-002 with 16 students
2025-05-11 17:40:12,281 - INFO - Generated: seating_arrangements\05_05_2016_MA536_B-002_evening.xlsx
2025-05-11 17:40:12,296 - INFO - Allocation for CE532 in B-002 with 15 students
2025-05-11 17:40:12,336 - INFO - Generated: seating_arrangements\05_05_2016_CE532_B-002_evening.xlsx
2025-05-11 17:40:12,341 - INFO - Allocation for CE526 in B-002 with 15 students
2025-05-11 17:40:12,357 - INFO - Generated: seating_arrangements\05_05_2016_CE526_B-002_evening.xlsx
2025-05-11 17:40:12,357 - INFO - Allocation for CE536 in B-002 with 3 students
2025-05-11 17:40:12,368 - INFO - Generated: seating_arrangements\05_05_2016_CE536_B-002_evening.xlsx
2025-05-11 17:40:12,368 - INFO - Allocation for CE536 in B-003 with 10 students
2025-05-11 17:40:12,381 - INFO - Generated: seating_arrangements\05_05_2016_CE536_B-003_evening.xlsx
2025-05-11 17:40:12,381 - INFO - Allocation for MM520 in B-003 with 13 students
2025-05-11 17:40:12,393 - INFO - Generated: seating_arrangements\05_05_2016_MM520_B-003_evening.xlsx
2025-05-11 17:40:12,393 - INFO - Allocation for EE566 in B-003 with 12 students
2025-05-11 17:40:12,404 - INFO - Generated: seating_arrangements\05_05_2016_EE566_B-003_evening.xlsx
2025-05-11 17:40:12,404 - INFO - Allocation for ME510 in B-003 with 11 students
2025-05-11 17:40:12,414 - INFO - Generated: seating_arrangements\05_05_2016_ME510_B-003_evening.xlsx
2025-05-11 17:40:12,414 - INFO - Processing 2016-05-05 00:00:00 - Morning session
2025-05-11 17:40:12,418 - INFO - Found 40 roll numbers for course: CS277
2025-05-11 17:40:12,420 - INFO - Found 30 roll numbers for course: MA422
2025-05-11 17:40:12,424 - INFO - Found 50 roll numbers for course: MA218
2025-05-11 17:40:12,427 - INFO - Found 54 roll numbers for course: CE214
2025-05-11 17:40:12,433 - INFO - Found 70 roll numbers for course: ME208
2025-05-11 17:40:12,441 - INFO - Found 89 roll numbers for course: EE203
2025-05-11 17:40:12,446 - INFO - Found 28 roll numbers for course: PH424
2025-05-11 17:40:12,449 - INFO - Found 56 roll numbers for course: CB202
2025-05-11 17:40:12,450 - INFO - Found 15 roll numbers for course: NT512
2025-05-11 17:40:12,453 - INFO - Found 26 roll numbers for course: CH434
2025-05-11 17:40:12,454 - INFO - Found 1 roll numbers for course: EE561
2025-05-11 17:40:12,456 - INFO - Found 16 roll numbers for course: EE731
2025-05-11 17:40:12,459 - INFO - Found 40 roll numbers for course: CS277
2025-05-11 17:40:12,462 - INFO - Found 30 roll numbers for course: MA422
2025-05-11 17:40:12,465 - INFO - Found 50 roll numbers for course: MA218
2025-05-11 17:40:12,468 - INFO - Found 54 roll numbers for course: CE214
2025-05-11 17:40:12,471 - INFO - Found 70 roll numbers for course: ME208
2025-05-11 17:40:12,477 - INFO - Found 89 roll numbers for course: EE203
2025-05-11 17:40:12,479 - INFO - Found 28 roll numbers for course: PH424
2025-05-11 17:40:12,484 - INFO - Found 56 roll numbers for course: CB202
2025-05-11 17:40:12,487 - INFO - Found 15 roll numbers for course: NT512
2025-05-11 17:40:12,490 - INFO - Found 26 roll numbers for course: CH434
2025-05-11 17:40:12,491 - INFO - Found 1 roll numbers for course: EE561
2025-05-11 17:40:12,493 - INFO - Found 16 roll numbers for course: EE731
2025-05-11 17:40:12,500 - INFO - Found 89 roll numbers for course: EE203
2025-05-11 17:40:12,504 - INFO - Found 70 roll numbers for course: ME208
2025-05-11 17:40:12,509 - INFO - Found 56 roll numbers for course: CB202
2025-05-11 17:40:12,513 - INFO - Found 54 roll numbers for course: CE214
2025-05-11 17:40:12,516 - INFO - Found 50 roll numbers for course: MA218
2025-05-11 17:40:12,519 - INFO - Found 40 roll numbers for course: CS277
2025-05-11 17:40:12,522 - INFO - Found 30 roll numbers for course: MA422
2025-05-11 17:40:12,525 - INFO - Found 28 roll numbers for course: PH424
2025-05-11 17:40:12,528 - INFO - Found 26 roll numbers for course: CH434
2025-05-11 17:40:12,530 - INFO - Found 16 roll numbers for course: EE731
2025-05-11 17:40:12,533 - INFO - Found 15 roll numbers for course: NT512
2025-05-11 17:40:12,534 - INFO - Found 1 roll numbers for course: EE561
2025-05-11 17:40:12,534 - INFO - Allocation for EE203 in B-001 with 70 students
2025-05-11 17:40:12,549 - INFO - Generated: seating_arrangements\05_05_2016_EE203_B-001_morning.xlsx
2025-05-11 17:40:12,549 - INFO - Allocation for EE203 in B-101 with 19 students
2025-05-11 17:40:12,557 - INFO - Generated: seating_arrangements\05_05_2016_EE203_B-101_morning.xlsx
2025-05-11 17:40:12,557 - INFO - Allocation for ME208 in B-101 with 51 students
2025-05-11 17:40:12,566 - INFO - Generated: seating_arrangements\05_05_2016_ME208_B-101_morning.xlsx
2025-05-11 17:40:12,566 - INFO - Allocation for ME208 in B-002 with 19 students
2025-05-11 17:40:12,575 - INFO - Generated: seating_arrangements\05_05_2016_ME208_B-002_morning.xlsx
2025-05-11 17:40:12,575 - INFO - Allocation for CB202 in B-002 with 51 students
2025-05-11 17:40:12,584 - INFO - Generated: seating_arrangements\05_05_2016_CB202_B-002_morning.xlsx
2025-05-11 17:40:12,584 - INFO - Allocation for CB202 in B-003 with 5 students
2025-05-11 17:40:12,595 - INFO - Generated: seating_arrangements\05_05_2016_CB202_B-003_morning.xlsx
2025-05-11 17:40:12,595 - INFO - Allocation for CE214 in B-003 with 54 students
2025-05-11 17:40:12,606 - INFO - Generated: seating_arrangements\05_05_2016_CE214_B-003_morning.xlsx
2025-05-11 17:40:12,606 - INFO - Allocation for MA218 in B-003 with 11 students
2025-05-11 17:40:12,616 - INFO - Generated: seating_arrangements\05_05_2016_MA218_B-003_morning.xlsx
2025-05-11 17:40:12,617 - INFO - Allocation for MA218 in B-103 with 39 students
2025-05-11 17:40:12,628 - INFO - Generated: seating_arrangements\05_05_2016_MA218_B-103_morning.xlsx
2025-05-11 17:40:12,628 - INFO - Allocation for CS277 in B-103 with 31 students
2025-05-11 17:40:12,637 - INFO - Generated: seating_arrangements\05_05_2016_CS277_B-103_morning.xlsx
2025-05-11 17:40:12,637 - INFO - Allocation for CS277 in 10502 with 9 students
2025-05-11 17:40:12,645 - INFO - Generated: seating_arrangements\05_05_2016_CS277_10502_morning.xlsx
2025-05-11 17:40:12,646 - INFO - Allocation for MA422 in 10502 with 30 students
2025-05-11 17:40:12,654 - INFO - Generated: seating_arrangements\05_05_2016_MA422_10502_morning.xlsx
2025-05-11 17:40:12,654 - INFO - Allocation for PH424 in 10502 with 28 students
2025-05-11 17:40:12,663 - INFO - Generated: seating_arrangements\05_05_2016_PH424_10502_morning.xlsx
2025-05-11 17:40:12,663 - INFO - Allocation for CH434 in 10502 with 23 students
2025-05-11 17:40:12,671 - INFO - Generated: seating_arrangements\05_05_2016_CH434_10502_morning.xlsx
2025-05-11 17:40:12,671 - INFO - Allocation for CH434 in 6101 with 3 students
2025-05-11 17:40:12,679 - INFO - Generated: seating_arrangements\05_05_2016_CH434_6101_morning.xlsx
2025-05-11 17:40:12,679 - INFO - Allocation for EE731 in 6101 with 16 students
2025-05-11 17:40:12,686 - INFO - Generated: seating_arrangements\05_05_2016_EE731_6101_morning.xlsx
2025-05-11 17:40:12,686 - INFO - Allocation for NT512 in 6101 with 11 students
2025-05-11 17:40:12,694 - INFO - Generated: seating_arrangements\05_05_2016_NT512_6101_morning.xlsx
2025-05-11 17:40:12,694 - INFO - Allocation for NT512 in 6102 with 4 students
2025-05-11 17:40:12,702 - INFO - Generated: seating_arrangements\05_05_2016_NT512_6102_morning.xlsx
2025-05-11 17:40:12,702 - INFO - Allocation for EE561 in 6102 with 1 students
2025-05-11 17:40:12,710 - INFO - Generated: seating_arrangements\05_05_2016_EE561_6102_morning.xlsx
2025-05-11 17:40:12,710 - INFO - Processing 2016-05-06 00:00:00 - Evening session
2025-05-11 17:40:12,713 - INFO - Found 54 roll numbers for course: EE529
2025-05-11 17:40:12,715 - INFO - Found 12 roll numbers for course: CS508
2025-05-11 17:40:12,718 - INFO - Found 56 roll numbers for course: CE528
2025-05-11 17:40:12,719 - INFO - Found 17 roll numbers for course: CE570
2025-05-11 17:40:12,722 - INFO - Found 47 roll numbers for course: EE573
2025-05-11 17:40:12,728 - INFO - Found 134 roll numbers for course: CS563
2025-05-11 17:40:12,731 - INFO - Found 53 roll numbers for course: MM512
2025-05-11 17:40:12,734 - INFO - Found 54 roll numbers for course: EE529
2025-05-11 17:40:12,735 - INFO - Found 12 roll numbers for course: CS508
2025-05-11 17:40:12,738 - INFO - Found 56 roll numbers for course: CE528
2025-05-11 17:40:12,740 - INFO - Found 17 roll numbers for course: CE570
2025-05-11 17:40:12,743 - INFO - Found 47 roll numbers for course: EE573
2025-05-11 17:40:12,748 - INFO - Found 134 roll numbers for course: CS563
2025-05-11 17:40:12,751 - INFO - Found 53 roll numbers for course: MM512
2025-05-11 17:40:12,758 - INFO - Found 134 roll numbers for course: CS563
2025-05-11 17:40:12,760 - INFO - Found 56 roll numbers for course: CE528
2025-05-11 17:40:12,763 - INFO - Found 54 roll numbers for course: EE529
2025-05-11 17:40:12,766 - INFO - Found 53 roll numbers for course: MM512
2025-05-11 17:40:12,768 - INFO - Found 47 roll numbers for course: EE573
2025-05-11 17:40:12,770 - INFO - Found 17 roll numbers for course: CE570
2025-05-11 17:40:12,771 - INFO - Found 12 roll numbers for course: CS508
2025-05-11 17:40:12,772 - INFO - Allocation for CS563 in B-001 with 70 students
2025-05-11 17:40:12,782 - INFO - Generated: seating_arrangements\06_05_2016_CS563_B-001_evening.xlsx
2025-05-11 17:40:12,782 - INFO - Allocation for CS563 in B-101 with 64 students
2025-05-11 17:40:12,791 - INFO - Generated: seating_arrangements\06_05_2016_CS563_B-101_evening.xlsx
2025-05-11 17:40:12,791 - INFO - Allocation for CE528 in B-101 with 6 students
2025-05-11 17:40:12,798 - INFO - Generated: seating_arrangements\06_05_2016_CE528_B-101_evening.xlsx
2025-05-11 17:40:12,799 - INFO - Allocation for CE528 in B-002 with 50 students
2025-05-11 17:40:12,808 - INFO - Generated: seating_arrangements\06_05_2016_CE528_B-002_evening.xlsx
2025-05-11 17:40:12,808 - INFO - Allocation for EE529 in B-002 with 20 students
2025-05-11 17:40:12,817 - INFO - Generated: seating_arrangements\06_05_2016_EE529_B-002_evening.xlsx
2025-05-11 17:40:12,817 - INFO - Allocation for EE529 in B-003 with 34 students
2025-05-11 17:40:12,826 - INFO - Generated: seating_arrangements\06_05_2016_EE529_B-003_evening.xlsx
2025-05-11 17:40:12,826 - INFO - Allocation for MM512 in B-003 with 36 students
2025-05-11 17:40:12,835 - INFO - Generated: seating_arrangements\06_05_2016_MM512_B-003_evening.xlsx
2025-05-11 17:40:12,835 - INFO - Allocation for MM512 in B-103 with 17 students
2025-05-11 17:40:12,843 - INFO - Generated: seating_arrangements\06_05_2016_MM512_B-103_evening.xlsx
2025-05-11 17:40:12,843 - INFO - Allocation for EE573 in B-103 with 47 students
2025-05-11 17:40:12,852 - INFO - Generated: seating_arrangements\06_05_2016_EE573_B-103_evening.xlsx
2025-05-11 17:40:12,852 - INFO - Allocation for CE570 in B-103 with 6 students
2025-05-11 17:40:12,860 - INFO - Generated: seating_arrangements\06_05_2016_CE570_B-103_evening.xlsx
2025-05-11 17:40:12,861 - INFO - Allocation for CE570 in 10502 with 11 students
2025-05-11 17:40:12,867 - INFO - Generated: seating_arrangements\06_05_2016_CE570_10502_evening.xlsx
2025-05-11 17:40:12,868 - INFO - Allocation for CS508 in 10502 with 12 students
2025-05-11 17:40:12,876 - INFO - Generated: seating_arrangements\06_05_2016_CS508_10502_evening.xlsx
2025-05-11 17:40:12,876 - INFO - Processing 2016-05-06 00:00:00 - Morning session
2025-05-11 17:40:12,885 - INFO - Found 268 roll numbers for course: MA225
2025-05-11 17:40:12,887 - INFO - Found 26 roll numbers for course: CH432
2025-05-11 17:40:12,890 - INFO - Found 83 roll numbers for course: EE528
2025-05-11 17:40:12,892 - INFO - Found 39 roll numbers for course: MA546
2025-05-11 17:40:12,893 - INFO - Found 8 roll numbers for course: HS702
2025-05-11 17:40:12,895 - INFO - Found 30 roll numbers for course: MA426
2025-05-11 17:40:12,897 - INFO - Found 28 roll numbers for course: MA541
2025-05-11 17:40:12,898 - INFO - Found 9 roll numbers for course: ME541
2025-05-11 17:40:12,900 - INFO - Found 5 roll numbers for course: ME534
2025-05-11 17:40:12,901 - INFO - Found 9 roll numbers for course: ME506
2025-05-11 17:40:12,903 - INFO - Found 15 roll numbers for course: PH605
2025-05-11 17:40:12,904 - INFO - Found 16 roll numbers for course: CE534
2025-05-11 17:40:12,907 - INFO - Found 57 roll numbers for course: CE568
2025-05-11 17:40:12,918 - INFO - Found 268 roll numbers for course: MA225
2025-05-11 17:40:12,919 - INFO - Found 26 roll numbers for course: CH432
2025-05-11 17:40:12,923 - INFO - Found 83 roll numbers for course: EE528
2025-05-11 17:40:12,925 - INFO - Found 39 roll numbers for course: MA546
2025-05-11 17:40:12,926 - INFO - Found 8 roll numbers for course: HS702
2025-05-11 17:40:12,929 - INFO - Found 30 roll numbers for course: MA426
2025-05-11 17:40:12,931 - INFO - Found 28 roll numbers for course: MA541
2025-05-11 17:40:12,932 - INFO - Found 9 roll numbers for course: ME541
2025-05-11 17:40:12,933 - INFO - Found 5 roll numbers for course: ME534
2025-05-11 17:40:12,934 - INFO - Found 9 roll numbers for course: ME506
2025-05-11 17:40:12,935 - INFO - Found 15 roll numbers for course: PH605
2025-05-11 17:40:12,936 - INFO - Found 16 roll numbers for course: CE534
2025-05-11 17:40:12,940 - INFO - Found 57 roll numbers for course: CE568
2025-05-11 17:40:12,951 - INFO - Found 268 roll numbers for course: MA225
2025-05-11 17:40:12,955 - INFO - Found 83 roll numbers for course: EE528
2025-05-11 17:40:12,958 - INFO - Found 57 roll numbers for course: CE568
2025-05-11 17:40:12,961 - INFO - Found 39 roll numbers for course: MA546
2025-05-11 17:40:12,963 - INFO - Found 30 roll numbers for course: MA426
2025-05-11 17:40:12,964 - INFO - Found 28 roll numbers for course: MA541
2025-05-11 17:40:12,966 - INFO - Found 26 roll numbers for course: CH432
2025-05-11 17:40:12,967 - INFO - Found 16 roll numbers for course: CE534
2025-05-11 17:40:12,969 - INFO - Found 15 roll numbers for course: PH605
2025-05-11 17:40:12,970 - INFO - Found 9 roll numbers for course: ME541
2025-05-11 17:40:12,971 - INFO - Found 9 roll numbers for course: ME506
2025-05-11 17:40:12,972 - INFO - Found 8 roll numbers for course: HS702
2025-05-11 17:40:12,973 - INFO - Found 5 roll numbers for course: ME534
2025-05-11 17:40:12,973 - INFO - Allocation for MA225 in B-001 with 70 students
2025-05-11 17:40:12,984 - INFO - Generated: seating_arrangements\06_05_2016_MA225_B-001_morning.xlsx
2025-05-11 17:40:12,984 - INFO - Allocation for MA225 in B-101 with 70 students
2025-05-11 17:40:12,995 - INFO - Generated: seating_arrangements\06_05_2016_MA225_B-101_morning.xlsx
2025-05-11 17:40:12,995 - INFO - Allocation for MA225 in B-002 with 70 students
2025-05-11 17:40:13,004 - INFO - Generated: seating_arrangements\06_05_2016_MA225_B-002_morning.xlsx
2025-05-11 17:40:13,004 - INFO - Allocation for MA225 in B-003 with 58 students
2025-05-11 17:40:13,015 - INFO - Generated: seating_arrangements\06_05_2016_MA225_B-003_morning.xlsx
2025-05-11 17:40:13,015 - INFO - Allocation for EE528 in B-003 with 12 students
2025-05-11 17:40:13,024 - INFO - Generated: seating_arrangements\06_05_2016_EE528_B-003_morning.xlsx
2025-05-11 17:40:13,024 - INFO - Allocation for EE528 in B-103 with 70 students
2025-05-11 17:40:13,033 - INFO - Generated: seating_arrangements\06_05_2016_EE528_B-103_morning.xlsx
2025-05-11 17:40:13,033 - INFO - Allocation for EE528 in 10502 with 1 students
2025-05-11 17:40:13,042 - INFO - Generated: seating_arrangements\06_05_2016_EE528_10502_morning.xlsx
2025-05-11 17:40:13,042 - INFO - Allocation for CE568 in 10502 with 57 students
2025-05-11 17:40:13,052 - INFO - Generated: seating_arrangements\06_05_2016_CE568_10502_morning.xlsx
2025-05-11 17:40:13,052 - INFO - Allocation for MA546 in 10502 with 32 students
2025-05-11 17:40:13,061 - INFO - Generated: seating_arrangements\06_05_2016_MA546_10502_morning.xlsx
2025-05-11 17:40:13,061 - INFO - Allocation for MA546 in 6101 with 7 students
2025-05-11 17:40:13,068 - INFO - Generated: seating_arrangements\06_05_2016_MA546_6101_morning.xlsx
2025-05-11 17:40:13,068 - INFO - Allocation for MA426 in 6101 with 23 students
2025-05-11 17:40:13,076 - INFO - Generated: seating_arrangements\06_05_2016_MA426_6101_morning.xlsx
2025-05-11 17:40:13,076 - INFO - Allocation for MA426 in 6102 with 7 students
2025-05-11 17:40:13,084 - INFO - Generated: seating_arrangements\06_05_2016_MA426_6102_morning.xlsx
2025-05-11 17:40:13,084 - INFO - Allocation for MA541 in 6102 with 28 students
2025-05-11 17:40:13,093 - INFO - Generated: seating_arrangements\06_05_2016_MA541_6102_morning.xlsx
2025-05-11 17:40:13,093 - INFO - Allocation for CH432 in 6102 with 26 students
2025-05-11 17:40:13,102 - INFO - Generated: seating_arrangements\06_05_2016_CH432_6102_morning.xlsx
2025-05-11 17:40:13,103 - INFO - Allocation for CE534 in 6102 with 11 students
2025-05-11 17:40:13,110 - INFO - Generated: seating_arrangements\06_05_2016_CE534_6102_morning.xlsx
2025-05-11 17:40:13,111 - INFO - Allocation for CE534 in 6103 with 5 students
2025-05-11 17:40:13,117 - INFO - Generated: seating_arrangements\06_05_2016_CE534_6103_morning.xlsx
2025-05-11 17:40:13,117 - INFO - Allocation for PH605 in 6103 with 15 students
2025-05-11 17:40:13,126 - INFO - Generated: seating_arrangements\06_05_2016_PH605_6103_morning.xlsx
2025-05-11 17:40:13,126 - INFO - Allocation for ME541 in 6103 with 9 students
2025-05-11 17:40:13,133 - INFO - Generated: seating_arrangements\06_05_2016_ME541_6103_morning.xlsx
2025-05-11 17:40:13,133 - INFO - Allocation for ME506 in 6103 with 1 students
2025-05-11 17:40:13,140 - INFO - Generated: seating_arrangements\06_05_2016_ME506_6103_morning.xlsx
2025-05-11 17:40:13,141 - INFO - Allocation for ME506 in 6104 with 8 students
2025-05-11 17:40:13,149 - INFO - Generated: seating_arrangements\06_05_2016_ME506_6104_morning.xlsx
2025-05-11 17:40:13,149 - INFO - Allocation for HS702 in 6104 with 8 students
2025-05-11 17:40:13,157 - INFO - Generated: seating_arrangements\06_05_2016_HS702_6104_morning.xlsx
2025-05-11 17:40:13,157 - INFO - Allocation for ME534 in 6104 with 5 students
2025-05-11 17:40:13,165 - INFO - Generated: seating_arrangements\06_05_2016_ME534_6104_morning.xlsx
2025-05-11 17:40:13,165 - INFO - Seating arrangement generation completed successfully
2025-05-11 17:40:13,165 - INFO - Operation completed successfully!
2025-05-11 17:42:49,668 - INFO - Course rolls columns: Course, RollNo
2025-05-11 17:42:49,669 - INFO - Course rolls loaded with 9864 entries
2025-05-11 17:42:49,673 - INFO - Found 232 unique courses in the course rolls file
2025-05-11 17:42:49,702 - INFO - Timetable columns: Date, Day, Session, Course
2025-05-11 17:42:49,702 - INFO - Timetable loaded successfully
2025-05-11 17:42:49,721 - INFO - Room capacities columns: Room, Capacity, Building
2025-05-11 17:42:49,721 - INFO - Room capacities loaded successfully
2025-05-11 17:42:49,874 - INFO - Roll names columns: Roll, Name
2025-05-11 17:42:49,875 - INFO - Roll names file contains 1810 entries
2025-05-11 17:42:49,876 - INFO - Sample roll name entries: [{'Roll': '1121CH05', 'Name': 'Ajit Singh'}, {'Roll': '1121CH07', 'Name': 'Jaishree Mayank'}, {'Roll': '1121CH08', 'Name': 'Sudipta Acharya'}]
2025-05-11 17:42:49,878 - INFO - Roll number to name mapping loaded successfully
2025-05-11 17:42:49,879 - INFO - Timetable columns: Date, Day, Session, Course
2025-05-11 17:42:49,879 - INFO - Using columns for grouping: Date, Session
2025-05-11 17:42:49,880 - WARNING - Roll names file missing required columns 'RollNo' and/or 'Name'
2025-05-11 17:42:49,881 - INFO - Processing 2016-04-30 00:00:00 - Morning session
2025-05-11 17:42:49,885 - INFO - Found 40 roll numbers for course: CS249
2025-05-11 17:42:49,887 - INFO - Found 26 roll numbers for course: CH426
2025-05-11 17:42:49,890 - INFO - Found 29 roll numbers for course: MM304
2025-05-11 17:42:49,892 - INFO - Found 54 roll numbers for course: CB308
2025-05-11 17:42:49,895 - INFO - Found 54 roll numbers for course: CE216
2025-05-11 17:42:49,897 - INFO - Found 56 roll numbers for course: CB204
2025-05-11 17:42:49,900 - INFO - Found 28 roll numbers for course: PH422
2025-05-11 17:42:49,902 - INFO - Found 32 roll numbers for course: MM202
2025-05-11 17:42:49,904 - INFO - Found 40 roll numbers for course: CS249
2025-05-11 17:42:49,906 - INFO - Found 26 roll numbers for course: CH426
2025-05-11 17:42:49,908 - INFO - Found 29 roll numbers for course: MM304
2025-05-11 17:42:49,910 - INFO - Found 54 roll numbers for course: CB308
2025-05-11 17:42:49,912 - INFO - Found 54 roll numbers for course: CE216
2025-05-11 17:42:49,916 - INFO - Found 56 roll numbers for course: CB204
2025-05-11 17:42:49,919 - INFO - Found 28 roll numbers for course: PH422
2025-05-11 17:42:49,921 - INFO - Found 32 roll numbers for course: MM202
2025-05-11 17:42:49,924 - INFO - Found 56 roll numbers for course: CB204
2025-05-11 17:42:49,927 - INFO - Found 54 roll numbers for course: CB308
2025-05-11 17:42:49,929 - INFO - Found 54 roll numbers for course: CE216
2025-05-11 17:42:49,932 - INFO - Found 40 roll numbers for course: CS249
2025-05-11 17:42:49,934 - INFO - Found 32 roll numbers for course: MM202
2025-05-11 17:42:49,936 - INFO - Found 29 roll numbers for course: MM304
2025-05-11 17:42:49,938 - INFO - Found 28 roll numbers for course: PH422
2025-05-11 17:42:49,939 - INFO - Found 26 roll numbers for course: CH426
2025-05-11 17:42:49,941 - INFO - Allocation for CB204 in B-001 with 56 students
2025-05-11 17:42:49,941 - WARNING - Found 56 roll numbers with no matching names in roll_names file for course CB204
2025-05-11 17:42:49,941 - WARNING - Sample missing roll numbers: ['1401CB01', '1401CB02', '1401CB03', '1401CB05', '1401CB07']
2025-05-11 17:42:49,956 - INFO - Generated: seating_arrangements\30_04_2016_CB204_B-001_morning.xlsx
2025-05-11 17:42:49,956 - INFO - Allocation for CB308 in B-001 with 14 students
2025-05-11 17:42:49,956 - WARNING - Found 14 roll numbers with no matching names in roll_names file for course CB308
2025-05-11 17:42:49,956 - WARNING - Sample missing roll numbers: ['1301CB01', '1301CB02', '1301CB03', '1301CB04', '1301CB05']
2025-05-11 17:42:49,963 - INFO - Generated: seating_arrangements\30_04_2016_CB308_B-001_morning.xlsx
2025-05-11 17:42:49,963 - INFO - Allocation for CB308 in B-101 with 40 students
2025-05-11 17:42:49,963 - WARNING - Found 40 roll numbers with no matching names in roll_names file for course CB308
2025-05-11 17:42:49,963 - WARNING - Sample missing roll numbers: ['1301CB19', '1301CB20', '1301CB21', '1301CB22', '1301CB23']
2025-05-11 17:42:49,972 - INFO - Generated: seating_arrangements\30_04_2016_CB308_B-101_morning.xlsx
2025-05-11 17:42:49,972 - INFO - Allocation for CE216 in B-101 with 30 students
2025-05-11 17:42:49,972 - WARNING - Found 30 roll numbers with no matching names in roll_names file for course CE216
2025-05-11 17:42:49,972 - WARNING - Sample missing roll numbers: ['1401CE03', '1401CE04', '1401CE05', '1401CE06', '1401CE07']
2025-05-11 17:42:49,980 - INFO - Generated: seating_arrangements\30_04_2016_CE216_B-101_morning.xlsx
2025-05-11 17:42:49,980 - INFO - Allocation for CE216 in B-002 with 24 students
2025-05-11 17:42:49,981 - WARNING - Found 24 roll numbers with no matching names in roll_names file for course CE216
2025-05-11 17:42:49,981 - WARNING - Sample missing roll numbers: ['1401CE39', '1401CE40', '1401CE41', '1401CE42', '1401CE43']
2025-05-11 17:42:49,988 - INFO - Generated: seating_arrangements\30_04_2016_CE216_B-002_morning.xlsx
2025-05-11 17:42:49,988 - INFO - Allocation for CS249 in B-002 with 40 students
2025-05-11 17:42:49,988 - WARNING - Found 40 roll numbers with no matching names in roll_names file for course CS249
2025-05-11 17:42:49,988 - WARNING - Sample missing roll numbers: ['1401AI02', '1401AI04', '1401AI05', '1401AI06', '1401AI07']
2025-05-11 17:42:49,997 - INFO - Generated: seating_arrangements\30_04_2016_CS249_B-002_morning.xlsx
2025-05-11 17:42:49,997 - INFO - Allocation for MM202 in B-002 with 6 students
2025-05-11 17:42:49,997 - WARNING - Found 6 roll numbers with no matching names in roll_names file for course MM202
2025-05-11 17:42:49,997 - WARNING - Sample missing roll numbers: ['1401MM01', '1401MM02', '1401MM03', '1401MM04', '1401MM06']
2025-05-11 17:42:50,004 - INFO - Generated: seating_arrangements\30_04_2016_MM202_B-002_morning.xlsx
2025-05-11 17:42:50,005 - INFO - Allocation for MM202 in B-003 with 26 students
2025-05-11 17:42:50,005 - WARNING - Found 26 roll numbers with no matching names in roll_names file for course MM202
2025-05-11 17:42:50,005 - WARNING - Sample missing roll numbers: ['1401MM09', '1401MM10', '1401MM11', '1401MM12', '1401MM14']
2025-05-11 17:42:50,011 - INFO - Generated: seating_arrangements\30_04_2016_MM202_B-003_morning.xlsx
2025-05-11 17:42:50,012 - INFO - Allocation for MM304 in B-003 with 29 students
2025-05-11 17:42:50,012 - WARNING - Found 29 roll numbers with no matching names in roll_names file for course MM304
2025-05-11 17:42:50,012 - WARNING - Sample missing roll numbers: ['1301MM01', '1301MM03', '1301MM04', '1301MM05', '1301MM07']
2025-05-11 17:42:50,021 - INFO - Generated: seating_arrangements\30_04_2016_MM304_B-003_morning.xlsx
2025-05-11 17:42:50,021 - INFO - Allocation for PH422 in B-003 with 15 students
2025-05-11 17:42:50,021 - WARNING - Found 15 roll numbers with no matching names in roll_names file for course PH422
2025-05-11 17:42:50,021 - WARNING - Sample missing roll numbers: ['1512PH02', '1512PH03', '1512PH04', '1512PH06', '1512PH07']
2025-05-11 17:42:50,028 - INFO - Generated: seating_arrangements\30_04_2016_PH422_B-003_morning.xlsx
2025-05-11 17:42:50,028 - INFO - Allocation for PH422 in B-103 with 13 students
2025-05-11 17:42:50,028 - WARNING - Found 13 roll numbers with no matching names in roll_names file for course PH422
2025-05-11 17:42:50,028 - WARNING - Sample missing roll numbers: ['1512PH23', '1512PH25', '1512PH26', '1512PH27', '1512PH28']
2025-05-11 17:42:50,037 - INFO - Generated: seating_arrangements\30_04_2016_PH422_B-103_morning.xlsx
2025-05-11 17:42:50,037 - INFO - Allocation for CH426 in B-103 with 26 students
2025-05-11 17:42:50,037 - WARNING - Found 26 roll numbers with no matching names in roll_names file for course CH426
2025-05-11 17:42:50,038 - WARNING - Sample missing roll numbers: ['1512CH01', '1512CH04', '1512CH06', '1512CH11', '1512CH12']
2025-05-11 17:42:50,044 - INFO - Generated: seating_arrangements\30_04_2016_CH426_B-103_morning.xlsx
2025-05-11 17:42:50,046 - INFO - Processing 2016-05-01 00:00:00 - Evening session
2025-05-11 17:42:50,049 - INFO - Found 49 roll numbers for course: CS514
2025-05-11 17:42:50,051 - INFO - Found 32 roll numbers for course: CE512
2025-05-11 17:42:50,052 - INFO - Found 7 roll numbers for course: CH606
2025-05-11 17:42:50,053 - INFO - Found 5 roll numbers for course: ME526
2025-05-11 17:42:50,055 - INFO - Found 19 roll numbers for course: ME522
2025-05-11 17:42:50,057 - INFO - Found 7 roll numbers for course: EE513
2025-05-11 17:42:50,058 - INFO - Found 12 roll numbers for course: EE580
2025-05-11 17:42:50,060 - INFO - Found 16 roll numbers for course: MM504
2025-05-11 17:42:50,061 - INFO - Found 8 roll numbers for course: PH601
2025-05-11 17:42:50,061 - INFO - Found 8 roll numbers for course: PH603
2025-05-11 17:42:50,062 - INFO - Found 15 roll numbers for course: MH504
2025-05-11 17:42:50,066 - INFO - Found 78 roll numbers for course: ME312
2025-05-11 17:42:50,069 - INFO - Found 56 roll numbers for course: CE314
2025-05-11 17:42:50,072 - INFO - Found 86 roll numbers for course: EE320
2025-05-11 17:42:50,077 - INFO - Found 87 roll numbers for course: CS341
2025-05-11 17:42:50,079 - INFO - Found 49 roll numbers for course: CS514
2025-05-11 17:42:50,081 - INFO - Found 32 roll numbers for course: CE512
2025-05-11 17:42:50,082 - INFO - Found 7 roll numbers for course: CH606
2025-05-11 17:42:50,083 - INFO - Found 5 roll numbers for course: ME526
2025-05-11 17:42:50,084 - INFO - Found 19 roll numbers for course: ME522
2025-05-11 17:42:50,085 - INFO - Found 7 roll numbers for course: EE513
2025-05-11 17:42:50,086 - INFO - Found 12 roll numbers for course: EE580
2025-05-11 17:42:50,087 - INFO - Found 16 roll numbers for course: MM504
2025-05-11 17:42:50,089 - INFO - Found 8 roll numbers for course: PH601
2025-05-11 17:42:50,090 - INFO - Found 8 roll numbers for course: PH603
2025-05-11 17:42:50,091 - INFO - Found 15 roll numbers for course: MH504
2025-05-11 17:42:50,094 - INFO - Found 78 roll numbers for course: ME312
2025-05-11 17:42:50,097 - INFO - Found 56 roll numbers for course: CE314
2025-05-11 17:42:50,101 - INFO - Found 86 roll numbers for course: EE320
2025-05-11 17:42:50,104 - INFO - Found 87 roll numbers for course: CS341
2025-05-11 17:42:50,108 - INFO - Found 87 roll numbers for course: CS341
2025-05-11 17:42:50,112 - INFO - Found 86 roll numbers for course: EE320
2025-05-11 17:42:50,116 - INFO - Found 78 roll numbers for course: ME312
2025-05-11 17:42:50,119 - INFO - Found 56 roll numbers for course: CE314
2025-05-11 17:42:50,121 - INFO - Found 49 roll numbers for course: CS514
2025-05-11 17:42:50,122 - INFO - Found 32 roll numbers for course: CE512
2025-05-11 17:42:50,124 - INFO - Found 19 roll numbers for course: ME522
2025-05-11 17:42:50,125 - INFO - Found 16 roll numbers for course: MM504
2025-05-11 17:42:50,126 - INFO - Found 15 roll numbers for course: MH504
2025-05-11 17:42:50,127 - INFO - Found 12 roll numbers for course: EE580
2025-05-11 17:42:50,128 - INFO - Found 8 roll numbers for course: PH601
2025-05-11 17:42:50,129 - INFO - Found 8 roll numbers for course: PH603
2025-05-11 17:42:50,130 - INFO - Found 7 roll numbers for course: CH606
2025-05-11 17:42:50,131 - INFO - Found 7 roll numbers for course: EE513
2025-05-11 17:42:50,132 - INFO - Found 5 roll numbers for course: ME526
2025-05-11 17:42:50,133 - INFO - Allocation for CS341 in B-001 with 70 students
2025-05-11 17:42:50,133 - WARNING - Found 70 roll numbers with no matching names in roll_names file for course CS341
2025-05-11 17:42:50,133 - WARNING - Sample missing roll numbers: ['1201CS05', '1301CS01', '1301CS02', '1301CS03', '1301CS04']
2025-05-11 17:42:50,143 - INFO - Generated: seating_arrangements\01_05_2016_CS341_B-001_evening.xlsx
2025-05-11 17:42:50,143 - INFO - Allocation for CS341 in B-101 with 17 students
2025-05-11 17:42:50,143 - WARNING - Found 17 roll numbers with no matching names in roll_names file for course CS341
2025-05-11 17:42:50,143 - WARNING - Sample missing roll numbers: ['1301CS73', '1301CS74', '1301CS75', '1301CS76', '1301CS77']
2025-05-11 17:42:50,149 - INFO - Generated: seating_arrangements\01_05_2016_CS341_B-101_evening.xlsx
2025-05-11 17:42:50,150 - INFO - Allocation for EE320 in B-101 with 53 students
2025-05-11 17:42:50,150 - WARNING - Found 53 roll numbers with no matching names in roll_names file for course EE320
2025-05-11 17:42:50,150 - WARNING - Sample missing roll numbers: ['1301EE01', '1301EE03', '1301EE04', '1301EE05', '1301EE06']
2025-05-11 17:42:50,159 - INFO - Generated: seating_arrangements\01_05_2016_EE320_B-101_evening.xlsx
2025-05-11 17:42:50,159 - INFO - Allocation for EE320 in B-002 with 33 students
2025-05-11 17:42:50,159 - WARNING - Found 33 roll numbers with no matching names in roll_names file for course EE320
2025-05-11 17:42:50,159 - WARNING - Sample missing roll numbers: ['1301EE60', '1301EE61', '1301EE62', '1301EE63', '1301EE64']
2025-05-11 17:42:50,166 - INFO - Generated: seating_arrangements\01_05_2016_EE320_B-002_evening.xlsx
2025-05-11 17:42:50,166 - INFO - Allocation for ME312 in B-002 with 37 students
2025-05-11 17:42:50,166 - WARNING - Found 37 roll numbers with no matching names in roll_names file for course ME312
2025-05-11 17:42:50,166 - WARNING - Sample missing roll numbers: ['1301ME01', '1301ME02', '1301ME03', '1301ME04', '1301ME05']
2025-05-11 17:42:50,175 - INFO - Generated: seating_arrangements\01_05_2016_ME312_B-002_evening.xlsx
2025-05-11 17:42:50,175 - INFO - Allocation for ME312 in B-003 with 41 students
2025-05-11 17:42:50,175 - WARNING - Found 41 roll numbers with no matching names in roll_names file for course ME312
2025-05-11 17:42:50,176 - WARNING - Sample missing roll numbers: ['1301ME42', '1301ME43', '1301ME44', '1301ME45', '1301ME46']
2025-05-11 17:42:50,183 - INFO - Generated: seating_arrangements\01_05_2016_ME312_B-003_evening.xlsx
2025-05-11 17:42:50,183 - INFO - Allocation for CE314 in B-003 with 29 students
2025-05-11 17:42:50,183 - WARNING - Found 29 roll numbers with no matching names in roll_names file for course CE314
2025-05-11 17:42:50,183 - WARNING - Sample missing roll numbers: ['1301CE01', '1301CE02', '1301CE04', '1301CE06', '1301CE07']
2025-05-11 17:42:50,185 - ERROR - Error saving file seating_arrangements\01_05_2016_CE314_B-003_evening.xlsx: [Errno 13] Permission denied: 'seating_arrangements\\01_05_2016_CE314_B-003_evening.xlsx'
2025-05-11 17:42:50,185 - INFO - Generated: seating_arrangements\01_05_2016_CE314_B-003_evening.xlsx
2025-05-11 17:42:50,185 - INFO - Allocation for CE314 in B-103 with 27 students
2025-05-11 17:42:50,185 - WARNING - Found 27 roll numbers with no matching names in roll_names file for course CE314
2025-05-11 17:42:50,185 - WARNING - Sample missing roll numbers: ['1301CE36', '1301CE37', '1301CE38', '1301CE39', '1301CE41']
2025-05-11 17:42:50,192 - INFO - Generated: seating_arrangements\01_05_2016_CE314_B-103_evening.xlsx
2025-05-11 17:42:50,192 - INFO - Allocation for CS514 in B-103 with 43 students
2025-05-11 17:42:50,192 - WARNING - Found 43 roll numbers with no matching names in roll_names file for course CS514
2025-05-11 17:42:50,192 - WARNING - Sample missing roll numbers: ['1511AI06', '1511AI07', '1511AI19', '1511AI35', '1511CS01']
2025-05-11 17:42:50,201 - INFO - Generated: seating_arrangements\01_05_2016_CS514_B-103_evening.xlsx
2025-05-11 17:42:50,201 - INFO - Allocation for CS514 in 10502 with 6 students
2025-05-11 17:42:50,201 - WARNING - Found 6 roll numbers with no matching names in roll_names file for course CS514
2025-05-11 17:42:50,201 - WARNING - Sample missing roll numbers: ['1511MC25', '1511MC26', '1511MC27', '1621MA04', '1621MA05']
2025-05-11 17:42:50,207 - INFO - Generated: seating_arrangements\01_05_2016_CS514_10502_evening.xlsx
2025-05-11 17:42:50,208 - INFO - Allocation for CE512 in 10502 with 32 students
2025-05-11 17:42:50,208 - WARNING - Found 32 roll numbers with no matching names in roll_names file for course CE512
2025-05-11 17:42:50,208 - WARNING - Sample missing roll numbers: ['1511CE03', '1511CE04', '1511CE05', '1511CE06', '1511CE08']
2025-05-11 17:42:50,215 - INFO - Generated: seating_arrangements\01_05_2016_CE512_10502_evening.xlsx
2025-05-11 17:42:50,215 - INFO - Allocation for ME522 in 10502 with 19 students
2025-05-11 17:42:50,216 - WARNING - Found 19 roll numbers with no matching names in roll_names file for course ME522
2025-05-11 17:42:50,216 - WARNING - Sample missing roll numbers: ['1511ME06', '1511ME08', '1511ME09', '1511ME11', '1511ME15']
2025-05-11 17:42:50,222 - INFO - Generated: seating_arrangements\01_05_2016_ME522_10502_evening.xlsx
2025-05-11 17:42:50,222 - INFO - Allocation for MM504 in 10502 with 16 students
2025-05-11 17:42:50,222 - WARNING - Found 16 roll numbers with no matching names in roll_names file for course MM504
2025-05-11 17:42:50,222 - WARNING - Sample missing roll numbers: ['1511MM01', '1511MM02', '1511MM03', '1511MM04', '1511MM05']
2025-05-11 17:42:50,229 - INFO - Generated: seating_arrangements\01_05_2016_MM504_10502_evening.xlsx
2025-05-11 17:42:50,229 - INFO - Allocation for MH504 in 10502 with 15 students
2025-05-11 17:42:50,229 - WARNING - Found 15 roll numbers with no matching names in roll_names file for course MH504
2025-05-11 17:42:50,229 - WARNING - Sample missing roll numbers: ['1511MT01', '1511MT02', '1511MT06', '1511MT08', '1511MT09']
2025-05-11 17:42:50,237 - INFO - Generated: seating_arrangements\01_05_2016_MH504_10502_evening.xlsx
2025-05-11 17:42:50,237 - INFO - Allocation for EE580 in 10502 with 2 students
2025-05-11 17:42:50,237 - WARNING - Found 2 roll numbers with no matching names in roll_names file for course EE580
2025-05-11 17:42:50,237 - WARNING - Sample missing roll numbers: ['1511EE17', '1511EE18']
2025-05-11 17:42:50,243 - INFO - Generated: seating_arrangements\01_05_2016_EE580_10502_evening.xlsx
2025-05-11 17:42:50,243 - INFO - Allocation for EE580 in 6101 with 10 students
2025-05-11 17:42:50,243 - WARNING - Found 10 roll numbers with no matching names in roll_names file for course EE580
2025-05-11 17:42:50,243 - WARNING - Sample missing roll numbers: ['1511EE24', '1511EE26', '1511EE28', '1511EE29', '1511EE36']
2025-05-11 17:42:50,249 - INFO - Generated: seating_arrangements\01_05_2016_EE580_6101_evening.xlsx
2025-05-11 17:42:50,250 - INFO - Allocation for PH601 in 6101 with 8 students
2025-05-11 17:42:50,250 - WARNING - Found 8 roll numbers with no matching names in roll_names file for course PH601
2025-05-11 17:42:50,250 - WARNING - Sample missing roll numbers: ['1412PH06', '1412PH14', '1412PH30', '1521PH26', '1521PH29']
2025-05-11 17:42:50,257 - INFO - Generated: seating_arrangements\01_05_2016_PH601_6101_evening.xlsx
2025-05-11 17:42:50,257 - INFO - Allocation for PH603 in 6101 with 8 students
2025-05-11 17:42:50,257 - WARNING - Found 8 roll numbers with no matching names in roll_names file for course PH603
2025-05-11 17:42:50,257 - WARNING - Sample missing roll numbers: ['1412PH03', '1412PH15', '1412PH16', '1412PH17', '1412PH19']
2025-05-11 17:42:50,263 - INFO - Generated: seating_arrangements\01_05_2016_PH603_6101_evening.xlsx
2025-05-11 17:42:50,263 - INFO - Allocation for CH606 in 6101 with 4 students
2025-05-11 17:42:50,263 - WARNING - Found 4 roll numbers with no matching names in roll_names file for course CH606
2025-05-11 17:42:50,263 - WARNING - Sample missing roll numbers: ['1121CH05', '1121CH07', '1121CH12', '1412CH13']
2025-05-11 17:42:50,269 - INFO - Generated: seating_arrangements\01_05_2016_CH606_6101_evening.xlsx
2025-05-11 17:42:50,269 - INFO - Allocation for CH606 in 6102 with 3 students
2025-05-11 17:42:50,269 - WARNING - Found 3 roll numbers with no matching names in roll_names file for course CH606
2025-05-11 17:42:50,269 - WARNING - Sample missing roll numbers: ['1421CH09', '1521CH05', '1521CH08']
2025-05-11 17:42:50,276 - INFO - Generated: seating_arrangements\01_05_2016_CH606_6102_evening.xlsx
2025-05-11 17:42:50,276 - INFO - Allocation for EE513 in 6102 with 7 students
2025-05-11 17:42:50,276 - WARNING - Found 7 roll numbers with no matching names in roll_names file for course EE513
2025-05-11 17:42:50,276 - WARNING - Sample missing roll numbers: ['1511EE14', '1511EE16', '1511EE22', '1511EE31', '1511EE37']
2025-05-11 17:42:50,283 - INFO - Generated: seating_arrangements\01_05_2016_EE513_6102_evening.xlsx
2025-05-11 17:42:50,283 - INFO - Allocation for ME526 in 6102 with 5 students
2025-05-11 17:42:50,283 - WARNING - Found 5 roll numbers with no matching names in roll_names file for course ME526
2025-05-11 17:42:50,283 - WARNING - Sample missing roll numbers: ['1511ME03', '1511ME10', '1511ME12', '1511ME21', '1511ME25']
2025-05-11 17:42:50,290 - INFO - Generated: seating_arrangements\01_05_2016_ME526_6102_evening.xlsx
2025-05-11 17:42:50,290 - INFO - Processing 2016-05-01 00:00:00 - Morning session
2025-05-11 17:42:50,300 - INFO - Found 284 roll numbers for course: HS202
2025-05-11 17:42:50,304 - INFO - Found 124 roll numbers for course: HS212
2025-05-11 17:42:50,308 - INFO - Found 96 roll numbers for course: HS225
2025-05-11 17:42:50,311 - INFO - Found 48 roll numbers for course: HS302
2025-05-11 17:42:50,314 - INFO - Found 94 roll numbers for course: HS312
2025-05-11 17:42:50,318 - INFO - Found 97 roll numbers for course: HS341
2025-05-11 17:42:50,323 - INFO - Found 151 roll numbers for course: HS331
2025-05-11 17:42:50,324 - INFO - Found 12 roll numbers for course: HS713
2025-05-11 17:42:50,326 - INFO - Found 17 roll numbers for course: EE574
2025-05-11 17:42:50,327 - INFO - Found 28 roll numbers for course: MA524
2025-05-11 17:42:50,336 - INFO - Found 284 roll numbers for course: HS202
2025-05-11 17:42:50,342 - INFO - Found 124 roll numbers for course: HS212
2025-05-11 17:42:50,345 - INFO - Found 96 roll numbers for course: HS225
2025-05-11 17:42:50,348 - INFO - Found 48 roll numbers for course: HS302
2025-05-11 17:42:50,352 - INFO - Found 94 roll numbers for course: HS312
2025-05-11 17:42:50,355 - INFO - Found 97 roll numbers for course: HS341
2025-05-11 17:42:50,360 - INFO - Found 151 roll numbers for course: HS331
2025-05-11 17:42:50,362 - INFO - Found 12 roll numbers for course: HS713
2025-05-11 17:42:50,363 - INFO - Found 17 roll numbers for course: EE574
2025-05-11 17:42:50,365 - INFO - Found 28 roll numbers for course: MA524
2025-05-11 17:42:50,375 - INFO - Found 284 roll numbers for course: HS202
2025-05-11 17:42:50,381 - INFO - Found 151 roll numbers for course: HS331
2025-05-11 17:42:50,386 - INFO - Found 124 roll numbers for course: HS212
2025-05-11 17:42:50,389 - INFO - Found 97 roll numbers for course: HS341
2025-05-11 17:42:50,393 - INFO - Found 96 roll numbers for course: HS225
2025-05-11 17:42:50,397 - INFO - Found 94 roll numbers for course: HS312
2025-05-11 17:42:50,399 - INFO - Found 48 roll numbers for course: HS302
2025-05-11 17:42:50,401 - INFO - Found 28 roll numbers for course: MA524
2025-05-11 17:42:50,403 - INFO - Found 17 roll numbers for course: EE574
2025-05-11 17:42:50,404 - INFO - Found 12 roll numbers for course: HS713
2025-05-11 17:42:50,404 - INFO - Allocation for HS202 in B-001 with 70 students
2025-05-11 17:42:50,404 - WARNING - Found 70 roll numbers with no matching names in roll_names file for course HS202
2025-05-11 17:42:50,404 - WARNING - Sample missing roll numbers: ['1401AI02', '1401AI04', '1401AI05', '1401AI07', '1401AI08']
2025-05-11 17:42:50,413 - INFO - Generated: seating_arrangements\01_05_2016_HS202_B-001_morning.xlsx
2025-05-11 17:42:50,413 - INFO - Allocation for HS202 in B-101 with 70 students
2025-05-11 17:42:50,413 - WARNING - Found 70 roll numbers with no matching names in roll_names file for course HS202
2025-05-11 17:42:50,413 - WARNING - Sample missing roll numbers: ['1401CE49', '1401CE50', '1401CE53', '1401CE54', '1401CE55']
2025-05-11 17:42:50,421 - INFO - Generated: seating_arrangements\01_05_2016_HS202_B-101_morning.xlsx
2025-05-11 17:42:50,422 - INFO - Allocation for HS202 in B-002 with 70 students
2025-05-11 17:42:50,422 - WARNING - Found 70 roll numbers with no matching names in roll_names file for course HS202
2025-05-11 17:42:50,422 - WARNING - Sample missing roll numbers: ['1401EE21', '1401EE23', '1401EE25', '1401EE27', '1401EE28']
2025-05-11 17:42:50,430 - INFO - Generated: seating_arrangements\01_05_2016_HS202_B-002_morning.xlsx
2025-05-11 17:42:50,430 - INFO - Allocation for HS202 in B-003 with 70 students
2025-05-11 17:42:50,430 - WARNING - Found 70 roll numbers with no matching names in roll_names file for course HS202
2025-05-11 17:42:50,430 - WARNING - Sample missing roll numbers: ['1401MC51', '1401MC53', '1401MC56', '1401MC57', '1401MC58']
2025-05-11 17:42:50,440 - INFO - Generated: seating_arrangements\01_05_2016_HS202_B-003_morning.xlsx
2025-05-11 17:42:50,440 - INFO - Allocation for HS202 in B-103 with 4 students
2025-05-11 17:42:50,440 - WARNING - Found 4 roll numbers with no matching names in roll_names file for course HS202
2025-05-11 17:42:50,440 - WARNING - Sample missing roll numbers: ['1401PH27', '1401PH28', '1401PH29', '1401PH30']
2025-05-11 17:42:50,447 - INFO - Generated: seating_arrangements\01_05_2016_HS202_B-103_morning.xlsx
2025-05-11 17:42:50,447 - INFO - Allocation for HS331 in B-103 with 66 students
2025-05-11 17:42:50,447 - WARNING - Found 66 roll numbers with no matching names in roll_names file for course HS331
2025-05-11 17:42:50,447 - WARNING - Sample missing roll numbers: ['1301CB03', '1301CB05', '1301CB06', '1301CB15', '1301CB18']
2025-05-11 17:42:50,456 - INFO - Generated: seating_arrangements\01_05_2016_HS331_B-103_morning.xlsx
2025-05-11 17:42:50,456 - INFO - Allocation for HS331 in 10502 with 85 students
2025-05-11 17:42:50,456 - WARNING - Found 85 roll numbers with no matching names in roll_names file for course HS331
2025-05-11 17:42:50,456 - WARNING - Sample missing roll numbers: ['1301CS56', '1301CS61', '1301CS66', '1301CS69', '1301CS75']
2025-05-11 17:42:50,465 - INFO - Generated: seating_arrangements\01_05_2016_HS331_10502_morning.xlsx
2025-05-11 17:42:50,465 - INFO - Allocation for HS212 in 10502 with 5 students
2025-05-11 17:42:50,465 - WARNING - Found 5 roll numbers with no matching names in roll_names file for course HS212
2025-05-11 17:42:50,465 - WARNING - Sample missing roll numbers: ['1401AI10', '1401AI14', '1401AI18', '1401AI20', '1401AI21']
2025-05-11 17:42:50,472 - INFO - Generated: seating_arrangements\01_05_2016_HS212_10502_morning.xlsx
2025-05-11 17:42:50,472 - INFO - Allocation for HS212 in 6101 with 30 students
2025-05-11 17:42:50,472 - WARNING - Found 30 roll numbers with no matching names in roll_names file for course HS212
2025-05-11 17:42:50,472 - WARNING - Sample missing roll numbers: ['1401AI27', '1401CB01', '1401CB03', '1401CB05', '1401CB10']
2025-05-11 17:42:50,479 - INFO - Generated: seating_arrangements\01_05_2016_HS212_6101_morning.xlsx
2025-05-11 17:42:50,479 - INFO - Allocation for HS212 in 6102 with 72 students
2025-05-11 17:42:50,479 - WARNING - Found 72 roll numbers with no matching names in roll_names file for course HS212
2025-05-11 17:42:50,479 - WARNING - Sample missing roll numbers: ['1401CS04', '1401CS13', '1401CS20', '1401CS22', '1401CS30']
2025-05-11 17:42:50,488 - INFO - Generated: seating_arrangements\01_05_2016_HS212_6102_morning.xlsx
2025-05-11 17:42:50,488 - INFO - Allocation for HS212 in 6103 with 17 students
2025-05-11 17:42:50,488 - WARNING - Found 17 roll numbers with no matching names in roll_names file for course HS212
2025-05-11 17:42:50,488 - WARNING - Sample missing roll numbers: ['1401MM07', '1401MM12', '1401MM14', '1401MM17', '1401MM20']
2025-05-11 17:42:50,495 - INFO - Generated: seating_arrangements\01_05_2016_HS212_6103_morning.xlsx
2025-05-11 17:42:50,495 - INFO - Allocation for HS341 in 6103 with 13 students
2025-05-11 17:42:50,495 - WARNING - Found 13 roll numbers with no matching names in roll_names file for course HS341
2025-05-11 17:42:50,495 - WARNING - Sample missing roll numbers: ['1201CS05', '1301CB02', '1301CB10', '1301CB11', '1301CB17']
2025-05-11 17:42:50,503 - INFO - Generated: seating_arrangements\01_05_2016_HS341_6103_morning.xlsx
2025-05-11 17:42:50,503 - INFO - Allocation for HS341 in 6104 with 72 students
2025-05-11 17:42:50,505 - WARNING - Found 72 roll numbers with no matching names in roll_names file for course HS341
2025-05-11 17:42:50,505 - WARNING - Sample missing roll numbers: ['1301CB44', '1301CB47', '1301CB52', '1301CB55', '1301CB56']
2025-05-11 17:42:50,513 - INFO - Generated: seating_arrangements\01_05_2016_HS341_6104_morning.xlsx
2025-05-11 17:42:50,513 - INFO - Allocation for HS341 in 6105 with 12 students
2025-05-11 17:42:50,513 - WARNING - Found 12 roll numbers with no matching names in roll_names file for course HS341
2025-05-11 17:42:50,513 - WARNING - Sample missing roll numbers: ['1301ME48', '1301ME49', '1301ME52', '1301ME55', '1301ME56']
2025-05-11 17:42:50,520 - INFO - Generated: seating_arrangements\01_05_2016_HS341_6105_morning.xlsx
2025-05-11 17:42:50,520 - INFO - Allocation for HS225 in 6105 with 18 students
2025-05-11 17:42:50,520 - WARNING - Found 18 roll numbers with no matching names in roll_names file for course HS225
2025-05-11 17:42:50,520 - WARNING - Sample missing roll numbers: ['1401AI06', '1401AI11', '1401AI12', '1401AI13', '1401AI15']
2025-05-11 17:42:50,526 - INFO - Generated: seating_arrangements\01_05_2016_HS225_6105_morning.xlsx
2025-05-11 17:42:50,526 - INFO - Allocation for HS225 in 6106 with 30 students
2025-05-11 17:42:50,526 - WARNING - Found 30 roll numbers with no matching names in roll_names file for course HS225
2025-05-11 17:42:50,527 - WARNING - Sample missing roll numbers: ['1401CB26', '1401CB28', '1401CB33', '1401CB34', '1401CB45']
2025-05-11 17:42:50,534 - INFO - Generated: seating_arrangements\01_05_2016_HS225_6106_morning.xlsx
2025-05-11 17:42:50,534 - INFO - Allocation for HS225 in 6107 with 48 students
2025-05-11 17:42:50,535 - WARNING - Found 48 roll numbers with no matching names in roll_names file for course HS225
2025-05-11 17:42:50,535 - WARNING - Sample missing roll numbers: ['1401CS52', '1401CS53', '1401CS55', '1401CS57', '1401CS60']
2025-05-11 17:42:50,543 - INFO - Generated: seating_arrangements\01_05_2016_HS225_6107_morning.xlsx
2025-05-11 17:42:50,543 - INFO - Allocation for HS312 in 6107 with 24 students
2025-05-11 17:42:50,543 - WARNING - Found 24 roll numbers with no matching names in roll_names file for course HS312
2025-05-11 17:42:50,543 - WARNING - Sample missing roll numbers: ['1301CB04', '1301CB07', '1301CB33', '1301CB46', '1301CB53']
2025-05-11 17:42:50,550 - INFO - Generated: seating_arrangements\01_05_2016_HS312_6107_morning.xlsx
2025-05-11 17:42:50,550 - INFO - Allocation for HS312 in 6108 with 30 students
2025-05-11 17:42:50,550 - WARNING - Found 30 roll numbers with no matching names in roll_names file for course HS312
2025-05-11 17:42:50,550 - WARNING - Sample missing roll numbers: ['1301CS33', '1301CS39', '1301CS53', '1301CS55', '1301CS59']
2025-05-11 17:42:50,557 - INFO - Generated: seating_arrangements\01_05_2016_HS312_6108_morning.xlsx
2025-05-11 17:42:50,557 - INFO - Allocation for HS312 in 6109 with 40 students
2025-05-11 17:42:50,557 - WARNING - Found 40 roll numbers with no matching names in roll_names file for course HS312
2025-05-11 17:42:50,557 - WARNING - Sample missing roll numbers: ['1301EE66', '1301EE77', '1301EE84', '1301EE85', '1301EE86']
2025-05-11 17:42:50,566 - INFO - Generated: seating_arrangements\01_05_2016_HS312_6109_morning.xlsx
2025-05-11 17:42:50,566 - INFO - Allocation for HS302 in 6109 with 32 students
2025-05-11 17:42:50,566 - WARNING - Found 32 roll numbers with no matching names in roll_names file for course HS302
2025-05-11 17:42:50,566 - WARNING - Sample missing roll numbers: ['1301CB01', '1301CB08', '1301CB13', '1301CB21', '1301CB48']
2025-05-11 17:42:50,573 - INFO - Generated: seating_arrangements\01_05_2016_HS302_6109_morning.xlsx
2025-05-11 17:42:50,573 - INFO - Allocation for HS302 in 6110 with 16 students
2025-05-11 17:42:50,573 - WARNING - Found 16 roll numbers with no matching names in roll_names file for course HS302
2025-05-11 17:42:50,573 - WARNING - Sample missing roll numbers: ['1301CS73', '1301CS79', '1301CS85', '1301EE04', '1301EE07']
2025-05-11 17:42:50,580 - INFO - Generated: seating_arrangements\01_05_2016_HS302_6110_morning.xlsx
2025-05-11 17:42:50,580 - INFO - Allocation for MA524 in 6110 with 14 students
2025-05-11 17:42:50,580 - WARNING - Found 14 roll numbers with no matching names in roll_names file for course MA524
2025-05-11 17:42:50,580 - WARNING - Sample missing roll numbers: ['1312MA16', '1412MA01', '1412MA02', '1412MA03', '1412MA05']
2025-05-11 17:42:50,589 - INFO - Generated: seating_arrangements\01_05_2016_MA524_6110_morning.xlsx
2025-05-11 17:42:50,589 - INFO - Allocation for MA524 in 8301 with 14 students
2025-05-11 17:42:50,589 - WARNING - Found 14 roll numbers with no matching names in roll_names file for course MA524
2025-05-11 17:42:50,589 - WARNING - Sample missing roll numbers: ['1412MA15', '1412MA16', '1412MA17', '1412MA19', '1412MA20']
2025-05-11 17:42:50,596 - INFO - Generated: seating_arrangements\01_05_2016_MA524_8301_morning.xlsx
2025-05-11 17:42:50,596 - INFO - Allocation for EE574 in 8301 with 16 students
2025-05-11 17:42:50,596 - WARNING - Found 16 roll numbers with no matching names in roll_names file for course EE574
2025-05-11 17:42:50,596 - WARNING - Sample missing roll numbers: ['1201EE01', '1201EE26', '1201EE71', '1511EE17', '1511EE18']
2025-05-11 17:42:50,603 - INFO - Generated: seating_arrangements\01_05_2016_EE574_8301_morning.xlsx
2025-05-11 17:42:50,603 - INFO - Allocation for EE574 in 8302 with 1 students
2025-05-11 17:42:50,603 - WARNING - Found 1 roll numbers with no matching names in roll_names file for course EE574
2025-05-11 17:42:50,603 - WARNING - Sample missing roll numbers: ['1621EE07']
2025-05-11 17:42:50,610 - INFO - Generated: seating_arrangements\01_05_2016_EE574_8302_morning.xlsx
2025-05-11 17:42:50,610 - INFO - Allocation for HS713 in 8302 with 12 students
2025-05-11 17:42:50,610 - WARNING - Found 12 roll numbers with no matching names in roll_names file for course HS713
2025-05-11 17:42:50,610 - WARNING - Sample missing roll numbers: ['1521HS02', '1521HS06', '1521HS12', '1521HS13', '1521HS14']
2025-05-11 17:42:50,617 - INFO - Generated: seating_arrangements\01_05_2016_HS713_8302_morning.xlsx
2025-05-11 17:42:50,617 - INFO - Processing 2016-05-02 00:00:00 - Evening session
2025-05-11 17:42:50,619 - INFO - Found 35 roll numbers for course: MA504
2025-05-11 17:42:50,620 - INFO - Found 15 roll numbers for course: CE506
2025-05-11 17:42:50,621 - INFO - Found 15 roll numbers for course: MH502
2025-05-11 17:42:50,622 - INFO - Found 7 roll numbers for course: EE507
2025-05-11 17:42:50,624 - INFO - Found 20 roll numbers for course: MM502
2025-05-11 17:42:50,626 - INFO - Found 58 roll numbers for course: CB504
2025-05-11 17:42:50,628 - INFO - Found 30 roll numbers for course: CS546
2025-05-11 17:42:50,631 - INFO - Found 56 roll numbers for course: CE318
2025-05-11 17:42:50,635 - INFO - Found 78 roll numbers for course: ME332
2025-05-11 17:42:50,639 - INFO - Found 86 roll numbers for course: EE309
2025-05-11 17:42:50,640 - INFO - Found 29 roll numbers for course: MM302
2025-05-11 17:42:50,645 - INFO - Found 131 roll numbers for course: CS267
2025-05-11 17:42:50,647 - INFO - Found 35 roll numbers for course: MA504
2025-05-11 17:42:50,648 - INFO - Found 15 roll numbers for course: CE506
2025-05-11 17:42:50,651 - INFO - Found 15 roll numbers for course: MH502
2025-05-11 17:42:50,652 - INFO - Found 7 roll numbers for course: EE507
2025-05-11 17:42:50,653 - INFO - Found 20 roll numbers for course: MM502
2025-05-11 17:42:50,655 - INFO - Found 58 roll numbers for course: CB504
2025-05-11 17:42:50,657 - INFO - Found 30 roll numbers for course: CS546
2025-05-11 17:42:50,659 - INFO - Found 56 roll numbers for course: CE318
2025-05-11 17:42:50,663 - INFO - Found 78 roll numbers for course: ME332
2025-05-11 17:42:50,667 - INFO - Found 86 roll numbers for course: EE309
2025-05-11 17:42:50,669 - INFO - Found 29 roll numbers for course: MM302
2025-05-11 17:42:50,674 - INFO - Found 131 roll numbers for course: CS267
2025-05-11 17:42:50,679 - INFO - Found 131 roll numbers for course: CS267
2025-05-11 17:42:50,683 - INFO - Found 86 roll numbers for course: EE309
2025-05-11 17:42:50,687 - INFO - Found 78 roll numbers for course: ME332
2025-05-11 17:42:50,689 - INFO - Found 58 roll numbers for course: CB504
2025-05-11 17:42:50,691 - INFO - Found 56 roll numbers for course: CE318
2025-05-11 17:42:50,693 - INFO - Found 35 roll numbers for course: MA504
2025-05-11 17:42:50,695 - INFO - Found 30 roll numbers for course: CS546
2025-05-11 17:42:50,696 - INFO - Found 29 roll numbers for course: MM302
2025-05-11 17:42:50,698 - INFO - Found 20 roll numbers for course: MM502
2025-05-11 17:42:50,699 - INFO - Found 15 roll numbers for course: CE506
2025-05-11 17:42:50,700 - INFO - Found 15 roll numbers for course: MH502
2025-05-11 17:42:50,701 - INFO - Found 7 roll numbers for course: EE507
2025-05-11 17:42:50,701 - INFO - Allocation for CS267 in B-001 with 70 students
2025-05-11 17:42:50,701 - WARNING - Found 70 roll numbers with no matching names in roll_names file for course CS267
2025-05-11 17:42:50,701 - WARNING - Sample missing roll numbers: ['1401AI02', '1401AI04', '1401AI05', '1401AI06', '1401AI07']
2025-05-11 17:42:50,711 - INFO - Generated: seating_arrangements\02_05_2016_CS267_B-001_evening.xlsx
2025-05-11 17:42:50,711 - INFO - Allocation for CS267 in B-101 with 61 students
2025-05-11 17:42:50,711 - WARNING - Found 61 roll numbers with no matching names in roll_names file for course CS267
2025-05-11 17:42:50,711 - WARNING - Sample missing roll numbers: ['1401CS31', '1401CS32', '1401CS33', '1401CS34', '1401CS35']
2025-05-11 17:42:50,718 - INFO - Generated: seating_arrangements\02_05_2016_CS267_B-101_evening.xlsx
2025-05-11 17:42:50,719 - INFO - Allocation for EE309 in B-101 with 9 students
2025-05-11 17:42:50,719 - WARNING - Found 9 roll numbers with no matching names in roll_names file for course EE309
2025-05-11 17:42:50,719 - WARNING - Sample missing roll numbers: ['1301EE01', '1301EE03', '1301EE04', '1301EE05', '1301EE06']
2025-05-11 17:42:50,726 - INFO - Generated: seating_arrangements\02_05_2016_EE309_B-101_evening.xlsx
2025-05-11 17:42:50,726 - INFO - Allocation for EE309 in B-002 with 70 students
2025-05-11 17:42:50,726 - WARNING - Found 70 roll numbers with no matching names in roll_names file for course EE309
2025-05-11 17:42:50,726 - WARNING - Sample missing roll numbers: ['1301EE12', '1301EE13', '1301EE14', '1301EE15', '1301EE17']
2025-05-11 17:42:50,735 - INFO - Generated: seating_arrangements\02_05_2016_EE309_B-002_evening.xlsx
2025-05-11 17:42:50,735 - INFO - Allocation for EE309 in B-003 with 7 students
2025-05-11 17:42:50,735 - WARNING - Found 7 roll numbers with no matching names in roll_names file for course EE309
2025-05-11 17:42:50,735 - WARNING - Sample missing roll numbers: ['1301EE88', '1301EE89', '1301EE90', '1301EE91', '1301EE92']
2025-05-11 17:42:50,741 - INFO - Generated: seating_arrangements\02_05_2016_EE309_B-003_evening.xlsx
2025-05-11 17:42:50,741 - INFO - Allocation for ME332 in B-003 with 63 students
2025-05-11 17:42:50,741 - WARNING - Found 63 roll numbers with no matching names in roll_names file for course ME332
2025-05-11 17:42:50,741 - WARNING - Sample missing roll numbers: ['1301ME01', '1301ME02', '1301ME03', '1301ME04', '1301ME05']
2025-05-11 17:42:50,750 - INFO - Generated: seating_arrangements\02_05_2016_ME332_B-003_evening.xlsx
2025-05-11 17:42:50,750 - INFO - Allocation for ME332 in B-103 with 15 students
2025-05-11 17:42:50,750 - WARNING - Found 15 roll numbers with no matching names in roll_names file for course ME332
2025-05-11 17:42:50,751 - WARNING - Sample missing roll numbers: ['1301ME70', '1301ME71', '1301ME72', '1301ME74', '1301ME76']
2025-05-11 17:42:50,757 - INFO - Generated: seating_arrangements\02_05_2016_ME332_B-103_evening.xlsx
2025-05-11 17:42:50,757 - INFO - Allocation for CB504 in B-103 with 55 students
2025-05-11 17:42:50,757 - WARNING - Found 55 roll numbers with no matching names in roll_names file for course CB504
2025-05-11 17:42:50,757 - WARNING - Sample missing roll numbers: ['1201CB02', '1201CB03', '1201CB04', '1201CB06', '1201CB07']
2025-05-11 17:42:50,765 - INFO - Generated: seating_arrangements\02_05_2016_CB504_B-103_evening.xlsx
2025-05-11 17:42:50,765 - INFO - Allocation for CB504 in 10502 with 3 students
2025-05-11 17:42:50,765 - WARNING - Found 3 roll numbers with no matching names in roll_names file for course CB504
2025-05-11 17:42:50,766 - WARNING - Sample missing roll numbers: ['1521CB13', '1621CE08', '1621CE09']
2025-05-11 17:42:50,771 - INFO - Generated: seating_arrangements\02_05_2016_CB504_10502_evening.xlsx
2025-05-11 17:42:50,772 - INFO - Allocation for CE318 in 10502 with 56 students
2025-05-11 17:42:50,772 - WARNING - Found 56 roll numbers with no matching names in roll_names file for course CE318
2025-05-11 17:42:50,772 - WARNING - Sample missing roll numbers: ['1301CE01', '1301CE02', '1301CE04', '1301CE06', '1301CE07']
2025-05-11 17:42:50,780 - INFO - Generated: seating_arrangements\02_05_2016_CE318_10502_evening.xlsx
2025-05-11 17:42:50,780 - INFO - Allocation for MA504 in 10502 with 31 students
2025-05-11 17:42:50,780 - WARNING - Found 31 roll numbers with no matching names in roll_names file for course MA504
2025-05-11 17:42:50,780 - WARNING - Sample missing roll numbers: ['1312MA16', '1412MA01', '1412MA07', '1412MA08', '1412MA10']
2025-05-11 17:42:50,788 - INFO - Generated: seating_arrangements\02_05_2016_MA504_10502_evening.xlsx
2025-05-11 17:42:50,788 - INFO - Allocation for MA504 in 6101 with 4 students
2025-05-11 17:42:50,788 - WARNING - Found 4 roll numbers with no matching names in roll_names file for course MA504
2025-05-11 17:42:50,788 - WARNING - Sample missing roll numbers: ['1511MC27', '1521MA09', '1621MA01', '1621MA03']
2025-05-11 17:42:50,794 - INFO - Generated: seating_arrangements\02_05_2016_MA504_6101_evening.xlsx
2025-05-11 17:42:50,794 - INFO - Allocation for CS546 in 6101 with 26 students
2025-05-11 17:42:50,795 - WARNING - Found 26 roll numbers with no matching names in roll_names file for course CS546
2025-05-11 17:42:50,795 - WARNING - Sample missing roll numbers: ['1511AI01', '1511AI02', '1511AI03', '1511AI04', '1511AI05']
2025-05-11 17:42:50,801 - INFO - Generated: seating_arrangements\02_05_2016_CS546_6101_evening.xlsx
2025-05-11 17:42:50,801 - INFO - Allocation for CS546 in 6102 with 4 students
2025-05-11 17:42:50,802 - WARNING - Found 4 roll numbers with no matching names in roll_names file for course CS546
2025-05-11 17:42:50,802 - WARNING - Sample missing roll numbers: ['1511AI32', '1511AI33', '1511AI34', '1511AI35']
2025-05-11 17:42:50,809 - INFO - Generated: seating_arrangements\02_05_2016_CS546_6102_evening.xlsx
2025-05-11 17:42:50,809 - INFO - Allocation for MM302 in 6102 with 29 students
2025-05-11 17:42:50,809 - WARNING - Found 29 roll numbers with no matching names in roll_names file for course MM302
2025-05-11 17:42:50,809 - WARNING - Sample missing roll numbers: ['1301MM01', '1301MM03', '1301MM04', '1301MM05', '1301MM07']
2025-05-11 17:42:50,816 - INFO - Generated: seating_arrangements\02_05_2016_MM302_6102_evening.xlsx
2025-05-11 17:42:50,816 - INFO - Allocation for MM502 in 6102 with 20 students
2025-05-11 17:42:50,816 - WARNING - Found 20 roll numbers with no matching names in roll_names file for course MM502
2025-05-11 17:42:50,816 - WARNING - Sample missing roll numbers: ['1511MM01', '1511MM02', '1511MM03', '1511MM04', '1511MM05']
2025-05-11 17:42:50,823 - INFO - Generated: seating_arrangements\02_05_2016_MM502_6102_evening.xlsx
2025-05-11 17:42:50,824 - INFO - Allocation for CE506 in 6102 with 15 students
2025-05-11 17:42:50,824 - WARNING - Found 15 roll numbers with no matching names in roll_names file for course CE506
2025-05-11 17:42:50,824 - WARNING - Sample missing roll numbers: ['1511CE03', '1511CE04', '1511CE05', '1511CE06', '1511CE08']
2025-05-11 17:42:50,831 - INFO - Generated: seating_arrangements\02_05_2016_CE506_6102_evening.xlsx
2025-05-11 17:42:50,831 - INFO - Allocation for MH502 in 6102 with 4 students
2025-05-11 17:42:50,831 - WARNING - Found 4 roll numbers with no matching names in roll_names file for course MH502
2025-05-11 17:42:50,831 - WARNING - Sample missing roll numbers: ['1511MT01', '1511MT02', '1511MT06', '1511MT08']
2025-05-11 17:42:50,839 - INFO - Generated: seating_arrangements\02_05_2016_MH502_6102_evening.xlsx
2025-05-11 17:42:50,839 - INFO - Allocation for MH502 in 6103 with 11 students
2025-05-11 17:42:50,839 - WARNING - Found 11 roll numbers with no matching names in roll_names file for course MH502
2025-05-11 17:42:50,839 - WARNING - Sample missing roll numbers: ['1511MT09', '1511MT11', '1511MT12', '1511MT13', '1511MT15']
2025-05-11 17:42:50,846 - INFO - Generated: seating_arrangements\02_05_2016_MH502_6103_evening.xlsx
2025-05-11 17:42:50,846 - INFO - Allocation for EE507 in 6103 with 7 students
2025-05-11 17:42:50,846 - WARNING - Found 7 roll numbers with no matching names in roll_names file for course EE507
2025-05-11 17:42:50,846 - WARNING - Sample missing roll numbers: ['1511EE14', '1511EE16', '1511EE22', '1511EE31', '1511EE37']
2025-05-11 17:42:50,853 - INFO - Generated: seating_arrangements\02_05_2016_EE507_6103_evening.xlsx
2025-05-11 17:42:50,853 - INFO - Processing 2016-05-02 00:00:00 - Morning session
2025-05-11 17:42:50,858 - INFO - Found 96 roll numbers for course: HS514
2025-05-11 17:42:50,860 - INFO - Found 38 roll numbers for course: CS372
2025-05-11 17:42:50,862 - INFO - Found 49 roll numbers for course: CS392
2025-05-11 17:42:50,864 - INFO - Found 26 roll numbers for course: CH422
2025-05-11 17:42:50,865 - INFO - Found 24 roll numbers for course: EP206
2025-05-11 17:42:50,868 - INFO - Found 39 roll numbers for course: PH201
2025-05-11 17:42:50,878 - INFO - Found 290 roll numbers for course: CS244
2025-05-11 17:42:50,879 - INFO - Found 28 roll numbers for course: PH426
2025-05-11 17:42:50,881 - INFO - Found 30 roll numbers for course: MA424
2025-05-11 17:42:50,884 - INFO - Found 54 roll numbers for course: CB302
2025-05-11 17:42:50,888 - INFO - Found 96 roll numbers for course: HS514
2025-05-11 17:42:50,890 - INFO - Found 38 roll numbers for course: CS372
2025-05-11 17:42:50,892 - INFO - Found 49 roll numbers for course: CS392
2025-05-11 17:42:50,894 - INFO - Found 26 roll numbers for course: CH422
2025-05-11 17:42:50,896 - INFO - Found 24 roll numbers for course: EP206
2025-05-11 17:42:50,898 - INFO - Found 39 roll numbers for course: PH201
2025-05-11 17:42:50,908 - INFO - Found 290 roll numbers for course: CS244
2025-05-11 17:42:50,909 - INFO - Found 28 roll numbers for course: PH426
2025-05-11 17:42:50,911 - INFO - Found 30 roll numbers for course: MA424
2025-05-11 17:42:50,914 - INFO - Found 54 roll numbers for course: CB302
2025-05-11 17:42:50,925 - INFO - Found 290 roll numbers for course: CS244
2025-05-11 17:42:50,928 - INFO - Found 96 roll numbers for course: HS514
2025-05-11 17:42:50,932 - INFO - Found 54 roll numbers for course: CB302
2025-05-11 17:42:50,935 - INFO - Found 49 roll numbers for course: CS392
2025-05-11 17:42:50,937 - INFO - Found 39 roll numbers for course: PH201
2025-05-11 17:42:50,939 - INFO - Found 38 roll numbers for course: CS372
2025-05-11 17:42:50,940 - INFO - Found 30 roll numbers for course: MA424
2025-05-11 17:42:50,943 - INFO - Found 28 roll numbers for course: PH426
2025-05-11 17:42:50,944 - INFO - Found 26 roll numbers for course: CH422
2025-05-11 17:42:50,946 - INFO - Found 24 roll numbers for course: EP206
2025-05-11 17:42:50,946 - INFO - Allocation for CS244 in B-001 with 70 students
2025-05-11 17:42:50,947 - WARNING - Found 70 roll numbers with no matching names in roll_names file for course CS244
2025-05-11 17:42:50,947 - WARNING - Sample missing roll numbers: ['1401CB02', '1401CB07', '1401CB08', '1401CB09', '1401CB13']
2025-05-11 17:42:50,955 - INFO - Generated: seating_arrangements\02_05_2016_CS244_B-001_morning.xlsx
2025-05-11 17:42:50,955 - INFO - Allocation for CS244 in B-101 with 70 students
2025-05-11 17:42:50,955 - WARNING - Found 70 roll numbers with no matching names in roll_names file for course CS244
2025-05-11 17:42:50,955 - WARNING - Sample missing roll numbers: ['1401CE45', '1401CE46', '1401CE49', '1401CE50', '1401CE52']
2025-05-11 17:42:50,964 - INFO - Generated: seating_arrangements\02_05_2016_CS244_B-101_morning.xlsx
2025-05-11 17:42:50,964 - INFO - Allocation for CS244 in B-002 with 70 students
2025-05-11 17:42:50,964 - WARNING - Found 70 roll numbers with no matching names in roll_names file for course CS244
2025-05-11 17:42:50,965 - WARNING - Sample missing roll numbers: ['1401EE72', '1401EE74', '1401EE75', '1401EE76', '1401EE77']
2025-05-11 17:42:50,973 - INFO - Generated: seating_arrangements\02_05_2016_CS244_B-002_morning.xlsx
2025-05-11 17:42:50,973 - INFO - Allocation for CS244 in B-003 with 70 students
2025-05-11 17:42:50,974 - WARNING - Found 70 roll numbers with no matching names in roll_names file for course CS244
2025-05-11 17:42:50,974 - WARNING - Sample missing roll numbers: ['1401MC57', '1401MC58', '1401ME01', '1401ME02', '1401ME03']
2025-05-11 17:42:50,983 - INFO - Generated: seating_arrangements\02_05_2016_CS244_B-003_morning.xlsx
2025-05-11 17:42:50,983 - INFO - Allocation for CS244 in B-103 with 10 students
2025-05-11 17:42:50,983 - WARNING - Found 10 roll numbers with no matching names in roll_names file for course CS244
2025-05-11 17:42:50,983 - WARNING - Sample missing roll numbers: ['1401MM27', '1401MM30', '1401MM31', '1401MM35', '1401MM37']
2025-05-11 17:42:50,989 - INFO - Generated: seating_arrangements\02_05_2016_CS244_B-103_morning.xlsx
2025-05-11 17:42:50,990 - INFO - Allocation for HS514 in B-103 with 60 students
2025-05-11 17:42:50,990 - WARNING - Found 60 roll numbers with no matching names in roll_names file for course HS514
2025-05-11 17:42:50,990 - WARNING - Sample missing roll numbers: ['1421CS19', '1521CB11', '1521CB13', '1521CE07', '1521CE08']
2025-05-11 17:42:50,998 - INFO - Generated: seating_arrangements\02_05_2016_HS514_B-103_morning.xlsx
2025-05-11 17:42:50,998 - INFO - Allocation for HS514 in 10502 with 36 students
2025-05-11 17:42:50,998 - WARNING - Found 36 roll numbers with no matching names in roll_names file for course HS514
2025-05-11 17:42:50,998 - WARNING - Sample missing roll numbers: ['1621CE04', '1621CE06', '1621CE07', '1621CE08', '1621CE09']
2025-05-11 17:42:51,007 - INFO - Generated: seating_arrangements\02_05_2016_HS514_10502_morning.xlsx
2025-05-11 17:42:51,007 - INFO - Allocation for CB302 in 10502 with 54 students
2025-05-11 17:42:51,007 - WARNING - Found 54 roll numbers with no matching names in roll_names file for course CB302
2025-05-11 17:42:51,007 - WARNING - Sample missing roll numbers: ['1301CB01', '1301CB02', '1301CB03', '1301CB04', '1301CB05']
2025-05-11 17:42:51,015 - INFO - Generated: seating_arrangements\02_05_2016_CB302_10502_morning.xlsx
2025-05-11 17:42:51,015 - INFO - Allocation for CS392 in 6101 with 30 students
2025-05-11 17:42:51,015 - WARNING - Found 30 roll numbers with no matching names in roll_names file for course CS392
2025-05-11 17:42:51,015 - WARNING - Sample missing roll numbers: ['1201CS05', '1301CS01', '1301CS02', '1301CS03', '1301CS04']
2025-05-11 17:42:51,022 - INFO - Generated: seating_arrangements\02_05_2016_CS392_6101_morning.xlsx
2025-05-11 17:42:51,023 - INFO - Allocation for CS392 in 6102 with 19 students
2025-05-11 17:42:51,023 - WARNING - Found 19 roll numbers with no matching names in roll_names file for course CS392
2025-05-11 17:42:51,023 - WARNING - Sample missing roll numbers: ['1301CS52', '1301CS54', '1301CS58', '1301CS60', '1301CS61']
2025-05-11 17:42:51,033 - INFO - Generated: seating_arrangements\02_05_2016_CS392_6102_morning.xlsx
2025-05-11 17:42:51,033 - INFO - Allocation for PH201 in 6102 with 39 students
2025-05-11 17:42:51,033 - WARNING - Found 39 roll numbers with no matching names in roll_names file for course PH201
2025-05-11 17:42:51,033 - WARNING - Sample missing roll numbers: ['1401CB05', '1401CB31', '1401CB35', '1401CB63', '1401CB65']
2025-05-11 17:42:51,042 - INFO - Generated: seating_arrangements\02_05_2016_PH201_6102_morning.xlsx
2025-05-11 17:42:51,042 - INFO - Allocation for CS372 in 6102 with 14 students
2025-05-11 17:42:51,042 - WARNING - Found 14 roll numbers with no matching names in roll_names file for course CS372
2025-05-11 17:42:51,042 - WARNING - Sample missing roll numbers: ['1301CS06', '1301CS13', '1301CS14', '1301CS15', '1301CS16']
2025-05-11 17:42:51,050 - INFO - Generated: seating_arrangements\02_05_2016_CS372_6102_morning.xlsx
2025-05-11 17:42:51,050 - INFO - Allocation for CS372 in 6103 with 24 students
2025-05-11 17:42:51,050 - WARNING - Found 24 roll numbers with no matching names in roll_names file for course CS372
2025-05-11 17:42:51,051 - WARNING - Sample missing roll numbers: ['1301CS33', '1301CS34', '1301CS37', '1301CS39', '1301CS42']
2025-05-11 17:42:51,059 - INFO - Generated: seating_arrangements\02_05_2016_CS372_6103_morning.xlsx
2025-05-11 17:42:51,059 - INFO - Allocation for MA424 in 6103 with 6 students
2025-05-11 17:42:51,059 - WARNING - Found 6 roll numbers with no matching names in roll_names file for course MA424
2025-05-11 17:42:51,059 - WARNING - Sample missing roll numbers: ['1312MA09', '1512MA01', '1512MA02', '1512MA03', '1512MA05']
2025-05-11 17:42:51,066 - INFO - Generated: seating_arrangements\02_05_2016_MA424_6103_morning.xlsx
2025-05-11 17:42:51,066 - INFO - Allocation for MA424 in 6104 with 24 students
2025-05-11 17:42:51,066 - WARNING - Found 24 roll numbers with no matching names in roll_names file for course MA424
2025-05-11 17:42:51,066 - WARNING - Sample missing roll numbers: ['1512MA07', '1512MA08', '1512MA09', '1512MA11', '1512MA12']
2025-05-11 17:42:51,074 - INFO - Generated: seating_arrangements\02_05_2016_MA424_6104_morning.xlsx
2025-05-11 17:42:51,074 - INFO - Allocation for PH426 in 6104 with 28 students
2025-05-11 17:42:51,074 - WARNING - Found 28 roll numbers with no matching names in roll_names file for course PH426
2025-05-11 17:42:51,075 - WARNING - Sample missing roll numbers: ['1512PH02', '1512PH03', '1512PH04', '1512PH06', '1512PH07']
2025-05-11 17:42:51,082 - INFO - Generated: seating_arrangements\02_05_2016_PH426_6104_morning.xlsx
2025-05-11 17:42:51,082 - INFO - Allocation for CH422 in 6104 with 20 students
2025-05-11 17:42:51,082 - WARNING - Found 20 roll numbers with no matching names in roll_names file for course CH422
2025-05-11 17:42:51,082 - WARNING - Sample missing roll numbers: ['1512CH01', '1512CH04', '1512CH06', '1512CH11', '1512CH12']
2025-05-11 17:42:51,089 - INFO - Generated: seating_arrangements\02_05_2016_CH422_6104_morning.xlsx
2025-05-11 17:42:51,090 - INFO - Allocation for CH422 in 6105 with 6 students
2025-05-11 17:42:51,090 - WARNING - Found 6 roll numbers with no matching names in roll_names file for course CH422
2025-05-11 17:42:51,090 - WARNING - Sample missing roll numbers: ['1512CH38', '1512CH39', '1512CH40', '1512CH41', '1512CH42']
2025-05-11 17:42:51,097 - INFO - Generated: seating_arrangements\02_05_2016_CH422_6105_morning.xlsx
2025-05-11 17:42:51,098 - INFO - Allocation for EP206 in 6105 with 24 students
2025-05-11 17:42:51,098 - WARNING - Found 24 roll numbers with no matching names in roll_names file for course EP206
2025-05-11 17:42:51,098 - WARNING - Sample missing roll numbers: ['1401PH03', '1401PH04', '1401PH05', '1401PH06', '1401PH07']
2025-05-11 17:42:51,105 - INFO - Generated: seating_arrangements\02_05_2016_EP206_6105_morning.xlsx
2025-05-11 17:42:51,105 - INFO - Processing 2016-05-03 00:00:00 - Evening session
2025-05-11 17:42:51,112 - INFO - Found 173 roll numbers for course: CS551
2025-05-11 17:42:51,113 - INFO - Found 12 roll numbers for course: CE514
2025-05-11 17:42:51,114 - INFO - Found 25 roll numbers for course: ME542
2025-05-11 17:42:51,117 - INFO - Found 61 roll numbers for course: ME544
2025-05-11 17:42:51,118 - INFO - Found 7 roll numbers for course: EE514
2025-05-11 17:42:51,119 - INFO - Found 14 roll numbers for course: EE549
2025-05-11 17:42:51,119 - INFO - Found 10 roll numbers for course: PH602
2025-05-11 17:42:51,122 - INFO - Found 16 roll numbers for course: PH513
2025-05-11 17:42:51,123 - INFO - Found 29 roll numbers for course: CH604
2025-05-11 17:42:51,124 - INFO - Found 5 roll numbers for course: ME546
2025-05-11 17:42:51,127 - INFO - Found 87 roll numbers for course: CS358
2025-05-11 17:42:51,130 - INFO - Found 56 roll numbers for course: CE320
2025-05-11 17:42:51,136 - INFO - Found 173 roll numbers for course: CS551
2025-05-11 17:42:51,137 - INFO - Found 12 roll numbers for course: CE514
2025-05-11 17:42:51,139 - INFO - Found 25 roll numbers for course: ME542
2025-05-11 17:42:51,142 - INFO - Found 61 roll numbers for course: ME544
2025-05-11 17:42:51,144 - INFO - Found 7 roll numbers for course: EE514
2025-05-11 17:42:51,145 - INFO - Found 14 roll numbers for course: EE549
2025-05-11 17:42:51,146 - INFO - Found 10 roll numbers for course: PH602
2025-05-11 17:42:51,147 - INFO - Found 16 roll numbers for course: PH513
2025-05-11 17:42:51,149 - INFO - Found 29 roll numbers for course: CH604
2025-05-11 17:42:51,150 - INFO - Found 5 roll numbers for course: ME546
2025-05-11 17:42:51,154 - INFO - Found 87 roll numbers for course: CS358
2025-05-11 17:42:51,156 - INFO - Found 56 roll numbers for course: CE320
2025-05-11 17:42:51,164 - INFO - Found 173 roll numbers for course: CS551
2025-05-11 17:42:51,167 - INFO - Found 87 roll numbers for course: CS358
2025-05-11 17:42:51,170 - INFO - Found 61 roll numbers for course: ME544
2025-05-11 17:42:51,172 - INFO - Found 56 roll numbers for course: CE320
2025-05-11 17:42:51,174 - INFO - Found 29 roll numbers for course: CH604
2025-05-11 17:42:51,175 - INFO - Found 25 roll numbers for course: ME542
2025-05-11 17:42:51,176 - INFO - Found 16 roll numbers for course: PH513
2025-05-11 17:42:51,177 - INFO - Found 14 roll numbers for course: EE549
2025-05-11 17:42:51,179 - INFO - Found 12 roll numbers for course: CE514
2025-05-11 17:42:51,180 - INFO - Found 10 roll numbers for course: PH602
2025-05-11 17:42:51,181 - INFO - Found 7 roll numbers for course: EE514
2025-05-11 17:42:51,183 - INFO - Found 5 roll numbers for course: ME546
2025-05-11 17:42:51,183 - INFO - Allocation for CS551 in B-001 with 70 students
2025-05-11 17:42:51,183 - WARNING - Found 70 roll numbers with no matching names in roll_names file for course CS551
2025-05-11 17:42:51,183 - WARNING - Sample missing roll numbers: ['1201CS01', '1201CS02', '1201CS03', '1201CS04', '1201CS06']
2025-05-11 17:42:51,192 - INFO - Generated: seating_arrangements\03_05_2016_CS551_B-001_evening.xlsx
2025-05-11 17:42:51,192 - INFO - Allocation for CS551 in B-101 with 70 students
2025-05-11 17:42:51,192 - WARNING - Found 70 roll numbers with no matching names in roll_names file for course CS551
2025-05-11 17:42:51,192 - WARNING - Sample missing roll numbers: ['1201CS73', '1201CS74', '1201CS75', '1201CS76', '1201CS77']
2025-05-11 17:42:51,201 - INFO - Generated: seating_arrangements\03_05_2016_CS551_B-101_evening.xlsx
2025-05-11 17:42:51,201 - INFO - Allocation for CS551 in B-002 with 33 students
2025-05-11 17:42:51,201 - WARNING - Found 33 roll numbers with no matching names in roll_names file for course CS551
2025-05-11 17:42:51,201 - WARNING - Sample missing roll numbers: ['1511MC17', '1511MC19', '1511MC20', '1511MC21', '1511MC22']
2025-05-11 17:42:51,208 - INFO - Generated: seating_arrangements\03_05_2016_CS551_B-002_evening.xlsx
2025-05-11 17:42:51,208 - INFO - Allocation for CS358 in B-002 with 37 students
2025-05-11 17:42:51,208 - WARNING - Found 37 roll numbers with no matching names in roll_names file for course CS358
2025-05-11 17:42:51,208 - WARNING - Sample missing roll numbers: ['1201CS05', '1301CS01', '1301CS02', '1301CS03', '1301CS04']
2025-05-11 17:42:51,216 - INFO - Generated: seating_arrangements\03_05_2016_CS358_B-002_evening.xlsx
2025-05-11 17:42:51,216 - INFO - Allocation for CS358 in B-003 with 50 students
2025-05-11 17:42:51,216 - WARNING - Found 50 roll numbers with no matching names in roll_names file for course CS358
2025-05-11 17:42:51,216 - WARNING - Sample missing roll numbers: ['1301CS37', '1301CS38', '1301CS39', '1301CS40', '1301CS41']
2025-05-11 17:42:51,224 - INFO - Generated: seating_arrangements\03_05_2016_CS358_B-003_evening.xlsx
2025-05-11 17:42:51,224 - INFO - Allocation for ME544 in B-003 with 20 students
2025-05-11 17:42:51,224 - WARNING - Found 20 roll numbers with no matching names in roll_names file for course ME544
2025-05-11 17:42:51,224 - WARNING - Sample missing roll numbers: ['1201ME03', '1201ME04', '1201ME06', '1201ME10', '1201ME11']
2025-05-11 17:42:51,231 - INFO - Generated: seating_arrangements\03_05_2016_ME544_B-003_evening.xlsx
2025-05-11 17:42:51,231 - INFO - Allocation for ME544 in B-103 with 41 students
2025-05-11 17:42:51,231 - WARNING - Found 41 roll numbers with no matching names in roll_names file for course ME544
2025-05-11 17:42:51,231 - WARNING - Sample missing roll numbers: ['1201ME29', '1201ME32', '1201ME33', '1201ME35', '1201ME36']
2025-05-11 17:42:51,238 - INFO - Generated: seating_arrangements\03_05_2016_ME544_B-103_evening.xlsx
2025-05-11 17:42:51,238 - INFO - Allocation for CE320 in B-103 with 29 students
2025-05-11 17:42:51,239 - WARNING - Found 29 roll numbers with no matching names in roll_names file for course CE320
2025-05-11 17:42:51,239 - WARNING - Sample missing roll numbers: ['1301CE01', '1301CE02', '1301CE04', '1301CE06', '1301CE07']
2025-05-11 17:42:51,246 - INFO - Generated: seating_arrangements\03_05_2016_CE320_B-103_evening.xlsx
2025-05-11 17:42:51,246 - INFO - Allocation for CE320 in 10502 with 27 students
2025-05-11 17:42:51,246 - WARNING - Found 27 roll numbers with no matching names in roll_names file for course CE320
2025-05-11 17:42:51,248 - WARNING - Sample missing roll numbers: ['1301CE36', '1301CE37', '1301CE38', '1301CE39', '1301CE41']
2025-05-11 17:42:51,255 - INFO - Generated: seating_arrangements\03_05_2016_CE320_10502_evening.xlsx
2025-05-11 17:42:51,255 - INFO - Allocation for CH604 in 10502 with 29 students
2025-05-11 17:42:51,255 - WARNING - Found 29 roll numbers with no matching names in roll_names file for course CH604
2025-05-11 17:42:51,255 - WARNING - Sample missing roll numbers: ['1121CH11', '1412CH01', '1412CH02', '1412CH04', '1412CH05']
2025-05-11 17:42:51,263 - INFO - Generated: seating_arrangements\03_05_2016_CH604_10502_evening.xlsx
2025-05-11 17:42:51,264 - INFO - Allocation for ME542 in 10502 with 25 students
2025-05-11 17:42:51,264 - WARNING - Found 25 roll numbers with no matching names in roll_names file for course ME542
2025-05-11 17:42:51,264 - WARNING - Sample missing roll numbers: ['1201ME01', '1201ME07', '1201ME44', '1201ME61', '1201ME62']
2025-05-11 17:42:51,273 - INFO - Generated: seating_arrangements\03_05_2016_ME542_10502_evening.xlsx
2025-05-11 17:42:51,273 - INFO - Allocation for PH513 in 10502 with 9 students
2025-05-11 17:42:51,273 - WARNING - Found 9 roll numbers with no matching names in roll_names file for course PH513
2025-05-11 17:42:51,273 - WARNING - Sample missing roll numbers: ['1412PH01', '1412PH03', '1412PH05', '1412PH06', '1412PH07']
2025-05-11 17:42:51,284 - INFO - Generated: seating_arrangements\03_05_2016_PH513_10502_evening.xlsx
2025-05-11 17:42:51,284 - INFO - Allocation for PH513 in 6101 with 7 students
2025-05-11 17:42:51,284 - WARNING - Found 7 roll numbers with no matching names in roll_names file for course PH513
2025-05-11 17:42:51,284 - WARNING - Sample missing roll numbers: ['1412PH20', '1412PH21', '1412PH22', '1412PH24', '1412PH25']
2025-05-11 17:42:51,293 - INFO - Generated: seating_arrangements\03_05_2016_PH513_6101_evening.xlsx
2025-05-11 17:42:51,293 - INFO - Allocation for EE549 in 6101 with 14 students
2025-05-11 17:42:51,294 - WARNING - Found 14 roll numbers with no matching names in roll_names file for course EE549
2025-05-11 17:42:51,294 - WARNING - Sample missing roll numbers: ['1201EE26', '1201EE71', '1511EE17', '1511EE18', '1511EE24']
2025-05-11 17:42:51,301 - INFO - Generated: seating_arrangements\03_05_2016_EE549_6101_evening.xlsx
2025-05-11 17:42:51,301 - INFO - Allocation for CE514 in 6101 with 9 students
2025-05-11 17:42:51,302 - WARNING - Found 9 roll numbers with no matching names in roll_names file for course CE514
2025-05-11 17:42:51,302 - WARNING - Sample missing roll numbers: ['1511CE09', '1511CE21', '1511CE23', '1511CE24', '1511CE26']
2025-05-11 17:42:51,309 - INFO - Generated: seating_arrangements\03_05_2016_CE514_6101_evening.xlsx
2025-05-11 17:42:51,309 - INFO - Allocation for CE514 in 6102 with 3 students
2025-05-11 17:42:51,309 - WARNING - Found 3 roll numbers with no matching names in roll_names file for course CE514
2025-05-11 17:42:51,309 - WARNING - Sample missing roll numbers: ['1511CE42', '1511CE43', '1521CE14']
2025-05-11 17:42:51,317 - INFO - Generated: seating_arrangements\03_05_2016_CE514_6102_evening.xlsx
2025-05-11 17:42:51,319 - INFO - Allocation for PH602 in 6102 with 10 students
2025-05-11 17:42:51,319 - WARNING - Found 10 roll numbers with no matching names in roll_names file for course PH602
2025-05-11 17:42:51,319 - WARNING - Sample missing roll numbers: ['1412PH02', '1412PH04', '1412PH15', '1412PH16', '1412PH19']
2025-05-11 17:42:51,325 - INFO - Generated: seating_arrangements\03_05_2016_PH602_6102_evening.xlsx
2025-05-11 17:42:51,326 - INFO - Allocation for EE514 in 6102 with 7 students
2025-05-11 17:42:51,326 - WARNING - Found 7 roll numbers with no matching names in roll_names file for course EE514
2025-05-11 17:42:51,326 - WARNING - Sample missing roll numbers: ['1511EE14', '1511EE16', '1511EE22', '1511EE31', '1511EE37']
2025-05-11 17:42:51,334 - INFO - Generated: seating_arrangements\03_05_2016_EE514_6102_evening.xlsx
2025-05-11 17:42:51,334 - INFO - Allocation for ME546 in 6102 with 5 students
2025-05-11 17:42:51,334 - WARNING - Found 5 roll numbers with no matching names in roll_names file for course ME546
2025-05-11 17:42:51,334 - WARNING - Sample missing roll numbers: ['1201ME08', '1511ME23', '1521ME13', '1621ME09', '1621ME12']
2025-05-11 17:42:51,342 - INFO - Generated: seating_arrangements\03_05_2016_ME546_6102_evening.xlsx
2025-05-11 17:42:51,342 - INFO - Processing 2016-05-03 00:00:00 - Morning session
2025-05-11 17:42:51,347 - INFO - Found 131 roll numbers for course: CS259
2025-05-11 17:42:51,350 - INFO - Found 30 roll numbers for course: MA428
2025-05-11 17:42:51,352 - INFO - Found 50 roll numbers for course: MA220
2025-05-11 17:42:51,356 - INFO - Found 54 roll numbers for course: CE218
2025-05-11 17:42:51,357 - INFO - Found 26 roll numbers for course: CH428
2025-05-11 17:42:51,361 - INFO - Found 70 roll numbers for course: ME216
2025-05-11 17:42:51,365 - INFO - Found 89 roll numbers for course: EE205
2025-05-11 17:42:51,368 - INFO - Found 86 roll numbers for course: EE341
2025-05-11 17:42:51,370 - INFO - Found 32 roll numbers for course: MM206
2025-05-11 17:42:51,372 - INFO - Found 29 roll numbers for course: MM306
2025-05-11 17:42:51,376 - INFO - Found 78 roll numbers for course: ME314
2025-05-11 17:42:51,378 - INFO - Found 24 roll numbers for course: EP202
2025-05-11 17:42:51,380 - INFO - Found 28 roll numbers for course: PH420
2025-05-11 17:42:51,382 - INFO - Found 56 roll numbers for course: CB206
2025-05-11 17:42:51,385 - INFO - Found 54 roll numbers for course: CB304
2025-05-11 17:42:51,386 - INFO - Found 23 roll numbers for course: MA533
2025-05-11 17:42:51,391 - INFO - Found 131 roll numbers for course: CS259
2025-05-11 17:42:51,393 - INFO - Found 30 roll numbers for course: MA428
2025-05-11 17:42:51,395 - INFO - Found 50 roll numbers for course: MA220
2025-05-11 17:42:51,399 - INFO - Found 54 roll numbers for course: CE218
2025-05-11 17:42:51,400 - INFO - Found 26 roll numbers for course: CH428
2025-05-11 17:42:51,403 - INFO - Found 70 roll numbers for course: ME216
2025-05-11 17:42:51,407 - INFO - Found 89 roll numbers for course: EE205
2025-05-11 17:42:51,410 - INFO - Found 86 roll numbers for course: EE341
2025-05-11 17:42:51,412 - INFO - Found 32 roll numbers for course: MM206
2025-05-11 17:42:51,413 - INFO - Found 29 roll numbers for course: MM306
2025-05-11 17:42:51,417 - INFO - Found 78 roll numbers for course: ME314
2025-05-11 17:42:51,419 - INFO - Found 24 roll numbers for course: EP202
2025-05-11 17:42:51,420 - INFO - Found 28 roll numbers for course: PH420
2025-05-11 17:42:51,423 - INFO - Found 56 roll numbers for course: CB206
2025-05-11 17:42:51,425 - INFO - Found 54 roll numbers for course: CB304
2025-05-11 17:42:51,427 - INFO - Found 23 roll numbers for course: MA533
2025-05-11 17:42:51,432 - INFO - Found 131 roll numbers for course: CS259
2025-05-11 17:42:51,436 - INFO - Found 89 roll numbers for course: EE205
2025-05-11 17:42:51,440 - INFO - Found 86 roll numbers for course: EE341
2025-05-11 17:42:51,443 - INFO - Found 78 roll numbers for course: ME314
2025-05-11 17:42:51,446 - INFO - Found 70 roll numbers for course: ME216
2025-05-11 17:42:51,449 - INFO - Found 56 roll numbers for course: CB206
2025-05-11 17:42:51,451 - INFO - Found 54 roll numbers for course: CE218
2025-05-11 17:42:51,454 - INFO - Found 54 roll numbers for course: CB304
2025-05-11 17:42:51,456 - INFO - Found 50 roll numbers for course: MA220
2025-05-11 17:42:51,457 - INFO - Found 32 roll numbers for course: MM206
2025-05-11 17:42:51,459 - INFO - Found 30 roll numbers for course: MA428
2025-05-11 17:42:51,461 - INFO - Found 29 roll numbers for course: MM306
2025-05-11 17:42:51,464 - INFO - Found 28 roll numbers for course: PH420
2025-05-11 17:42:51,465 - INFO - Found 26 roll numbers for course: CH428
2025-05-11 17:42:51,466 - INFO - Found 24 roll numbers for course: EP202
2025-05-11 17:42:51,468 - INFO - Found 23 roll numbers for course: MA533
2025-05-11 17:42:51,468 - INFO - Allocation for CS259 in B-001 with 70 students
2025-05-11 17:42:51,468 - WARNING - Found 70 roll numbers with no matching names in roll_names file for course CS259
2025-05-11 17:42:51,468 - WARNING - Sample missing roll numbers: ['1401AI02', '1401AI04', '1401AI05', '1401AI06', '1401AI07']
2025-05-11 17:42:51,476 - INFO - Generated: seating_arrangements\03_05_2016_CS259_B-001_morning.xlsx
2025-05-11 17:42:51,478 - INFO - Allocation for CS259 in B-101 with 61 students
2025-05-11 17:42:51,478 - WARNING - Found 61 roll numbers with no matching names in roll_names file for course CS259
2025-05-11 17:42:51,478 - WARNING - Sample missing roll numbers: ['1401CS31', '1401CS32', '1401CS33', '1401CS34', '1401CS35']
2025-05-11 17:42:51,487 - INFO - Generated: seating_arrangements\03_05_2016_CS259_B-101_morning.xlsx
2025-05-11 17:42:51,487 - INFO - Allocation for EE205 in B-101 with 9 students
2025-05-11 17:42:51,487 - WARNING - Found 9 roll numbers with no matching names in roll_names file for course EE205
2025-05-11 17:42:51,487 - WARNING - Sample missing roll numbers: ['1401EE01', '1401EE02', '1401EE03', '1401EE04', '1401EE06']
2025-05-11 17:42:51,494 - INFO - Generated: seating_arrangements\03_05_2016_EE205_B-101_morning.xlsx
2025-05-11 17:42:51,494 - INFO - Allocation for EE205 in B-002 with 70 students
2025-05-11 17:42:51,494 - WARNING - Found 70 roll numbers with no matching names in roll_names file for course EE205
2025-05-11 17:42:51,494 - WARNING - Sample missing roll numbers: ['1401EE12', '1401EE14', '1401EE15', '1401EE16', '1401EE17']
2025-05-11 17:42:51,504 - INFO - Generated: seating_arrangements\03_05_2016_EE205_B-002_morning.xlsx
2025-05-11 17:42:51,504 - INFO - Allocation for EE205 in B-003 with 10 students
2025-05-11 17:42:51,505 - WARNING - Found 10 roll numbers with no matching names in roll_names file for course EE205
2025-05-11 17:42:51,505 - WARNING - Sample missing roll numbers: ['1401EE90', '1401EE91', '1401EE92', '1401EE93', '1401EE94']
2025-05-11 17:42:51,511 - INFO - Generated: seating_arrangements\03_05_2016_EE205_B-003_morning.xlsx
2025-05-11 17:42:51,511 - INFO - Allocation for EE341 in B-003 with 60 students
2025-05-11 17:42:51,511 - WARNING - Found 60 roll numbers with no matching names in roll_names file for course EE341
2025-05-11 17:42:51,511 - WARNING - Sample missing roll numbers: ['1301EE01', '1301EE03', '1301EE04', '1301EE05', '1301EE06']
2025-05-11 17:42:51,519 - INFO - Generated: seating_arrangements\03_05_2016_EE341_B-003_morning.xlsx
2025-05-11 17:42:51,520 - INFO - Allocation for EE341 in B-103 with 26 students
2025-05-11 17:42:51,520 - WARNING - Found 26 roll numbers with no matching names in roll_names file for course EE341
2025-05-11 17:42:51,520 - WARNING - Sample missing roll numbers: ['1301EE67', '1301EE68', '1301EE69', '1301EE70', '1301EE73']
2025-05-11 17:42:51,527 - INFO - Generated: seating_arrangements\03_05_2016_EE341_B-103_morning.xlsx
2025-05-11 17:42:51,527 - INFO - Allocation for ME314 in B-103 with 44 students
2025-05-11 17:42:51,527 - WARNING - Found 44 roll numbers with no matching names in roll_names file for course ME314
2025-05-11 17:42:51,527 - WARNING - Sample missing roll numbers: ['1301ME01', '1301ME02', '1301ME03', '1301ME04', '1301ME05']
2025-05-11 17:42:51,536 - INFO - Generated: seating_arrangements\03_05_2016_ME314_B-103_morning.xlsx
2025-05-11 17:42:51,536 - INFO - Allocation for ME314 in 10502 with 34 students
2025-05-11 17:42:51,536 - WARNING - Found 34 roll numbers with no matching names in roll_names file for course ME314
2025-05-11 17:42:51,536 - WARNING - Sample missing roll numbers: ['1301ME49', '1301ME50', '1301ME51', '1301ME52', '1301ME53']
2025-05-11 17:42:51,545 - INFO - Generated: seating_arrangements\03_05_2016_ME314_10502_morning.xlsx
2025-05-11 17:42:51,545 - INFO - Allocation for ME216 in 10502 with 56 students
2025-05-11 17:42:51,545 - WARNING - Found 56 roll numbers with no matching names in roll_names file for course ME216
2025-05-11 17:42:51,545 - WARNING - Sample missing roll numbers: ['1401ME01', '1401ME02', '1401ME03', '1401ME04', '1401ME05']
2025-05-11 17:42:51,553 - INFO - Generated: seating_arrangements\03_05_2016_ME216_10502_morning.xlsx
2025-05-11 17:42:51,554 - INFO - Allocation for ME216 in 6101 with 14 students
2025-05-11 17:42:51,554 - WARNING - Found 14 roll numbers with no matching names in roll_names file for course ME216
2025-05-11 17:42:51,554 - WARNING - Sample missing roll numbers: ['1401ME70', '1401ME71', '1401ME72', '1401ME73', '1401ME74']
2025-05-11 17:42:51,561 - INFO - Generated: seating_arrangements\03_05_2016_ME216_6101_morning.xlsx
2025-05-11 17:42:51,561 - INFO - Allocation for CB206 in 6101 with 16 students
2025-05-11 17:42:51,561 - WARNING - Found 16 roll numbers with no matching names in roll_names file for course CB206
2025-05-11 17:42:51,561 - WARNING - Sample missing roll numbers: ['1401CB01', '1401CB02', '1401CB03', '1401CB05', '1401CB07']
2025-05-11 17:42:51,568 - INFO - Generated: seating_arrangements\03_05_2016_CB206_6101_morning.xlsx
2025-05-11 17:42:51,568 - INFO - Allocation for CB206 in 6102 with 40 students
2025-05-11 17:42:51,568 - WARNING - Found 40 roll numbers with no matching names in roll_names file for course CB206
2025-05-11 17:42:51,568 - WARNING - Sample missing roll numbers: ['1401CB23', '1401CB24', '1401CB25', '1401CB26', '1401CB28']
2025-05-11 17:42:51,577 - INFO - Generated: seating_arrangements\03_05_2016_CB206_6102_morning.xlsx
2025-05-11 17:42:51,577 - INFO - Allocation for CE218 in 6102 with 32 students
2025-05-11 17:42:51,577 - WARNING - Found 32 roll numbers with no matching names in roll_names file for course CE218
2025-05-11 17:42:51,577 - WARNING - Sample missing roll numbers: ['1401CE03', '1401CE04', '1401CE05', '1401CE06', '1401CE07']
2025-05-11 17:42:51,584 - INFO - Generated: seating_arrangements\03_05_2016_CE218_6102_morning.xlsx
2025-05-11 17:42:51,585 - INFO - Allocation for CE218 in 6103 with 22 students
2025-05-11 17:42:51,585 - WARNING - Found 22 roll numbers with no matching names in roll_names file for course CE218
2025-05-11 17:42:51,585 - WARNING - Sample missing roll numbers: ['1401CE41', '1401CE42', '1401CE43', '1401CE44', '1401CE45']
2025-05-11 17:42:51,592 - INFO - Generated: seating_arrangements\03_05_2016_CE218_6103_morning.xlsx
2025-05-11 17:42:51,592 - INFO - Allocation for CB304 in 6103 with 8 students
2025-05-11 17:42:51,592 - WARNING - Found 8 roll numbers with no matching names in roll_names file for course CB304
2025-05-11 17:42:51,592 - WARNING - Sample missing roll numbers: ['1301CB01', '1301CB02', '1301CB03', '1301CB04', '1301CB05']
2025-05-11 17:42:51,599 - INFO - Generated: seating_arrangements\03_05_2016_CB304_6103_morning.xlsx
2025-05-11 17:42:51,599 - INFO - Allocation for CB304 in 6104 with 46 students
2025-05-11 17:42:51,599 - WARNING - Found 46 roll numbers with no matching names in roll_names file for course CB304
2025-05-11 17:42:51,599 - WARNING - Sample missing roll numbers: ['1301CB10', '1301CB11', '1301CB13', '1301CB15', '1301CB17']
2025-05-11 17:42:51,606 - INFO - Generated: seating_arrangements\03_05_2016_CB304_6104_morning.xlsx
2025-05-11 17:42:51,607 - INFO - Allocation for MA220 in 6104 with 26 students
2025-05-11 17:42:51,607 - WARNING - Found 26 roll numbers with no matching names in roll_names file for course MA220
2025-05-11 17:42:51,607 - WARNING - Sample missing roll numbers: ['1401MC01', '1401MC02', '1401MC04', '1401MC05', '1401MC06']
2025-05-11 17:42:51,615 - INFO - Generated: seating_arrangements\03_05_2016_MA220_6104_morning.xlsx
2025-05-11 17:42:51,615 - INFO - Allocation for MA220 in 6105 with 24 students
2025-05-11 17:42:51,615 - WARNING - Found 24 roll numbers with no matching names in roll_names file for course MA220
2025-05-11 17:42:51,615 - WARNING - Sample missing roll numbers: ['1401MC30', '1401MC31', '1401MC32', '1401MC33', '1401MC34']
2025-05-11 17:42:51,622 - INFO - Generated: seating_arrangements\03_05_2016_MA220_6105_morning.xlsx
2025-05-11 17:42:51,622 - INFO - Allocation for MM206 in 6105 with 6 students
2025-05-11 17:42:51,622 - WARNING - Found 6 roll numbers with no matching names in roll_names file for course MM206
2025-05-11 17:42:51,622 - WARNING - Sample missing roll numbers: ['1401MM01', '1401MM02', '1401MM03', '1401MM04', '1401MM06']
2025-05-11 17:42:51,628 - INFO - Generated: seating_arrangements\03_05_2016_MM206_6105_morning.xlsx
2025-05-11 17:42:51,628 - INFO - Allocation for MM206 in 6106 with 26 students
2025-05-11 17:42:51,628 - WARNING - Found 26 roll numbers with no matching names in roll_names file for course MM206
2025-05-11 17:42:51,628 - WARNING - Sample missing roll numbers: ['1401MM09', '1401MM10', '1401MM11', '1401MM12', '1401MM14']
2025-05-11 17:42:51,637 - INFO - Generated: seating_arrangements\03_05_2016_MM206_6106_morning.xlsx
2025-05-11 17:42:51,637 - INFO - Allocation for MA428 in 6106 with 4 students
2025-05-11 17:42:51,637 - WARNING - Found 4 roll numbers with no matching names in roll_names file for course MA428
2025-05-11 17:42:51,637 - WARNING - Sample missing roll numbers: ['1312MA09', '1512MA01', '1512MA02', '1512MA03']
2025-05-11 17:42:51,643 - INFO - Generated: seating_arrangements\03_05_2016_MA428_6106_morning.xlsx
2025-05-11 17:42:51,644 - INFO - Allocation for MA428 in 6107 with 26 students
2025-05-11 17:42:51,644 - WARNING - Found 26 roll numbers with no matching names in roll_names file for course MA428
2025-05-11 17:42:51,644 - WARNING - Sample missing roll numbers: ['1512MA05', '1512MA06', '1512MA07', '1512MA08', '1512MA09']
2025-05-11 17:42:51,652 - INFO - Generated: seating_arrangements\03_05_2016_MA428_6107_morning.xlsx
2025-05-11 17:42:51,653 - INFO - Allocation for MM306 in 6107 with 29 students
2025-05-11 17:42:51,653 - WARNING - Found 29 roll numbers with no matching names in roll_names file for course MM306
2025-05-11 17:42:51,653 - WARNING - Sample missing roll numbers: ['1301MM01', '1301MM03', '1301MM04', '1301MM05', '1301MM07']
2025-05-11 17:42:51,660 - INFO - Generated: seating_arrangements\03_05_2016_MM306_6107_morning.xlsx
2025-05-11 17:42:51,660 - INFO - Allocation for PH420 in 6107 with 17 students
2025-05-11 17:42:51,660 - WARNING - Found 17 roll numbers with no matching names in roll_names file for course PH420
2025-05-11 17:42:51,661 - WARNING - Sample missing roll numbers: ['1512PH02', '1512PH03', '1512PH04', '1512PH06', '1512PH07']
2025-05-11 17:42:51,670 - INFO - Generated: seating_arrangements\03_05_2016_PH420_6107_morning.xlsx
2025-05-11 17:42:51,671 - INFO - Allocation for PH420 in 6108 with 11 students
2025-05-11 17:42:51,671 - WARNING - Found 11 roll numbers with no matching names in roll_names file for course PH420
2025-05-11 17:42:51,671 - WARNING - Sample missing roll numbers: ['1512PH26', '1512PH27', '1512PH28', '1512PH29', '1512PH30']
2025-05-11 17:42:51,679 - INFO - Generated: seating_arrangements\03_05_2016_PH420_6108_morning.xlsx
2025-05-11 17:42:51,679 - INFO - Allocation for CH428 in 6108 with 19 students
2025-05-11 17:42:51,679 - WARNING - Found 19 roll numbers with no matching names in roll_names file for course CH428
2025-05-11 17:42:51,679 - WARNING - Sample missing roll numbers: ['1512CH01', '1512CH04', '1512CH06', '1512CH11', '1512CH12']
2025-05-11 17:42:51,687 - INFO - Generated: seating_arrangements\03_05_2016_CH428_6108_morning.xlsx
2025-05-11 17:42:51,687 - INFO - Allocation for CH428 in 6109 with 7 students
2025-05-11 17:42:51,687 - WARNING - Found 7 roll numbers with no matching names in roll_names file for course CH428
2025-05-11 17:42:51,687 - WARNING - Sample missing roll numbers: ['1512CH37', '1512CH38', '1512CH39', '1512CH40', '1512CH41']
2025-05-11 17:42:51,694 - INFO - Generated: seating_arrangements\03_05_2016_CH428_6109_morning.xlsx
2025-05-11 17:42:51,695 - INFO - Allocation for EP202 in 6109 with 24 students
2025-05-11 17:42:51,695 - WARNING - Found 24 roll numbers with no matching names in roll_names file for course EP202
2025-05-11 17:42:51,696 - WARNING - Sample missing roll numbers: ['1401PH03', '1401PH04', '1401PH05', '1401PH06', '1401PH07']
2025-05-11 17:42:51,705 - INFO - Generated: seating_arrangements\03_05_2016_EP202_6109_morning.xlsx
2025-05-11 17:42:51,705 - INFO - Allocation for MA533 in 6109 with 23 students
2025-05-11 17:42:51,706 - WARNING - Found 23 roll numbers with no matching names in roll_names file for course MA533
2025-05-11 17:42:51,706 - WARNING - Sample missing roll numbers: ['1412MA01', '1412MA02', '1412MA03', '1412MA05', '1412MA06']
2025-05-11 17:42:51,714 - INFO - Generated: seating_arrangements\03_05_2016_MA533_6109_morning.xlsx
2025-05-11 17:42:51,714 - INFO - Processing 2016-05-04 00:00:00 - Evening session
2025-05-11 17:42:51,716 - INFO - Found 30 roll numbers for course: CS547
2025-05-11 17:42:51,721 - INFO - Found 120 roll numbers for course: CS568
2025-05-11 17:42:51,723 - INFO - Found 27 roll numbers for course: CE545
2025-05-11 17:42:51,727 - INFO - Found 59 roll numbers for course: CH607
2025-05-11 17:42:51,729 - INFO - Found 14 roll numbers for course: ME567
2025-05-11 17:42:51,732 - INFO - Found 59 roll numbers for course: ME547
2025-05-11 17:42:51,734 - INFO - Found 21 roll numbers for course: ME552
2025-05-11 17:42:51,735 - INFO - Found 18 roll numbers for course: EE560
2025-05-11 17:42:51,738 - INFO - Found 49 roll numbers for course: MM510
2025-05-11 17:42:51,741 - INFO - Found 48 roll numbers for course: CB502
2025-05-11 17:42:51,744 - INFO - Found 26 roll numbers for course: MA522
2025-05-11 17:42:51,745 - INFO - Found 8 roll numbers for course: PH703
2025-05-11 17:42:51,748 - INFO - Found 56 roll numbers for course: CE324
2025-05-11 17:42:51,750 - INFO - Found 30 roll numbers for course: CS547
2025-05-11 17:42:51,755 - INFO - Found 120 roll numbers for course: CS568
2025-05-11 17:42:51,757 - INFO - Found 27 roll numbers for course: CE545
2025-05-11 17:42:51,760 - INFO - Found 59 roll numbers for course: CH607
2025-05-11 17:42:51,762 - INFO - Found 14 roll numbers for course: ME567
2025-05-11 17:42:51,765 - INFO - Found 59 roll numbers for course: ME547
2025-05-11 17:42:51,766 - INFO - Found 21 roll numbers for course: ME552
2025-05-11 17:42:51,768 - INFO - Found 18 roll numbers for course: EE560
2025-05-11 17:42:51,771 - INFO - Found 49 roll numbers for course: MM510
2025-05-11 17:42:51,774 - INFO - Found 48 roll numbers for course: CB502
2025-05-11 17:42:51,776 - INFO - Found 26 roll numbers for course: MA522
2025-05-11 17:42:51,777 - INFO - Found 8 roll numbers for course: PH703
2025-05-11 17:42:51,780 - INFO - Found 56 roll numbers for course: CE324
2025-05-11 17:42:51,787 - INFO - Found 120 roll numbers for course: CS568
2025-05-11 17:42:51,790 - INFO - Found 59 roll numbers for course: CH607
2025-05-11 17:42:51,793 - INFO - Found 59 roll numbers for course: ME547
2025-05-11 17:42:51,796 - INFO - Found 56 roll numbers for course: CE324
2025-05-11 17:42:51,799 - INFO - Found 49 roll numbers for course: MM510
2025-05-11 17:42:51,802 - INFO - Found 48 roll numbers for course: CB502
2025-05-11 17:42:51,804 - INFO - Found 30 roll numbers for course: CS547
2025-05-11 17:42:51,806 - INFO - Found 27 roll numbers for course: CE545
2025-05-11 17:42:51,808 - INFO - Found 26 roll numbers for course: MA522
2025-05-11 17:42:51,809 - INFO - Found 21 roll numbers for course: ME552
2025-05-11 17:42:51,811 - INFO - Found 18 roll numbers for course: EE560
2025-05-11 17:42:51,812 - INFO - Found 14 roll numbers for course: ME567
2025-05-11 17:42:51,813 - INFO - Found 8 roll numbers for course: PH703
2025-05-11 17:42:51,814 - INFO - Allocation for CS568 in B-001 with 70 students
2025-05-11 17:42:51,814 - WARNING - Found 70 roll numbers with no matching names in roll_names file for course CS568
2025-05-11 17:42:51,814 - WARNING - Sample missing roll numbers: ['1201CS01', '1201CS03', '1201CS04', '1201CS07', '1201CS10']
2025-05-11 17:42:51,825 - INFO - Generated: seating_arrangements\04_05_2016_CS568_B-001_evening.xlsx
2025-05-11 17:42:51,825 - INFO - Allocation for CS568 in B-101 with 50 students
2025-05-11 17:42:51,825 - WARNING - Found 50 roll numbers with no matching names in roll_names file for course CS568
2025-05-11 17:42:51,825 - WARNING - Sample missing roll numbers: ['1511AI24', '1511AI26', '1511AI27', '1511AI28', '1511AI29']
2025-05-11 17:42:51,834 - INFO - Generated: seating_arrangements\04_05_2016_CS568_B-101_evening.xlsx
2025-05-11 17:42:51,834 - INFO - Allocation for CH607 in B-101 with 20 students
2025-05-11 17:42:51,835 - WARNING - Found 20 roll numbers with no matching names in roll_names file for course CH607
2025-05-11 17:42:51,835 - WARNING - Sample missing roll numbers: ['1121CH05', '1121CH07', '1121CH08', '1121CH12', '1121CH13']
2025-05-11 17:42:51,842 - INFO - Generated: seating_arrangements\04_05_2016_CH607_B-101_evening.xlsx
2025-05-11 17:42:51,843 - INFO - Allocation for CH607 in B-002 with 39 students
2025-05-11 17:42:51,843 - WARNING - Found 39 roll numbers with no matching names in roll_names file for course CH607
2025-05-11 17:42:51,843 - WARNING - Sample missing roll numbers: ['1412CH06', '1412CH07', '1412CH09', '1412CH10', '1412CH11']
2025-05-11 17:42:51,851 - INFO - Generated: seating_arrangements\04_05_2016_CH607_B-002_evening.xlsx
2025-05-11 17:42:51,851 - INFO - Allocation for ME547 in B-002 with 31 students
2025-05-11 17:42:51,852 - WARNING - Found 31 roll numbers with no matching names in roll_names file for course ME547
2025-05-11 17:42:51,852 - WARNING - Sample missing roll numbers: ['1201ME03', '1201ME04', '1201ME06', '1201ME10', '1201ME13']
2025-05-11 17:42:51,859 - INFO - Generated: seating_arrangements\04_05_2016_ME547_B-002_evening.xlsx
2025-05-11 17:42:51,859 - INFO - Allocation for ME547 in B-003 with 28 students
2025-05-11 17:42:51,859 - WARNING - Found 28 roll numbers with no matching names in roll_names file for course ME547
2025-05-11 17:42:51,859 - WARNING - Sample missing roll numbers: ['1201ME50', '1201ME52', '1201ME53', '1201ME55', '1201ME56']
2025-05-11 17:42:51,868 - INFO - Generated: seating_arrangements\04_05_2016_ME547_B-003_evening.xlsx
2025-05-11 17:42:51,868 - INFO - Allocation for CE324 in B-003 with 42 students
2025-05-11 17:42:51,868 - WARNING - Found 42 roll numbers with no matching names in roll_names file for course CE324
2025-05-11 17:42:51,869 - WARNING - Sample missing roll numbers: ['1301CE01', '1301CE02', '1301CE04', '1301CE06', '1301CE07']
2025-05-11 17:42:51,877 - INFO - Generated: seating_arrangements\04_05_2016_CE324_B-003_evening.xlsx
2025-05-11 17:42:51,877 - INFO - Allocation for CE324 in B-103 with 14 students
2025-05-11 17:42:51,877 - WARNING - Found 14 roll numbers with no matching names in roll_names file for course CE324
2025-05-11 17:42:51,878 - WARNING - Sample missing roll numbers: ['1301CE51', '1301CE52', '1301CE53', '1301CE55', '1301CE57']
2025-05-11 17:42:51,885 - INFO - Generated: seating_arrangements\04_05_2016_CE324_B-103_evening.xlsx
2025-05-11 17:42:51,885 - INFO - Allocation for MM510 in B-103 with 49 students
2025-05-11 17:42:51,885 - WARNING - Found 49 roll numbers with no matching names in roll_names file for course MM510
2025-05-11 17:42:51,886 - WARNING - Sample missing roll numbers: ['1201MM01', '1201MM02', '1201MM03', '1201MM04', '1201MM05']
2025-05-11 17:42:51,894 - INFO - Generated: seating_arrangements\04_05_2016_MM510_B-103_evening.xlsx
2025-05-11 17:42:51,894 - INFO - Allocation for CB502 in B-103 with 7 students
2025-05-11 17:42:51,894 - WARNING - Found 7 roll numbers with no matching names in roll_names file for course CB502
2025-05-11 17:42:51,895 - WARNING - Sample missing roll numbers: ['1201CB02', '1201CB03', '1201CB04', '1201CB06', '1201CB07']
2025-05-11 17:42:51,901 - INFO - Generated: seating_arrangements\04_05_2016_CB502_B-103_evening.xlsx
2025-05-11 17:42:51,902 - INFO - Allocation for CB502 in 10502 with 41 students
2025-05-11 17:42:51,902 - WARNING - Found 41 roll numbers with no matching names in roll_names file for course CB502
2025-05-11 17:42:51,902 - WARNING - Sample missing roll numbers: ['1201CB10', '1201CB11', '1201CB13', '1201CB14', '1201CB16']
2025-05-11 17:42:51,911 - INFO - Generated: seating_arrangements\04_05_2016_CB502_10502_evening.xlsx
2025-05-11 17:42:51,911 - INFO - Allocation for CS547 in 10502 with 30 students
2025-05-11 17:42:51,912 - WARNING - Found 30 roll numbers with no matching names in roll_names file for course CS547
2025-05-11 17:42:51,912 - WARNING - Sample missing roll numbers: ['1201CS02', '1201CS06', '1201CS08', '1201CS09', '1201CS13']
2025-05-11 17:42:51,921 - INFO - Generated: seating_arrangements\04_05_2016_CS547_10502_evening.xlsx
2025-05-11 17:42:51,921 - INFO - Allocation for CE545 in 10502 with 19 students
2025-05-11 17:42:51,921 - WARNING - Found 19 roll numbers with no matching names in roll_names file for course CE545
2025-05-11 17:42:51,921 - WARNING - Sample missing roll numbers: ['1511CE03', '1511CE05', '1511CE06', '1511CE09', '1511CE11']
2025-05-11 17:42:51,928 - INFO - Generated: seating_arrangements\04_05_2016_CE545_10502_evening.xlsx
2025-05-11 17:42:51,928 - INFO - Allocation for CE545 in 6101 with 8 students
2025-05-11 17:42:51,929 - WARNING - Found 8 roll numbers with no matching names in roll_names file for course CE545
2025-05-11 17:42:51,929 - WARNING - Sample missing roll numbers: ['1511CE36', '1511CE37', '1511CE38', '1511CE40', '1511CE41']
2025-05-11 17:42:51,935 - INFO - Generated: seating_arrangements\04_05_2016_CE545_6101_evening.xlsx
2025-05-11 17:42:51,936 - INFO - Allocation for MA522 in 6101 with 22 students
2025-05-11 17:42:51,936 - WARNING - Found 22 roll numbers with no matching names in roll_names file for course MA522
2025-05-11 17:42:51,936 - WARNING - Sample missing roll numbers: ['1312MA16', '1412MA01', '1412MA02', '1412MA03', '1412MA05']
2025-05-11 17:42:51,944 - INFO - Generated: seating_arrangements\04_05_2016_MA522_6101_evening.xlsx
2025-05-11 17:42:51,944 - INFO - Allocation for MA522 in 6102 with 4 students
2025-05-11 17:42:51,944 - WARNING - Found 4 roll numbers with no matching names in roll_names file for course MA522
2025-05-11 17:42:51,945 - WARNING - Sample missing roll numbers: ['1412MA25', '1412MA26', '1412MA27', '1412MA29']
2025-05-11 17:42:51,952 - INFO - Generated: seating_arrangements\04_05_2016_MA522_6102_evening.xlsx
2025-05-11 17:42:51,953 - INFO - Allocation for ME552 in 6102 with 21 students
2025-05-11 17:42:51,953 - WARNING - Found 21 roll numbers with no matching names in roll_names file for course ME552
2025-05-11 17:42:51,953 - WARNING - Sample missing roll numbers: ['1201ME07', '1201ME11', '1201ME12', '1201ME17', '1201ME23']
2025-05-11 17:42:51,961 - INFO - Generated: seating_arrangements\04_05_2016_ME552_6102_evening.xlsx
2025-05-11 17:42:51,961 - INFO - Allocation for EE560 in 6102 with 18 students
2025-05-11 17:42:51,961 - WARNING - Found 18 roll numbers with no matching names in roll_names file for course EE560
2025-05-11 17:42:51,961 - WARNING - Sample missing roll numbers: ['1511EE01', '1511EE03', '1511EE04', '1511EE05', '1511EE06']
2025-05-11 17:42:51,972 - INFO - Generated: seating_arrangements\04_05_2016_EE560_6102_evening.xlsx
2025-05-11 17:42:51,972 - INFO - Allocation for ME567 in 6102 with 14 students
2025-05-11 17:42:51,972 - WARNING - Found 14 roll numbers with no matching names in roll_names file for course ME567
2025-05-11 17:42:51,973 - WARNING - Sample missing roll numbers: ['1201ME01', '1201ME08', '1511ME09', '1511ME11', '1511ME15']
2025-05-11 17:42:51,982 - INFO - Generated: seating_arrangements\04_05_2016_ME567_6102_evening.xlsx
2025-05-11 17:42:51,983 - INFO - Allocation for PH703 in 6102 with 8 students
2025-05-11 17:42:51,983 - WARNING - Found 8 roll numbers with no matching names in roll_names file for course PH703
2025-05-11 17:42:51,983 - WARNING - Sample missing roll numbers: ['1521PH22', '1521PH23', '1521PH26', '1521PH27', '1521PH29']
2025-05-11 17:42:51,989 - INFO - Generated: seating_arrangements\04_05_2016_PH703_6102_evening.xlsx
2025-05-11 17:42:51,989 - INFO - Processing 2016-05-04 00:00:00 - Morning session
2025-05-11 17:42:51,991 - INFO - Found 13 roll numbers for course: HS716
2025-05-11 17:42:51,995 - INFO - Found 91 roll numbers for course: CS209
2025-05-11 17:42:51,997 - INFO - Found 30 roll numbers for course: MA430
2025-05-11 17:42:52,000 - INFO - Found 55 roll numbers for course: CE220
2025-05-11 17:42:52,004 - INFO - Found 70 roll numbers for course: ME214
2025-05-11 17:42:52,008 - INFO - Found 89 roll numbers for course: EE280
2025-05-11 17:42:52,012 - INFO - Found 86 roll numbers for course: EE382
2025-05-11 17:42:52,014 - INFO - Found 32 roll numbers for course: MM204
2025-05-11 17:42:52,016 - INFO - Found 28 roll numbers for course: PH428
2025-05-11 17:42:52,017 - INFO - Found 18 roll numbers for course: PH608
2025-05-11 17:42:52,020 - INFO - Found 24 roll numbers for course: EP204
2025-05-11 17:42:52,023 - INFO - Found 56 roll numbers for course: CB208
2025-05-11 17:42:52,025 - INFO - Found 54 roll numbers for course: CB424
2025-05-11 17:42:52,027 - INFO - Found 26 roll numbers for course: CH424
2025-05-11 17:42:52,030 - INFO - Found 50 roll numbers for course: MA216
2025-05-11 17:42:52,032 - INFO - Found 13 roll numbers for course: HS716
2025-05-11 17:42:52,037 - INFO - Found 91 roll numbers for course: CS209
2025-05-11 17:42:52,039 - INFO - Found 30 roll numbers for course: MA430
2025-05-11 17:42:52,042 - INFO - Found 55 roll numbers for course: CE220
2025-05-11 17:42:52,045 - INFO - Found 70 roll numbers for course: ME214
2025-05-11 17:42:52,050 - INFO - Found 89 roll numbers for course: EE280
2025-05-11 17:42:52,053 - INFO - Found 86 roll numbers for course: EE382
2025-05-11 17:42:52,055 - INFO - Found 32 roll numbers for course: MM204
2025-05-11 17:42:52,057 - INFO - Found 28 roll numbers for course: PH428
2025-05-11 17:42:52,059 - INFO - Found 18 roll numbers for course: PH608
2025-05-11 17:42:52,061 - INFO - Found 24 roll numbers for course: EP204
2025-05-11 17:42:52,064 - INFO - Found 56 roll numbers for course: CB208
2025-05-11 17:42:52,068 - INFO - Found 54 roll numbers for course: CB424
2025-05-11 17:42:52,070 - INFO - Found 26 roll numbers for course: CH424
2025-05-11 17:42:52,073 - INFO - Found 50 roll numbers for course: MA216
2025-05-11 17:42:52,078 - INFO - Found 91 roll numbers for course: CS209
2025-05-11 17:42:52,083 - INFO - Found 89 roll numbers for course: EE280
2025-05-11 17:42:52,087 - INFO - Found 86 roll numbers for course: EE382
2025-05-11 17:42:52,090 - INFO - Found 70 roll numbers for course: ME214
2025-05-11 17:42:52,093 - INFO - Found 56 roll numbers for course: CB208
2025-05-11 17:42:52,097 - INFO - Found 55 roll numbers for course: CE220
2025-05-11 17:42:52,100 - INFO - Found 54 roll numbers for course: CB424
2025-05-11 17:42:52,103 - INFO - Found 50 roll numbers for course: MA216
2025-05-11 17:42:52,105 - INFO - Found 32 roll numbers for course: MM204
2025-05-11 17:42:52,106 - INFO - Found 30 roll numbers for course: MA430
2025-05-11 17:42:52,108 - INFO - Found 28 roll numbers for course: PH428
2025-05-11 17:42:52,110 - INFO - Found 26 roll numbers for course: CH424
2025-05-11 17:42:52,112 - INFO - Found 24 roll numbers for course: EP204
2025-05-11 17:42:52,114 - INFO - Found 18 roll numbers for course: PH608
2025-05-11 17:42:52,116 - INFO - Found 13 roll numbers for course: HS716
2025-05-11 17:42:52,116 - INFO - Allocation for CS209 in B-001 with 70 students
2025-05-11 17:42:52,116 - WARNING - Found 70 roll numbers with no matching names in roll_names file for course CS209
2025-05-11 17:42:52,116 - WARNING - Sample missing roll numbers: ['1401CS01', '1401CS02', '1401CS03', '1401CS04', '1401CS05']
2025-05-11 17:42:52,125 - INFO - Generated: seating_arrangements\04_05_2016_CS209_B-001_morning.xlsx
2025-05-11 17:42:52,126 - INFO - Allocation for CS209 in B-101 with 21 students
2025-05-11 17:42:52,126 - WARNING - Found 21 roll numbers with no matching names in roll_names file for course CS209
2025-05-11 17:42:52,126 - WARNING - Sample missing roll numbers: ['1401CS71', '1401CS72', '1401CS73', '1401CS74', '1401CS75']
2025-05-11 17:42:52,134 - INFO - Generated: seating_arrangements\04_05_2016_CS209_B-101_morning.xlsx
2025-05-11 17:42:52,134 - INFO - Allocation for EE280 in B-101 with 49 students
2025-05-11 17:42:52,134 - WARNING - Found 49 roll numbers with no matching names in roll_names file for course EE280
2025-05-11 17:42:52,134 - WARNING - Sample missing roll numbers: ['1401EE01', '1401EE02', '1401EE03', '1401EE04', '1401EE06']
2025-05-11 17:42:52,142 - INFO - Generated: seating_arrangements\04_05_2016_EE280_B-101_morning.xlsx
2025-05-11 17:42:52,142 - INFO - Allocation for EE280 in B-002 with 40 students
2025-05-11 17:42:52,143 - WARNING - Found 40 roll numbers with no matching names in roll_names file for course EE280
2025-05-11 17:42:52,143 - WARNING - Sample missing roll numbers: ['1401EE56', '1401EE57', '1401EE58', '1401EE59', '1401EE60']
2025-05-11 17:42:52,152 - INFO - Generated: seating_arrangements\04_05_2016_EE280_B-002_morning.xlsx
2025-05-11 17:42:52,152 - INFO - Allocation for EE382 in B-002 with 30 students
2025-05-11 17:42:52,152 - WARNING - Found 30 roll numbers with no matching names in roll_names file for course EE382
2025-05-11 17:42:52,152 - WARNING - Sample missing roll numbers: ['1301EE01', '1301EE03', '1301EE04', '1301EE05', '1301EE06']
2025-05-11 17:42:52,160 - INFO - Generated: seating_arrangements\04_05_2016_EE382_B-002_morning.xlsx
2025-05-11 17:42:52,160 - INFO - Allocation for EE382 in B-003 with 56 students
2025-05-11 17:42:52,161 - WARNING - Found 56 roll numbers with no matching names in roll_names file for course EE382
2025-05-11 17:42:52,161 - WARNING - Sample missing roll numbers: ['1301EE34', '1301EE35', '1301EE36', '1301EE37', '1301EE38']
2025-05-11 17:42:52,169 - INFO - Generated: seating_arrangements\04_05_2016_EE382_B-003_morning.xlsx
2025-05-11 17:42:52,169 - INFO - Allocation for ME214 in B-003 with 14 students
2025-05-11 17:42:52,169 - WARNING - Found 14 roll numbers with no matching names in roll_names file for course ME214
2025-05-11 17:42:52,169 - WARNING - Sample missing roll numbers: ['1401ME01', '1401ME02', '1401ME03', '1401ME04', '1401ME05']
2025-05-11 17:42:52,176 - INFO - Generated: seating_arrangements\04_05_2016_ME214_B-003_morning.xlsx
2025-05-11 17:42:52,176 - INFO - Allocation for ME214 in B-103 with 56 students
2025-05-11 17:42:52,176 - WARNING - Found 56 roll numbers with no matching names in roll_names file for course ME214
2025-05-11 17:42:52,177 - WARNING - Sample missing roll numbers: ['1401ME17', '1401ME20', '1401ME21', '1401ME22', '1401ME23']
2025-05-11 17:42:52,185 - INFO - Generated: seating_arrangements\04_05_2016_ME214_B-103_morning.xlsx
2025-05-11 17:42:52,186 - INFO - Allocation for CB208 in B-103 with 14 students
2025-05-11 17:42:52,186 - WARNING - Found 14 roll numbers with no matching names in roll_names file for course CB208
2025-05-11 17:42:52,186 - WARNING - Sample missing roll numbers: ['1401CB01', '1401CB02', '1401CB03', '1401CB05', '1401CB07']
2025-05-11 17:42:52,194 - INFO - Generated: seating_arrangements\04_05_2016_CB208_B-103_morning.xlsx
2025-05-11 17:42:52,194 - INFO - Allocation for CB208 in 10502 with 42 students
2025-05-11 17:42:52,194 - WARNING - Found 42 roll numbers with no matching names in roll_names file for course CB208
2025-05-11 17:42:52,194 - WARNING - Sample missing roll numbers: ['1401CB21', '1401CB22', '1401CB23', '1401CB24', '1401CB25']
2025-05-11 17:42:52,202 - INFO - Generated: seating_arrangements\04_05_2016_CB208_10502_morning.xlsx
2025-05-11 17:42:52,202 - INFO - Allocation for CE220 in 10502 with 48 students
2025-05-11 17:42:52,202 - WARNING - Found 48 roll numbers with no matching names in roll_names file for course CE220
2025-05-11 17:42:52,202 - WARNING - Sample missing roll numbers: ['1301CE06', '1401CE03', '1401CE04', '1401CE05', '1401CE06']
2025-05-11 17:42:52,211 - INFO - Generated: seating_arrangements\04_05_2016_CE220_10502_morning.xlsx
2025-05-11 17:42:52,212 - INFO - Allocation for CE220 in 6101 with 7 students
2025-05-11 17:42:52,212 - WARNING - Found 7 roll numbers with no matching names in roll_names file for course CE220
2025-05-11 17:42:52,212 - WARNING - Sample missing roll numbers: ['1401CE56', '1401CE57', '1401CE58', '1401CE60', '1401CE61']
2025-05-11 17:42:52,219 - INFO - Generated: seating_arrangements\04_05_2016_CE220_6101_morning.xlsx
2025-05-11 17:42:52,219 - INFO - Allocation for CB424 in 6101 with 23 students
2025-05-11 17:42:52,219 - WARNING - Found 23 roll numbers with no matching names in roll_names file for course CB424
2025-05-11 17:42:52,219 - WARNING - Sample missing roll numbers: ['1301CB01', '1301CB02', '1301CB03', '1301CB04', '1301CB05']
2025-05-11 17:42:52,228 - INFO - Generated: seating_arrangements\04_05_2016_CB424_6101_morning.xlsx
2025-05-11 17:42:52,228 - INFO - Allocation for CB424 in 6102 with 31 students
2025-05-11 17:42:52,228 - WARNING - Found 31 roll numbers with no matching names in roll_names file for course CB424
2025-05-11 17:42:52,228 - WARNING - Sample missing roll numbers: ['1301CB29', '1301CB30', '1301CB31', '1301CB33', '1301CB34']
2025-05-11 17:42:52,236 - INFO - Generated: seating_arrangements\04_05_2016_CB424_6102_morning.xlsx
2025-05-11 17:42:52,236 - INFO - Allocation for MA216 in 6102 with 41 students
2025-05-11 17:42:52,237 - WARNING - Found 41 roll numbers with no matching names in roll_names file for course MA216
2025-05-11 17:42:52,237 - WARNING - Sample missing roll numbers: ['1401MC01', '1401MC02', '1401MC04', '1401MC05', '1401MC06']
2025-05-11 17:42:52,248 - INFO - Generated: seating_arrangements\04_05_2016_MA216_6102_morning.xlsx
2025-05-11 17:42:52,248 - INFO - Allocation for MA216 in 6103 with 9 students
2025-05-11 17:42:52,248 - WARNING - Found 9 roll numbers with no matching names in roll_names file for course MA216
2025-05-11 17:42:52,248 - WARNING - Sample missing roll numbers: ['1401MC49', '1401MC50', '1401MC51', '1401MC53', '1401MC54']
2025-05-11 17:42:52,257 - INFO - Generated: seating_arrangements\04_05_2016_MA216_6103_morning.xlsx
2025-05-11 17:42:52,257 - INFO - Allocation for MM204 in 6103 with 21 students
2025-05-11 17:42:52,257 - WARNING - Found 21 roll numbers with no matching names in roll_names file for course MM204
2025-05-11 17:42:52,257 - WARNING - Sample missing roll numbers: ['1401MM01', '1401MM02', '1401MM03', '1401MM04', '1401MM06']
2025-05-11 17:42:52,265 - INFO - Generated: seating_arrangements\04_05_2016_MM204_6103_morning.xlsx
2025-05-11 17:42:52,266 - INFO - Allocation for MM204 in 6104 with 11 students
2025-05-11 17:42:52,266 - WARNING - Found 11 roll numbers with no matching names in roll_names file for course MM204
2025-05-11 17:42:52,266 - WARNING - Sample missing roll numbers: ['1401MM31', '1401MM34', '1401MM35', '1401MM37', '1401MM38']
2025-05-11 17:42:52,274 - INFO - Generated: seating_arrangements\04_05_2016_MM204_6104_morning.xlsx
2025-05-11 17:42:52,274 - INFO - Allocation for MA430 in 6104 with 30 students
2025-05-11 17:42:52,274 - WARNING - Found 30 roll numbers with no matching names in roll_names file for course MA430
2025-05-11 17:42:52,274 - WARNING - Sample missing roll numbers: ['1312MA09', '1512MA01', '1512MA02', '1512MA03', '1512MA05']
2025-05-11 17:42:52,282 - INFO - Generated: seating_arrangements\04_05_2016_MA430_6104_morning.xlsx
2025-05-11 17:42:52,282 - INFO - Allocation for PH428 in 6104 with 28 students
2025-05-11 17:42:52,282 - WARNING - Found 28 roll numbers with no matching names in roll_names file for course PH428
2025-05-11 17:42:52,283 - WARNING - Sample missing roll numbers: ['1512PH02', '1512PH03', '1512PH04', '1512PH06', '1512PH07']
2025-05-11 17:42:52,291 - INFO - Generated: seating_arrangements\04_05_2016_PH428_6104_morning.xlsx
2025-05-11 17:42:52,291 - INFO - Allocation for CH424 in 6104 with 3 students
2025-05-11 17:42:52,291 - WARNING - Found 3 roll numbers with no matching names in roll_names file for course CH424
2025-05-11 17:42:52,292 - WARNING - Sample missing roll numbers: ['1512CH01', '1512CH04', '1512CH06']
2025-05-11 17:42:52,299 - INFO - Generated: seating_arrangements\04_05_2016_CH424_6104_morning.xlsx
2025-05-11 17:42:52,299 - INFO - Allocation for CH424 in 6105 with 23 students
2025-05-11 17:42:52,299 - WARNING - Found 23 roll numbers with no matching names in roll_names file for course CH424
2025-05-11 17:42:52,300 - WARNING - Sample missing roll numbers: ['1512CH11', '1512CH12', '1512CH13', '1512CH14', '1512CH17']
2025-05-11 17:42:52,308 - INFO - Generated: seating_arrangements\04_05_2016_CH424_6105_morning.xlsx
2025-05-11 17:42:52,308 - INFO - Allocation for EP204 in 6105 with 7 students
2025-05-11 17:42:52,308 - WARNING - Found 7 roll numbers with no matching names in roll_names file for course EP204
2025-05-11 17:42:52,309 - WARNING - Sample missing roll numbers: ['1401PH03', '1401PH04', '1401PH05', '1401PH06', '1401PH07']
2025-05-11 17:42:52,317 - INFO - Generated: seating_arrangements\04_05_2016_EP204_6105_morning.xlsx
2025-05-11 17:42:52,317 - INFO - Allocation for EP204 in 6106 with 17 students
2025-05-11 17:42:52,317 - WARNING - Found 17 roll numbers with no matching names in roll_names file for course EP204
2025-05-11 17:42:52,317 - WARNING - Sample missing roll numbers: ['1401PH11', '1401PH12', '1401PH13', '1401PH14', '1401PH15']
2025-05-11 17:42:52,323 - INFO - Generated: seating_arrangements\04_05_2016_EP204_6106_morning.xlsx
2025-05-11 17:42:52,323 - INFO - Allocation for PH608 in 6106 with 13 students
2025-05-11 17:42:52,323 - WARNING - Found 13 roll numbers with no matching names in roll_names file for course PH608
2025-05-11 17:42:52,323 - WARNING - Sample missing roll numbers: ['1412PH01', '1412PH02', '1412PH03', '1412PH04', '1412PH05']
2025-05-11 17:42:52,331 - INFO - Generated: seating_arrangements\04_05_2016_PH608_6106_morning.xlsx
2025-05-11 17:42:52,331 - INFO - Allocation for PH608 in 6107 with 5 students
2025-05-11 17:42:52,331 - WARNING - Found 5 roll numbers with no matching names in roll_names file for course PH608
2025-05-11 17:42:52,331 - WARNING - Sample missing roll numbers: ['1412PH23', '1412PH24', '1412PH26', '1412PH29', '1412PH30']
2025-05-11 17:42:52,338 - INFO - Generated: seating_arrangements\04_05_2016_PH608_6107_morning.xlsx
2025-05-11 17:42:52,338 - INFO - Allocation for HS716 in 6107 with 13 students
2025-05-11 17:42:52,338 - WARNING - Found 13 roll numbers with no matching names in roll_names file for course HS716
2025-05-11 17:42:52,338 - WARNING - Sample missing roll numbers: ['1521HS12', '1521HS13', '1521HS14', '1521HS16', '1521HS18']
2025-05-11 17:42:52,346 - INFO - Generated: seating_arrangements\04_05_2016_HS716_6107_morning.xlsx
2025-05-11 17:42:52,347 - INFO - Processing 2016-05-05 00:00:00 - Evening session
2025-05-11 17:42:52,348 - INFO - Found 15 roll numbers for course: CE532
2025-05-11 17:42:52,349 - INFO - Found 13 roll numbers for course: CE536
2025-05-11 17:42:52,351 - INFO - Found 17 roll numbers for course: EE535
2025-05-11 17:42:52,352 - INFO - Found 13 roll numbers for course: MM520
2025-05-11 17:42:52,353 - INFO - Found 11 roll numbers for course: ME510
2025-05-11 17:42:52,355 - INFO - Found 25 roll numbers for course: MA502
2025-05-11 17:42:52,358 - INFO - Found 45 roll numbers for course: CB506
2025-05-11 17:42:52,359 - INFO - Found 16 roll numbers for course: MA536
2025-05-11 17:42:52,361 - INFO - Found 24 roll numbers for course: EP208
2025-05-11 17:42:52,363 - INFO - Found 25 roll numbers for course: PH203
2025-05-11 17:42:52,365 - INFO - Found 25 roll numbers for course: CS511
2025-05-11 17:42:52,366 - INFO - Found 15 roll numbers for course: CE526
2025-05-11 17:42:52,368 - INFO - Found 12 roll numbers for course: EE566
2025-05-11 17:42:52,369 - INFO - Found 15 roll numbers for course: CE532
2025-05-11 17:42:52,371 - INFO - Found 13 roll numbers for course: CE536
2025-05-11 17:42:52,372 - INFO - Found 17 roll numbers for course: EE535
2025-05-11 17:42:52,373 - INFO - Found 13 roll numbers for course: MM520
2025-05-11 17:42:52,375 - INFO - Found 11 roll numbers for course: ME510
2025-05-11 17:42:52,378 - INFO - Found 25 roll numbers for course: MA502
2025-05-11 17:42:52,381 - INFO - Found 45 roll numbers for course: CB506
2025-05-11 17:42:52,382 - INFO - Found 16 roll numbers for course: MA536
2025-05-11 17:42:52,384 - INFO - Found 24 roll numbers for course: EP208
2025-05-11 17:42:52,386 - INFO - Found 25 roll numbers for course: PH203
2025-05-11 17:42:52,387 - INFO - Found 25 roll numbers for course: CS511
2025-05-11 17:42:52,389 - INFO - Found 15 roll numbers for course: CE526
2025-05-11 17:42:52,390 - INFO - Found 12 roll numbers for course: EE566
2025-05-11 17:42:52,395 - INFO - Found 45 roll numbers for course: CB506
2025-05-11 17:42:52,396 - INFO - Found 25 roll numbers for course: MA502
2025-05-11 17:42:52,398 - INFO - Found 25 roll numbers for course: PH203
2025-05-11 17:42:52,400 - INFO - Found 25 roll numbers for course: CS511
2025-05-11 17:42:52,402 - INFO - Found 24 roll numbers for course: EP208
2025-05-11 17:42:52,403 - INFO - Found 17 roll numbers for course: EE535
2025-05-11 17:42:52,405 - INFO - Found 16 roll numbers for course: MA536
2025-05-11 17:42:52,406 - INFO - Found 15 roll numbers for course: CE532
2025-05-11 17:42:52,408 - INFO - Found 15 roll numbers for course: CE526
2025-05-11 17:42:52,409 - INFO - Found 13 roll numbers for course: CE536
2025-05-11 17:42:52,411 - INFO - Found 13 roll numbers for course: MM520
2025-05-11 17:42:52,412 - INFO - Found 12 roll numbers for course: EE566
2025-05-11 17:42:52,413 - INFO - Found 11 roll numbers for course: ME510
2025-05-11 17:42:52,414 - INFO - Allocation for CB506 in B-001 with 45 students
2025-05-11 17:42:52,414 - WARNING - Found 45 roll numbers with no matching names in roll_names file for course CB506
2025-05-11 17:42:52,414 - WARNING - Sample missing roll numbers: ['1201CB02', '1201CB03', '1201CB04', '1201CB06', '1201CB07']
2025-05-11 17:42:52,423 - INFO - Generated: seating_arrangements\05_05_2016_CB506_B-001_evening.xlsx
2025-05-11 17:42:52,424 - INFO - Allocation for MA502 in B-001 with 25 students
2025-05-11 17:42:52,424 - WARNING - Found 25 roll numbers with no matching names in roll_names file for course MA502
2025-05-11 17:42:52,424 - WARNING - Sample missing roll numbers: ['1511MC05', '1511MC06', '1511MC08', '1511MC09', '1511MC10']
2025-05-11 17:42:52,432 - INFO - Generated: seating_arrangements\05_05_2016_MA502_B-001_evening.xlsx
2025-05-11 17:42:52,432 - INFO - Allocation for PH203 in B-101 with 25 students
2025-05-11 17:42:52,433 - WARNING - Found 25 roll numbers with no matching names in roll_names file for course PH203
2025-05-11 17:42:52,433 - WARNING - Sample missing roll numbers: ['1301MM22', '1401CB01', '1401CB03', '1401CB10', '1401CB11']
2025-05-11 17:42:52,441 - INFO - Generated: seating_arrangements\05_05_2016_PH203_B-101_evening.xlsx
2025-05-11 17:42:52,441 - INFO - Allocation for CS511 in B-101 with 25 students
2025-05-11 17:42:52,441 - WARNING - Found 25 roll numbers with no matching names in roll_names file for course CS511
2025-05-11 17:42:52,442 - WARNING - Sample missing roll numbers: ['1511CS01', '1511CS03', '1511CS04', '1511CS05', '1511CS07']
2025-05-11 17:42:52,450 - INFO - Generated: seating_arrangements\05_05_2016_CS511_B-101_evening.xlsx
2025-05-11 17:42:52,450 - INFO - Allocation for EP208 in B-101 with 20 students
2025-05-11 17:42:52,450 - WARNING - Found 20 roll numbers with no matching names in roll_names file for course EP208
2025-05-11 17:42:52,450 - WARNING - Sample missing roll numbers: ['1401PH03', '1401PH04', '1401PH05', '1401PH06', '1401PH07']
2025-05-11 17:42:52,457 - INFO - Generated: seating_arrangements\05_05_2016_EP208_B-101_evening.xlsx
2025-05-11 17:42:52,457 - INFO - Allocation for EP208 in B-002 with 4 students
2025-05-11 17:42:52,459 - WARNING - Found 4 roll numbers with no matching names in roll_names file for course EP208
2025-05-11 17:42:52,459 - WARNING - Sample missing roll numbers: ['1401PH28', '1401PH29', '1401PH30', '1401PH32']
2025-05-11 17:42:52,465 - INFO - Generated: seating_arrangements\05_05_2016_EP208_B-002_evening.xlsx
2025-05-11 17:42:52,465 - INFO - Allocation for EE535 in B-002 with 17 students
2025-05-11 17:42:52,465 - WARNING - Found 17 roll numbers with no matching names in roll_names file for course EE535
2025-05-11 17:42:52,465 - WARNING - Sample missing roll numbers: ['1511EE01', '1511EE03', '1511EE04', '1511EE05', '1511EE06']
2025-05-11 17:42:52,474 - INFO - Generated: seating_arrangements\05_05_2016_EE535_B-002_evening.xlsx
2025-05-11 17:42:52,475 - INFO - Allocation for MA536 in B-002 with 16 students
2025-05-11 17:42:52,475 - WARNING - Found 16 roll numbers with no matching names in roll_names file for course MA536
2025-05-11 17:42:52,475 - WARNING - Sample missing roll numbers: ['1312MA16', '1412MA02', '1412MA03', '1412MA05', '1412MA06']
2025-05-11 17:42:52,483 - INFO - Generated: seating_arrangements\05_05_2016_MA536_B-002_evening.xlsx
2025-05-11 17:42:52,483 - INFO - Allocation for CE532 in B-002 with 15 students
2025-05-11 17:42:52,483 - WARNING - Found 15 roll numbers with no matching names in roll_names file for course CE532
2025-05-11 17:42:52,483 - WARNING - Sample missing roll numbers: ['1511CE04', '1511CE13', '1511CE14', '1511CE15', '1511CE16']
2025-05-11 17:42:52,490 - INFO - Generated: seating_arrangements\05_05_2016_CE532_B-002_evening.xlsx
2025-05-11 17:42:52,491 - INFO - Allocation for CE526 in B-002 with 15 students
2025-05-11 17:42:52,491 - WARNING - Found 15 roll numbers with no matching names in roll_names file for course CE526
2025-05-11 17:42:52,491 - WARNING - Sample missing roll numbers: ['1201CE07', '1201CE45', '1511CE09', '1511CE21', '1511CE23']
2025-05-11 17:42:52,498 - INFO - Generated: seating_arrangements\05_05_2016_CE526_B-002_evening.xlsx
2025-05-11 17:42:52,498 - INFO - Allocation for CE536 in B-002 with 3 students
2025-05-11 17:42:52,498 - WARNING - Found 3 roll numbers with no matching names in roll_names file for course CE536
2025-05-11 17:42:52,498 - WARNING - Sample missing roll numbers: ['1201CE19', '1201CE20', '1201CE28']
2025-05-11 17:42:52,507 - INFO - Generated: seating_arrangements\05_05_2016_CE536_B-002_evening.xlsx
2025-05-11 17:42:52,507 - INFO - Allocation for CE536 in B-003 with 10 students
2025-05-11 17:42:52,507 - WARNING - Found 10 roll numbers with no matching names in roll_names file for course CE536
2025-05-11 17:42:52,507 - WARNING - Sample missing roll numbers: ['1201CE29', '1201CE31', '1201CE38', '1201CE44', '1201CE49']
2025-05-11 17:42:52,514 - INFO - Generated: seating_arrangements\05_05_2016_CE536_B-003_evening.xlsx
2025-05-11 17:42:52,514 - INFO - Allocation for MM520 in B-003 with 13 students
2025-05-11 17:42:52,515 - WARNING - Found 13 roll numbers with no matching names in roll_names file for course MM520
2025-05-11 17:42:52,515 - WARNING - Sample missing roll numbers: ['1511MM01', '1511MM02', '1511MM03', '1511MM04', '1511MM05']
2025-05-11 17:42:52,522 - INFO - Generated: seating_arrangements\05_05_2016_MM520_B-003_evening.xlsx
2025-05-11 17:42:52,522 - INFO - Allocation for EE566 in B-003 with 12 students
2025-05-11 17:42:52,523 - WARNING - Found 12 roll numbers with no matching names in roll_names file for course EE566
2025-05-11 17:42:52,523 - WARNING - Sample missing roll numbers: ['1201EE01', '1201EE02', '1201EE03', '1201EE08', '1201EE20']
2025-05-11 17:42:52,529 - INFO - Generated: seating_arrangements\05_05_2016_EE566_B-003_evening.xlsx
2025-05-11 17:42:52,530 - INFO - Allocation for ME510 in B-003 with 11 students
2025-05-11 17:42:52,530 - WARNING - Found 11 roll numbers with no matching names in roll_names file for course ME510
2025-05-11 17:42:52,530 - WARNING - Sample missing roll numbers: ['1201ME15', '1201ME25', '1201ME31', '1511ME20', '1511ME21']
2025-05-11 17:42:52,539 - INFO - Generated: seating_arrangements\05_05_2016_ME510_B-003_evening.xlsx
2025-05-11 17:42:52,539 - INFO - Processing 2016-05-05 00:00:00 - Morning session
2025-05-11 17:42:52,541 - INFO - Found 40 roll numbers for course: CS277
2025-05-11 17:42:52,544 - INFO - Found 30 roll numbers for course: MA422
2025-05-11 17:42:52,546 - INFO - Found 50 roll numbers for course: MA218
2025-05-11 17:42:52,550 - INFO - Found 54 roll numbers for course: CE214
2025-05-11 17:42:52,553 - INFO - Found 70 roll numbers for course: ME208
2025-05-11 17:42:52,557 - INFO - Found 89 roll numbers for course: EE203
2025-05-11 17:42:52,559 - INFO - Found 28 roll numbers for course: PH424
2025-05-11 17:42:52,562 - INFO - Found 56 roll numbers for course: CB202
2025-05-11 17:42:52,564 - INFO - Found 15 roll numbers for course: NT512
2025-05-11 17:42:52,566 - INFO - Found 26 roll numbers for course: CH434
2025-05-11 17:42:52,567 - INFO - Found 1 roll numbers for course: EE561
2025-05-11 17:42:52,568 - INFO - Found 16 roll numbers for course: EE731
2025-05-11 17:42:52,570 - INFO - Found 40 roll numbers for course: CS277
2025-05-11 17:42:52,572 - INFO - Found 30 roll numbers for course: MA422
2025-05-11 17:42:52,574 - INFO - Found 50 roll numbers for course: MA218
2025-05-11 17:42:52,577 - INFO - Found 54 roll numbers for course: CE214
2025-05-11 17:42:52,581 - INFO - Found 70 roll numbers for course: ME208
2025-05-11 17:42:52,585 - INFO - Found 89 roll numbers for course: EE203
2025-05-11 17:42:52,586 - INFO - Found 28 roll numbers for course: PH424
2025-05-11 17:42:52,589 - INFO - Found 56 roll numbers for course: CB202
2025-05-11 17:42:52,591 - INFO - Found 15 roll numbers for course: NT512
2025-05-11 17:42:52,594 - INFO - Found 26 roll numbers for course: CH434
2025-05-11 17:42:52,595 - INFO - Found 1 roll numbers for course: EE561
2025-05-11 17:42:52,597 - INFO - Found 16 roll numbers for course: EE731
2025-05-11 17:42:52,602 - INFO - Found 89 roll numbers for course: EE203
2025-05-11 17:42:52,605 - INFO - Found 70 roll numbers for course: ME208
2025-05-11 17:42:52,608 - INFO - Found 56 roll numbers for course: CB202
2025-05-11 17:42:52,611 - INFO - Found 54 roll numbers for course: CE214
2025-05-11 17:42:52,614 - INFO - Found 50 roll numbers for course: MA218
2025-05-11 17:42:52,616 - INFO - Found 40 roll numbers for course: CS277
2025-05-11 17:42:52,618 - INFO - Found 30 roll numbers for course: MA422
2025-05-11 17:42:52,620 - INFO - Found 28 roll numbers for course: PH424
2025-05-11 17:42:52,622 - INFO - Found 26 roll numbers for course: CH434
2025-05-11 17:42:52,624 - INFO - Found 16 roll numbers for course: EE731
2025-05-11 17:42:52,626 - INFO - Found 15 roll numbers for course: NT512
2025-05-11 17:42:52,627 - INFO - Found 1 roll numbers for course: EE561
2025-05-11 17:42:52,627 - INFO - Allocation for EE203 in B-001 with 70 students
2025-05-11 17:42:52,628 - WARNING - Found 70 roll numbers with no matching names in roll_names file for course EE203
2025-05-11 17:42:52,628 - WARNING - Sample missing roll numbers: ['1401EE01', '1401EE02', '1401EE03', '1401EE04', '1401EE06']
2025-05-11 17:42:52,638 - INFO - Generated: seating_arrangements\05_05_2016_EE203_B-001_morning.xlsx
2025-05-11 17:42:52,638 - INFO - Allocation for EE203 in B-101 with 19 students
2025-05-11 17:42:52,638 - WARNING - Found 19 roll numbers with no matching names in roll_names file for course EE203
2025-05-11 17:42:52,639 - WARNING - Sample missing roll numbers: ['1401EE79', '1401EE80', '1401EE83', '1401EE84', '1401EE85']
2025-05-11 17:42:52,647 - INFO - Generated: seating_arrangements\05_05_2016_EE203_B-101_morning.xlsx
2025-05-11 17:42:52,647 - INFO - Allocation for ME208 in B-101 with 51 students
2025-05-11 17:42:52,648 - WARNING - Found 51 roll numbers with no matching names in roll_names file for course ME208
2025-05-11 17:42:52,648 - WARNING - Sample missing roll numbers: ['1401ME01', '1401ME02', '1401ME03', '1401ME04', '1401ME05']
2025-05-11 17:42:52,657 - INFO - Generated: seating_arrangements\05_05_2016_ME208_B-101_morning.xlsx
2025-05-11 17:42:52,657 - INFO - Allocation for ME208 in B-002 with 19 students
2025-05-11 17:42:52,657 - WARNING - Found 19 roll numbers with no matching names in roll_names file for course ME208
2025-05-11 17:42:52,657 - WARNING - Sample missing roll numbers: ['1401ME65', '1401ME66', '1401ME67', '1401ME68', '1401ME69']
2025-05-11 17:42:52,666 - INFO - Generated: seating_arrangements\05_05_2016_ME208_B-002_morning.xlsx
2025-05-11 17:42:52,666 - INFO - Allocation for CB202 in B-002 with 51 students
2025-05-11 17:42:52,666 - WARNING - Found 51 roll numbers with no matching names in roll_names file for course CB202
2025-05-11 17:42:52,666 - WARNING - Sample missing roll numbers: ['1401CB01', '1401CB02', '1401CB03', '1401CB05', '1401CB07']
2025-05-11 17:42:52,675 - INFO - Generated: seating_arrangements\05_05_2016_CB202_B-002_morning.xlsx
2025-05-11 17:42:52,675 - INFO - Allocation for CB202 in B-003 with 5 students
2025-05-11 17:42:52,675 - WARNING - Found 5 roll numbers with no matching names in roll_names file for course CB202
2025-05-11 17:42:52,676 - WARNING - Sample missing roll numbers: ['1401CB62', '1401CB63', '1401CB64', '1401CB65', '1401CB66']
2025-05-11 17:42:52,683 - INFO - Generated: seating_arrangements\05_05_2016_CB202_B-003_morning.xlsx
2025-05-11 17:42:52,683 - INFO - Allocation for CE214 in B-003 with 54 students
2025-05-11 17:42:52,683 - WARNING - Found 54 roll numbers with no matching names in roll_names file for course CE214
2025-05-11 17:42:52,683 - WARNING - Sample missing roll numbers: ['1401CE03', '1401CE04', '1401CE05', '1401CE06', '1401CE07']
2025-05-11 17:42:52,693 - INFO - Generated: seating_arrangements\05_05_2016_CE214_B-003_morning.xlsx
2025-05-11 17:42:52,693 - INFO - Allocation for MA218 in B-003 with 11 students
2025-05-11 17:42:52,693 - WARNING - Found 11 roll numbers with no matching names in roll_names file for course MA218
2025-05-11 17:42:52,693 - WARNING - Sample missing roll numbers: ['1401MC01', '1401MC02', '1401MC04', '1401MC05', '1401MC06']
2025-05-11 17:42:52,701 - INFO - Generated: seating_arrangements\05_05_2016_MA218_B-003_morning.xlsx
2025-05-11 17:42:52,701 - INFO - Allocation for MA218 in B-103 with 39 students
2025-05-11 17:42:52,701 - WARNING - Found 39 roll numbers with no matching names in roll_names file for course MA218
2025-05-11 17:42:52,701 - WARNING - Sample missing roll numbers: ['1401MC15', '1401MC16', '1401MC17', '1401MC18', '1401MC19']
2025-05-11 17:42:52,710 - INFO - Generated: seating_arrangements\05_05_2016_MA218_B-103_morning.xlsx
2025-05-11 17:42:52,710 - INFO - Allocation for CS277 in B-103 with 31 students
2025-05-11 17:42:52,710 - WARNING - Found 31 roll numbers with no matching names in roll_names file for course CS277
2025-05-11 17:42:52,710 - WARNING - Sample missing roll numbers: ['1401AI02', '1401AI04', '1401AI05', '1401AI06', '1401AI07']
2025-05-11 17:42:52,720 - INFO - Generated: seating_arrangements\05_05_2016_CS277_B-103_morning.xlsx
2025-05-11 17:42:52,720 - INFO - Allocation for CS277 in 10502 with 9 students
2025-05-11 17:42:52,720 - WARNING - Found 9 roll numbers with no matching names in roll_names file for course CS277
2025-05-11 17:42:52,720 - WARNING - Sample missing roll numbers: ['1401AI35', '1401AI36', '1401AI37', '1401AI38', '1401AI39']
2025-05-11 17:42:52,728 - INFO - Generated: seating_arrangements\05_05_2016_CS277_10502_morning.xlsx
2025-05-11 17:42:52,729 - INFO - Allocation for MA422 in 10502 with 30 students
2025-05-11 17:42:52,729 - WARNING - Found 30 roll numbers with no matching names in roll_names file for course MA422
2025-05-11 17:42:52,729 - WARNING - Sample missing roll numbers: ['1312MA09', '1512MA01', '1512MA02', '1512MA03', '1512MA05']
2025-05-11 17:42:52,737 - INFO - Generated: seating_arrangements\05_05_2016_MA422_10502_morning.xlsx
2025-05-11 17:42:52,737 - INFO - Allocation for PH424 in 10502 with 28 students
2025-05-11 17:42:52,737 - WARNING - Found 28 roll numbers with no matching names in roll_names file for course PH424
2025-05-11 17:42:52,737 - WARNING - Sample missing roll numbers: ['1512PH02', '1512PH03', '1512PH04', '1512PH06', '1512PH07']
2025-05-11 17:42:52,746 - INFO - Generated: seating_arrangements\05_05_2016_PH424_10502_morning.xlsx
2025-05-11 17:42:52,746 - INFO - Allocation for CH434 in 10502 with 23 students
2025-05-11 17:42:52,746 - WARNING - Found 23 roll numbers with no matching names in roll_names file for course CH434
2025-05-11 17:42:52,746 - WARNING - Sample missing roll numbers: ['1512CH01', '1512CH04', '1512CH06', '1512CH11', '1512CH12']
2025-05-11 17:42:52,754 - INFO - Generated: seating_arrangements\05_05_2016_CH434_10502_morning.xlsx
2025-05-11 17:42:52,755 - INFO - Allocation for CH434 in 6101 with 3 students
2025-05-11 17:42:52,755 - WARNING - Found 3 roll numbers with no matching names in roll_names file for course CH434
2025-05-11 17:42:52,755 - WARNING - Sample missing roll numbers: ['1512CH41', '1512CH42', '1512CH43']
2025-05-11 17:42:52,762 - INFO - Generated: seating_arrangements\05_05_2016_CH434_6101_morning.xlsx
2025-05-11 17:42:52,763 - INFO - Allocation for EE731 in 6101 with 16 students
2025-05-11 17:42:52,763 - WARNING - Found 16 roll numbers with no matching names in roll_names file for course EE731
2025-05-11 17:42:52,763 - WARNING - Sample missing roll numbers: ['1511EE03', '1511EE04', '1511EE06', '1511EE07', '1511EE08']
2025-05-11 17:42:52,771 - INFO - Generated: seating_arrangements\05_05_2016_EE731_6101_morning.xlsx
2025-05-11 17:42:52,771 - INFO - Allocation for NT512 in 6101 with 11 students
2025-05-11 17:42:52,771 - WARNING - Found 11 roll numbers with no matching names in roll_names file for course NT512
2025-05-11 17:42:52,771 - WARNING - Sample missing roll numbers: ['1412PH06', '1412PH13', '1412PH14', '1412PH16', '1412PH25']
2025-05-11 17:42:52,778 - INFO - Generated: seating_arrangements\05_05_2016_NT512_6101_morning.xlsx
2025-05-11 17:42:52,778 - INFO - Allocation for NT512 in 6102 with 4 students
2025-05-11 17:42:52,778 - WARNING - Found 4 roll numbers with no matching names in roll_names file for course NT512
2025-05-11 17:42:52,778 - WARNING - Sample missing roll numbers: ['1511MM05', '1511MM08', '1511MM14', '1511MM15']
2025-05-11 17:42:52,786 - INFO - Generated: seating_arrangements\05_05_2016_NT512_6102_morning.xlsx
2025-05-11 17:42:52,786 - INFO - Allocation for EE561 in 6102 with 1 students
2025-05-11 17:42:52,787 - WARNING - Found 1 roll numbers with no matching names in roll_names file for course EE561
2025-05-11 17:42:52,787 - WARNING - Sample missing roll numbers: ['1511EE05']
2025-05-11 17:42:52,794 - INFO - Generated: seating_arrangements\05_05_2016_EE561_6102_morning.xlsx
2025-05-11 17:42:52,794 - INFO - Processing 2016-05-06 00:00:00 - Evening session
2025-05-11 17:42:52,797 - INFO - Found 54 roll numbers for course: EE529
2025-05-11 17:42:52,799 - INFO - Found 12 roll numbers for course: CS508
2025-05-11 17:42:52,801 - INFO - Found 56 roll numbers for course: CE528
2025-05-11 17:42:52,803 - INFO - Found 17 roll numbers for course: CE570
2025-05-11 17:42:52,805 - INFO - Found 47 roll numbers for course: EE573
2025-05-11 17:42:52,812 - INFO - Found 134 roll numbers for course: CS563
2025-05-11 17:42:52,816 - INFO - Found 53 roll numbers for course: MM512
2025-05-11 17:42:52,819 - INFO - Found 54 roll numbers for course: EE529
2025-05-11 17:42:52,820 - INFO - Found 12 roll numbers for course: CS508
2025-05-11 17:42:52,823 - INFO - Found 56 roll numbers for course: CE528
2025-05-11 17:42:52,824 - INFO - Found 17 roll numbers for course: CE570
2025-05-11 17:42:52,827 - INFO - Found 47 roll numbers for course: EE573
2025-05-11 17:42:52,833 - INFO - Found 134 roll numbers for course: CS563
2025-05-11 17:42:52,836 - INFO - Found 53 roll numbers for course: MM512
2025-05-11 17:42:52,845 - INFO - Found 134 roll numbers for course: CS563
2025-05-11 17:42:52,848 - INFO - Found 56 roll numbers for course: CE528
2025-05-11 17:42:52,851 - INFO - Found 54 roll numbers for course: EE529
2025-05-11 17:42:52,854 - INFO - Found 53 roll numbers for course: MM512
2025-05-11 17:42:52,857 - INFO - Found 47 roll numbers for course: EE573
2025-05-11 17:42:52,859 - INFO - Found 17 roll numbers for course: CE570
2025-05-11 17:42:52,860 - INFO - Found 12 roll numbers for course: CS508
2025-05-11 17:42:52,860 - INFO - Allocation for CS563 in B-001 with 70 students
2025-05-11 17:42:52,860 - WARNING - Found 70 roll numbers with no matching names in roll_names file for course CS563
2025-05-11 17:42:52,861 - WARNING - Sample missing roll numbers: ['1201CS01', '1201CS03', '1201CS04', '1201CS06', '1201CS07']
2025-05-11 17:42:52,870 - INFO - Generated: seating_arrangements\06_05_2016_CS563_B-001_evening.xlsx
2025-05-11 17:42:52,870 - INFO - Allocation for CS563 in B-101 with 64 students
2025-05-11 17:42:52,870 - WARNING - Found 64 roll numbers with no matching names in roll_names file for course CS563
2025-05-11 17:42:52,870 - WARNING - Sample missing roll numbers: ['1201CS79', '1412MA11', '1421CS21', '1511AI01', '1511AI02']
2025-05-11 17:42:52,881 - INFO - Generated: seating_arrangements\06_05_2016_CS563_B-101_evening.xlsx
2025-05-11 17:42:52,882 - INFO - Allocation for CE528 in B-101 with 6 students
2025-05-11 17:42:52,882 - WARNING - Found 6 roll numbers with no matching names in roll_names file for course CE528
2025-05-11 17:42:52,882 - WARNING - Sample missing roll numbers: ['1201CE01', '1201CE03', '1201CE04', '1201CE05', '1201CE06']
2025-05-11 17:42:52,890 - INFO - Generated: seating_arrangements\06_05_2016_CE528_B-101_evening.xlsx
2025-05-11 17:42:52,890 - INFO - Allocation for CE528 in B-002 with 50 students
2025-05-11 17:42:52,890 - WARNING - Found 50 roll numbers with no matching names in roll_names file for course CE528
2025-05-11 17:42:52,890 - WARNING - Sample missing roll numbers: ['1201CE08', '1201CE09', '1201CE10', '1201CE13', '1201CE14']
2025-05-11 17:42:52,899 - INFO - Generated: seating_arrangements\06_05_2016_CE528_B-002_evening.xlsx
2025-05-11 17:42:52,899 - INFO - Allocation for EE529 in B-002 with 20 students
2025-05-11 17:42:52,900 - WARNING - Found 20 roll numbers with no matching names in roll_names file for course EE529
2025-05-11 17:42:52,900 - WARNING - Sample missing roll numbers: ['1201EE03', '1201EE05', '1201EE07', '1201EE09', '1201EE10']
2025-05-11 17:42:52,909 - INFO - Generated: seating_arrangements\06_05_2016_EE529_B-002_evening.xlsx
2025-05-11 17:42:52,909 - INFO - Allocation for EE529 in B-003 with 34 students
2025-05-11 17:42:52,909 - WARNING - Found 34 roll numbers with no matching names in roll_names file for course EE529
2025-05-11 17:42:52,909 - WARNING - Sample missing roll numbers: ['1201EE50', '1201EE51', '1201EE53', '1201EE55', '1201EE56']
2025-05-11 17:42:52,918 - INFO - Generated: seating_arrangements\06_05_2016_EE529_B-003_evening.xlsx
2025-05-11 17:42:52,918 - INFO - Allocation for MM512 in B-003 with 36 students
2025-05-11 17:42:52,919 - WARNING - Found 36 roll numbers with no matching names in roll_names file for course MM512
2025-05-11 17:42:52,919 - WARNING - Sample missing roll numbers: ['1201MM01', '1201MM02', '1201MM03', '1201MM04', '1201MM05']
2025-05-11 17:42:52,927 - INFO - Generated: seating_arrangements\06_05_2016_MM512_B-003_evening.xlsx
2025-05-11 17:42:52,927 - INFO - Allocation for MM512 in B-103 with 17 students
2025-05-11 17:42:52,927 - WARNING - Found 17 roll numbers with no matching names in roll_names file for course MM512
2025-05-11 17:42:52,927 - WARNING - Sample missing roll numbers: ['1511ME28', '1511ME31', '1511ME33', '1511ME35', '1511MM01']
2025-05-11 17:42:52,934 - INFO - Generated: seating_arrangements\06_05_2016_MM512_B-103_evening.xlsx
2025-05-11 17:42:52,935 - INFO - Allocation for EE573 in B-103 with 47 students
2025-05-11 17:42:52,935 - WARNING - Found 47 roll numbers with no matching names in roll_names file for course EE573
2025-05-11 17:42:52,935 - WARNING - Sample missing roll numbers: ['1201EE02', '1201EE04', '1201EE06', '1201EE08', '1201EE11']
2025-05-11 17:42:52,944 - INFO - Generated: seating_arrangements\06_05_2016_EE573_B-103_evening.xlsx
2025-05-11 17:42:52,945 - INFO - Allocation for CE570 in B-103 with 6 students
2025-05-11 17:42:52,945 - WARNING - Found 6 roll numbers with no matching names in roll_names file for course CE570
2025-05-11 17:42:52,945 - WARNING - Sample missing roll numbers: ['1201CE24', '1201CE53', '1511CE03', '1511CE04', '1511CE13']
2025-05-11 17:42:52,953 - INFO - Generated: seating_arrangements\06_05_2016_CE570_B-103_evening.xlsx
2025-05-11 17:42:52,953 - INFO - Allocation for CE570 in 10502 with 11 students
2025-05-11 17:42:52,953 - WARNING - Found 11 roll numbers with no matching names in roll_names file for course CE570
2025-05-11 17:42:52,953 - WARNING - Sample missing roll numbers: ['1511CE15', '1511CE16', '1511CE19', '1511CE20', '1511CE37']
2025-05-11 17:42:52,961 - INFO - Generated: seating_arrangements\06_05_2016_CE570_10502_evening.xlsx
2025-05-11 17:42:52,961 - INFO - Allocation for CS508 in 10502 with 12 students
2025-05-11 17:42:52,961 - WARNING - Found 12 roll numbers with no matching names in roll_names file for course CS508
2025-05-11 17:42:52,961 - WARNING - Sample missing roll numbers: ['1201CS02', '1201CS09', '1201CS19', '1201CS25', '1201CS43']
2025-05-11 17:42:52,969 - INFO - Generated: seating_arrangements\06_05_2016_CS508_10502_evening.xlsx
2025-05-11 17:42:52,969 - INFO - Processing 2016-05-06 00:00:00 - Morning session
2025-05-11 17:42:52,981 - INFO - Found 268 roll numbers for course: MA225
2025-05-11 17:42:52,983 - INFO - Found 26 roll numbers for course: CH432
2025-05-11 17:42:52,987 - INFO - Found 83 roll numbers for course: EE528
2025-05-11 17:42:52,990 - INFO - Found 39 roll numbers for course: MA546
2025-05-11 17:42:52,991 - INFO - Found 8 roll numbers for course: HS702
2025-05-11 17:42:52,993 - INFO - Found 30 roll numbers for course: MA426
2025-05-11 17:42:52,995 - INFO - Found 28 roll numbers for course: MA541
2025-05-11 17:42:52,997 - INFO - Found 9 roll numbers for course: ME541
2025-05-11 17:42:52,998 - INFO - Found 5 roll numbers for course: ME534
2025-05-11 17:42:52,999 - INFO - Found 9 roll numbers for course: ME506
2025-05-11 17:42:53,000 - INFO - Found 15 roll numbers for course: PH605
2025-05-11 17:42:53,002 - INFO - Found 16 roll numbers for course: CE534
2025-05-11 17:42:53,005 - INFO - Found 57 roll numbers for course: CE568
2025-05-11 17:42:53,016 - INFO - Found 268 roll numbers for course: MA225
2025-05-11 17:42:53,018 - INFO - Found 26 roll numbers for course: CH432
2025-05-11 17:42:53,022 - INFO - Found 83 roll numbers for course: EE528
2025-05-11 17:42:53,024 - INFO - Found 39 roll numbers for course: MA546
2025-05-11 17:42:53,025 - INFO - Found 8 roll numbers for course: HS702
2025-05-11 17:42:53,027 - INFO - Found 30 roll numbers for course: MA426
2025-05-11 17:42:53,029 - INFO - Found 28 roll numbers for course: MA541
2025-05-11 17:42:53,031 - INFO - Found 9 roll numbers for course: ME541
2025-05-11 17:42:53,032 - INFO - Found 5 roll numbers for course: ME534
2025-05-11 17:42:53,033 - INFO - Found 9 roll numbers for course: ME506
2025-05-11 17:42:53,034 - INFO - Found 15 roll numbers for course: PH605
2025-05-11 17:42:53,036 - INFO - Found 16 roll numbers for course: CE534
2025-05-11 17:42:53,039 - INFO - Found 57 roll numbers for course: CE568
2025-05-11 17:42:53,052 - INFO - Found 268 roll numbers for course: MA225
2025-05-11 17:42:53,057 - INFO - Found 83 roll numbers for course: EE528
2025-05-11 17:42:53,060 - INFO - Found 57 roll numbers for course: CE568
2025-05-11 17:42:53,063 - INFO - Found 39 roll numbers for course: MA546
2025-05-11 17:42:53,065 - INFO - Found 30 roll numbers for course: MA426
2025-05-11 17:42:53,067 - INFO - Found 28 roll numbers for course: MA541
2025-05-11 17:42:53,068 - INFO - Found 26 roll numbers for course: CH432
2025-05-11 17:42:53,070 - INFO - Found 16 roll numbers for course: CE534
2025-05-11 17:42:53,072 - INFO - Found 15 roll numbers for course: PH605
2025-05-11 17:42:53,074 - INFO - Found 9 roll numbers for course: ME541
2025-05-11 17:42:53,075 - INFO - Found 9 roll numbers for course: ME506
2025-05-11 17:42:53,076 - INFO - Found 8 roll numbers for course: HS702
2025-05-11 17:42:53,077 - INFO - Found 5 roll numbers for course: ME534
2025-05-11 17:42:53,078 - INFO - Allocation for MA225 in B-001 with 70 students
2025-05-11 17:42:53,078 - WARNING - Found 70 roll numbers with no matching names in roll_names file for course MA225
2025-05-11 17:42:53,078 - WARNING - Sample missing roll numbers: ['1401AI02', '1401AI04', '1401AI05', '1401AI06', '1401AI07']
2025-05-11 17:42:53,088 - INFO - Generated: seating_arrangements\06_05_2016_MA225_B-001_morning.xlsx
2025-05-11 17:42:53,088 - INFO - Allocation for MA225 in B-101 with 70 students
2025-05-11 17:42:53,088 - WARNING - Found 70 roll numbers with no matching names in roll_names file for course MA225
2025-05-11 17:42:53,089 - WARNING - Sample missing roll numbers: ['1401CS31', '1401CS32', '1401CS33', '1401CS34', '1401CS36']
2025-05-11 17:42:53,099 - INFO - Generated: seating_arrangements\06_05_2016_MA225_B-101_morning.xlsx
2025-05-11 17:42:53,099 - INFO - Allocation for MA225 in B-002 with 70 students
2025-05-11 17:42:53,100 - WARNING - Found 70 roll numbers with no matching names in roll_names file for course MA225
2025-05-11 17:42:53,100 - WARNING - Sample missing roll numbers: ['1401EE15', '1401EE16', '1401EE17', '1401EE18', '1401EE19']
2025-05-11 17:42:53,110 - INFO - Generated: seating_arrangements\06_05_2016_MA225_B-002_morning.xlsx
2025-05-11 17:42:53,111 - INFO - Allocation for MA225 in B-003 with 58 students
2025-05-11 17:42:53,111 - WARNING - Found 58 roll numbers with no matching names in roll_names file for course MA225
2025-05-11 17:42:53,111 - WARNING - Sample missing roll numbers: ['1401EE92', '1401EE93', '1401EE94', '1401EE95', '1401EE96']
2025-05-11 17:42:53,120 - INFO - Generated: seating_arrangements\06_05_2016_MA225_B-003_morning.xlsx
2025-05-11 17:42:53,120 - INFO - Allocation for EE528 in B-003 with 12 students
2025-05-11 17:42:53,120 - WARNING - Found 12 roll numbers with no matching names in roll_names file for course EE528
2025-05-11 17:42:53,120 - WARNING - Sample missing roll numbers: ['1201EE04', '1201EE05', '1201EE06', '1201EE07', '1201EE09']
2025-05-11 17:42:53,127 - INFO - Generated: seating_arrangements\06_05_2016_EE528_B-003_morning.xlsx
2025-05-11 17:42:53,128 - INFO - Allocation for EE528 in B-103 with 70 students
2025-05-11 17:42:53,128 - WARNING - Found 70 roll numbers with no matching names in roll_names file for course EE528
2025-05-11 17:42:53,128 - WARNING - Sample missing roll numbers: ['1201EE18', '1201EE19', '1201EE22', '1201EE23', '1201EE24']
2025-05-11 17:42:53,139 - INFO - Generated: seating_arrangements\06_05_2016_EE528_B-103_morning.xlsx
2025-05-11 17:42:53,139 - INFO - Allocation for EE528 in 10502 with 1 students
2025-05-11 17:42:53,139 - WARNING - Found 1 roll numbers with no matching names in roll_names file for course EE528
2025-05-11 17:42:53,139 - WARNING - Sample missing roll numbers: ['1511EE47']
2025-05-11 17:42:53,147 - INFO - Generated: seating_arrangements\06_05_2016_EE528_10502_morning.xlsx
2025-05-11 17:42:53,147 - INFO - Allocation for CE568 in 10502 with 57 students
2025-05-11 17:42:53,147 - WARNING - Found 57 roll numbers with no matching names in roll_names file for course CE568
2025-05-11 17:42:53,147 - WARNING - Sample missing roll numbers: ['1201CE01', '1201CE03', '1201CE04', '1201CE05', '1201CE06']
2025-05-11 17:42:53,156 - INFO - Generated: seating_arrangements\06_05_2016_CE568_10502_morning.xlsx
2025-05-11 17:42:53,156 - INFO - Allocation for MA546 in 10502 with 32 students
2025-05-11 17:42:53,157 - WARNING - Found 32 roll numbers with no matching names in roll_names file for course MA546
2025-05-11 17:42:53,157 - WARNING - Sample missing roll numbers: ['1511AI01', '1511AI02', '1511AI03', '1511AI04', '1511AI05']
2025-05-11 17:42:53,166 - INFO - Generated: seating_arrangements\06_05_2016_MA546_10502_morning.xlsx
2025-05-11 17:42:53,166 - INFO - Allocation for MA546 in 6101 with 7 students
2025-05-11 17:42:53,166 - WARNING - Found 7 roll numbers with no matching names in roll_names file for course MA546
2025-05-11 17:42:53,166 - WARNING - Sample missing roll numbers: ['1511EE26', '1511EE28', '1511EE29', '1511EE36', '1511EE40']
2025-05-11 17:42:53,173 - INFO - Generated: seating_arrangements\06_05_2016_MA546_6101_morning.xlsx
2025-05-11 17:42:53,174 - INFO - Allocation for MA426 in 6101 with 23 students
2025-05-11 17:42:53,174 - WARNING - Found 23 roll numbers with no matching names in roll_names file for course MA426
2025-05-11 17:42:53,174 - WARNING - Sample missing roll numbers: ['1312MA09', '1512MA01', '1512MA02', '1512MA03', '1512MA05']
2025-05-11 17:42:53,183 - INFO - Generated: seating_arrangements\06_05_2016_MA426_6101_morning.xlsx
2025-05-11 17:42:53,183 - INFO - Allocation for MA426 in 6102 with 7 students
2025-05-11 17:42:53,183 - WARNING - Found 7 roll numbers with no matching names in roll_names file for course MA426
2025-05-11 17:42:53,183 - WARNING - Sample missing roll numbers: ['1512MA28', '1512MA29', '1512MA30', '1512MA31', '1512MA32']
2025-05-11 17:42:53,191 - INFO - Generated: seating_arrangements\06_05_2016_MA426_6102_morning.xlsx
2025-05-11 17:42:53,191 - INFO - Allocation for MA541 in 6102 with 28 students
2025-05-11 17:42:53,191 - WARNING - Found 28 roll numbers with no matching names in roll_names file for course MA541
2025-05-11 17:42:53,191 - WARNING - Sample missing roll numbers: ['1312MA16', '1412MA01', '1412MA02', '1412MA03', '1412MA05']
2025-05-11 17:42:53,200 - INFO - Generated: seating_arrangements\06_05_2016_MA541_6102_morning.xlsx
2025-05-11 17:42:53,200 - INFO - Allocation for CH432 in 6102 with 26 students
2025-05-11 17:42:53,200 - WARNING - Found 26 roll numbers with no matching names in roll_names file for course CH432
2025-05-11 17:42:53,200 - WARNING - Sample missing roll numbers: ['1512CH01', '1512CH04', '1512CH06', '1512CH11', '1512CH12']
2025-05-11 17:42:53,209 - INFO - Generated: seating_arrangements\06_05_2016_CH432_6102_morning.xlsx
2025-05-11 17:42:53,209 - INFO - Allocation for CE534 in 6102 with 11 students
2025-05-11 17:42:53,209 - WARNING - Found 11 roll numbers with no matching names in roll_names file for course CE534
2025-05-11 17:42:53,210 - WARNING - Sample missing roll numbers: ['1201CE19', '1201CE20', '1201CE28', '1201CE29', '1201CE31']
2025-05-11 17:42:53,216 - INFO - Generated: seating_arrangements\06_05_2016_CE534_6102_morning.xlsx
2025-05-11 17:42:53,216 - INFO - Allocation for CE534 in 6103 with 5 students
2025-05-11 17:42:53,218 - WARNING - Found 5 roll numbers with no matching names in roll_names file for course CE534
2025-05-11 17:42:53,218 - WARNING - Sample missing roll numbers: ['1521CE09', '1521CE10', '1521CE13', '1621CE01', '1621CE04']
2025-05-11 17:42:53,224 - INFO - Generated: seating_arrangements\06_05_2016_CE534_6103_morning.xlsx
2025-05-11 17:42:53,225 - INFO - Allocation for PH605 in 6103 with 15 students
2025-05-11 17:42:53,225 - WARNING - Found 15 roll numbers with no matching names in roll_names file for course PH605
2025-05-11 17:42:53,225 - WARNING - Sample missing roll numbers: ['1412PH01', '1412PH02', '1412PH04', '1412PH05', '1412PH07']
2025-05-11 17:42:53,233 - INFO - Generated: seating_arrangements\06_05_2016_PH605_6103_morning.xlsx
2025-05-11 17:42:53,233 - INFO - Allocation for ME541 in 6103 with 9 students
2025-05-11 17:42:53,234 - WARNING - Found 9 roll numbers with no matching names in roll_names file for course ME541
2025-05-11 17:42:53,234 - WARNING - Sample missing roll numbers: ['1511ME08', '1511ME15', '1511ME17', '1511ME20', '1511ME23']
2025-05-11 17:42:53,240 - INFO - Generated: seating_arrangements\06_05_2016_ME541_6103_morning.xlsx
2025-05-11 17:42:53,240 - INFO - Allocation for ME506 in 6103 with 1 students
2025-05-11 17:42:53,240 - WARNING - Found 1 roll numbers with no matching names in roll_names file for course ME506
2025-05-11 17:42:53,240 - WARNING - Sample missing roll numbers: ['1201ME15']
2025-05-11 17:42:53,247 - INFO - Generated: seating_arrangements\06_05_2016_ME506_6103_morning.xlsx
2025-05-11 17:42:53,247 - INFO - Allocation for ME506 in 6104 with 8 students
2025-05-11 17:42:53,248 - WARNING - Found 8 roll numbers with no matching names in roll_names file for course ME506
2025-05-11 17:42:53,248 - WARNING - Sample missing roll numbers: ['1201ME25', '1511ME21', '1511ME25', '1511MT02', '1511MT08']
2025-05-11 17:42:53,256 - INFO - Generated: seating_arrangements\06_05_2016_ME506_6104_morning.xlsx
2025-05-11 17:42:53,256 - INFO - Allocation for HS702 in 6104 with 8 students
2025-05-11 17:42:53,256 - WARNING - Found 8 roll numbers with no matching names in roll_names file for course HS702
2025-05-11 17:42:53,256 - WARNING - Sample missing roll numbers: ['1521HS09', '1521HS17', '1521HS18', '1521HS19', '1521HS20']
2025-05-11 17:42:53,264 - INFO - Generated: seating_arrangements\06_05_2016_HS702_6104_morning.xlsx
2025-05-11 17:42:53,265 - INFO - Allocation for ME534 in 6104 with 5 students
2025-05-11 17:42:53,265 - WARNING - Found 5 roll numbers with no matching names in roll_names file for course ME534
2025-05-11 17:42:53,265 - WARNING - Sample missing roll numbers: ['1511MT12', '1511MT13', '1511MT17', '1511MT18', '1511MT22']
2025-05-11 17:42:53,272 - INFO - Generated: seating_arrangements\06_05_2016_ME534_6104_morning.xlsx
2025-05-11 17:42:53,273 - INFO - Seating arrangement generation completed successfully
2025-05-11 17:42:53,273 - INFO - Operation completed successfully!
2025-05-11 17:43:27,787 - INFO - Course rolls columns: Course, RollNo
2025-05-11 17:43:27,788 - INFO - Course rolls loaded with 9864 entries
2025-05-11 17:43:27,788 - INFO - Found 232 unique courses in the course rolls file
2025-05-11 17:43:27,814 - INFO - Timetable columns: Date, Day, Session, Course
2025-05-11 17:43:27,814 - INFO - Timetable loaded successfully
2025-05-11 17:43:27,831 - INFO - Room capacities columns: Room, Capacity, Building
2025-05-11 17:43:27,831 - INFO - Room capacities loaded successfully
2025-05-11 17:43:27,963 - INFO - Roll names columns: Roll, Name
2025-05-11 17:43:27,964 - INFO - Roll names file contains 1810 entries
2025-05-11 17:43:27,965 - INFO - Sample roll name entries: [{'Roll': '1121CH05', 'Name': 'Ajit Singh'}, {'Roll': '1121CH07', 'Name': 'Jaishree Mayank'}, {'Roll': '1121CH08', 'Name': 'Sudipta Acharya'}]
2025-05-11 17:43:27,965 - INFO - Roll number to name mapping loaded successfully
2025-05-11 17:43:27,966 - INFO - Timetable columns: Date, Day, Session, Course
2025-05-11 17:43:27,966 - INFO - Using columns for grouping: Date, Session
2025-05-11 17:43:27,967 - WARNING - Roll names file missing required columns 'RollNo' and/or 'Name'
2025-05-11 17:43:27,967 - INFO - Processing 2016-04-30 00:00:00 - Morning session
2025-05-11 17:43:27,970 - INFO - Found 40 roll numbers for course: CS249
2025-05-11 17:43:27,973 - INFO - Found 26 roll numbers for course: CH426
2025-05-11 17:43:27,974 - INFO - Found 29 roll numbers for course: MM304
2025-05-11 17:43:27,977 - INFO - Found 54 roll numbers for course: CB308
2025-05-11 17:43:27,979 - INFO - Found 54 roll numbers for course: CE216
2025-05-11 17:43:27,981 - INFO - Found 56 roll numbers for course: CB204
2025-05-11 17:43:27,983 - INFO - Found 28 roll numbers for course: PH422
2025-05-11 17:43:27,985 - INFO - Found 32 roll numbers for course: MM202
2025-05-11 17:43:27,986 - INFO - Found 40 roll numbers for course: CS249
2025-05-11 17:43:27,989 - INFO - Found 26 roll numbers for course: CH426
2025-05-11 17:43:27,991 - INFO - Found 29 roll numbers for course: MM304
2025-05-11 17:43:27,993 - INFO - Found 54 roll numbers for course: CB308
2025-05-11 17:43:27,996 - INFO - Found 54 roll numbers for course: CE216
2025-05-11 17:43:27,998 - INFO - Found 56 roll numbers for course: CB204
2025-05-11 17:43:28,000 - INFO - Found 28 roll numbers for course: PH422
2025-05-11 17:43:28,002 - INFO - Found 32 roll numbers for course: MM202
2025-05-11 17:43:28,005 - INFO - Found 56 roll numbers for course: CB204
2025-05-11 17:43:28,008 - INFO - Found 54 roll numbers for course: CB308
2025-05-11 17:43:28,011 - INFO - Found 54 roll numbers for course: CE216
2025-05-11 17:43:28,013 - INFO - Found 40 roll numbers for course: CS249
2025-05-11 17:43:28,015 - INFO - Found 32 roll numbers for course: MM202
2025-05-11 17:43:28,017 - INFO - Found 29 roll numbers for course: MM304
2025-05-11 17:43:28,018 - INFO - Found 28 roll numbers for course: PH422
2025-05-11 17:43:28,020 - INFO - Found 26 roll numbers for course: CH426
2025-05-11 17:43:28,020 - INFO - Allocation for CB204 in B-001 with 56 students
2025-05-11 17:43:28,020 - WARNING - Found 56 roll numbers with no matching names in roll_names file for course CB204
2025-05-11 17:43:28,021 - WARNING - Sample missing roll numbers: ['1401CB01', '1401CB02', '1401CB03', '1401CB05', '1401CB07']
2025-05-11 17:43:28,031 - INFO - Generated: seating_arrangements\30_04_2016_CB204_B-001_morning.xlsx
2025-05-11 17:43:28,031 - INFO - Allocation for CB308 in B-001 with 14 students
2025-05-11 17:43:28,031 - WARNING - Found 14 roll numbers with no matching names in roll_names file for course CB308
2025-05-11 17:43:28,032 - WARNING - Sample missing roll numbers: ['1301CB01', '1301CB02', '1301CB03', '1301CB04', '1301CB05']
2025-05-11 17:43:28,040 - INFO - Generated: seating_arrangements\30_04_2016_CB308_B-001_morning.xlsx
2025-05-11 17:43:28,040 - INFO - Allocation for CB308 in B-101 with 40 students
2025-05-11 17:43:28,040 - WARNING - Found 40 roll numbers with no matching names in roll_names file for course CB308
2025-05-11 17:43:28,040 - WARNING - Sample missing roll numbers: ['1301CB19', '1301CB20', '1301CB21', '1301CB22', '1301CB23']
2025-05-11 17:43:28,049 - INFO - Generated: seating_arrangements\30_04_2016_CB308_B-101_morning.xlsx
2025-05-11 17:43:28,049 - INFO - Allocation for CE216 in B-101 with 30 students
2025-05-11 17:43:28,049 - WARNING - Found 30 roll numbers with no matching names in roll_names file for course CE216
2025-05-11 17:43:28,049 - WARNING - Sample missing roll numbers: ['1401CE03', '1401CE04', '1401CE05', '1401CE06', '1401CE07']
2025-05-11 17:43:28,056 - INFO - Generated: seating_arrangements\30_04_2016_CE216_B-101_morning.xlsx
2025-05-11 17:43:28,058 - INFO - Allocation for CE216 in B-002 with 24 students
2025-05-11 17:43:28,058 - WARNING - Found 24 roll numbers with no matching names in roll_names file for course CE216
2025-05-11 17:43:28,058 - WARNING - Sample missing roll numbers: ['1401CE39', '1401CE40', '1401CE41', '1401CE42', '1401CE43']
2025-05-11 17:43:28,066 - INFO - Generated: seating_arrangements\30_04_2016_CE216_B-002_morning.xlsx
2025-05-11 17:43:28,066 - INFO - Allocation for CS249 in B-002 with 40 students
2025-05-11 17:43:28,066 - WARNING - Found 40 roll numbers with no matching names in roll_names file for course CS249
2025-05-11 17:43:28,066 - WARNING - Sample missing roll numbers: ['1401AI02', '1401AI04', '1401AI05', '1401AI06', '1401AI07']
2025-05-11 17:43:28,075 - INFO - Generated: seating_arrangements\30_04_2016_CS249_B-002_morning.xlsx
2025-05-11 17:43:28,075 - INFO - Allocation for MM202 in B-002 with 6 students
2025-05-11 17:43:28,075 - WARNING - Found 6 roll numbers with no matching names in roll_names file for course MM202
2025-05-11 17:43:28,075 - WARNING - Sample missing roll numbers: ['1401MM01', '1401MM02', '1401MM03', '1401MM04', '1401MM06']
2025-05-11 17:43:28,081 - INFO - Generated: seating_arrangements\30_04_2016_MM202_B-002_morning.xlsx
2025-05-11 17:43:28,081 - INFO - Allocation for MM202 in B-003 with 26 students
2025-05-11 17:43:28,081 - WARNING - Found 26 roll numbers with no matching names in roll_names file for course MM202
2025-05-11 17:43:28,081 - WARNING - Sample missing roll numbers: ['1401MM09', '1401MM10', '1401MM11', '1401MM12', '1401MM14']
2025-05-11 17:43:28,089 - INFO - Generated: seating_arrangements\30_04_2016_MM202_B-003_morning.xlsx
2025-05-11 17:43:28,089 - INFO - Allocation for MM304 in B-003 with 29 students
2025-05-11 17:43:28,090 - WARNING - Found 29 roll numbers with no matching names in roll_names file for course MM304
2025-05-11 17:43:28,090 - WARNING - Sample missing roll numbers: ['1301MM01', '1301MM03', '1301MM04', '1301MM05', '1301MM07']
2025-05-11 17:43:28,097 - INFO - Generated: seating_arrangements\30_04_2016_MM304_B-003_morning.xlsx
2025-05-11 17:43:28,097 - INFO - Allocation for PH422 in B-003 with 15 students
2025-05-11 17:43:28,097 - WARNING - Found 15 roll numbers with no matching names in roll_names file for course PH422
2025-05-11 17:43:28,097 - WARNING - Sample missing roll numbers: ['1512PH02', '1512PH03', '1512PH04', '1512PH06', '1512PH07']
2025-05-11 17:43:28,105 - INFO - Generated: seating_arrangements\30_04_2016_PH422_B-003_morning.xlsx
2025-05-11 17:43:28,105 - INFO - Allocation for PH422 in B-103 with 13 students
2025-05-11 17:43:28,105 - WARNING - Found 13 roll numbers with no matching names in roll_names file for course PH422
2025-05-11 17:43:28,105 - WARNING - Sample missing roll numbers: ['1512PH23', '1512PH25', '1512PH26', '1512PH27', '1512PH28']
2025-05-11 17:43:28,111 - INFO - Generated: seating_arrangements\30_04_2016_PH422_B-103_morning.xlsx
2025-05-11 17:43:28,112 - INFO - Allocation for CH426 in B-103 with 26 students
2025-05-11 17:43:28,112 - WARNING - Found 26 roll numbers with no matching names in roll_names file for course CH426
2025-05-11 17:43:28,112 - WARNING - Sample missing roll numbers: ['1512CH01', '1512CH04', '1512CH06', '1512CH11', '1512CH12']
2025-05-11 17:43:28,120 - INFO - Generated: seating_arrangements\30_04_2016_CH426_B-103_morning.xlsx
2025-05-11 17:43:28,120 - INFO - Processing 2016-05-01 00:00:00 - Evening session
2025-05-11 17:43:28,123 - INFO - Found 49 roll numbers for course: CS514
2025-05-11 17:43:28,125 - INFO - Found 32 roll numbers for course: CE512
2025-05-11 17:43:28,126 - INFO - Found 7 roll numbers for course: CH606
2025-05-11 17:43:28,126 - INFO - Found 5 roll numbers for course: ME526
2025-05-11 17:43:28,128 - INFO - Found 19 roll numbers for course: ME522
2025-05-11 17:43:28,129 - INFO - Found 7 roll numbers for course: EE513
2025-05-11 17:43:28,130 - INFO - Found 12 roll numbers for course: EE580
2025-05-11 17:43:28,132 - INFO - Found 16 roll numbers for course: MM504
2025-05-11 17:43:28,133 - INFO - Found 8 roll numbers for course: PH601
2025-05-11 17:43:28,134 - INFO - Found 8 roll numbers for course: PH603
2025-05-11 17:43:28,135 - INFO - Found 15 roll numbers for course: MH504
2025-05-11 17:43:28,138 - INFO - Found 78 roll numbers for course: ME312
2025-05-11 17:43:28,140 - INFO - Found 56 roll numbers for course: CE314
2025-05-11 17:43:28,144 - INFO - Found 86 roll numbers for course: EE320
2025-05-11 17:43:28,147 - INFO - Found 87 roll numbers for course: CS341
2025-05-11 17:43:28,150 - INFO - Found 49 roll numbers for course: CS514
2025-05-11 17:43:28,152 - INFO - Found 32 roll numbers for course: CE512
2025-05-11 17:43:28,153 - INFO - Found 7 roll numbers for course: CH606
2025-05-11 17:43:28,153 - INFO - Found 5 roll numbers for course: ME526
2025-05-11 17:43:28,155 - INFO - Found 19 roll numbers for course: ME522
2025-05-11 17:43:28,156 - INFO - Found 7 roll numbers for course: EE513
2025-05-11 17:43:28,157 - INFO - Found 12 roll numbers for course: EE580
2025-05-11 17:43:28,158 - INFO - Found 16 roll numbers for course: MM504
2025-05-11 17:43:28,160 - INFO - Found 8 roll numbers for course: PH601
2025-05-11 17:43:28,161 - INFO - Found 8 roll numbers for course: PH603
2025-05-11 17:43:28,162 - INFO - Found 15 roll numbers for course: MH504
2025-05-11 17:43:28,166 - INFO - Found 78 roll numbers for course: ME312
2025-05-11 17:43:28,169 - INFO - Found 56 roll numbers for course: CE314
2025-05-11 17:43:28,172 - INFO - Found 86 roll numbers for course: EE320
2025-05-11 17:43:28,175 - INFO - Found 87 roll numbers for course: CS341
2025-05-11 17:43:28,180 - INFO - Found 87 roll numbers for course: CS341
2025-05-11 17:43:28,184 - INFO - Found 86 roll numbers for course: EE320
2025-05-11 17:43:28,188 - INFO - Found 78 roll numbers for course: ME312
2025-05-11 17:43:28,191 - INFO - Found 56 roll numbers for course: CE314
2025-05-11 17:43:28,193 - INFO - Found 49 roll numbers for course: CS514
2025-05-11 17:43:28,194 - INFO - Found 32 roll numbers for course: CE512
2025-05-11 17:43:28,196 - INFO - Found 19 roll numbers for course: ME522
2025-05-11 17:43:28,197 - INFO - Found 16 roll numbers for course: MM504
2025-05-11 17:43:28,198 - INFO - Found 15 roll numbers for course: MH504
2025-05-11 17:43:28,199 - INFO - Found 12 roll numbers for course: EE580
2025-05-11 17:43:28,200 - INFO - Found 8 roll numbers for course: PH601
2025-05-11 17:43:28,201 - INFO - Found 8 roll numbers for course: PH603
2025-05-11 17:43:28,203 - INFO - Found 7 roll numbers for course: CH606
2025-05-11 17:43:28,204 - INFO - Found 7 roll numbers for course: EE513
2025-05-11 17:43:28,205 - INFO - Found 5 roll numbers for course: ME526
2025-05-11 17:43:28,205 - INFO - Allocation for CS341 in B-001 with 70 students
2025-05-11 17:43:28,205 - WARNING - Found 70 roll numbers with no matching names in roll_names file for course CS341
2025-05-11 17:43:28,205 - WARNING - Sample missing roll numbers: ['1201CS05', '1301CS01', '1301CS02', '1301CS03', '1301CS04']
2025-05-11 17:43:28,214 - INFO - Generated: seating_arrangements\01_05_2016_CS341_B-001_evening.xlsx
2025-05-11 17:43:28,214 - INFO - Allocation for CS341 in B-101 with 17 students
2025-05-11 17:43:28,214 - WARNING - Found 17 roll numbers with no matching names in roll_names file for course CS341
2025-05-11 17:43:28,214 - WARNING - Sample missing roll numbers: ['1301CS73', '1301CS74', '1301CS75', '1301CS76', '1301CS77']
2025-05-11 17:43:28,222 - INFO - Generated: seating_arrangements\01_05_2016_CS341_B-101_evening.xlsx
2025-05-11 17:43:28,222 - INFO - Allocation for EE320 in B-101 with 53 students
2025-05-11 17:43:28,222 - WARNING - Found 53 roll numbers with no matching names in roll_names file for course EE320
2025-05-11 17:43:28,222 - WARNING - Sample missing roll numbers: ['1301EE01', '1301EE03', '1301EE04', '1301EE05', '1301EE06']
2025-05-11 17:43:28,231 - INFO - Generated: seating_arrangements\01_05_2016_EE320_B-101_evening.xlsx
2025-05-11 17:43:28,231 - INFO - Allocation for EE320 in B-002 with 33 students
2025-05-11 17:43:28,231 - WARNING - Found 33 roll numbers with no matching names in roll_names file for course EE320
2025-05-11 17:43:28,231 - WARNING - Sample missing roll numbers: ['1301EE60', '1301EE61', '1301EE62', '1301EE63', '1301EE64']
2025-05-11 17:43:28,238 - INFO - Generated: seating_arrangements\01_05_2016_EE320_B-002_evening.xlsx
2025-05-11 17:43:28,238 - INFO - Allocation for ME312 in B-002 with 37 students
2025-05-11 17:43:28,238 - WARNING - Found 37 roll numbers with no matching names in roll_names file for course ME312
2025-05-11 17:43:28,238 - WARNING - Sample missing roll numbers: ['1301ME01', '1301ME02', '1301ME03', '1301ME04', '1301ME05']
2025-05-11 17:43:28,247 - INFO - Generated: seating_arrangements\01_05_2016_ME312_B-002_evening.xlsx
2025-05-11 17:43:28,247 - INFO - Allocation for ME312 in B-003 with 41 students
2025-05-11 17:43:28,247 - WARNING - Found 41 roll numbers with no matching names in roll_names file for course ME312
2025-05-11 17:43:28,247 - WARNING - Sample missing roll numbers: ['1301ME42', '1301ME43', '1301ME44', '1301ME45', '1301ME46']
2025-05-11 17:43:28,255 - INFO - Generated: seating_arrangements\01_05_2016_ME312_B-003_evening.xlsx
2025-05-11 17:43:28,256 - INFO - Allocation for CE314 in B-003 with 29 students
2025-05-11 17:43:28,256 - WARNING - Found 29 roll numbers with no matching names in roll_names file for course CE314
2025-05-11 17:43:28,256 - WARNING - Sample missing roll numbers: ['1301CE01', '1301CE02', '1301CE04', '1301CE06', '1301CE07']
2025-05-11 17:43:28,264 - INFO - Generated: seating_arrangements\01_05_2016_CE314_B-003_evening.xlsx
2025-05-11 17:43:28,264 - INFO - Allocation for CE314 in B-103 with 27 students
2025-05-11 17:43:28,264 - WARNING - Found 27 roll numbers with no matching names in roll_names file for course CE314
2025-05-11 17:43:28,264 - WARNING - Sample missing roll numbers: ['1301CE36', '1301CE37', '1301CE38', '1301CE39', '1301CE41']
2025-05-11 17:43:28,271 - INFO - Generated: seating_arrangements\01_05_2016_CE314_B-103_evening.xlsx
2025-05-11 17:43:28,271 - INFO - Allocation for CS514 in B-103 with 43 students
2025-05-11 17:43:28,271 - WARNING - Found 43 roll numbers with no matching names in roll_names file for course CS514
2025-05-11 17:43:28,271 - WARNING - Sample missing roll numbers: ['1511AI06', '1511AI07', '1511AI19', '1511AI35', '1511CS01']
2025-05-11 17:43:28,279 - INFO - Generated: seating_arrangements\01_05_2016_CS514_B-103_evening.xlsx
2025-05-11 17:43:28,279 - INFO - Allocation for CS514 in 10502 with 6 students
2025-05-11 17:43:28,279 - WARNING - Found 6 roll numbers with no matching names in roll_names file for course CS514
2025-05-11 17:43:28,279 - WARNING - Sample missing roll numbers: ['1511MC25', '1511MC26', '1511MC27', '1621MA04', '1621MA05']
2025-05-11 17:43:28,286 - INFO - Generated: seating_arrangements\01_05_2016_CS514_10502_evening.xlsx
2025-05-11 17:43:28,286 - INFO - Allocation for CE512 in 10502 with 32 students
2025-05-11 17:43:28,286 - WARNING - Found 32 roll numbers with no matching names in roll_names file for course CE512
2025-05-11 17:43:28,286 - WARNING - Sample missing roll numbers: ['1511CE03', '1511CE04', '1511CE05', '1511CE06', '1511CE08']
2025-05-11 17:43:28,294 - INFO - Generated: seating_arrangements\01_05_2016_CE512_10502_evening.xlsx
2025-05-11 17:43:28,294 - INFO - Allocation for ME522 in 10502 with 19 students
2025-05-11 17:43:28,294 - WARNING - Found 19 roll numbers with no matching names in roll_names file for course ME522
2025-05-11 17:43:28,294 - WARNING - Sample missing roll numbers: ['1511ME06', '1511ME08', '1511ME09', '1511ME11', '1511ME15']
2025-05-11 17:43:28,303 - INFO - Generated: seating_arrangements\01_05_2016_ME522_10502_evening.xlsx
2025-05-11 17:43:28,303 - INFO - Allocation for MM504 in 10502 with 16 students
2025-05-11 17:43:28,303 - WARNING - Found 16 roll numbers with no matching names in roll_names file for course MM504
2025-05-11 17:43:28,304 - WARNING - Sample missing roll numbers: ['1511MM01', '1511MM02', '1511MM03', '1511MM04', '1511MM05']
2025-05-11 17:43:28,310 - INFO - Generated: seating_arrangements\01_05_2016_MM504_10502_evening.xlsx
2025-05-11 17:43:28,310 - INFO - Allocation for MH504 in 10502 with 15 students
2025-05-11 17:43:28,310 - WARNING - Found 15 roll numbers with no matching names in roll_names file for course MH504
2025-05-11 17:43:28,310 - WARNING - Sample missing roll numbers: ['1511MT01', '1511MT02', '1511MT06', '1511MT08', '1511MT09']
2025-05-11 17:43:28,317 - INFO - Generated: seating_arrangements\01_05_2016_MH504_10502_evening.xlsx
2025-05-11 17:43:28,318 - INFO - Allocation for EE580 in 10502 with 2 students
2025-05-11 17:43:28,318 - WARNING - Found 2 roll numbers with no matching names in roll_names file for course EE580
2025-05-11 17:43:28,318 - WARNING - Sample missing roll numbers: ['1511EE17', '1511EE18']
2025-05-11 17:43:28,325 - INFO - Generated: seating_arrangements\01_05_2016_EE580_10502_evening.xlsx
2025-05-11 17:43:28,325 - INFO - Allocation for EE580 in 6101 with 10 students
2025-05-11 17:43:28,325 - WARNING - Found 10 roll numbers with no matching names in roll_names file for course EE580
2025-05-11 17:43:28,325 - WARNING - Sample missing roll numbers: ['1511EE24', '1511EE26', '1511EE28', '1511EE29', '1511EE36']
2025-05-11 17:43:28,331 - INFO - Generated: seating_arrangements\01_05_2016_EE580_6101_evening.xlsx
2025-05-11 17:43:28,331 - INFO - Allocation for PH601 in 6101 with 8 students
2025-05-11 17:43:28,332 - WARNING - Found 8 roll numbers with no matching names in roll_names file for course PH601
2025-05-11 17:43:28,332 - WARNING - Sample missing roll numbers: ['1412PH06', '1412PH14', '1412PH30', '1521PH26', '1521PH29']
2025-05-11 17:43:28,339 - INFO - Generated: seating_arrangements\01_05_2016_PH601_6101_evening.xlsx
2025-05-11 17:43:28,339 - INFO - Allocation for PH603 in 6101 with 8 students
2025-05-11 17:43:28,340 - WARNING - Found 8 roll numbers with no matching names in roll_names file for course PH603
2025-05-11 17:43:28,340 - WARNING - Sample missing roll numbers: ['1412PH03', '1412PH15', '1412PH16', '1412PH17', '1412PH19']
2025-05-11 17:43:28,345 - INFO - Generated: seating_arrangements\01_05_2016_PH603_6101_evening.xlsx
2025-05-11 17:43:28,346 - INFO - Allocation for CH606 in 6101 with 4 students
2025-05-11 17:43:28,346 - WARNING - Found 4 roll numbers with no matching names in roll_names file for course CH606
2025-05-11 17:43:28,346 - WARNING - Sample missing roll numbers: ['1121CH05', '1121CH07', '1121CH12', '1412CH13']
2025-05-11 17:43:28,352 - INFO - Generated: seating_arrangements\01_05_2016_CH606_6101_evening.xlsx
2025-05-11 17:43:28,353 - INFO - Allocation for CH606 in 6102 with 3 students
2025-05-11 17:43:28,353 - WARNING - Found 3 roll numbers with no matching names in roll_names file for course CH606
2025-05-11 17:43:28,353 - WARNING - Sample missing roll numbers: ['1421CH09', '1521CH05', '1521CH08']
2025-05-11 17:43:28,360 - INFO - Generated: seating_arrangements\01_05_2016_CH606_6102_evening.xlsx
2025-05-11 17:43:28,360 - INFO - Allocation for EE513 in 6102 with 7 students
2025-05-11 17:43:28,360 - WARNING - Found 7 roll numbers with no matching names in roll_names file for course EE513
2025-05-11 17:43:28,360 - WARNING - Sample missing roll numbers: ['1511EE14', '1511EE16', '1511EE22', '1511EE31', '1511EE37']
2025-05-11 17:43:28,367 - INFO - Generated: seating_arrangements\01_05_2016_EE513_6102_evening.xlsx
2025-05-11 17:43:28,367 - INFO - Allocation for ME526 in 6102 with 5 students
2025-05-11 17:43:28,367 - WARNING - Found 5 roll numbers with no matching names in roll_names file for course ME526
2025-05-11 17:43:28,367 - WARNING - Sample missing roll numbers: ['1511ME03', '1511ME10', '1511ME12', '1511ME21', '1511ME25']
2025-05-11 17:43:28,373 - INFO - Generated: seating_arrangements\01_05_2016_ME526_6102_evening.xlsx
2025-05-11 17:43:28,373 - INFO - Processing 2016-05-01 00:00:00 - Morning session
2025-05-11 17:43:28,384 - INFO - Found 284 roll numbers for course: HS202
2025-05-11 17:43:28,388 - INFO - Found 124 roll numbers for course: HS212
2025-05-11 17:43:28,392 - INFO - Found 96 roll numbers for course: HS225
2025-05-11 17:43:28,394 - INFO - Found 48 roll numbers for course: HS302
2025-05-11 17:43:28,399 - INFO - Found 94 roll numbers for course: HS312
2025-05-11 17:43:28,403 - INFO - Found 97 roll numbers for course: HS341
2025-05-11 17:43:28,408 - INFO - Found 151 roll numbers for course: HS331
2025-05-11 17:43:28,409 - INFO - Found 12 roll numbers for course: HS713
2025-05-11 17:43:28,411 - INFO - Found 17 roll numbers for course: EE574
2025-05-11 17:43:28,412 - INFO - Found 28 roll numbers for course: MA524
2025-05-11 17:43:28,422 - INFO - Found 284 roll numbers for course: HS202
2025-05-11 17:43:28,427 - INFO - Found 124 roll numbers for course: HS212
2025-05-11 17:43:28,431 - INFO - Found 96 roll numbers for course: HS225
2025-05-11 17:43:28,434 - INFO - Found 48 roll numbers for course: HS302
2025-05-11 17:43:28,437 - INFO - Found 94 roll numbers for course: HS312
2025-05-11 17:43:28,441 - INFO - Found 97 roll numbers for course: HS341
2025-05-11 17:43:28,446 - INFO - Found 151 roll numbers for course: HS331
2025-05-11 17:43:28,447 - INFO - Found 12 roll numbers for course: HS713
2025-05-11 17:43:28,449 - INFO - Found 17 roll numbers for course: EE574
2025-05-11 17:43:28,450 - INFO - Found 28 roll numbers for course: MA524
2025-05-11 17:43:28,461 - INFO - Found 284 roll numbers for course: HS202
2025-05-11 17:43:28,467 - INFO - Found 151 roll numbers for course: HS331
2025-05-11 17:43:28,472 - INFO - Found 124 roll numbers for course: HS212
2025-05-11 17:43:28,476 - INFO - Found 97 roll numbers for course: HS341
2025-05-11 17:43:28,479 - INFO - Found 96 roll numbers for course: HS225
2025-05-11 17:43:28,483 - INFO - Found 94 roll numbers for course: HS312
2025-05-11 17:43:28,486 - INFO - Found 48 roll numbers for course: HS302
2025-05-11 17:43:28,487 - INFO - Found 28 roll numbers for course: MA524
2025-05-11 17:43:28,489 - INFO - Found 17 roll numbers for course: EE574
2025-05-11 17:43:28,490 - INFO - Found 12 roll numbers for course: HS713
2025-05-11 17:43:28,490 - INFO - Allocation for HS202 in B-001 with 70 students
2025-05-11 17:43:28,490 - WARNING - Found 70 roll numbers with no matching names in roll_names file for course HS202
2025-05-11 17:43:28,490 - WARNING - Sample missing roll numbers: ['1401AI02', '1401AI04', '1401AI05', '1401AI07', '1401AI08']
2025-05-11 17:43:28,500 - INFO - Generated: seating_arrangements\01_05_2016_HS202_B-001_morning.xlsx
2025-05-11 17:43:28,500 - INFO - Allocation for HS202 in B-101 with 70 students
2025-05-11 17:43:28,500 - WARNING - Found 70 roll numbers with no matching names in roll_names file for course HS202
2025-05-11 17:43:28,500 - WARNING - Sample missing roll numbers: ['1401CE49', '1401CE50', '1401CE53', '1401CE54', '1401CE55']
2025-05-11 17:43:28,509 - INFO - Generated: seating_arrangements\01_05_2016_HS202_B-101_morning.xlsx
2025-05-11 17:43:28,509 - INFO - Allocation for HS202 in B-002 with 70 students
2025-05-11 17:43:28,509 - WARNING - Found 70 roll numbers with no matching names in roll_names file for course HS202
2025-05-11 17:43:28,509 - WARNING - Sample missing roll numbers: ['1401EE21', '1401EE23', '1401EE25', '1401EE27', '1401EE28']
2025-05-11 17:43:28,519 - INFO - Generated: seating_arrangements\01_05_2016_HS202_B-002_morning.xlsx
2025-05-11 17:43:28,519 - INFO - Allocation for HS202 in B-003 with 70 students
2025-05-11 17:43:28,519 - WARNING - Found 70 roll numbers with no matching names in roll_names file for course HS202
2025-05-11 17:43:28,519 - WARNING - Sample missing roll numbers: ['1401MC51', '1401MC53', '1401MC56', '1401MC57', '1401MC58']
2025-05-11 17:43:28,528 - INFO - Generated: seating_arrangements\01_05_2016_HS202_B-003_morning.xlsx
2025-05-11 17:43:28,528 - INFO - Allocation for HS202 in B-103 with 4 students
2025-05-11 17:43:28,528 - WARNING - Found 4 roll numbers with no matching names in roll_names file for course HS202
2025-05-11 17:43:28,529 - WARNING - Sample missing roll numbers: ['1401PH27', '1401PH28', '1401PH29', '1401PH30']
2025-05-11 17:43:28,536 - INFO - Generated: seating_arrangements\01_05_2016_HS202_B-103_morning.xlsx
2025-05-11 17:43:28,536 - INFO - Allocation for HS331 in B-103 with 66 students
2025-05-11 17:43:28,536 - WARNING - Found 66 roll numbers with no matching names in roll_names file for course HS331
2025-05-11 17:43:28,536 - WARNING - Sample missing roll numbers: ['1301CB03', '1301CB05', '1301CB06', '1301CB15', '1301CB18']
2025-05-11 17:43:28,545 - INFO - Generated: seating_arrangements\01_05_2016_HS331_B-103_morning.xlsx
2025-05-11 17:43:28,545 - INFO - Allocation for HS331 in 10502 with 85 students
2025-05-11 17:43:28,545 - WARNING - Found 85 roll numbers with no matching names in roll_names file for course HS331
2025-05-11 17:43:28,545 - WARNING - Sample missing roll numbers: ['1301CS56', '1301CS61', '1301CS66', '1301CS69', '1301CS75']
2025-05-11 17:43:28,554 - INFO - Generated: seating_arrangements\01_05_2016_HS331_10502_morning.xlsx
2025-05-11 17:43:28,554 - INFO - Allocation for HS212 in 10502 with 5 students
2025-05-11 17:43:28,554 - WARNING - Found 5 roll numbers with no matching names in roll_names file for course HS212
2025-05-11 17:43:28,554 - WARNING - Sample missing roll numbers: ['1401AI10', '1401AI14', '1401AI18', '1401AI20', '1401AI21']
2025-05-11 17:43:28,561 - INFO - Generated: seating_arrangements\01_05_2016_HS212_10502_morning.xlsx
2025-05-11 17:43:28,561 - INFO - Allocation for HS212 in 6101 with 30 students
2025-05-11 17:43:28,561 - WARNING - Found 30 roll numbers with no matching names in roll_names file for course HS212
2025-05-11 17:43:28,561 - WARNING - Sample missing roll numbers: ['1401AI27', '1401CB01', '1401CB03', '1401CB05', '1401CB10']
2025-05-11 17:43:28,570 - INFO - Generated: seating_arrangements\01_05_2016_HS212_6101_morning.xlsx
2025-05-11 17:43:28,570 - INFO - Allocation for HS212 in 6102 with 72 students
2025-05-11 17:43:28,570 - WARNING - Found 72 roll numbers with no matching names in roll_names file for course HS212
2025-05-11 17:43:28,570 - WARNING - Sample missing roll numbers: ['1401CS04', '1401CS13', '1401CS20', '1401CS22', '1401CS30']
2025-05-11 17:43:28,578 - INFO - Generated: seating_arrangements\01_05_2016_HS212_6102_morning.xlsx
2025-05-11 17:43:28,578 - INFO - Allocation for HS212 in 6103 with 17 students
2025-05-11 17:43:28,578 - WARNING - Found 17 roll numbers with no matching names in roll_names file for course HS212
2025-05-11 17:43:28,578 - WARNING - Sample missing roll numbers: ['1401MM07', '1401MM12', '1401MM14', '1401MM17', '1401MM20']
2025-05-11 17:43:28,586 - INFO - Generated: seating_arrangements\01_05_2016_HS212_6103_morning.xlsx
2025-05-11 17:43:28,586 - INFO - Allocation for HS341 in 6103 with 13 students
2025-05-11 17:43:28,586 - WARNING - Found 13 roll numbers with no matching names in roll_names file for course HS341
2025-05-11 17:43:28,587 - WARNING - Sample missing roll numbers: ['1201CS05', '1301CB02', '1301CB10', '1301CB11', '1301CB17']
2025-05-11 17:43:28,594 - INFO - Generated: seating_arrangements\01_05_2016_HS341_6103_morning.xlsx
2025-05-11 17:43:28,594 - INFO - Allocation for HS341 in 6104 with 72 students
2025-05-11 17:43:28,594 - WARNING - Found 72 roll numbers with no matching names in roll_names file for course HS341
2025-05-11 17:43:28,594 - WARNING - Sample missing roll numbers: ['1301CB44', '1301CB47', '1301CB52', '1301CB55', '1301CB56']
2025-05-11 17:43:28,603 - INFO - Generated: seating_arrangements\01_05_2016_HS341_6104_morning.xlsx
2025-05-11 17:43:28,603 - INFO - Allocation for HS341 in 6105 with 12 students
2025-05-11 17:43:28,604 - WARNING - Found 12 roll numbers with no matching names in roll_names file for course HS341
2025-05-11 17:43:28,604 - WARNING - Sample missing roll numbers: ['1301ME48', '1301ME49', '1301ME52', '1301ME55', '1301ME56']
2025-05-11 17:43:28,611 - INFO - Generated: seating_arrangements\01_05_2016_HS341_6105_morning.xlsx
2025-05-11 17:43:28,611 - INFO - Allocation for HS225 in 6105 with 18 students
2025-05-11 17:43:28,611 - WARNING - Found 18 roll numbers with no matching names in roll_names file for course HS225
2025-05-11 17:43:28,612 - WARNING - Sample missing roll numbers: ['1401AI06', '1401AI11', '1401AI12', '1401AI13', '1401AI15']
2025-05-11 17:43:28,619 - INFO - Generated: seating_arrangements\01_05_2016_HS225_6105_morning.xlsx
2025-05-11 17:43:28,619 - INFO - Allocation for HS225 in 6106 with 30 students
2025-05-11 17:43:28,619 - WARNING - Found 30 roll numbers with no matching names in roll_names file for course HS225
2025-05-11 17:43:28,620 - WARNING - Sample missing roll numbers: ['1401CB26', '1401CB28', '1401CB33', '1401CB34', '1401CB45']
2025-05-11 17:43:28,627 - INFO - Generated: seating_arrangements\01_05_2016_HS225_6106_morning.xlsx
2025-05-11 17:43:28,627 - INFO - Allocation for HS225 in 6107 with 48 students
2025-05-11 17:43:28,627 - WARNING - Found 48 roll numbers with no matching names in roll_names file for course HS225
2025-05-11 17:43:28,627 - WARNING - Sample missing roll numbers: ['1401CS52', '1401CS53', '1401CS55', '1401CS57', '1401CS60']
2025-05-11 17:43:28,635 - INFO - Generated: seating_arrangements\01_05_2016_HS225_6107_morning.xlsx
2025-05-11 17:43:28,635 - INFO - Allocation for HS312 in 6107 with 24 students
2025-05-11 17:43:28,635 - WARNING - Found 24 roll numbers with no matching names in roll_names file for course HS312
2025-05-11 17:43:28,635 - WARNING - Sample missing roll numbers: ['1301CB04', '1301CB07', '1301CB33', '1301CB46', '1301CB53']
2025-05-11 17:43:28,642 - INFO - Generated: seating_arrangements\01_05_2016_HS312_6107_morning.xlsx
2025-05-11 17:43:28,642 - INFO - Allocation for HS312 in 6108 with 30 students
2025-05-11 17:43:28,644 - WARNING - Found 30 roll numbers with no matching names in roll_names file for course HS312
2025-05-11 17:43:28,644 - WARNING - Sample missing roll numbers: ['1301CS33', '1301CS39', '1301CS53', '1301CS55', '1301CS59']
2025-05-11 17:43:28,652 - INFO - Generated: seating_arrangements\01_05_2016_HS312_6108_morning.xlsx
2025-05-11 17:43:28,652 - INFO - Allocation for HS312 in 6109 with 40 students
2025-05-11 17:43:28,652 - WARNING - Found 40 roll numbers with no matching names in roll_names file for course HS312
2025-05-11 17:43:28,652 - WARNING - Sample missing roll numbers: ['1301EE66', '1301EE77', '1301EE84', '1301EE85', '1301EE86']
2025-05-11 17:43:28,660 - INFO - Generated: seating_arrangements\01_05_2016_HS312_6109_morning.xlsx
2025-05-11 17:43:28,660 - INFO - Allocation for HS302 in 6109 with 32 students
2025-05-11 17:43:28,660 - WARNING - Found 32 roll numbers with no matching names in roll_names file for course HS302
2025-05-11 17:43:28,660 - WARNING - Sample missing roll numbers: ['1301CB01', '1301CB08', '1301CB13', '1301CB21', '1301CB48']
2025-05-11 17:43:28,668 - INFO - Generated: seating_arrangements\01_05_2016_HS302_6109_morning.xlsx
2025-05-11 17:43:28,668 - INFO - Allocation for HS302 in 6110 with 16 students
2025-05-11 17:43:28,668 - WARNING - Found 16 roll numbers with no matching names in roll_names file for course HS302
2025-05-11 17:43:28,668 - WARNING - Sample missing roll numbers: ['1301CS73', '1301CS79', '1301CS85', '1301EE04', '1301EE07']
2025-05-11 17:43:28,676 - INFO - Generated: seating_arrangements\01_05_2016_HS302_6110_morning.xlsx
2025-05-11 17:43:28,676 - INFO - Allocation for MA524 in 6110 with 14 students
2025-05-11 17:43:28,676 - WARNING - Found 14 roll numbers with no matching names in roll_names file for course MA524
2025-05-11 17:43:28,677 - WARNING - Sample missing roll numbers: ['1312MA16', '1412MA01', '1412MA02', '1412MA03', '1412MA05']
2025-05-11 17:43:28,685 - INFO - Generated: seating_arrangements\01_05_2016_MA524_6110_morning.xlsx
2025-05-11 17:43:28,685 - INFO - Allocation for MA524 in 8301 with 14 students
2025-05-11 17:43:28,685 - WARNING - Found 14 roll numbers with no matching names in roll_names file for course MA524
2025-05-11 17:43:28,685 - WARNING - Sample missing roll numbers: ['1412MA15', '1412MA16', '1412MA17', '1412MA19', '1412MA20']
2025-05-11 17:43:28,693 - INFO - Generated: seating_arrangements\01_05_2016_MA524_8301_morning.xlsx
2025-05-11 17:43:28,693 - INFO - Allocation for EE574 in 8301 with 16 students
2025-05-11 17:43:28,693 - WARNING - Found 16 roll numbers with no matching names in roll_names file for course EE574
2025-05-11 17:43:28,693 - WARNING - Sample missing roll numbers: ['1201EE01', '1201EE26', '1201EE71', '1511EE17', '1511EE18']
2025-05-11 17:43:28,701 - INFO - Generated: seating_arrangements\01_05_2016_EE574_8301_morning.xlsx
2025-05-11 17:43:28,701 - INFO - Allocation for EE574 in 8302 with 1 students
2025-05-11 17:43:28,701 - WARNING - Found 1 roll numbers with no matching names in roll_names file for course EE574
2025-05-11 17:43:28,701 - WARNING - Sample missing roll numbers: ['1621EE07']
2025-05-11 17:43:28,708 - INFO - Generated: seating_arrangements\01_05_2016_EE574_8302_morning.xlsx
2025-05-11 17:43:28,708 - INFO - Allocation for HS713 in 8302 with 12 students
2025-05-11 17:43:28,708 - WARNING - Found 12 roll numbers with no matching names in roll_names file for course HS713
2025-05-11 17:43:28,708 - WARNING - Sample missing roll numbers: ['1521HS02', '1521HS06', '1521HS12', '1521HS13', '1521HS14']
2025-05-11 17:43:28,715 - INFO - Generated: seating_arrangements\01_05_2016_HS713_8302_morning.xlsx
2025-05-11 17:43:28,716 - INFO - Processing 2016-05-02 00:00:00 - Evening session
2025-05-11 17:43:28,718 - INFO - Found 35 roll numbers for course: MA504
2025-05-11 17:43:28,719 - INFO - Found 15 roll numbers for course: CE506
2025-05-11 17:43:28,720 - INFO - Found 15 roll numbers for course: MH502
2025-05-11 17:43:28,721 - INFO - Found 7 roll numbers for course: EE507
2025-05-11 17:43:28,723 - INFO - Found 20 roll numbers for course: MM502
2025-05-11 17:43:28,725 - INFO - Found 58 roll numbers for course: CB504
2025-05-11 17:43:28,727 - INFO - Found 30 roll numbers for course: CS546
2025-05-11 17:43:28,729 - INFO - Found 56 roll numbers for course: CE318
2025-05-11 17:43:28,733 - INFO - Found 78 roll numbers for course: ME332
2025-05-11 17:43:28,737 - INFO - Found 86 roll numbers for course: EE309
2025-05-11 17:43:28,739 - INFO - Found 29 roll numbers for course: MM302
2025-05-11 17:43:28,743 - INFO - Found 131 roll numbers for course: CS267
2025-05-11 17:43:28,745 - INFO - Found 35 roll numbers for course: MA504
2025-05-11 17:43:28,747 - INFO - Found 15 roll numbers for course: CE506
2025-05-11 17:43:28,749 - INFO - Found 15 roll numbers for course: MH502
2025-05-11 17:43:28,749 - INFO - Found 7 roll numbers for course: EE507
2025-05-11 17:43:28,751 - INFO - Found 20 roll numbers for course: MM502
2025-05-11 17:43:28,753 - INFO - Found 58 roll numbers for course: CB504
2025-05-11 17:43:28,755 - INFO - Found 30 roll numbers for course: CS546
2025-05-11 17:43:28,758 - INFO - Found 56 roll numbers for course: CE318
2025-05-11 17:43:28,762 - INFO - Found 78 roll numbers for course: ME332
2025-05-11 17:43:28,765 - INFO - Found 86 roll numbers for course: EE309
2025-05-11 17:43:28,766 - INFO - Found 29 roll numbers for course: MM302
2025-05-11 17:43:28,772 - INFO - Found 131 roll numbers for course: CS267
2025-05-11 17:43:28,778 - INFO - Found 131 roll numbers for course: CS267
2025-05-11 17:43:28,781 - INFO - Found 86 roll numbers for course: EE309
2025-05-11 17:43:28,785 - INFO - Found 78 roll numbers for course: ME332
2025-05-11 17:43:28,788 - INFO - Found 58 roll numbers for course: CB504
2025-05-11 17:43:28,790 - INFO - Found 56 roll numbers for course: CE318
2025-05-11 17:43:28,792 - INFO - Found 35 roll numbers for course: MA504
2025-05-11 17:43:28,794 - INFO - Found 30 roll numbers for course: CS546
2025-05-11 17:43:28,795 - INFO - Found 29 roll numbers for course: MM302
2025-05-11 17:43:28,797 - INFO - Found 20 roll numbers for course: MM502
2025-05-11 17:43:28,799 - INFO - Found 15 roll numbers for course: CE506
2025-05-11 17:43:28,800 - INFO - Found 15 roll numbers for course: MH502
2025-05-11 17:43:28,801 - INFO - Found 7 roll numbers for course: EE507
2025-05-11 17:43:28,801 - INFO - Allocation for CS267 in B-001 with 70 students
2025-05-11 17:43:28,802 - WARNING - Found 70 roll numbers with no matching names in roll_names file for course CS267
2025-05-11 17:43:28,802 - WARNING - Sample missing roll numbers: ['1401AI02', '1401AI04', '1401AI05', '1401AI06', '1401AI07']
2025-05-11 17:43:28,810 - INFO - Generated: seating_arrangements\02_05_2016_CS267_B-001_evening.xlsx
2025-05-11 17:43:28,810 - INFO - Allocation for CS267 in B-101 with 61 students
2025-05-11 17:43:28,810 - WARNING - Found 61 roll numbers with no matching names in roll_names file for course CS267
2025-05-11 17:43:28,810 - WARNING - Sample missing roll numbers: ['1401CS31', '1401CS32', '1401CS33', '1401CS34', '1401CS35']
2025-05-11 17:43:28,819 - INFO - Generated: seating_arrangements\02_05_2016_CS267_B-101_evening.xlsx
2025-05-11 17:43:28,820 - INFO - Allocation for EE309 in B-101 with 9 students
2025-05-11 17:43:28,820 - WARNING - Found 9 roll numbers with no matching names in roll_names file for course EE309
2025-05-11 17:43:28,820 - WARNING - Sample missing roll numbers: ['1301EE01', '1301EE03', '1301EE04', '1301EE05', '1301EE06']
2025-05-11 17:43:28,827 - INFO - Generated: seating_arrangements\02_05_2016_EE309_B-101_evening.xlsx
2025-05-11 17:43:28,828 - INFO - Allocation for EE309 in B-002 with 70 students
2025-05-11 17:43:28,828 - WARNING - Found 70 roll numbers with no matching names in roll_names file for course EE309
2025-05-11 17:43:28,828 - WARNING - Sample missing roll numbers: ['1301EE12', '1301EE13', '1301EE14', '1301EE15', '1301EE17']
2025-05-11 17:43:28,836 - INFO - Generated: seating_arrangements\02_05_2016_EE309_B-002_evening.xlsx
2025-05-11 17:43:28,836 - INFO - Allocation for EE309 in B-003 with 7 students
2025-05-11 17:43:28,837 - WARNING - Found 7 roll numbers with no matching names in roll_names file for course EE309
2025-05-11 17:43:28,837 - WARNING - Sample missing roll numbers: ['1301EE88', '1301EE89', '1301EE90', '1301EE91', '1301EE92']
2025-05-11 17:43:28,844 - INFO - Generated: seating_arrangements\02_05_2016_EE309_B-003_evening.xlsx
2025-05-11 17:43:28,844 - INFO - Allocation for ME332 in B-003 with 63 students
2025-05-11 17:43:28,844 - WARNING - Found 63 roll numbers with no matching names in roll_names file for course ME332
2025-05-11 17:43:28,844 - WARNING - Sample missing roll numbers: ['1301ME01', '1301ME02', '1301ME03', '1301ME04', '1301ME05']
2025-05-11 17:43:28,854 - INFO - Generated: seating_arrangements\02_05_2016_ME332_B-003_evening.xlsx
2025-05-11 17:43:28,854 - INFO - Allocation for ME332 in B-103 with 15 students
2025-05-11 17:43:28,854 - WARNING - Found 15 roll numbers with no matching names in roll_names file for course ME332
2025-05-11 17:43:28,854 - WARNING - Sample missing roll numbers: ['1301ME70', '1301ME71', '1301ME72', '1301ME74', '1301ME76']
2025-05-11 17:43:28,861 - INFO - Generated: seating_arrangements\02_05_2016_ME332_B-103_evening.xlsx
2025-05-11 17:43:28,861 - INFO - Allocation for CB504 in B-103 with 55 students
2025-05-11 17:43:28,862 - WARNING - Found 55 roll numbers with no matching names in roll_names file for course CB504
2025-05-11 17:43:28,862 - WARNING - Sample missing roll numbers: ['1201CB02', '1201CB03', '1201CB04', '1201CB06', '1201CB07']
2025-05-11 17:43:28,870 - INFO - Generated: seating_arrangements\02_05_2016_CB504_B-103_evening.xlsx
2025-05-11 17:43:28,870 - INFO - Allocation for CB504 in 10502 with 3 students
2025-05-11 17:43:28,870 - WARNING - Found 3 roll numbers with no matching names in roll_names file for course CB504
2025-05-11 17:43:28,870 - WARNING - Sample missing roll numbers: ['1521CB13', '1621CE08', '1621CE09']
2025-05-11 17:43:28,877 - INFO - Generated: seating_arrangements\02_05_2016_CB504_10502_evening.xlsx
2025-05-11 17:43:28,877 - INFO - Allocation for CE318 in 10502 with 56 students
2025-05-11 17:43:28,877 - WARNING - Found 56 roll numbers with no matching names in roll_names file for course CE318
2025-05-11 17:43:28,877 - WARNING - Sample missing roll numbers: ['1301CE01', '1301CE02', '1301CE04', '1301CE06', '1301CE07']
2025-05-11 17:43:28,885 - INFO - Generated: seating_arrangements\02_05_2016_CE318_10502_evening.xlsx
2025-05-11 17:43:28,886 - INFO - Allocation for MA504 in 10502 with 31 students
2025-05-11 17:43:28,886 - WARNING - Found 31 roll numbers with no matching names in roll_names file for course MA504
2025-05-11 17:43:28,886 - WARNING - Sample missing roll numbers: ['1312MA16', '1412MA01', '1412MA07', '1412MA08', '1412MA10']
2025-05-11 17:43:28,893 - INFO - Generated: seating_arrangements\02_05_2016_MA504_10502_evening.xlsx
2025-05-11 17:43:28,893 - INFO - Allocation for MA504 in 6101 with 4 students
2025-05-11 17:43:28,893 - WARNING - Found 4 roll numbers with no matching names in roll_names file for course MA504
2025-05-11 17:43:28,893 - WARNING - Sample missing roll numbers: ['1511MC27', '1521MA09', '1621MA01', '1621MA03']
2025-05-11 17:43:28,900 - INFO - Generated: seating_arrangements\02_05_2016_MA504_6101_evening.xlsx
2025-05-11 17:43:28,901 - INFO - Allocation for CS546 in 6101 with 26 students
2025-05-11 17:43:28,901 - WARNING - Found 26 roll numbers with no matching names in roll_names file for course CS546
2025-05-11 17:43:28,901 - WARNING - Sample missing roll numbers: ['1511AI01', '1511AI02', '1511AI03', '1511AI04', '1511AI05']
2025-05-11 17:43:28,908 - INFO - Generated: seating_arrangements\02_05_2016_CS546_6101_evening.xlsx
2025-05-11 17:43:28,908 - INFO - Allocation for CS546 in 6102 with 4 students
2025-05-11 17:43:28,908 - WARNING - Found 4 roll numbers with no matching names in roll_names file for course CS546
2025-05-11 17:43:28,908 - WARNING - Sample missing roll numbers: ['1511AI32', '1511AI33', '1511AI34', '1511AI35']
2025-05-11 17:43:28,916 - INFO - Generated: seating_arrangements\02_05_2016_CS546_6102_evening.xlsx
2025-05-11 17:43:28,917 - INFO - Allocation for MM302 in 6102 with 29 students
2025-05-11 17:43:28,917 - WARNING - Found 29 roll numbers with no matching names in roll_names file for course MM302
2025-05-11 17:43:28,917 - WARNING - Sample missing roll numbers: ['1301MM01', '1301MM03', '1301MM04', '1301MM05', '1301MM07']
2025-05-11 17:43:28,924 - INFO - Generated: seating_arrangements\02_05_2016_MM302_6102_evening.xlsx
2025-05-11 17:43:28,924 - INFO - Allocation for MM502 in 6102 with 20 students
2025-05-11 17:43:28,925 - WARNING - Found 20 roll numbers with no matching names in roll_names file for course MM502
2025-05-11 17:43:28,925 - WARNING - Sample missing roll numbers: ['1511MM01', '1511MM02', '1511MM03', '1511MM04', '1511MM05']
2025-05-11 17:43:28,932 - INFO - Generated: seating_arrangements\02_05_2016_MM502_6102_evening.xlsx
2025-05-11 17:43:28,932 - INFO - Allocation for CE506 in 6102 with 15 students
2025-05-11 17:43:28,932 - WARNING - Found 15 roll numbers with no matching names in roll_names file for course CE506
2025-05-11 17:43:28,932 - WARNING - Sample missing roll numbers: ['1511CE03', '1511CE04', '1511CE05', '1511CE06', '1511CE08']
2025-05-11 17:43:28,939 - INFO - Generated: seating_arrangements\02_05_2016_CE506_6102_evening.xlsx
2025-05-11 17:43:28,939 - INFO - Allocation for MH502 in 6102 with 4 students
2025-05-11 17:43:28,940 - WARNING - Found 4 roll numbers with no matching names in roll_names file for course MH502
2025-05-11 17:43:28,940 - WARNING - Sample missing roll numbers: ['1511MT01', '1511MT02', '1511MT06', '1511MT08']
2025-05-11 17:43:28,948 - INFO - Generated: seating_arrangements\02_05_2016_MH502_6102_evening.xlsx
2025-05-11 17:43:28,948 - INFO - Allocation for MH502 in 6103 with 11 students
2025-05-11 17:43:28,949 - WARNING - Found 11 roll numbers with no matching names in roll_names file for course MH502
2025-05-11 17:43:28,949 - WARNING - Sample missing roll numbers: ['1511MT09', '1511MT11', '1511MT12', '1511MT13', '1511MT15']
2025-05-11 17:43:28,955 - INFO - Generated: seating_arrangements\02_05_2016_MH502_6103_evening.xlsx
2025-05-11 17:43:28,955 - INFO - Allocation for EE507 in 6103 with 7 students
2025-05-11 17:43:28,955 - WARNING - Found 7 roll numbers with no matching names in roll_names file for course EE507
2025-05-11 17:43:28,956 - WARNING - Sample missing roll numbers: ['1511EE14', '1511EE16', '1511EE22', '1511EE31', '1511EE37']
2025-05-11 17:43:28,963 - INFO - Generated: seating_arrangements\02_05_2016_EE507_6103_evening.xlsx
2025-05-11 17:43:28,963 - INFO - Processing 2016-05-02 00:00:00 - Morning session
2025-05-11 17:43:28,967 - INFO - Found 96 roll numbers for course: HS514
2025-05-11 17:43:28,969 - INFO - Found 38 roll numbers for course: CS372
2025-05-11 17:43:28,971 - INFO - Found 49 roll numbers for course: CS392
2025-05-11 17:43:28,974 - INFO - Found 26 roll numbers for course: CH422
2025-05-11 17:43:28,976 - INFO - Found 24 roll numbers for course: EP206
2025-05-11 17:43:28,978 - INFO - Found 39 roll numbers for course: PH201
2025-05-11 17:43:28,987 - INFO - Found 290 roll numbers for course: CS244
2025-05-11 17:43:28,990 - INFO - Found 28 roll numbers for course: PH426
2025-05-11 17:43:28,991 - INFO - Found 30 roll numbers for course: MA424
2025-05-11 17:43:28,994 - INFO - Found 54 roll numbers for course: CB302
2025-05-11 17:43:28,997 - INFO - Found 96 roll numbers for course: HS514
2025-05-11 17:43:29,000 - INFO - Found 38 roll numbers for course: CS372
2025-05-11 17:43:29,002 - INFO - Found 49 roll numbers for course: CS392
2025-05-11 17:43:29,004 - INFO - Found 26 roll numbers for course: CH422
2025-05-11 17:43:29,005 - INFO - Found 24 roll numbers for course: EP206
2025-05-11 17:43:29,007 - INFO - Found 39 roll numbers for course: PH201
2025-05-11 17:43:29,017 - INFO - Found 290 roll numbers for course: CS244
2025-05-11 17:43:29,019 - INFO - Found 28 roll numbers for course: PH426
2025-05-11 17:43:29,021 - INFO - Found 30 roll numbers for course: MA424
2025-05-11 17:43:29,024 - INFO - Found 54 roll numbers for course: CB302
2025-05-11 17:43:29,036 - INFO - Found 290 roll numbers for course: CS244
2025-05-11 17:43:29,041 - INFO - Found 96 roll numbers for course: HS514
2025-05-11 17:43:29,043 - INFO - Found 54 roll numbers for course: CB302
2025-05-11 17:43:29,046 - INFO - Found 49 roll numbers for course: CS392
2025-05-11 17:43:29,049 - INFO - Found 39 roll numbers for course: PH201
2025-05-11 17:43:29,051 - INFO - Found 38 roll numbers for course: CS372
2025-05-11 17:43:29,054 - INFO - Found 30 roll numbers for course: MA424
2025-05-11 17:43:29,056 - INFO - Found 28 roll numbers for course: PH426
2025-05-11 17:43:29,058 - INFO - Found 26 roll numbers for course: CH422
2025-05-11 17:43:29,060 - INFO - Found 24 roll numbers for course: EP206
2025-05-11 17:43:29,060 - INFO - Allocation for CS244 in B-001 with 70 students
2025-05-11 17:43:29,060 - WARNING - Found 70 roll numbers with no matching names in roll_names file for course CS244
2025-05-11 17:43:29,061 - WARNING - Sample missing roll numbers: ['1401CB02', '1401CB07', '1401CB08', '1401CB09', '1401CB13']
2025-05-11 17:43:29,070 - INFO - Generated: seating_arrangements\02_05_2016_CS244_B-001_morning.xlsx
2025-05-11 17:43:29,070 - INFO - Allocation for CS244 in B-101 with 70 students
2025-05-11 17:43:29,071 - WARNING - Found 70 roll numbers with no matching names in roll_names file for course CS244
2025-05-11 17:43:29,071 - WARNING - Sample missing roll numbers: ['1401CE45', '1401CE46', '1401CE49', '1401CE50', '1401CE52']
2025-05-11 17:43:29,079 - INFO - Generated: seating_arrangements\02_05_2016_CS244_B-101_morning.xlsx
2025-05-11 17:43:29,080 - INFO - Allocation for CS244 in B-002 with 70 students
2025-05-11 17:43:29,080 - WARNING - Found 70 roll numbers with no matching names in roll_names file for course CS244
2025-05-11 17:43:29,080 - WARNING - Sample missing roll numbers: ['1401EE72', '1401EE74', '1401EE75', '1401EE76', '1401EE77']
2025-05-11 17:43:29,089 - INFO - Generated: seating_arrangements\02_05_2016_CS244_B-002_morning.xlsx
2025-05-11 17:43:29,089 - INFO - Allocation for CS244 in B-003 with 70 students
2025-05-11 17:43:29,089 - WARNING - Found 70 roll numbers with no matching names in roll_names file for course CS244
2025-05-11 17:43:29,090 - WARNING - Sample missing roll numbers: ['1401MC57', '1401MC58', '1401ME01', '1401ME02', '1401ME03']
2025-05-11 17:43:29,099 - INFO - Generated: seating_arrangements\02_05_2016_CS244_B-003_morning.xlsx
2025-05-11 17:43:29,099 - INFO - Allocation for CS244 in B-103 with 10 students
2025-05-11 17:43:29,099 - WARNING - Found 10 roll numbers with no matching names in roll_names file for course CS244
2025-05-11 17:43:29,099 - WARNING - Sample missing roll numbers: ['1401MM27', '1401MM30', '1401MM31', '1401MM35', '1401MM37']
2025-05-11 17:43:29,106 - INFO - Generated: seating_arrangements\02_05_2016_CS244_B-103_morning.xlsx
2025-05-11 17:43:29,106 - INFO - Allocation for HS514 in B-103 with 60 students
2025-05-11 17:43:29,107 - WARNING - Found 60 roll numbers with no matching names in roll_names file for course HS514
2025-05-11 17:43:29,107 - WARNING - Sample missing roll numbers: ['1421CS19', '1521CB11', '1521CB13', '1521CE07', '1521CE08']
2025-05-11 17:43:29,116 - INFO - Generated: seating_arrangements\02_05_2016_HS514_B-103_morning.xlsx
2025-05-11 17:43:29,117 - INFO - Allocation for HS514 in 10502 with 36 students
2025-05-11 17:43:29,117 - WARNING - Found 36 roll numbers with no matching names in roll_names file for course HS514
2025-05-11 17:43:29,117 - WARNING - Sample missing roll numbers: ['1621CE04', '1621CE06', '1621CE07', '1621CE08', '1621CE09']
2025-05-11 17:43:29,125 - INFO - Generated: seating_arrangements\02_05_2016_HS514_10502_morning.xlsx
2025-05-11 17:43:29,125 - INFO - Allocation for CB302 in 10502 with 54 students
2025-05-11 17:43:29,125 - WARNING - Found 54 roll numbers with no matching names in roll_names file for course CB302
2025-05-11 17:43:29,125 - WARNING - Sample missing roll numbers: ['1301CB01', '1301CB02', '1301CB03', '1301CB04', '1301CB05']
2025-05-11 17:43:29,134 - INFO - Generated: seating_arrangements\02_05_2016_CB302_10502_morning.xlsx
2025-05-11 17:43:29,134 - INFO - Allocation for CS392 in 6101 with 30 students
2025-05-11 17:43:29,134 - WARNING - Found 30 roll numbers with no matching names in roll_names file for course CS392
2025-05-11 17:43:29,134 - WARNING - Sample missing roll numbers: ['1201CS05', '1301CS01', '1301CS02', '1301CS03', '1301CS04']
2025-05-11 17:43:29,142 - INFO - Generated: seating_arrangements\02_05_2016_CS392_6101_morning.xlsx
2025-05-11 17:43:29,142 - INFO - Allocation for CS392 in 6102 with 19 students
2025-05-11 17:43:29,142 - WARNING - Found 19 roll numbers with no matching names in roll_names file for course CS392
2025-05-11 17:43:29,142 - WARNING - Sample missing roll numbers: ['1301CS52', '1301CS54', '1301CS58', '1301CS60', '1301CS61']
2025-05-11 17:43:29,151 - INFO - Generated: seating_arrangements\02_05_2016_CS392_6102_morning.xlsx
2025-05-11 17:43:29,152 - INFO - Allocation for PH201 in 6102 with 39 students
2025-05-11 17:43:29,152 - WARNING - Found 39 roll numbers with no matching names in roll_names file for course PH201
2025-05-11 17:43:29,152 - WARNING - Sample missing roll numbers: ['1401CB05', '1401CB31', '1401CB35', '1401CB63', '1401CB65']
2025-05-11 17:43:29,161 - INFO - Generated: seating_arrangements\02_05_2016_PH201_6102_morning.xlsx
2025-05-11 17:43:29,161 - INFO - Allocation for CS372 in 6102 with 14 students
2025-05-11 17:43:29,161 - WARNING - Found 14 roll numbers with no matching names in roll_names file for course CS372
2025-05-11 17:43:29,161 - WARNING - Sample missing roll numbers: ['1301CS06', '1301CS13', '1301CS14', '1301CS15', '1301CS16']
2025-05-11 17:43:29,168 - INFO - Generated: seating_arrangements\02_05_2016_CS372_6102_morning.xlsx
2025-05-11 17:43:29,168 - INFO - Allocation for CS372 in 6103 with 24 students
2025-05-11 17:43:29,168 - WARNING - Found 24 roll numbers with no matching names in roll_names file for course CS372
2025-05-11 17:43:29,168 - WARNING - Sample missing roll numbers: ['1301CS33', '1301CS34', '1301CS37', '1301CS39', '1301CS42']
2025-05-11 17:43:29,176 - INFO - Generated: seating_arrangements\02_05_2016_CS372_6103_morning.xlsx
2025-05-11 17:43:29,176 - INFO - Allocation for MA424 in 6103 with 6 students
2025-05-11 17:43:29,176 - WARNING - Found 6 roll numbers with no matching names in roll_names file for course MA424
2025-05-11 17:43:29,177 - WARNING - Sample missing roll numbers: ['1312MA09', '1512MA01', '1512MA02', '1512MA03', '1512MA05']
2025-05-11 17:43:29,184 - INFO - Generated: seating_arrangements\02_05_2016_MA424_6103_morning.xlsx
2025-05-11 17:43:29,185 - INFO - Allocation for MA424 in 6104 with 24 students
2025-05-11 17:43:29,185 - WARNING - Found 24 roll numbers with no matching names in roll_names file for course MA424
2025-05-11 17:43:29,185 - WARNING - Sample missing roll numbers: ['1512MA07', '1512MA08', '1512MA09', '1512MA11', '1512MA12']
2025-05-11 17:43:29,191 - INFO - Generated: seating_arrangements\02_05_2016_MA424_6104_morning.xlsx
2025-05-11 17:43:29,191 - INFO - Allocation for PH426 in 6104 with 28 students
2025-05-11 17:43:29,191 - WARNING - Found 28 roll numbers with no matching names in roll_names file for course PH426
2025-05-11 17:43:29,192 - WARNING - Sample missing roll numbers: ['1512PH02', '1512PH03', '1512PH04', '1512PH06', '1512PH07']
2025-05-11 17:43:29,200 - INFO - Generated: seating_arrangements\02_05_2016_PH426_6104_morning.xlsx
2025-05-11 17:43:29,200 - INFO - Allocation for CH422 in 6104 with 20 students
2025-05-11 17:43:29,200 - WARNING - Found 20 roll numbers with no matching names in roll_names file for course CH422
2025-05-11 17:43:29,200 - WARNING - Sample missing roll numbers: ['1512CH01', '1512CH04', '1512CH06', '1512CH11', '1512CH12']
2025-05-11 17:43:29,208 - INFO - Generated: seating_arrangements\02_05_2016_CH422_6104_morning.xlsx
2025-05-11 17:43:29,208 - INFO - Allocation for CH422 in 6105 with 6 students
2025-05-11 17:43:29,208 - WARNING - Found 6 roll numbers with no matching names in roll_names file for course CH422
2025-05-11 17:43:29,208 - WARNING - Sample missing roll numbers: ['1512CH38', '1512CH39', '1512CH40', '1512CH41', '1512CH42']
2025-05-11 17:43:29,216 - INFO - Generated: seating_arrangements\02_05_2016_CH422_6105_morning.xlsx
2025-05-11 17:43:29,217 - INFO - Allocation for EP206 in 6105 with 24 students
2025-05-11 17:43:29,217 - WARNING - Found 24 roll numbers with no matching names in roll_names file for course EP206
2025-05-11 17:43:29,217 - WARNING - Sample missing roll numbers: ['1401PH03', '1401PH04', '1401PH05', '1401PH06', '1401PH07']
2025-05-11 17:43:29,226 - INFO - Generated: seating_arrangements\02_05_2016_EP206_6105_morning.xlsx
2025-05-11 17:43:29,226 - INFO - Processing 2016-05-03 00:00:00 - Evening session
2025-05-11 17:43:29,233 - INFO - Found 173 roll numbers for course: CS551
2025-05-11 17:43:29,234 - INFO - Found 12 roll numbers for course: CE514
2025-05-11 17:43:29,236 - INFO - Found 25 roll numbers for course: ME542
2025-05-11 17:43:29,239 - INFO - Found 61 roll numbers for course: ME544
2025-05-11 17:43:29,240 - INFO - Found 7 roll numbers for course: EE514
2025-05-11 17:43:29,241 - INFO - Found 14 roll numbers for course: EE549
2025-05-11 17:43:29,242 - INFO - Found 10 roll numbers for course: PH602
2025-05-11 17:43:29,244 - INFO - Found 16 roll numbers for course: PH513
2025-05-11 17:43:29,245 - INFO - Found 29 roll numbers for course: CH604
2025-05-11 17:43:29,246 - INFO - Found 5 roll numbers for course: ME546
2025-05-11 17:43:29,250 - INFO - Found 87 roll numbers for course: CS358
2025-05-11 17:43:29,253 - INFO - Found 56 roll numbers for course: CE320
2025-05-11 17:43:29,259 - INFO - Found 173 roll numbers for course: CS551
2025-05-11 17:43:29,260 - INFO - Found 12 roll numbers for course: CE514
2025-05-11 17:43:29,262 - INFO - Found 25 roll numbers for course: ME542
2025-05-11 17:43:29,265 - INFO - Found 61 roll numbers for course: ME544
2025-05-11 17:43:29,266 - INFO - Found 7 roll numbers for course: EE514
2025-05-11 17:43:29,267 - INFO - Found 14 roll numbers for course: EE549
2025-05-11 17:43:29,268 - INFO - Found 10 roll numbers for course: PH602
2025-05-11 17:43:29,270 - INFO - Found 16 roll numbers for course: PH513
2025-05-11 17:43:29,272 - INFO - Found 29 roll numbers for course: CH604
2025-05-11 17:43:29,273 - INFO - Found 5 roll numbers for course: ME546
2025-05-11 17:43:29,276 - INFO - Found 87 roll numbers for course: CS358
2025-05-11 17:43:29,279 - INFO - Found 56 roll numbers for course: CE320
2025-05-11 17:43:29,285 - INFO - Found 173 roll numbers for course: CS551
2025-05-11 17:43:29,290 - INFO - Found 87 roll numbers for course: CS358
2025-05-11 17:43:29,293 - INFO - Found 61 roll numbers for course: ME544
2025-05-11 17:43:29,296 - INFO - Found 56 roll numbers for course: CE320
2025-05-11 17:43:29,297 - INFO - Found 29 roll numbers for course: CH604
2025-05-11 17:43:29,299 - INFO - Found 25 roll numbers for course: ME542
2025-05-11 17:43:29,300 - INFO - Found 16 roll numbers for course: PH513
2025-05-11 17:43:29,302 - INFO - Found 14 roll numbers for course: EE549
2025-05-11 17:43:29,303 - INFO - Found 12 roll numbers for course: CE514
2025-05-11 17:43:29,305 - INFO - Found 10 roll numbers for course: PH602
2025-05-11 17:43:29,306 - INFO - Found 7 roll numbers for course: EE514
2025-05-11 17:43:29,307 - INFO - Found 5 roll numbers for course: ME546
2025-05-11 17:43:29,308 - INFO - Allocation for CS551 in B-001 with 70 students
2025-05-11 17:43:29,308 - WARNING - Found 70 roll numbers with no matching names in roll_names file for course CS551
2025-05-11 17:43:29,308 - WARNING - Sample missing roll numbers: ['1201CS01', '1201CS02', '1201CS03', '1201CS04', '1201CS06']
2025-05-11 17:43:29,318 - INFO - Generated: seating_arrangements\03_05_2016_CS551_B-001_evening.xlsx
2025-05-11 17:43:29,318 - INFO - Allocation for CS551 in B-101 with 70 students
2025-05-11 17:43:29,318 - WARNING - Found 70 roll numbers with no matching names in roll_names file for course CS551
2025-05-11 17:43:29,318 - WARNING - Sample missing roll numbers: ['1201CS73', '1201CS74', '1201CS75', '1201CS76', '1201CS77']
2025-05-11 17:43:29,327 - INFO - Generated: seating_arrangements\03_05_2016_CS551_B-101_evening.xlsx
2025-05-11 17:43:29,328 - INFO - Allocation for CS551 in B-002 with 33 students
2025-05-11 17:43:29,328 - WARNING - Found 33 roll numbers with no matching names in roll_names file for course CS551
2025-05-11 17:43:29,328 - WARNING - Sample missing roll numbers: ['1511MC17', '1511MC19', '1511MC20', '1511MC21', '1511MC22']
2025-05-11 17:43:29,336 - INFO - Generated: seating_arrangements\03_05_2016_CS551_B-002_evening.xlsx
2025-05-11 17:43:29,336 - INFO - Allocation for CS358 in B-002 with 37 students
2025-05-11 17:43:29,336 - WARNING - Found 37 roll numbers with no matching names in roll_names file for course CS358
2025-05-11 17:43:29,336 - WARNING - Sample missing roll numbers: ['1201CS05', '1301CS01', '1301CS02', '1301CS03', '1301CS04']
2025-05-11 17:43:29,344 - INFO - Generated: seating_arrangements\03_05_2016_CS358_B-002_evening.xlsx
2025-05-11 17:43:29,345 - INFO - Allocation for CS358 in B-003 with 50 students
2025-05-11 17:43:29,345 - WARNING - Found 50 roll numbers with no matching names in roll_names file for course CS358
2025-05-11 17:43:29,345 - WARNING - Sample missing roll numbers: ['1301CS37', '1301CS38', '1301CS39', '1301CS40', '1301CS41']
2025-05-11 17:43:29,354 - INFO - Generated: seating_arrangements\03_05_2016_CS358_B-003_evening.xlsx
2025-05-11 17:43:29,354 - INFO - Allocation for ME544 in B-003 with 20 students
2025-05-11 17:43:29,354 - WARNING - Found 20 roll numbers with no matching names in roll_names file for course ME544
2025-05-11 17:43:29,354 - WARNING - Sample missing roll numbers: ['1201ME03', '1201ME04', '1201ME06', '1201ME10', '1201ME11']
2025-05-11 17:43:29,361 - INFO - Generated: seating_arrangements\03_05_2016_ME544_B-003_evening.xlsx
2025-05-11 17:43:29,362 - INFO - Allocation for ME544 in B-103 with 41 students
2025-05-11 17:43:29,362 - WARNING - Found 41 roll numbers with no matching names in roll_names file for course ME544
2025-05-11 17:43:29,362 - WARNING - Sample missing roll numbers: ['1201ME29', '1201ME32', '1201ME33', '1201ME35', '1201ME36']
2025-05-11 17:43:29,370 - INFO - Generated: seating_arrangements\03_05_2016_ME544_B-103_evening.xlsx
2025-05-11 17:43:29,370 - INFO - Allocation for CE320 in B-103 with 29 students
2025-05-11 17:43:29,370 - WARNING - Found 29 roll numbers with no matching names in roll_names file for course CE320
2025-05-11 17:43:29,370 - WARNING - Sample missing roll numbers: ['1301CE01', '1301CE02', '1301CE04', '1301CE06', '1301CE07']
2025-05-11 17:43:29,378 - INFO - Generated: seating_arrangements\03_05_2016_CE320_B-103_evening.xlsx
2025-05-11 17:43:29,379 - INFO - Allocation for CE320 in 10502 with 27 students
2025-05-11 17:43:29,379 - WARNING - Found 27 roll numbers with no matching names in roll_names file for course CE320
2025-05-11 17:43:29,379 - WARNING - Sample missing roll numbers: ['1301CE36', '1301CE37', '1301CE38', '1301CE39', '1301CE41']
2025-05-11 17:43:29,387 - INFO - Generated: seating_arrangements\03_05_2016_CE320_10502_evening.xlsx
2025-05-11 17:43:29,387 - INFO - Allocation for CH604 in 10502 with 29 students
2025-05-11 17:43:29,388 - WARNING - Found 29 roll numbers with no matching names in roll_names file for course CH604
2025-05-11 17:43:29,388 - WARNING - Sample missing roll numbers: ['1121CH11', '1412CH01', '1412CH02', '1412CH04', '1412CH05']
2025-05-11 17:43:29,395 - INFO - Generated: seating_arrangements\03_05_2016_CH604_10502_evening.xlsx
2025-05-11 17:43:29,396 - INFO - Allocation for ME542 in 10502 with 25 students
2025-05-11 17:43:29,396 - WARNING - Found 25 roll numbers with no matching names in roll_names file for course ME542
2025-05-11 17:43:29,396 - WARNING - Sample missing roll numbers: ['1201ME01', '1201ME07', '1201ME44', '1201ME61', '1201ME62']
2025-05-11 17:43:29,403 - INFO - Generated: seating_arrangements\03_05_2016_ME542_10502_evening.xlsx
2025-05-11 17:43:29,404 - INFO - Allocation for PH513 in 10502 with 9 students
2025-05-11 17:43:29,404 - WARNING - Found 9 roll numbers with no matching names in roll_names file for course PH513
2025-05-11 17:43:29,404 - WARNING - Sample missing roll numbers: ['1412PH01', '1412PH03', '1412PH05', '1412PH06', '1412PH07']
2025-05-11 17:43:29,411 - INFO - Generated: seating_arrangements\03_05_2016_PH513_10502_evening.xlsx
2025-05-11 17:43:29,411 - INFO - Allocation for PH513 in 6101 with 7 students
2025-05-11 17:43:29,411 - WARNING - Found 7 roll numbers with no matching names in roll_names file for course PH513
2025-05-11 17:43:29,411 - WARNING - Sample missing roll numbers: ['1412PH20', '1412PH21', '1412PH22', '1412PH24', '1412PH25']
2025-05-11 17:43:29,418 - INFO - Generated: seating_arrangements\03_05_2016_PH513_6101_evening.xlsx
2025-05-11 17:43:29,418 - INFO - Allocation for EE549 in 6101 with 14 students
2025-05-11 17:43:29,418 - WARNING - Found 14 roll numbers with no matching names in roll_names file for course EE549
2025-05-11 17:43:29,419 - WARNING - Sample missing roll numbers: ['1201EE26', '1201EE71', '1511EE17', '1511EE18', '1511EE24']
2025-05-11 17:43:29,425 - INFO - Generated: seating_arrangements\03_05_2016_EE549_6101_evening.xlsx
2025-05-11 17:43:29,425 - INFO - Allocation for CE514 in 6101 with 9 students
2025-05-11 17:43:29,425 - WARNING - Found 9 roll numbers with no matching names in roll_names file for course CE514
2025-05-11 17:43:29,426 - WARNING - Sample missing roll numbers: ['1511CE09', '1511CE21', '1511CE23', '1511CE24', '1511CE26']
2025-05-11 17:43:29,432 - INFO - Generated: seating_arrangements\03_05_2016_CE514_6101_evening.xlsx
2025-05-11 17:43:29,434 - INFO - Allocation for CE514 in 6102 with 3 students
2025-05-11 17:43:29,434 - WARNING - Found 3 roll numbers with no matching names in roll_names file for course CE514
2025-05-11 17:43:29,434 - WARNING - Sample missing roll numbers: ['1511CE42', '1511CE43', '1521CE14']
2025-05-11 17:43:29,440 - INFO - Generated: seating_arrangements\03_05_2016_CE514_6102_evening.xlsx
2025-05-11 17:43:29,440 - INFO - Allocation for PH602 in 6102 with 10 students
2025-05-11 17:43:29,440 - WARNING - Found 10 roll numbers with no matching names in roll_names file for course PH602
2025-05-11 17:43:29,440 - WARNING - Sample missing roll numbers: ['1412PH02', '1412PH04', '1412PH15', '1412PH16', '1412PH19']
2025-05-11 17:43:29,447 - INFO - Generated: seating_arrangements\03_05_2016_PH602_6102_evening.xlsx
2025-05-11 17:43:29,448 - INFO - Allocation for EE514 in 6102 with 7 students
2025-05-11 17:43:29,448 - WARNING - Found 7 roll numbers with no matching names in roll_names file for course EE514
2025-05-11 17:43:29,448 - WARNING - Sample missing roll numbers: ['1511EE14', '1511EE16', '1511EE22', '1511EE31', '1511EE37']
2025-05-11 17:43:29,454 - INFO - Generated: seating_arrangements\03_05_2016_EE514_6102_evening.xlsx
2025-05-11 17:43:29,454 - INFO - Allocation for ME546 in 6102 with 5 students
2025-05-11 17:43:29,454 - WARNING - Found 5 roll numbers with no matching names in roll_names file for course ME546
2025-05-11 17:43:29,454 - WARNING - Sample missing roll numbers: ['1201ME08', '1511ME23', '1521ME13', '1621ME09', '1621ME12']
2025-05-11 17:43:29,461 - INFO - Generated: seating_arrangements\03_05_2016_ME546_6102_evening.xlsx
2025-05-11 17:43:29,461 - INFO - Processing 2016-05-03 00:00:00 - Morning session
2025-05-11 17:43:29,466 - INFO - Found 131 roll numbers for course: CS259
2025-05-11 17:43:29,468 - INFO - Found 30 roll numbers for course: MA428
2025-05-11 17:43:29,471 - INFO - Found 50 roll numbers for course: MA220
2025-05-11 17:43:29,472 - INFO - Found 54 roll numbers for course: CE218
2025-05-11 17:43:29,475 - INFO - Found 26 roll numbers for course: CH428
2025-05-11 17:43:29,478 - INFO - Found 70 roll numbers for course: ME216
2025-05-11 17:43:29,481 - INFO - Found 89 roll numbers for course: EE205
2025-05-11 17:43:29,485 - INFO - Found 86 roll numbers for course: EE341
2025-05-11 17:43:29,487 - INFO - Found 32 roll numbers for course: MM206
2025-05-11 17:43:29,489 - INFO - Found 29 roll numbers for course: MM306
2025-05-11 17:43:29,492 - INFO - Found 78 roll numbers for course: ME314
2025-05-11 17:43:29,494 - INFO - Found 24 roll numbers for course: EP202
2025-05-11 17:43:29,496 - INFO - Found 28 roll numbers for course: PH420
2025-05-11 17:43:29,498 - INFO - Found 56 roll numbers for course: CB206
2025-05-11 17:43:29,501 - INFO - Found 54 roll numbers for course: CB304
2025-05-11 17:43:29,502 - INFO - Found 23 roll numbers for course: MA533
2025-05-11 17:43:29,507 - INFO - Found 131 roll numbers for course: CS259
2025-05-11 17:43:29,509 - INFO - Found 30 roll numbers for course: MA428
2025-05-11 17:43:29,511 - INFO - Found 50 roll numbers for course: MA220
2025-05-11 17:43:29,514 - INFO - Found 54 roll numbers for course: CE218
2025-05-11 17:43:29,516 - INFO - Found 26 roll numbers for course: CH428
2025-05-11 17:43:29,520 - INFO - Found 70 roll numbers for course: ME216
2025-05-11 17:43:29,523 - INFO - Found 89 roll numbers for course: EE205
2025-05-11 17:43:29,526 - INFO - Found 86 roll numbers for course: EE341
2025-05-11 17:43:29,528 - INFO - Found 32 roll numbers for course: MM206
2025-05-11 17:43:29,530 - INFO - Found 29 roll numbers for course: MM306
2025-05-11 17:43:29,533 - INFO - Found 78 roll numbers for course: ME314
2025-05-11 17:43:29,535 - INFO - Found 24 roll numbers for course: EP202
2025-05-11 17:43:29,537 - INFO - Found 28 roll numbers for course: PH420
2025-05-11 17:43:29,539 - INFO - Found 56 roll numbers for course: CB206
2025-05-11 17:43:29,542 - INFO - Found 54 roll numbers for course: CB304
2025-05-11 17:43:29,543 - INFO - Found 23 roll numbers for course: MA533
2025-05-11 17:43:29,549 - INFO - Found 131 roll numbers for course: CS259
2025-05-11 17:43:29,553 - INFO - Found 89 roll numbers for course: EE205
2025-05-11 17:43:29,556 - INFO - Found 86 roll numbers for course: EE341
2025-05-11 17:43:29,560 - INFO - Found 78 roll numbers for course: ME314
2025-05-11 17:43:29,564 - INFO - Found 70 roll numbers for course: ME216
2025-05-11 17:43:29,567 - INFO - Found 56 roll numbers for course: CB206
2025-05-11 17:43:29,570 - INFO - Found 54 roll numbers for course: CE218
2025-05-11 17:43:29,572 - INFO - Found 54 roll numbers for course: CB304
2025-05-11 17:43:29,575 - INFO - Found 50 roll numbers for course: MA220
2025-05-11 17:43:29,576 - INFO - Found 32 roll numbers for course: MM206
2025-05-11 17:43:29,578 - INFO - Found 30 roll numbers for course: MA428
2025-05-11 17:43:29,580 - INFO - Found 29 roll numbers for course: MM306
2025-05-11 17:43:29,582 - INFO - Found 28 roll numbers for course: PH420
2025-05-11 17:43:29,583 - INFO - Found 26 roll numbers for course: CH428
2025-05-11 17:43:29,585 - INFO - Found 24 roll numbers for course: EP202
2025-05-11 17:43:29,586 - INFO - Found 23 roll numbers for course: MA533
2025-05-11 17:43:29,587 - INFO - Allocation for CS259 in B-001 with 70 students
2025-05-11 17:43:29,587 - WARNING - Found 70 roll numbers with no matching names in roll_names file for course CS259
2025-05-11 17:43:29,587 - WARNING - Sample missing roll numbers: ['1401AI02', '1401AI04', '1401AI05', '1401AI06', '1401AI07']
2025-05-11 17:43:29,596 - INFO - Generated: seating_arrangements\03_05_2016_CS259_B-001_morning.xlsx
2025-05-11 17:43:29,596 - INFO - Allocation for CS259 in B-101 with 61 students
2025-05-11 17:43:29,596 - WARNING - Found 61 roll numbers with no matching names in roll_names file for course CS259
2025-05-11 17:43:29,597 - WARNING - Sample missing roll numbers: ['1401CS31', '1401CS32', '1401CS33', '1401CS34', '1401CS35']
2025-05-11 17:43:29,606 - INFO - Generated: seating_arrangements\03_05_2016_CS259_B-101_morning.xlsx
2025-05-11 17:43:29,606 - INFO - Allocation for EE205 in B-101 with 9 students
2025-05-11 17:43:29,606 - WARNING - Found 9 roll numbers with no matching names in roll_names file for course EE205
2025-05-11 17:43:29,606 - WARNING - Sample missing roll numbers: ['1401EE01', '1401EE02', '1401EE03', '1401EE04', '1401EE06']
2025-05-11 17:43:29,613 - INFO - Generated: seating_arrangements\03_05_2016_EE205_B-101_morning.xlsx
2025-05-11 17:43:29,613 - INFO - Allocation for EE205 in B-002 with 70 students
2025-05-11 17:43:29,613 - WARNING - Found 70 roll numbers with no matching names in roll_names file for course EE205
2025-05-11 17:43:29,613 - WARNING - Sample missing roll numbers: ['1401EE12', '1401EE14', '1401EE15', '1401EE16', '1401EE17']
2025-05-11 17:43:29,622 - INFO - Generated: seating_arrangements\03_05_2016_EE205_B-002_morning.xlsx
2025-05-11 17:43:29,622 - INFO - Allocation for EE205 in B-003 with 10 students
2025-05-11 17:43:29,622 - WARNING - Found 10 roll numbers with no matching names in roll_names file for course EE205
2025-05-11 17:43:29,622 - WARNING - Sample missing roll numbers: ['1401EE90', '1401EE91', '1401EE92', '1401EE93', '1401EE94']
2025-05-11 17:43:29,630 - INFO - Generated: seating_arrangements\03_05_2016_EE205_B-003_morning.xlsx
2025-05-11 17:43:29,630 - INFO - Allocation for EE341 in B-003 with 60 students
2025-05-11 17:43:29,630 - WARNING - Found 60 roll numbers with no matching names in roll_names file for course EE341
2025-05-11 17:43:29,630 - WARNING - Sample missing roll numbers: ['1301EE01', '1301EE03', '1301EE04', '1301EE05', '1301EE06']
2025-05-11 17:43:29,639 - INFO - Generated: seating_arrangements\03_05_2016_EE341_B-003_morning.xlsx
2025-05-11 17:43:29,639 - INFO - Allocation for EE341 in B-103 with 26 students
2025-05-11 17:43:29,639 - WARNING - Found 26 roll numbers with no matching names in roll_names file for course EE341
2025-05-11 17:43:29,639 - WARNING - Sample missing roll numbers: ['1301EE67', '1301EE68', '1301EE69', '1301EE70', '1301EE73']
2025-05-11 17:43:29,648 - INFO - Generated: seating_arrangements\03_05_2016_EE341_B-103_morning.xlsx
2025-05-11 17:43:29,648 - INFO - Allocation for ME314 in B-103 with 44 students
2025-05-11 17:43:29,648 - WARNING - Found 44 roll numbers with no matching names in roll_names file for course ME314
2025-05-11 17:43:29,648 - WARNING - Sample missing roll numbers: ['1301ME01', '1301ME02', '1301ME03', '1301ME04', '1301ME05']
2025-05-11 17:43:29,657 - INFO - Generated: seating_arrangements\03_05_2016_ME314_B-103_morning.xlsx
2025-05-11 17:43:29,657 - INFO - Allocation for ME314 in 10502 with 34 students
2025-05-11 17:43:29,657 - WARNING - Found 34 roll numbers with no matching names in roll_names file for course ME314
2025-05-11 17:43:29,657 - WARNING - Sample missing roll numbers: ['1301ME49', '1301ME50', '1301ME51', '1301ME52', '1301ME53']
2025-05-11 17:43:29,665 - INFO - Generated: seating_arrangements\03_05_2016_ME314_10502_morning.xlsx
2025-05-11 17:43:29,665 - INFO - Allocation for ME216 in 10502 with 56 students
2025-05-11 17:43:29,665 - WARNING - Found 56 roll numbers with no matching names in roll_names file for course ME216
2025-05-11 17:43:29,665 - WARNING - Sample missing roll numbers: ['1401ME01', '1401ME02', '1401ME03', '1401ME04', '1401ME05']
2025-05-11 17:43:29,674 - INFO - Generated: seating_arrangements\03_05_2016_ME216_10502_morning.xlsx
2025-05-11 17:43:29,674 - INFO - Allocation for ME216 in 6101 with 14 students
2025-05-11 17:43:29,674 - WARNING - Found 14 roll numbers with no matching names in roll_names file for course ME216
2025-05-11 17:43:29,674 - WARNING - Sample missing roll numbers: ['1401ME70', '1401ME71', '1401ME72', '1401ME73', '1401ME74']
2025-05-11 17:43:29,682 - INFO - Generated: seating_arrangements\03_05_2016_ME216_6101_morning.xlsx
2025-05-11 17:43:29,682 - INFO - Allocation for CB206 in 6101 with 16 students
2025-05-11 17:43:29,682 - WARNING - Found 16 roll numbers with no matching names in roll_names file for course CB206
2025-05-11 17:43:29,682 - WARNING - Sample missing roll numbers: ['1401CB01', '1401CB02', '1401CB03', '1401CB05', '1401CB07']
2025-05-11 17:43:29,690 - INFO - Generated: seating_arrangements\03_05_2016_CB206_6101_morning.xlsx
2025-05-11 17:43:29,690 - INFO - Allocation for CB206 in 6102 with 40 students
2025-05-11 17:43:29,690 - WARNING - Found 40 roll numbers with no matching names in roll_names file for course CB206
2025-05-11 17:43:29,690 - WARNING - Sample missing roll numbers: ['1401CB23', '1401CB24', '1401CB25', '1401CB26', '1401CB28']
2025-05-11 17:43:29,698 - INFO - Generated: seating_arrangements\03_05_2016_CB206_6102_morning.xlsx
2025-05-11 17:43:29,698 - INFO - Allocation for CE218 in 6102 with 32 students
2025-05-11 17:43:29,698 - WARNING - Found 32 roll numbers with no matching names in roll_names file for course CE218
2025-05-11 17:43:29,698 - WARNING - Sample missing roll numbers: ['1401CE03', '1401CE04', '1401CE05', '1401CE06', '1401CE07']
2025-05-11 17:43:29,706 - INFO - Generated: seating_arrangements\03_05_2016_CE218_6102_morning.xlsx
2025-05-11 17:43:29,706 - INFO - Allocation for CE218 in 6103 with 22 students
2025-05-11 17:43:29,706 - WARNING - Found 22 roll numbers with no matching names in roll_names file for course CE218
2025-05-11 17:43:29,706 - WARNING - Sample missing roll numbers: ['1401CE41', '1401CE42', '1401CE43', '1401CE44', '1401CE45']
2025-05-11 17:43:29,714 - INFO - Generated: seating_arrangements\03_05_2016_CE218_6103_morning.xlsx
2025-05-11 17:43:29,714 - INFO - Allocation for CB304 in 6103 with 8 students
2025-05-11 17:43:29,714 - WARNING - Found 8 roll numbers with no matching names in roll_names file for course CB304
2025-05-11 17:43:29,714 - WARNING - Sample missing roll numbers: ['1301CB01', '1301CB02', '1301CB03', '1301CB04', '1301CB05']
2025-05-11 17:43:29,721 - INFO - Generated: seating_arrangements\03_05_2016_CB304_6103_morning.xlsx
2025-05-11 17:43:29,721 - INFO - Allocation for CB304 in 6104 with 46 students
2025-05-11 17:43:29,721 - WARNING - Found 46 roll numbers with no matching names in roll_names file for course CB304
2025-05-11 17:43:29,721 - WARNING - Sample missing roll numbers: ['1301CB10', '1301CB11', '1301CB13', '1301CB15', '1301CB17']
2025-05-11 17:43:29,729 - INFO - Generated: seating_arrangements\03_05_2016_CB304_6104_morning.xlsx
2025-05-11 17:43:29,729 - INFO - Allocation for MA220 in 6104 with 26 students
2025-05-11 17:43:29,729 - WARNING - Found 26 roll numbers with no matching names in roll_names file for course MA220
2025-05-11 17:43:29,729 - WARNING - Sample missing roll numbers: ['1401MC01', '1401MC02', '1401MC04', '1401MC05', '1401MC06']
2025-05-11 17:43:29,737 - INFO - Generated: seating_arrangements\03_05_2016_MA220_6104_morning.xlsx
2025-05-11 17:43:29,737 - INFO - Allocation for MA220 in 6105 with 24 students
2025-05-11 17:43:29,737 - WARNING - Found 24 roll numbers with no matching names in roll_names file for course MA220
2025-05-11 17:43:29,737 - WARNING - Sample missing roll numbers: ['1401MC30', '1401MC31', '1401MC32', '1401MC33', '1401MC34']
2025-05-11 17:43:29,744 - INFO - Generated: seating_arrangements\03_05_2016_MA220_6105_morning.xlsx
2025-05-11 17:43:29,744 - INFO - Allocation for MM206 in 6105 with 6 students
2025-05-11 17:43:29,744 - WARNING - Found 6 roll numbers with no matching names in roll_names file for course MM206
2025-05-11 17:43:29,744 - WARNING - Sample missing roll numbers: ['1401MM01', '1401MM02', '1401MM03', '1401MM04', '1401MM06']
2025-05-11 17:43:29,751 - INFO - Generated: seating_arrangements\03_05_2016_MM206_6105_morning.xlsx
2025-05-11 17:43:29,751 - INFO - Allocation for MM206 in 6106 with 26 students
2025-05-11 17:43:29,752 - WARNING - Found 26 roll numbers with no matching names in roll_names file for course MM206
2025-05-11 17:43:29,752 - WARNING - Sample missing roll numbers: ['1401MM09', '1401MM10', '1401MM11', '1401MM12', '1401MM14']
2025-05-11 17:43:29,759 - INFO - Generated: seating_arrangements\03_05_2016_MM206_6106_morning.xlsx
2025-05-11 17:43:29,759 - INFO - Allocation for MA428 in 6106 with 4 students
2025-05-11 17:43:29,759 - WARNING - Found 4 roll numbers with no matching names in roll_names file for course MA428
2025-05-11 17:43:29,759 - WARNING - Sample missing roll numbers: ['1312MA09', '1512MA01', '1512MA02', '1512MA03']
2025-05-11 17:43:29,766 - INFO - Generated: seating_arrangements\03_05_2016_MA428_6106_morning.xlsx
2025-05-11 17:43:29,766 - INFO - Allocation for MA428 in 6107 with 26 students
2025-05-11 17:43:29,767 - WARNING - Found 26 roll numbers with no matching names in roll_names file for course MA428
2025-05-11 17:43:29,767 - WARNING - Sample missing roll numbers: ['1512MA05', '1512MA06', '1512MA07', '1512MA08', '1512MA09']
2025-05-11 17:43:29,774 - INFO - Generated: seating_arrangements\03_05_2016_MA428_6107_morning.xlsx
2025-05-11 17:43:29,774 - INFO - Allocation for MM306 in 6107 with 29 students
2025-05-11 17:43:29,774 - WARNING - Found 29 roll numbers with no matching names in roll_names file for course MM306
2025-05-11 17:43:29,774 - WARNING - Sample missing roll numbers: ['1301MM01', '1301MM03', '1301MM04', '1301MM05', '1301MM07']
2025-05-11 17:43:29,781 - INFO - Generated: seating_arrangements\03_05_2016_MM306_6107_morning.xlsx
2025-05-11 17:43:29,782 - INFO - Allocation for PH420 in 6107 with 17 students
2025-05-11 17:43:29,782 - WARNING - Found 17 roll numbers with no matching names in roll_names file for course PH420
2025-05-11 17:43:29,782 - WARNING - Sample missing roll numbers: ['1512PH02', '1512PH03', '1512PH04', '1512PH06', '1512PH07']
2025-05-11 17:43:29,790 - INFO - Generated: seating_arrangements\03_05_2016_PH420_6107_morning.xlsx
2025-05-11 17:43:29,790 - INFO - Allocation for PH420 in 6108 with 11 students
2025-05-11 17:43:29,791 - WARNING - Found 11 roll numbers with no matching names in roll_names file for course PH420
2025-05-11 17:43:29,791 - WARNING - Sample missing roll numbers: ['1512PH26', '1512PH27', '1512PH28', '1512PH29', '1512PH30']
2025-05-11 17:43:29,797 - INFO - Generated: seating_arrangements\03_05_2016_PH420_6108_morning.xlsx
2025-05-11 17:43:29,797 - INFO - Allocation for CH428 in 6108 with 19 students
2025-05-11 17:43:29,797 - WARNING - Found 19 roll numbers with no matching names in roll_names file for course CH428
2025-05-11 17:43:29,797 - WARNING - Sample missing roll numbers: ['1512CH01', '1512CH04', '1512CH06', '1512CH11', '1512CH12']
2025-05-11 17:43:29,804 - INFO - Generated: seating_arrangements\03_05_2016_CH428_6108_morning.xlsx
2025-05-11 17:43:29,804 - INFO - Allocation for CH428 in 6109 with 7 students
2025-05-11 17:43:29,805 - WARNING - Found 7 roll numbers with no matching names in roll_names file for course CH428
2025-05-11 17:43:29,805 - WARNING - Sample missing roll numbers: ['1512CH37', '1512CH38', '1512CH39', '1512CH40', '1512CH41']
2025-05-11 17:43:29,811 - INFO - Generated: seating_arrangements\03_05_2016_CH428_6109_morning.xlsx
2025-05-11 17:43:29,811 - INFO - Allocation for EP202 in 6109 with 24 students
2025-05-11 17:43:29,811 - WARNING - Found 24 roll numbers with no matching names in roll_names file for course EP202
2025-05-11 17:43:29,811 - WARNING - Sample missing roll numbers: ['1401PH03', '1401PH04', '1401PH05', '1401PH06', '1401PH07']
2025-05-11 17:43:29,819 - INFO - Generated: seating_arrangements\03_05_2016_EP202_6109_morning.xlsx
2025-05-11 17:43:29,819 - INFO - Allocation for MA533 in 6109 with 23 students
2025-05-11 17:43:29,819 - WARNING - Found 23 roll numbers with no matching names in roll_names file for course MA533
2025-05-11 17:43:29,819 - WARNING - Sample missing roll numbers: ['1412MA01', '1412MA02', '1412MA03', '1412MA05', '1412MA06']
2025-05-11 17:43:29,827 - INFO - Generated: seating_arrangements\03_05_2016_MA533_6109_morning.xlsx
2025-05-11 17:43:29,827 - INFO - Processing 2016-05-04 00:00:00 - Evening session
2025-05-11 17:43:29,829 - INFO - Found 30 roll numbers for course: CS547
2025-05-11 17:43:29,834 - INFO - Found 120 roll numbers for course: CS568
2025-05-11 17:43:29,835 - INFO - Found 27 roll numbers for course: CE545
2025-05-11 17:43:29,838 - INFO - Found 59 roll numbers for course: CH607
2025-05-11 17:43:29,839 - INFO - Found 14 roll numbers for course: ME567
2025-05-11 17:43:29,842 - INFO - Found 59 roll numbers for course: ME547
2025-05-11 17:43:29,843 - INFO - Found 21 roll numbers for course: ME552
2025-05-11 17:43:29,846 - INFO - Found 18 roll numbers for course: EE560
2025-05-11 17:43:29,848 - INFO - Found 49 roll numbers for course: MM510
2025-05-11 17:43:29,850 - INFO - Found 48 roll numbers for course: CB502
2025-05-11 17:43:29,851 - INFO - Found 26 roll numbers for course: MA522
2025-05-11 17:43:29,852 - INFO - Found 8 roll numbers for course: PH703
2025-05-11 17:43:29,855 - INFO - Found 56 roll numbers for course: CE324
2025-05-11 17:43:29,857 - INFO - Found 30 roll numbers for course: CS547
2025-05-11 17:43:29,861 - INFO - Found 120 roll numbers for course: CS568
2025-05-11 17:43:29,863 - INFO - Found 27 roll numbers for course: CE545
2025-05-11 17:43:29,866 - INFO - Found 59 roll numbers for course: CH607
2025-05-11 17:43:29,867 - INFO - Found 14 roll numbers for course: ME567
2025-05-11 17:43:29,870 - INFO - Found 59 roll numbers for course: ME547
2025-05-11 17:43:29,871 - INFO - Found 21 roll numbers for course: ME552
2025-05-11 17:43:29,872 - INFO - Found 18 roll numbers for course: EE560
2025-05-11 17:43:29,875 - INFO - Found 49 roll numbers for course: MM510
2025-05-11 17:43:29,877 - INFO - Found 48 roll numbers for course: CB502
2025-05-11 17:43:29,879 - INFO - Found 26 roll numbers for course: MA522
2025-05-11 17:43:29,881 - INFO - Found 8 roll numbers for course: PH703
2025-05-11 17:43:29,883 - INFO - Found 56 roll numbers for course: CE324
2025-05-11 17:43:29,889 - INFO - Found 120 roll numbers for course: CS568
2025-05-11 17:43:29,891 - INFO - Found 59 roll numbers for course: CH607
2025-05-11 17:43:29,894 - INFO - Found 59 roll numbers for course: ME547
2025-05-11 17:43:29,897 - INFO - Found 56 roll numbers for course: CE324
2025-05-11 17:43:29,899 - INFO - Found 49 roll numbers for course: MM510
2025-05-11 17:43:29,902 - INFO - Found 48 roll numbers for course: CB502
2025-05-11 17:43:29,905 - INFO - Found 30 roll numbers for course: CS547
2025-05-11 17:43:29,907 - INFO - Found 27 roll numbers for course: CE545
2025-05-11 17:43:29,909 - INFO - Found 26 roll numbers for course: MA522
2025-05-11 17:43:29,911 - INFO - Found 21 roll numbers for course: ME552
2025-05-11 17:43:29,912 - INFO - Found 18 roll numbers for course: EE560
2025-05-11 17:43:29,913 - INFO - Found 14 roll numbers for course: ME567
2025-05-11 17:43:29,915 - INFO - Found 8 roll numbers for course: PH703
2025-05-11 17:43:29,915 - INFO - Allocation for CS568 in B-001 with 70 students
2025-05-11 17:43:29,915 - WARNING - Found 70 roll numbers with no matching names in roll_names file for course CS568
2025-05-11 17:43:29,915 - WARNING - Sample missing roll numbers: ['1201CS01', '1201CS03', '1201CS04', '1201CS07', '1201CS10']
2025-05-11 17:43:29,927 - INFO - Generated: seating_arrangements\04_05_2016_CS568_B-001_evening.xlsx
2025-05-11 17:43:29,927 - INFO - Allocation for CS568 in B-101 with 50 students
2025-05-11 17:43:29,928 - WARNING - Found 50 roll numbers with no matching names in roll_names file for course CS568
2025-05-11 17:43:29,928 - WARNING - Sample missing roll numbers: ['1511AI24', '1511AI26', '1511AI27', '1511AI28', '1511AI29']
2025-05-11 17:43:29,938 - INFO - Generated: seating_arrangements\04_05_2016_CS568_B-101_evening.xlsx
2025-05-11 17:43:29,938 - INFO - Allocation for CH607 in B-101 with 20 students
2025-05-11 17:43:29,938 - WARNING - Found 20 roll numbers with no matching names in roll_names file for course CH607
2025-05-11 17:43:29,938 - WARNING - Sample missing roll numbers: ['1121CH05', '1121CH07', '1121CH08', '1121CH12', '1121CH13']
2025-05-11 17:43:29,947 - INFO - Generated: seating_arrangements\04_05_2016_CH607_B-101_evening.xlsx
2025-05-11 17:43:29,947 - INFO - Allocation for CH607 in B-002 with 39 students
2025-05-11 17:43:29,947 - WARNING - Found 39 roll numbers with no matching names in roll_names file for course CH607
2025-05-11 17:43:29,947 - WARNING - Sample missing roll numbers: ['1412CH06', '1412CH07', '1412CH09', '1412CH10', '1412CH11']
2025-05-11 17:43:29,957 - INFO - Generated: seating_arrangements\04_05_2016_CH607_B-002_evening.xlsx
2025-05-11 17:43:29,957 - INFO - Allocation for ME547 in B-002 with 31 students
2025-05-11 17:43:29,957 - WARNING - Found 31 roll numbers with no matching names in roll_names file for course ME547
2025-05-11 17:43:29,958 - WARNING - Sample missing roll numbers: ['1201ME03', '1201ME04', '1201ME06', '1201ME10', '1201ME13']
2025-05-11 17:43:29,966 - INFO - Generated: seating_arrangements\04_05_2016_ME547_B-002_evening.xlsx
2025-05-11 17:43:29,966 - INFO - Allocation for ME547 in B-003 with 28 students
2025-05-11 17:43:29,966 - WARNING - Found 28 roll numbers with no matching names in roll_names file for course ME547
2025-05-11 17:43:29,966 - WARNING - Sample missing roll numbers: ['1201ME50', '1201ME52', '1201ME53', '1201ME55', '1201ME56']
2025-05-11 17:43:29,976 - INFO - Generated: seating_arrangements\04_05_2016_ME547_B-003_evening.xlsx
2025-05-11 17:43:29,976 - INFO - Allocation for CE324 in B-003 with 42 students
2025-05-11 17:43:29,976 - WARNING - Found 42 roll numbers with no matching names in roll_names file for course CE324
2025-05-11 17:43:29,976 - WARNING - Sample missing roll numbers: ['1301CE01', '1301CE02', '1301CE04', '1301CE06', '1301CE07']
2025-05-11 17:43:29,985 - INFO - Generated: seating_arrangements\04_05_2016_CE324_B-003_evening.xlsx
2025-05-11 17:43:29,985 - INFO - Allocation for CE324 in B-103 with 14 students
2025-05-11 17:43:29,985 - WARNING - Found 14 roll numbers with no matching names in roll_names file for course CE324
2025-05-11 17:43:29,985 - WARNING - Sample missing roll numbers: ['1301CE51', '1301CE52', '1301CE53', '1301CE55', '1301CE57']
2025-05-11 17:43:29,994 - INFO - Generated: seating_arrangements\04_05_2016_CE324_B-103_evening.xlsx
2025-05-11 17:43:29,994 - INFO - Allocation for MM510 in B-103 with 49 students
2025-05-11 17:43:29,994 - WARNING - Found 49 roll numbers with no matching names in roll_names file for course MM510
2025-05-11 17:43:29,994 - WARNING - Sample missing roll numbers: ['1201MM01', '1201MM02', '1201MM03', '1201MM04', '1201MM05']
2025-05-11 17:43:30,004 - INFO - Generated: seating_arrangements\04_05_2016_MM510_B-103_evening.xlsx
2025-05-11 17:43:30,004 - INFO - Allocation for CB502 in B-103 with 7 students
2025-05-11 17:43:30,004 - WARNING - Found 7 roll numbers with no matching names in roll_names file for course CB502
2025-05-11 17:43:30,004 - WARNING - Sample missing roll numbers: ['1201CB02', '1201CB03', '1201CB04', '1201CB06', '1201CB07']
2025-05-11 17:43:30,012 - INFO - Generated: seating_arrangements\04_05_2016_CB502_B-103_evening.xlsx
2025-05-11 17:43:30,012 - INFO - Allocation for CB502 in 10502 with 41 students
2025-05-11 17:43:30,012 - WARNING - Found 41 roll numbers with no matching names in roll_names file for course CB502
2025-05-11 17:43:30,012 - WARNING - Sample missing roll numbers: ['1201CB10', '1201CB11', '1201CB13', '1201CB14', '1201CB16']
2025-05-11 17:43:30,022 - INFO - Generated: seating_arrangements\04_05_2016_CB502_10502_evening.xlsx
2025-05-11 17:43:30,022 - INFO - Allocation for CS547 in 10502 with 30 students
2025-05-11 17:43:30,022 - WARNING - Found 30 roll numbers with no matching names in roll_names file for course CS547
2025-05-11 17:43:30,022 - WARNING - Sample missing roll numbers: ['1201CS02', '1201CS06', '1201CS08', '1201CS09', '1201CS13']
2025-05-11 17:43:30,032 - INFO - Generated: seating_arrangements\04_05_2016_CS547_10502_evening.xlsx
2025-05-11 17:43:30,032 - INFO - Allocation for CE545 in 10502 with 19 students
2025-05-11 17:43:30,032 - WARNING - Found 19 roll numbers with no matching names in roll_names file for course CE545
2025-05-11 17:43:30,032 - WARNING - Sample missing roll numbers: ['1511CE03', '1511CE05', '1511CE06', '1511CE09', '1511CE11']
2025-05-11 17:43:30,040 - INFO - Generated: seating_arrangements\04_05_2016_CE545_10502_evening.xlsx
2025-05-11 17:43:30,040 - INFO - Allocation for CE545 in 6101 with 8 students
2025-05-11 17:43:30,040 - WARNING - Found 8 roll numbers with no matching names in roll_names file for course CE545
2025-05-11 17:43:30,041 - WARNING - Sample missing roll numbers: ['1511CE36', '1511CE37', '1511CE38', '1511CE40', '1511CE41']
2025-05-11 17:43:30,049 - INFO - Generated: seating_arrangements\04_05_2016_CE545_6101_evening.xlsx
2025-05-11 17:43:30,049 - INFO - Allocation for MA522 in 6101 with 22 students
2025-05-11 17:43:30,050 - WARNING - Found 22 roll numbers with no matching names in roll_names file for course MA522
2025-05-11 17:43:30,050 - WARNING - Sample missing roll numbers: ['1312MA16', '1412MA01', '1412MA02', '1412MA03', '1412MA05']
2025-05-11 17:43:30,057 - INFO - Generated: seating_arrangements\04_05_2016_MA522_6101_evening.xlsx
2025-05-11 17:43:30,058 - INFO - Allocation for MA522 in 6102 with 4 students
2025-05-11 17:43:30,058 - WARNING - Found 4 roll numbers with no matching names in roll_names file for course MA522
2025-05-11 17:43:30,058 - WARNING - Sample missing roll numbers: ['1412MA25', '1412MA26', '1412MA27', '1412MA29']
2025-05-11 17:43:30,066 - INFO - Generated: seating_arrangements\04_05_2016_MA522_6102_evening.xlsx
2025-05-11 17:43:30,066 - INFO - Allocation for ME552 in 6102 with 21 students
2025-05-11 17:43:30,067 - WARNING - Found 21 roll numbers with no matching names in roll_names file for course ME552
2025-05-11 17:43:30,067 - WARNING - Sample missing roll numbers: ['1201ME07', '1201ME11', '1201ME12', '1201ME17', '1201ME23']
2025-05-11 17:43:30,074 - INFO - Generated: seating_arrangements\04_05_2016_ME552_6102_evening.xlsx
2025-05-11 17:43:30,075 - INFO - Allocation for EE560 in 6102 with 18 students
2025-05-11 17:43:30,075 - WARNING - Found 18 roll numbers with no matching names in roll_names file for course EE560
2025-05-11 17:43:30,075 - WARNING - Sample missing roll numbers: ['1511EE01', '1511EE03', '1511EE04', '1511EE05', '1511EE06']
2025-05-11 17:43:30,085 - INFO - Generated: seating_arrangements\04_05_2016_EE560_6102_evening.xlsx
2025-05-11 17:43:30,085 - INFO - Allocation for ME567 in 6102 with 14 students
2025-05-11 17:43:30,085 - WARNING - Found 14 roll numbers with no matching names in roll_names file for course ME567
2025-05-11 17:43:30,085 - WARNING - Sample missing roll numbers: ['1201ME01', '1201ME08', '1511ME09', '1511ME11', '1511ME15']
2025-05-11 17:43:30,095 - INFO - Generated: seating_arrangements\04_05_2016_ME567_6102_evening.xlsx
2025-05-11 17:43:30,095 - INFO - Allocation for PH703 in 6102 with 8 students
2025-05-11 17:43:30,095 - WARNING - Found 8 roll numbers with no matching names in roll_names file for course PH703
2025-05-11 17:43:30,095 - WARNING - Sample missing roll numbers: ['1521PH22', '1521PH23', '1521PH26', '1521PH27', '1521PH29']
2025-05-11 17:43:30,103 - INFO - Generated: seating_arrangements\04_05_2016_PH703_6102_evening.xlsx
2025-05-11 17:43:30,103 - INFO - Processing 2016-05-04 00:00:00 - Morning session
2025-05-11 17:43:30,105 - INFO - Found 13 roll numbers for course: HS716
2025-05-11 17:43:30,109 - INFO - Found 91 roll numbers for course: CS209
2025-05-11 17:43:30,111 - INFO - Found 30 roll numbers for course: MA430
2025-05-11 17:43:30,114 - INFO - Found 55 roll numbers for course: CE220
2025-05-11 17:43:30,118 - INFO - Found 70 roll numbers for course: ME214
2025-05-11 17:43:30,122 - INFO - Found 89 roll numbers for course: EE280
2025-05-11 17:43:30,128 - INFO - Found 86 roll numbers for course: EE382
2025-05-11 17:43:30,130 - INFO - Found 32 roll numbers for course: MM204
2025-05-11 17:43:30,132 - INFO - Found 28 roll numbers for course: PH428
2025-05-11 17:43:30,134 - INFO - Found 18 roll numbers for course: PH608
2025-05-11 17:43:30,136 - INFO - Found 24 roll numbers for course: EP204
2025-05-11 17:43:30,139 - INFO - Found 56 roll numbers for course: CB208
2025-05-11 17:43:30,142 - INFO - Found 54 roll numbers for course: CB424
2025-05-11 17:43:30,144 - INFO - Found 26 roll numbers for course: CH424
2025-05-11 17:43:30,147 - INFO - Found 50 roll numbers for course: MA216
2025-05-11 17:43:30,148 - INFO - Found 13 roll numbers for course: HS716
2025-05-11 17:43:30,153 - INFO - Found 91 roll numbers for course: CS209
2025-05-11 17:43:30,155 - INFO - Found 30 roll numbers for course: MA430
2025-05-11 17:43:30,159 - INFO - Found 55 roll numbers for course: CE220
2025-05-11 17:43:30,164 - INFO - Found 70 roll numbers for course: ME214
2025-05-11 17:43:30,168 - INFO - Found 89 roll numbers for course: EE280
2025-05-11 17:43:30,172 - INFO - Found 86 roll numbers for course: EE382
2025-05-11 17:43:30,174 - INFO - Found 32 roll numbers for course: MM204
2025-05-11 17:43:30,176 - INFO - Found 28 roll numbers for course: PH428
2025-05-11 17:43:30,178 - INFO - Found 18 roll numbers for course: PH608
2025-05-11 17:43:30,180 - INFO - Found 24 roll numbers for course: EP204
2025-05-11 17:43:30,183 - INFO - Found 56 roll numbers for course: CB208
2025-05-11 17:43:30,186 - INFO - Found 54 roll numbers for course: CB424
2025-05-11 17:43:30,188 - INFO - Found 26 roll numbers for course: CH424
2025-05-11 17:43:30,191 - INFO - Found 50 roll numbers for course: MA216
2025-05-11 17:43:30,196 - INFO - Found 91 roll numbers for course: CS209
2025-05-11 17:43:30,199 - INFO - Found 89 roll numbers for course: EE280
2025-05-11 17:43:30,204 - INFO - Found 86 roll numbers for course: EE382
2025-05-11 17:43:30,208 - INFO - Found 70 roll numbers for course: ME214
2025-05-11 17:43:30,211 - INFO - Found 56 roll numbers for course: CB208
2025-05-11 17:43:30,214 - INFO - Found 55 roll numbers for course: CE220
2025-05-11 17:43:30,217 - INFO - Found 54 roll numbers for course: CB424
2025-05-11 17:43:30,220 - INFO - Found 50 roll numbers for course: MA216
2025-05-11 17:43:30,223 - INFO - Found 32 roll numbers for course: MM204
2025-05-11 17:43:30,225 - INFO - Found 30 roll numbers for course: MA430
2025-05-11 17:43:30,227 - INFO - Found 28 roll numbers for course: PH428
2025-05-11 17:43:30,229 - INFO - Found 26 roll numbers for course: CH424
2025-05-11 17:43:30,230 - INFO - Found 24 roll numbers for course: EP204
2025-05-11 17:43:30,232 - INFO - Found 18 roll numbers for course: PH608
2025-05-11 17:43:30,233 - INFO - Found 13 roll numbers for course: HS716
2025-05-11 17:43:30,234 - INFO - Allocation for CS209 in B-001 with 70 students
2025-05-11 17:43:30,234 - WARNING - Found 70 roll numbers with no matching names in roll_names file for course CS209
2025-05-11 17:43:30,234 - WARNING - Sample missing roll numbers: ['1401CS01', '1401CS02', '1401CS03', '1401CS04', '1401CS05']
2025-05-11 17:43:30,244 - INFO - Generated: seating_arrangements\04_05_2016_CS209_B-001_morning.xlsx
2025-05-11 17:43:30,244 - INFO - Allocation for CS209 in B-101 with 21 students
2025-05-11 17:43:30,244 - WARNING - Found 21 roll numbers with no matching names in roll_names file for course CS209
2025-05-11 17:43:30,244 - WARNING - Sample missing roll numbers: ['1401CS71', '1401CS72', '1401CS73', '1401CS74', '1401CS75']
2025-05-11 17:43:30,253 - INFO - Generated: seating_arrangements\04_05_2016_CS209_B-101_morning.xlsx
2025-05-11 17:43:30,253 - INFO - Allocation for EE280 in B-101 with 49 students
2025-05-11 17:43:30,253 - WARNING - Found 49 roll numbers with no matching names in roll_names file for course EE280
2025-05-11 17:43:30,254 - WARNING - Sample missing roll numbers: ['1401EE01', '1401EE02', '1401EE03', '1401EE04', '1401EE06']
2025-05-11 17:43:30,263 - INFO - Generated: seating_arrangements\04_05_2016_EE280_B-101_morning.xlsx
2025-05-11 17:43:30,263 - INFO - Allocation for EE280 in B-002 with 40 students
2025-05-11 17:43:30,263 - WARNING - Found 40 roll numbers with no matching names in roll_names file for course EE280
2025-05-11 17:43:30,263 - WARNING - Sample missing roll numbers: ['1401EE56', '1401EE57', '1401EE58', '1401EE59', '1401EE60']
2025-05-11 17:43:30,272 - INFO - Generated: seating_arrangements\04_05_2016_EE280_B-002_morning.xlsx
2025-05-11 17:43:30,272 - INFO - Allocation for EE382 in B-002 with 30 students
2025-05-11 17:43:30,272 - WARNING - Found 30 roll numbers with no matching names in roll_names file for course EE382
2025-05-11 17:43:30,272 - WARNING - Sample missing roll numbers: ['1301EE01', '1301EE03', '1301EE04', '1301EE05', '1301EE06']
2025-05-11 17:43:30,282 - INFO - Generated: seating_arrangements\04_05_2016_EE382_B-002_morning.xlsx
2025-05-11 17:43:30,282 - INFO - Allocation for EE382 in B-003 with 56 students
2025-05-11 17:43:30,282 - WARNING - Found 56 roll numbers with no matching names in roll_names file for course EE382
2025-05-11 17:43:30,282 - WARNING - Sample missing roll numbers: ['1301EE34', '1301EE35', '1301EE36', '1301EE37', '1301EE38']
2025-05-11 17:43:30,292 - INFO - Generated: seating_arrangements\04_05_2016_EE382_B-003_morning.xlsx
2025-05-11 17:43:30,292 - INFO - Allocation for ME214 in B-003 with 14 students
2025-05-11 17:43:30,292 - WARNING - Found 14 roll numbers with no matching names in roll_names file for course ME214
2025-05-11 17:43:30,292 - WARNING - Sample missing roll numbers: ['1401ME01', '1401ME02', '1401ME03', '1401ME04', '1401ME05']
2025-05-11 17:43:30,301 - INFO - Generated: seating_arrangements\04_05_2016_ME214_B-003_morning.xlsx
2025-05-11 17:43:30,301 - INFO - Allocation for ME214 in B-103 with 56 students
2025-05-11 17:43:30,301 - WARNING - Found 56 roll numbers with no matching names in roll_names file for course ME214
2025-05-11 17:43:30,301 - WARNING - Sample missing roll numbers: ['1401ME17', '1401ME20', '1401ME21', '1401ME22', '1401ME23']
2025-05-11 17:43:30,310 - INFO - Generated: seating_arrangements\04_05_2016_ME214_B-103_morning.xlsx
2025-05-11 17:43:30,310 - INFO - Allocation for CB208 in B-103 with 14 students
2025-05-11 17:43:30,310 - WARNING - Found 14 roll numbers with no matching names in roll_names file for course CB208
2025-05-11 17:43:30,311 - WARNING - Sample missing roll numbers: ['1401CB01', '1401CB02', '1401CB03', '1401CB05', '1401CB07']
2025-05-11 17:43:30,318 - INFO - Generated: seating_arrangements\04_05_2016_CB208_B-103_morning.xlsx
2025-05-11 17:43:30,319 - INFO - Allocation for CB208 in 10502 with 42 students
2025-05-11 17:43:30,319 - WARNING - Found 42 roll numbers with no matching names in roll_names file for course CB208
2025-05-11 17:43:30,319 - WARNING - Sample missing roll numbers: ['1401CB21', '1401CB22', '1401CB23', '1401CB24', '1401CB25']
2025-05-11 17:43:30,327 - INFO - Generated: seating_arrangements\04_05_2016_CB208_10502_morning.xlsx
2025-05-11 17:43:30,327 - INFO - Allocation for CE220 in 10502 with 48 students
2025-05-11 17:43:30,327 - WARNING - Found 48 roll numbers with no matching names in roll_names file for course CE220
2025-05-11 17:43:30,329 - WARNING - Sample missing roll numbers: ['1301CE06', '1401CE03', '1401CE04', '1401CE05', '1401CE06']
2025-05-11 17:43:30,337 - INFO - Generated: seating_arrangements\04_05_2016_CE220_10502_morning.xlsx
2025-05-11 17:43:30,337 - INFO - Allocation for CE220 in 6101 with 7 students
2025-05-11 17:43:30,337 - WARNING - Found 7 roll numbers with no matching names in roll_names file for course CE220
2025-05-11 17:43:30,337 - WARNING - Sample missing roll numbers: ['1401CE56', '1401CE57', '1401CE58', '1401CE60', '1401CE61']
2025-05-11 17:43:30,346 - INFO - Generated: seating_arrangements\04_05_2016_CE220_6101_morning.xlsx
2025-05-11 17:43:30,346 - INFO - Allocation for CB424 in 6101 with 23 students
2025-05-11 17:43:30,346 - WARNING - Found 23 roll numbers with no matching names in roll_names file for course CB424
2025-05-11 17:43:30,346 - WARNING - Sample missing roll numbers: ['1301CB01', '1301CB02', '1301CB03', '1301CB04', '1301CB05']
2025-05-11 17:43:30,354 - INFO - Generated: seating_arrangements\04_05_2016_CB424_6101_morning.xlsx
2025-05-11 17:43:30,354 - INFO - Allocation for CB424 in 6102 with 31 students
2025-05-11 17:43:30,354 - WARNING - Found 31 roll numbers with no matching names in roll_names file for course CB424
2025-05-11 17:43:30,354 - WARNING - Sample missing roll numbers: ['1301CB29', '1301CB30', '1301CB31', '1301CB33', '1301CB34']
2025-05-11 17:43:30,362 - INFO - Generated: seating_arrangements\04_05_2016_CB424_6102_morning.xlsx
2025-05-11 17:43:30,362 - INFO - Allocation for MA216 in 6102 with 41 students
2025-05-11 17:43:30,362 - WARNING - Found 41 roll numbers with no matching names in roll_names file for course MA216
2025-05-11 17:43:30,363 - WARNING - Sample missing roll numbers: ['1401MC01', '1401MC02', '1401MC04', '1401MC05', '1401MC06']
2025-05-11 17:43:30,371 - INFO - Generated: seating_arrangements\04_05_2016_MA216_6102_morning.xlsx
2025-05-11 17:43:30,372 - INFO - Allocation for MA216 in 6103 with 9 students
2025-05-11 17:43:30,372 - WARNING - Found 9 roll numbers with no matching names in roll_names file for course MA216
2025-05-11 17:43:30,372 - WARNING - Sample missing roll numbers: ['1401MC49', '1401MC50', '1401MC51', '1401MC53', '1401MC54']
2025-05-11 17:43:30,381 - INFO - Generated: seating_arrangements\04_05_2016_MA216_6103_morning.xlsx
2025-05-11 17:43:30,382 - INFO - Allocation for MM204 in 6103 with 21 students
2025-05-11 17:43:30,382 - WARNING - Found 21 roll numbers with no matching names in roll_names file for course MM204
2025-05-11 17:43:30,382 - WARNING - Sample missing roll numbers: ['1401MM01', '1401MM02', '1401MM03', '1401MM04', '1401MM06']
2025-05-11 17:43:30,389 - INFO - Generated: seating_arrangements\04_05_2016_MM204_6103_morning.xlsx
2025-05-11 17:43:30,389 - INFO - Allocation for MM204 in 6104 with 11 students
2025-05-11 17:43:30,389 - WARNING - Found 11 roll numbers with no matching names in roll_names file for course MM204
2025-05-11 17:43:30,389 - WARNING - Sample missing roll numbers: ['1401MM31', '1401MM34', '1401MM35', '1401MM37', '1401MM38']
2025-05-11 17:43:30,397 - INFO - Generated: seating_arrangements\04_05_2016_MM204_6104_morning.xlsx
2025-05-11 17:43:30,397 - INFO - Allocation for MA430 in 6104 with 30 students
2025-05-11 17:43:30,397 - WARNING - Found 30 roll numbers with no matching names in roll_names file for course MA430
2025-05-11 17:43:30,398 - WARNING - Sample missing roll numbers: ['1312MA09', '1512MA01', '1512MA02', '1512MA03', '1512MA05']
2025-05-11 17:43:30,406 - INFO - Generated: seating_arrangements\04_05_2016_MA430_6104_morning.xlsx
2025-05-11 17:43:30,406 - INFO - Allocation for PH428 in 6104 with 28 students
2025-05-11 17:43:30,407 - WARNING - Found 28 roll numbers with no matching names in roll_names file for course PH428
2025-05-11 17:43:30,407 - WARNING - Sample missing roll numbers: ['1512PH02', '1512PH03', '1512PH04', '1512PH06', '1512PH07']
2025-05-11 17:43:30,417 - INFO - Generated: seating_arrangements\04_05_2016_PH428_6104_morning.xlsx
2025-05-11 17:43:30,417 - INFO - Allocation for CH424 in 6104 with 3 students
2025-05-11 17:43:30,417 - WARNING - Found 3 roll numbers with no matching names in roll_names file for course CH424
2025-05-11 17:43:30,417 - WARNING - Sample missing roll numbers: ['1512CH01', '1512CH04', '1512CH06']
2025-05-11 17:43:30,424 - INFO - Generated: seating_arrangements\04_05_2016_CH424_6104_morning.xlsx
2025-05-11 17:43:30,424 - INFO - Allocation for CH424 in 6105 with 23 students
2025-05-11 17:43:30,424 - WARNING - Found 23 roll numbers with no matching names in roll_names file for course CH424
2025-05-11 17:43:30,425 - WARNING - Sample missing roll numbers: ['1512CH11', '1512CH12', '1512CH13', '1512CH14', '1512CH17']
2025-05-11 17:43:30,433 - INFO - Generated: seating_arrangements\04_05_2016_CH424_6105_morning.xlsx
2025-05-11 17:43:30,433 - INFO - Allocation for EP204 in 6105 with 7 students
2025-05-11 17:43:30,433 - WARNING - Found 7 roll numbers with no matching names in roll_names file for course EP204
2025-05-11 17:43:30,433 - WARNING - Sample missing roll numbers: ['1401PH03', '1401PH04', '1401PH05', '1401PH06', '1401PH07']
2025-05-11 17:43:30,440 - INFO - Generated: seating_arrangements\04_05_2016_EP204_6105_morning.xlsx
2025-05-11 17:43:30,440 - INFO - Allocation for EP204 in 6106 with 17 students
2025-05-11 17:43:30,442 - WARNING - Found 17 roll numbers with no matching names in roll_names file for course EP204
2025-05-11 17:43:30,442 - WARNING - Sample missing roll numbers: ['1401PH11', '1401PH12', '1401PH13', '1401PH14', '1401PH15']
2025-05-11 17:43:30,449 - INFO - Generated: seating_arrangements\04_05_2016_EP204_6106_morning.xlsx
2025-05-11 17:43:30,449 - INFO - Allocation for PH608 in 6106 with 13 students
2025-05-11 17:43:30,449 - WARNING - Found 13 roll numbers with no matching names in roll_names file for course PH608
2025-05-11 17:43:30,449 - WARNING - Sample missing roll numbers: ['1412PH01', '1412PH02', '1412PH03', '1412PH04', '1412PH05']
2025-05-11 17:43:30,457 - INFO - Generated: seating_arrangements\04_05_2016_PH608_6106_morning.xlsx
2025-05-11 17:43:30,457 - INFO - Allocation for PH608 in 6107 with 5 students
2025-05-11 17:43:30,457 - WARNING - Found 5 roll numbers with no matching names in roll_names file for course PH608
2025-05-11 17:43:30,457 - WARNING - Sample missing roll numbers: ['1412PH23', '1412PH24', '1412PH26', '1412PH29', '1412PH30']
2025-05-11 17:43:30,465 - INFO - Generated: seating_arrangements\04_05_2016_PH608_6107_morning.xlsx
2025-05-11 17:43:30,465 - INFO - Allocation for HS716 in 6107 with 13 students
2025-05-11 17:43:30,465 - WARNING - Found 13 roll numbers with no matching names in roll_names file for course HS716
2025-05-11 17:43:30,465 - WARNING - Sample missing roll numbers: ['1521HS12', '1521HS13', '1521HS14', '1521HS16', '1521HS18']
2025-05-11 17:43:30,473 - INFO - Generated: seating_arrangements\04_05_2016_HS716_6107_morning.xlsx
2025-05-11 17:43:30,474 - INFO - Processing 2016-05-05 00:00:00 - Evening session
2025-05-11 17:43:30,475 - INFO - Found 15 roll numbers for course: CE532
2025-05-11 17:43:30,476 - INFO - Found 13 roll numbers for course: CE536
2025-05-11 17:43:30,478 - INFO - Found 17 roll numbers for course: EE535
2025-05-11 17:43:30,479 - INFO - Found 13 roll numbers for course: MM520
2025-05-11 17:43:30,480 - INFO - Found 11 roll numbers for course: ME510
2025-05-11 17:43:30,483 - INFO - Found 25 roll numbers for course: MA502
2025-05-11 17:43:30,486 - INFO - Found 45 roll numbers for course: CB506
2025-05-11 17:43:30,487 - INFO - Found 16 roll numbers for course: MA536
2025-05-11 17:43:30,489 - INFO - Found 24 roll numbers for course: EP208
2025-05-11 17:43:30,491 - INFO - Found 25 roll numbers for course: PH203
2025-05-11 17:43:30,493 - INFO - Found 25 roll numbers for course: CS511
2025-05-11 17:43:30,494 - INFO - Found 15 roll numbers for course: CE526
2025-05-11 17:43:30,496 - INFO - Found 12 roll numbers for course: EE566
2025-05-11 17:43:30,497 - INFO - Found 15 roll numbers for course: CE532
2025-05-11 17:43:30,499 - INFO - Found 13 roll numbers for course: CE536
2025-05-11 17:43:30,501 - INFO - Found 17 roll numbers for course: EE535
2025-05-11 17:43:30,503 - INFO - Found 13 roll numbers for course: MM520
2025-05-11 17:43:30,504 - INFO - Found 11 roll numbers for course: ME510
2025-05-11 17:43:30,505 - INFO - Found 25 roll numbers for course: MA502
2025-05-11 17:43:30,508 - INFO - Found 45 roll numbers for course: CB506
2025-05-11 17:43:30,510 - INFO - Found 16 roll numbers for course: MA536
2025-05-11 17:43:30,512 - INFO - Found 24 roll numbers for course: EP208
2025-05-11 17:43:30,514 - INFO - Found 25 roll numbers for course: PH203
2025-05-11 17:43:30,516 - INFO - Found 25 roll numbers for course: CS511
2025-05-11 17:43:30,517 - INFO - Found 15 roll numbers for course: CE526
2025-05-11 17:43:30,518 - INFO - Found 12 roll numbers for course: EE566
2025-05-11 17:43:30,522 - INFO - Found 45 roll numbers for course: CB506
2025-05-11 17:43:30,523 - INFO - Found 25 roll numbers for course: MA502
2025-05-11 17:43:30,524 - INFO - Found 25 roll numbers for course: PH203
2025-05-11 17:43:30,526 - INFO - Found 25 roll numbers for course: CS511
2025-05-11 17:43:30,528 - INFO - Found 24 roll numbers for course: EP208
2025-05-11 17:43:30,530 - INFO - Found 17 roll numbers for course: EE535
2025-05-11 17:43:30,532 - INFO - Found 16 roll numbers for course: MA536
2025-05-11 17:43:30,534 - INFO - Found 15 roll numbers for course: CE532
2025-05-11 17:43:30,535 - INFO - Found 15 roll numbers for course: CE526
2025-05-11 17:43:30,537 - INFO - Found 13 roll numbers for course: CE536
2025-05-11 17:43:30,538 - INFO - Found 13 roll numbers for course: MM520
2025-05-11 17:43:30,539 - INFO - Found 12 roll numbers for course: EE566
2025-05-11 17:43:30,541 - INFO - Found 11 roll numbers for course: ME510
2025-05-11 17:43:30,541 - INFO - Allocation for CB506 in B-001 with 45 students
2025-05-11 17:43:30,541 - WARNING - Found 45 roll numbers with no matching names in roll_names file for course CB506
2025-05-11 17:43:30,541 - WARNING - Sample missing roll numbers: ['1201CB02', '1201CB03', '1201CB04', '1201CB06', '1201CB07']
2025-05-11 17:43:30,552 - INFO - Generated: seating_arrangements\05_05_2016_CB506_B-001_evening.xlsx
2025-05-11 17:43:30,552 - INFO - Allocation for MA502 in B-001 with 25 students
2025-05-11 17:43:30,553 - WARNING - Found 25 roll numbers with no matching names in roll_names file for course MA502
2025-05-11 17:43:30,553 - WARNING - Sample missing roll numbers: ['1511MC05', '1511MC06', '1511MC08', '1511MC09', '1511MC10']
2025-05-11 17:43:30,560 - INFO - Generated: seating_arrangements\05_05_2016_MA502_B-001_evening.xlsx
2025-05-11 17:43:30,560 - INFO - Allocation for PH203 in B-101 with 25 students
2025-05-11 17:43:30,560 - WARNING - Found 25 roll numbers with no matching names in roll_names file for course PH203
2025-05-11 17:43:30,560 - WARNING - Sample missing roll numbers: ['1301MM22', '1401CB01', '1401CB03', '1401CB10', '1401CB11']
2025-05-11 17:43:30,569 - INFO - Generated: seating_arrangements\05_05_2016_PH203_B-101_evening.xlsx
2025-05-11 17:43:30,569 - INFO - Allocation for CS511 in B-101 with 25 students
2025-05-11 17:43:30,569 - WARNING - Found 25 roll numbers with no matching names in roll_names file for course CS511
2025-05-11 17:43:30,569 - WARNING - Sample missing roll numbers: ['1511CS01', '1511CS03', '1511CS04', '1511CS05', '1511CS07']
2025-05-11 17:43:30,581 - INFO - Generated: seating_arrangements\05_05_2016_CS511_B-101_evening.xlsx
2025-05-11 17:43:30,581 - INFO - Allocation for EP208 in B-101 with 20 students
2025-05-11 17:43:30,581 - WARNING - Found 20 roll numbers with no matching names in roll_names file for course EP208
2025-05-11 17:43:30,581 - WARNING - Sample missing roll numbers: ['1401PH03', '1401PH04', '1401PH05', '1401PH06', '1401PH07']
2025-05-11 17:43:30,590 - INFO - Generated: seating_arrangements\05_05_2016_EP208_B-101_evening.xlsx
2025-05-11 17:43:30,590 - INFO - Allocation for EP208 in B-002 with 4 students
2025-05-11 17:43:30,590 - WARNING - Found 4 roll numbers with no matching names in roll_names file for course EP208
2025-05-11 17:43:30,590 - WARNING - Sample missing roll numbers: ['1401PH28', '1401PH29', '1401PH30', '1401PH32']
2025-05-11 17:43:30,598 - INFO - Generated: seating_arrangements\05_05_2016_EP208_B-002_evening.xlsx
2025-05-11 17:43:30,598 - INFO - Allocation for EE535 in B-002 with 17 students
2025-05-11 17:43:30,598 - WARNING - Found 17 roll numbers with no matching names in roll_names file for course EE535
2025-05-11 17:43:30,599 - WARNING - Sample missing roll numbers: ['1511EE01', '1511EE03', '1511EE04', '1511EE05', '1511EE06']
2025-05-11 17:43:30,608 - INFO - Generated: seating_arrangements\05_05_2016_EE535_B-002_evening.xlsx
2025-05-11 17:43:30,608 - INFO - Allocation for MA536 in B-002 with 16 students
2025-05-11 17:43:30,608 - WARNING - Found 16 roll numbers with no matching names in roll_names file for course MA536
2025-05-11 17:43:30,608 - WARNING - Sample missing roll numbers: ['1312MA16', '1412MA02', '1412MA03', '1412MA05', '1412MA06']
2025-05-11 17:43:30,617 - INFO - Generated: seating_arrangements\05_05_2016_MA536_B-002_evening.xlsx
2025-05-11 17:43:30,617 - INFO - Allocation for CE532 in B-002 with 15 students
2025-05-11 17:43:30,617 - WARNING - Found 15 roll numbers with no matching names in roll_names file for course CE532
2025-05-11 17:43:30,617 - WARNING - Sample missing roll numbers: ['1511CE04', '1511CE13', '1511CE14', '1511CE15', '1511CE16']
2025-05-11 17:43:30,626 - INFO - Generated: seating_arrangements\05_05_2016_CE532_B-002_evening.xlsx
2025-05-11 17:43:30,626 - INFO - Allocation for CE526 in B-002 with 15 students
2025-05-11 17:43:30,626 - WARNING - Found 15 roll numbers with no matching names in roll_names file for course CE526
2025-05-11 17:43:30,626 - WARNING - Sample missing roll numbers: ['1201CE07', '1201CE45', '1511CE09', '1511CE21', '1511CE23']
2025-05-11 17:43:30,634 - INFO - Generated: seating_arrangements\05_05_2016_CE526_B-002_evening.xlsx
2025-05-11 17:43:30,634 - INFO - Allocation for CE536 in B-002 with 3 students
2025-05-11 17:43:30,634 - WARNING - Found 3 roll numbers with no matching names in roll_names file for course CE536
2025-05-11 17:43:30,634 - WARNING - Sample missing roll numbers: ['1201CE19', '1201CE20', '1201CE28']
2025-05-11 17:43:30,642 - INFO - Generated: seating_arrangements\05_05_2016_CE536_B-002_evening.xlsx
2025-05-11 17:43:30,642 - INFO - Allocation for CE536 in B-003 with 10 students
2025-05-11 17:43:30,643 - WARNING - Found 10 roll numbers with no matching names in roll_names file for course CE536
2025-05-11 17:43:30,643 - WARNING - Sample missing roll numbers: ['1201CE29', '1201CE31', '1201CE38', '1201CE44', '1201CE49']
2025-05-11 17:43:30,651 - INFO - Generated: seating_arrangements\05_05_2016_CE536_B-003_evening.xlsx
2025-05-11 17:43:30,651 - INFO - Allocation for MM520 in B-003 with 13 students
2025-05-11 17:43:30,651 - WARNING - Found 13 roll numbers with no matching names in roll_names file for course MM520
2025-05-11 17:43:30,651 - WARNING - Sample missing roll numbers: ['1511MM01', '1511MM02', '1511MM03', '1511MM04', '1511MM05']
2025-05-11 17:43:30,660 - INFO - Generated: seating_arrangements\05_05_2016_MM520_B-003_evening.xlsx
2025-05-11 17:43:30,660 - INFO - Allocation for EE566 in B-003 with 12 students
2025-05-11 17:43:30,660 - WARNING - Found 12 roll numbers with no matching names in roll_names file for course EE566
2025-05-11 17:43:30,660 - WARNING - Sample missing roll numbers: ['1201EE01', '1201EE02', '1201EE03', '1201EE08', '1201EE20']
2025-05-11 17:43:30,668 - INFO - Generated: seating_arrangements\05_05_2016_EE566_B-003_evening.xlsx
2025-05-11 17:43:30,668 - INFO - Allocation for ME510 in B-003 with 11 students
2025-05-11 17:43:30,669 - WARNING - Found 11 roll numbers with no matching names in roll_names file for course ME510
2025-05-11 17:43:30,669 - WARNING - Sample missing roll numbers: ['1201ME15', '1201ME25', '1201ME31', '1511ME20', '1511ME21']
2025-05-11 17:43:30,677 - INFO - Generated: seating_arrangements\05_05_2016_ME510_B-003_evening.xlsx
2025-05-11 17:43:30,678 - INFO - Processing 2016-05-05 00:00:00 - Morning session
2025-05-11 17:43:30,680 - INFO - Found 40 roll numbers for course: CS277
2025-05-11 17:43:30,682 - INFO - Found 30 roll numbers for course: MA422
2025-05-11 17:43:30,686 - INFO - Found 50 roll numbers for course: MA218
2025-05-11 17:43:30,689 - INFO - Found 54 roll numbers for course: CE214
2025-05-11 17:43:30,693 - INFO - Found 70 roll numbers for course: ME208
2025-05-11 17:43:30,697 - INFO - Found 89 roll numbers for course: EE203
2025-05-11 17:43:30,699 - INFO - Found 28 roll numbers for course: PH424
2025-05-11 17:43:30,702 - INFO - Found 56 roll numbers for course: CB202
2025-05-11 17:43:30,704 - INFO - Found 15 roll numbers for course: NT512
2025-05-11 17:43:30,705 - INFO - Found 26 roll numbers for course: CH434
2025-05-11 17:43:30,706 - INFO - Found 1 roll numbers for course: EE561
2025-05-11 17:43:30,707 - INFO - Found 16 roll numbers for course: EE731
2025-05-11 17:43:30,710 - INFO - Found 40 roll numbers for course: CS277
2025-05-11 17:43:30,712 - INFO - Found 30 roll numbers for course: MA422
2025-05-11 17:43:30,716 - INFO - Found 50 roll numbers for course: MA218
2025-05-11 17:43:30,719 - INFO - Found 54 roll numbers for course: CE214
2025-05-11 17:43:30,723 - INFO - Found 70 roll numbers for course: ME208
2025-05-11 17:43:30,727 - INFO - Found 89 roll numbers for course: EE203
2025-05-11 17:43:30,729 - INFO - Found 28 roll numbers for course: PH424
2025-05-11 17:43:30,732 - INFO - Found 56 roll numbers for course: CB202
2025-05-11 17:43:30,734 - INFO - Found 15 roll numbers for course: NT512
2025-05-11 17:43:30,735 - INFO - Found 26 roll numbers for course: CH434
2025-05-11 17:43:30,736 - INFO - Found 1 roll numbers for course: EE561
2025-05-11 17:43:30,738 - INFO - Found 16 roll numbers for course: EE731
2025-05-11 17:43:30,742 - INFO - Found 89 roll numbers for course: EE203
2025-05-11 17:43:30,746 - INFO - Found 70 roll numbers for course: ME208
2025-05-11 17:43:30,749 - INFO - Found 56 roll numbers for course: CB202
2025-05-11 17:43:30,752 - INFO - Found 54 roll numbers for course: CE214
2025-05-11 17:43:30,755 - INFO - Found 50 roll numbers for course: MA218
2025-05-11 17:43:30,757 - INFO - Found 40 roll numbers for course: CS277
2025-05-11 17:43:30,759 - INFO - Found 30 roll numbers for course: MA422
2025-05-11 17:43:30,762 - INFO - Found 28 roll numbers for course: PH424
2025-05-11 17:43:30,763 - INFO - Found 26 roll numbers for course: CH434
2025-05-11 17:43:30,766 - INFO - Found 16 roll numbers for course: EE731
2025-05-11 17:43:30,767 - INFO - Found 15 roll numbers for course: NT512
2025-05-11 17:43:30,768 - INFO - Found 1 roll numbers for course: EE561
2025-05-11 17:43:30,769 - INFO - Allocation for EE203 in B-001 with 70 students
2025-05-11 17:43:30,769 - WARNING - Found 70 roll numbers with no matching names in roll_names file for course EE203
2025-05-11 17:43:30,769 - WARNING - Sample missing roll numbers: ['1401EE01', '1401EE02', '1401EE03', '1401EE04', '1401EE06']
2025-05-11 17:43:30,780 - INFO - Generated: seating_arrangements\05_05_2016_EE203_B-001_morning.xlsx
2025-05-11 17:43:30,780 - INFO - Allocation for EE203 in B-101 with 19 students
2025-05-11 17:43:30,781 - WARNING - Found 19 roll numbers with no matching names in roll_names file for course EE203
2025-05-11 17:43:30,781 - WARNING - Sample missing roll numbers: ['1401EE79', '1401EE80', '1401EE83', '1401EE84', '1401EE85']
2025-05-11 17:43:30,788 - INFO - Generated: seating_arrangements\05_05_2016_EE203_B-101_morning.xlsx
2025-05-11 17:43:30,788 - INFO - Allocation for ME208 in B-101 with 51 students
2025-05-11 17:43:30,789 - WARNING - Found 51 roll numbers with no matching names in roll_names file for course ME208
2025-05-11 17:43:30,789 - WARNING - Sample missing roll numbers: ['1401ME01', '1401ME02', '1401ME03', '1401ME04', '1401ME05']
2025-05-11 17:43:30,800 - INFO - Generated: seating_arrangements\05_05_2016_ME208_B-101_morning.xlsx
2025-05-11 17:43:30,800 - INFO - Allocation for ME208 in B-002 with 19 students
2025-05-11 17:43:30,800 - WARNING - Found 19 roll numbers with no matching names in roll_names file for course ME208
2025-05-11 17:43:30,800 - WARNING - Sample missing roll numbers: ['1401ME65', '1401ME66', '1401ME67', '1401ME68', '1401ME69']
2025-05-11 17:43:30,808 - INFO - Generated: seating_arrangements\05_05_2016_ME208_B-002_morning.xlsx
2025-05-11 17:43:30,808 - INFO - Allocation for CB202 in B-002 with 51 students
2025-05-11 17:43:30,808 - WARNING - Found 51 roll numbers with no matching names in roll_names file for course CB202
2025-05-11 17:43:30,808 - WARNING - Sample missing roll numbers: ['1401CB01', '1401CB02', '1401CB03', '1401CB05', '1401CB07']
2025-05-11 17:43:30,818 - INFO - Generated: seating_arrangements\05_05_2016_CB202_B-002_morning.xlsx
2025-05-11 17:43:30,818 - INFO - Allocation for CB202 in B-003 with 5 students
2025-05-11 17:43:30,818 - WARNING - Found 5 roll numbers with no matching names in roll_names file for course CB202
2025-05-11 17:43:30,818 - WARNING - Sample missing roll numbers: ['1401CB62', '1401CB63', '1401CB64', '1401CB65', '1401CB66']
2025-05-11 17:43:30,827 - INFO - Generated: seating_arrangements\05_05_2016_CB202_B-003_morning.xlsx
2025-05-11 17:43:30,827 - INFO - Allocation for CE214 in B-003 with 54 students
2025-05-11 17:43:30,827 - WARNING - Found 54 roll numbers with no matching names in roll_names file for course CE214
2025-05-11 17:43:30,827 - WARNING - Sample missing roll numbers: ['1401CE03', '1401CE04', '1401CE05', '1401CE06', '1401CE07']
2025-05-11 17:43:30,837 - INFO - Generated: seating_arrangements\05_05_2016_CE214_B-003_morning.xlsx
2025-05-11 17:43:30,837 - INFO - Allocation for MA218 in B-003 with 11 students
2025-05-11 17:43:30,837 - WARNING - Found 11 roll numbers with no matching names in roll_names file for course MA218
2025-05-11 17:43:30,837 - WARNING - Sample missing roll numbers: ['1401MC01', '1401MC02', '1401MC04', '1401MC05', '1401MC06']
2025-05-11 17:43:30,844 - INFO - Generated: seating_arrangements\05_05_2016_MA218_B-003_morning.xlsx
2025-05-11 17:43:30,844 - INFO - Allocation for MA218 in B-103 with 39 students
2025-05-11 17:43:30,844 - WARNING - Found 39 roll numbers with no matching names in roll_names file for course MA218
2025-05-11 17:43:30,844 - WARNING - Sample missing roll numbers: ['1401MC15', '1401MC16', '1401MC17', '1401MC18', '1401MC19']
2025-05-11 17:43:30,852 - INFO - Generated: seating_arrangements\05_05_2016_MA218_B-103_morning.xlsx
2025-05-11 17:43:30,853 - INFO - Allocation for CS277 in B-103 with 31 students
2025-05-11 17:43:30,853 - WARNING - Found 31 roll numbers with no matching names in roll_names file for course CS277
2025-05-11 17:43:30,853 - WARNING - Sample missing roll numbers: ['1401AI02', '1401AI04', '1401AI05', '1401AI06', '1401AI07']
2025-05-11 17:43:30,862 - INFO - Generated: seating_arrangements\05_05_2016_CS277_B-103_morning.xlsx
2025-05-11 17:43:30,862 - INFO - Allocation for CS277 in 10502 with 9 students
2025-05-11 17:43:30,863 - WARNING - Found 9 roll numbers with no matching names in roll_names file for course CS277
2025-05-11 17:43:30,863 - WARNING - Sample missing roll numbers: ['1401AI35', '1401AI36', '1401AI37', '1401AI38', '1401AI39']
2025-05-11 17:43:30,869 - INFO - Generated: seating_arrangements\05_05_2016_CS277_10502_morning.xlsx
2025-05-11 17:43:30,871 - INFO - Allocation for MA422 in 10502 with 30 students
2025-05-11 17:43:30,871 - WARNING - Found 30 roll numbers with no matching names in roll_names file for course MA422
2025-05-11 17:43:30,871 - WARNING - Sample missing roll numbers: ['1312MA09', '1512MA01', '1512MA02', '1512MA03', '1512MA05']
2025-05-11 17:43:30,879 - INFO - Generated: seating_arrangements\05_05_2016_MA422_10502_morning.xlsx
2025-05-11 17:43:30,879 - INFO - Allocation for PH424 in 10502 with 28 students
2025-05-11 17:43:30,879 - WARNING - Found 28 roll numbers with no matching names in roll_names file for course PH424
2025-05-11 17:43:30,879 - WARNING - Sample missing roll numbers: ['1512PH02', '1512PH03', '1512PH04', '1512PH06', '1512PH07']
2025-05-11 17:43:30,888 - INFO - Generated: seating_arrangements\05_05_2016_PH424_10502_morning.xlsx
2025-05-11 17:43:30,888 - INFO - Allocation for CH434 in 10502 with 23 students
2025-05-11 17:43:30,888 - WARNING - Found 23 roll numbers with no matching names in roll_names file for course CH434
2025-05-11 17:43:30,888 - WARNING - Sample missing roll numbers: ['1512CH01', '1512CH04', '1512CH06', '1512CH11', '1512CH12']
2025-05-11 17:43:30,896 - INFO - Generated: seating_arrangements\05_05_2016_CH434_10502_morning.xlsx
2025-05-11 17:43:30,896 - INFO - Allocation for CH434 in 6101 with 3 students
2025-05-11 17:43:30,897 - WARNING - Found 3 roll numbers with no matching names in roll_names file for course CH434
2025-05-11 17:43:30,897 - WARNING - Sample missing roll numbers: ['1512CH41', '1512CH42', '1512CH43']
2025-05-11 17:43:30,906 - INFO - Generated: seating_arrangements\05_05_2016_CH434_6101_morning.xlsx
2025-05-11 17:43:30,906 - INFO - Allocation for EE731 in 6101 with 16 students
2025-05-11 17:43:30,906 - WARNING - Found 16 roll numbers with no matching names in roll_names file for course EE731
2025-05-11 17:43:30,906 - WARNING - Sample missing roll numbers: ['1511EE03', '1511EE04', '1511EE06', '1511EE07', '1511EE08']
2025-05-11 17:43:30,916 - INFO - Generated: seating_arrangements\05_05_2016_EE731_6101_morning.xlsx
2025-05-11 17:43:30,916 - INFO - Allocation for NT512 in 6101 with 11 students
2025-05-11 17:43:30,916 - WARNING - Found 11 roll numbers with no matching names in roll_names file for course NT512
2025-05-11 17:43:30,916 - WARNING - Sample missing roll numbers: ['1412PH06', '1412PH13', '1412PH14', '1412PH16', '1412PH25']
2025-05-11 17:43:30,926 - INFO - Generated: seating_arrangements\05_05_2016_NT512_6101_morning.xlsx
2025-05-11 17:43:30,927 - INFO - Allocation for NT512 in 6102 with 4 students
2025-05-11 17:43:30,927 - WARNING - Found 4 roll numbers with no matching names in roll_names file for course NT512
2025-05-11 17:43:30,927 - WARNING - Sample missing roll numbers: ['1511MM05', '1511MM08', '1511MM14', '1511MM15']
2025-05-11 17:43:30,936 - INFO - Generated: seating_arrangements\05_05_2016_NT512_6102_morning.xlsx
2025-05-11 17:43:30,936 - INFO - Allocation for EE561 in 6102 with 1 students
2025-05-11 17:43:30,936 - WARNING - Found 1 roll numbers with no matching names in roll_names file for course EE561
2025-05-11 17:43:30,936 - WARNING - Sample missing roll numbers: ['1511EE05']
2025-05-11 17:43:30,946 - INFO - Generated: seating_arrangements\05_05_2016_EE561_6102_morning.xlsx
2025-05-11 17:43:30,947 - INFO - Processing 2016-05-06 00:00:00 - Evening session
2025-05-11 17:43:30,951 - INFO - Found 54 roll numbers for course: EE529
2025-05-11 17:43:30,953 - INFO - Found 12 roll numbers for course: CS508
2025-05-11 17:43:30,957 - INFO - Found 56 roll numbers for course: CE528
2025-05-11 17:43:30,959 - INFO - Found 17 roll numbers for course: CE570
2025-05-11 17:43:30,962 - INFO - Found 47 roll numbers for course: EE573
2025-05-11 17:43:30,970 - INFO - Found 134 roll numbers for course: CS563
2025-05-11 17:43:30,974 - INFO - Found 53 roll numbers for course: MM512
2025-05-11 17:43:30,978 - INFO - Found 54 roll numbers for course: EE529
2025-05-11 17:43:30,980 - INFO - Found 12 roll numbers for course: CS508
2025-05-11 17:43:30,985 - INFO - Found 56 roll numbers for course: CE528
2025-05-11 17:43:30,987 - INFO - Found 17 roll numbers for course: CE570
2025-05-11 17:43:30,990 - INFO - Found 47 roll numbers for course: EE573
2025-05-11 17:43:30,996 - INFO - Found 134 roll numbers for course: CS563
2025-05-11 17:43:31,000 - INFO - Found 53 roll numbers for course: MM512
2025-05-11 17:43:31,006 - INFO - Found 134 roll numbers for course: CS563
2025-05-11 17:43:31,010 - INFO - Found 56 roll numbers for course: CE528
2025-05-11 17:43:31,013 - INFO - Found 54 roll numbers for course: EE529
2025-05-11 17:43:31,018 - INFO - Found 53 roll numbers for course: MM512
2025-05-11 17:43:31,022 - INFO - Found 47 roll numbers for course: EE573
2025-05-11 17:43:31,024 - INFO - Found 17 roll numbers for course: CE570
2025-05-11 17:43:31,026 - INFO - Found 12 roll numbers for course: CS508
2025-05-11 17:43:31,026 - INFO - Allocation for CS563 in B-001 with 70 students
2025-05-11 17:43:31,028 - WARNING - Found 70 roll numbers with no matching names in roll_names file for course CS563
2025-05-11 17:43:31,028 - WARNING - Sample missing roll numbers: ['1201CS01', '1201CS03', '1201CS04', '1201CS06', '1201CS07']
2025-05-11 17:43:31,038 - INFO - Generated: seating_arrangements\06_05_2016_CS563_B-001_evening.xlsx
2025-05-11 17:43:31,038 - INFO - Allocation for CS563 in B-101 with 64 students
2025-05-11 17:43:31,038 - WARNING - Found 64 roll numbers with no matching names in roll_names file for course CS563
2025-05-11 17:43:31,038 - WARNING - Sample missing roll numbers: ['1201CS79', '1412MA11', '1421CS21', '1511AI01', '1511AI02']
2025-05-11 17:43:31,050 - INFO - Generated: seating_arrangements\06_05_2016_CS563_B-101_evening.xlsx
2025-05-11 17:43:31,050 - INFO - Allocation for CE528 in B-101 with 6 students
2025-05-11 17:43:31,052 - WARNING - Found 6 roll numbers with no matching names in roll_names file for course CE528
2025-05-11 17:43:31,052 - WARNING - Sample missing roll numbers: ['1201CE01', '1201CE03', '1201CE04', '1201CE05', '1201CE06']
2025-05-11 17:43:31,062 - INFO - Generated: seating_arrangements\06_05_2016_CE528_B-101_evening.xlsx
2025-05-11 17:43:31,062 - INFO - Allocation for CE528 in B-002 with 50 students
2025-05-11 17:43:31,062 - WARNING - Found 50 roll numbers with no matching names in roll_names file for course CE528
2025-05-11 17:43:31,063 - WARNING - Sample missing roll numbers: ['1201CE08', '1201CE09', '1201CE10', '1201CE13', '1201CE14']
2025-05-11 17:43:31,074 - INFO - Generated: seating_arrangements\06_05_2016_CE528_B-002_evening.xlsx
2025-05-11 17:43:31,074 - INFO - Allocation for EE529 in B-002 with 20 students
2025-05-11 17:43:31,074 - WARNING - Found 20 roll numbers with no matching names in roll_names file for course EE529
2025-05-11 17:43:31,074 - WARNING - Sample missing roll numbers: ['1201EE03', '1201EE05', '1201EE07', '1201EE09', '1201EE10']
2025-05-11 17:43:31,084 - INFO - Generated: seating_arrangements\06_05_2016_EE529_B-002_evening.xlsx
2025-05-11 17:43:31,085 - INFO - Allocation for EE529 in B-003 with 34 students
2025-05-11 17:43:31,085 - WARNING - Found 34 roll numbers with no matching names in roll_names file for course EE529
2025-05-11 17:43:31,085 - WARNING - Sample missing roll numbers: ['1201EE50', '1201EE51', '1201EE53', '1201EE55', '1201EE56']
2025-05-11 17:43:31,095 - INFO - Generated: seating_arrangements\06_05_2016_EE529_B-003_evening.xlsx
2025-05-11 17:43:31,095 - INFO - Allocation for MM512 in B-003 with 36 students
2025-05-11 17:43:31,095 - WARNING - Found 36 roll numbers with no matching names in roll_names file for course MM512
2025-05-11 17:43:31,095 - WARNING - Sample missing roll numbers: ['1201MM01', '1201MM02', '1201MM03', '1201MM04', '1201MM05']
2025-05-11 17:43:31,105 - INFO - Generated: seating_arrangements\06_05_2016_MM512_B-003_evening.xlsx
2025-05-11 17:43:31,105 - INFO - Allocation for MM512 in B-103 with 17 students
2025-05-11 17:43:31,106 - WARNING - Found 17 roll numbers with no matching names in roll_names file for course MM512
2025-05-11 17:43:31,106 - WARNING - Sample missing roll numbers: ['1511ME28', '1511ME31', '1511ME33', '1511ME35', '1511MM01']
2025-05-11 17:43:31,114 - INFO - Generated: seating_arrangements\06_05_2016_MM512_B-103_evening.xlsx
2025-05-11 17:43:31,114 - INFO - Allocation for EE573 in B-103 with 47 students
2025-05-11 17:43:31,114 - WARNING - Found 47 roll numbers with no matching names in roll_names file for course EE573
2025-05-11 17:43:31,114 - WARNING - Sample missing roll numbers: ['1201EE02', '1201EE04', '1201EE06', '1201EE08', '1201EE11']
2025-05-11 17:43:31,126 - INFO - Generated: seating_arrangements\06_05_2016_EE573_B-103_evening.xlsx
2025-05-11 17:43:31,126 - INFO - Allocation for CE570 in B-103 with 6 students
2025-05-11 17:43:31,126 - WARNING - Found 6 roll numbers with no matching names in roll_names file for course CE570
2025-05-11 17:43:31,126 - WARNING - Sample missing roll numbers: ['1201CE24', '1201CE53', '1511CE03', '1511CE04', '1511CE13']
2025-05-11 17:43:31,133 - INFO - Generated: seating_arrangements\06_05_2016_CE570_B-103_evening.xlsx
2025-05-11 17:43:31,133 - INFO - Allocation for CE570 in 10502 with 11 students
2025-05-11 17:43:31,133 - WARNING - Found 11 roll numbers with no matching names in roll_names file for course CE570
2025-05-11 17:43:31,135 - WARNING - Sample missing roll numbers: ['1511CE15', '1511CE16', '1511CE19', '1511CE20', '1511CE37']
2025-05-11 17:43:31,146 - INFO - Generated: seating_arrangements\06_05_2016_CE570_10502_evening.xlsx
2025-05-11 17:43:31,146 - INFO - Allocation for CS508 in 10502 with 12 students
2025-05-11 17:43:31,146 - WARNING - Found 12 roll numbers with no matching names in roll_names file for course CS508
2025-05-11 17:43:31,147 - WARNING - Sample missing roll numbers: ['1201CS02', '1201CS09', '1201CS19', '1201CS25', '1201CS43']
2025-05-11 17:43:31,156 - INFO - Generated: seating_arrangements\06_05_2016_CS508_10502_evening.xlsx
2025-05-11 17:43:31,157 - INFO - Processing 2016-05-06 00:00:00 - Morning session
2025-05-11 17:43:31,169 - INFO - Found 268 roll numbers for course: MA225
2025-05-11 17:43:31,171 - INFO - Found 26 roll numbers for course: CH432
2025-05-11 17:43:31,175 - INFO - Found 83 roll numbers for course: EE528
2025-05-11 17:43:31,177 - INFO - Found 39 roll numbers for course: MA546
2025-05-11 17:43:31,179 - INFO - Found 8 roll numbers for course: HS702
2025-05-11 17:43:31,181 - INFO - Found 30 roll numbers for course: MA426
2025-05-11 17:43:31,183 - INFO - Found 28 roll numbers for course: MA541
2025-05-11 17:43:31,185 - INFO - Found 9 roll numbers for course: ME541
2025-05-11 17:43:31,186 - INFO - Found 5 roll numbers for course: ME534
2025-05-11 17:43:31,187 - INFO - Found 9 roll numbers for course: ME506
2025-05-11 17:43:31,189 - INFO - Found 15 roll numbers for course: PH605
2025-05-11 17:43:31,191 - INFO - Found 16 roll numbers for course: CE534
2025-05-11 17:43:31,193 - INFO - Found 57 roll numbers for course: CE568
2025-05-11 17:43:31,207 - INFO - Found 268 roll numbers for course: MA225
2025-05-11 17:43:31,209 - INFO - Found 26 roll numbers for course: CH432
2025-05-11 17:43:31,213 - INFO - Found 83 roll numbers for course: EE528
2025-05-11 17:43:31,217 - INFO - Found 39 roll numbers for course: MA546
2025-05-11 17:43:31,218 - INFO - Found 8 roll numbers for course: HS702
2025-05-11 17:43:31,220 - INFO - Found 30 roll numbers for course: MA426
2025-05-11 17:43:31,221 - INFO - Found 28 roll numbers for course: MA541
2025-05-11 17:43:31,222 - INFO - Found 9 roll numbers for course: ME541
2025-05-11 17:43:31,224 - INFO - Found 5 roll numbers for course: ME534
2025-05-11 17:43:31,226 - INFO - Found 9 roll numbers for course: ME506
2025-05-11 17:43:31,227 - INFO - Found 15 roll numbers for course: PH605
2025-05-11 17:43:31,229 - INFO - Found 16 roll numbers for course: CE534
2025-05-11 17:43:31,233 - INFO - Found 57 roll numbers for course: CE568
2025-05-11 17:43:31,244 - INFO - Found 268 roll numbers for course: MA225
2025-05-11 17:43:31,248 - INFO - Found 83 roll numbers for course: EE528
2025-05-11 17:43:31,251 - INFO - Found 57 roll numbers for course: CE568
2025-05-11 17:43:31,253 - INFO - Found 39 roll numbers for course: MA546
2025-05-11 17:43:31,255 - INFO - Found 30 roll numbers for course: MA426
2025-05-11 17:43:31,257 - INFO - Found 28 roll numbers for course: MA541
2025-05-11 17:43:31,258 - INFO - Found 26 roll numbers for course: CH432
2025-05-11 17:43:31,260 - INFO - Found 16 roll numbers for course: CE534
2025-05-11 17:43:31,262 - INFO - Found 15 roll numbers for course: PH605
2025-05-11 17:43:31,263 - INFO - Found 9 roll numbers for course: ME541
2025-05-11 17:43:31,264 - INFO - Found 9 roll numbers for course: ME506
2025-05-11 17:43:31,266 - INFO - Found 8 roll numbers for course: HS702
2025-05-11 17:43:31,266 - INFO - Found 5 roll numbers for course: ME534
2025-05-11 17:43:31,267 - INFO - Allocation for MA225 in B-001 with 70 students
2025-05-11 17:43:31,267 - WARNING - Found 70 roll numbers with no matching names in roll_names file for course MA225
2025-05-11 17:43:31,267 - WARNING - Sample missing roll numbers: ['1401AI02', '1401AI04', '1401AI05', '1401AI06', '1401AI07']
2025-05-11 17:43:31,279 - INFO - Generated: seating_arrangements\06_05_2016_MA225_B-001_morning.xlsx
2025-05-11 17:43:31,279 - INFO - Allocation for MA225 in B-101 with 70 students
2025-05-11 17:43:31,279 - WARNING - Found 70 roll numbers with no matching names in roll_names file for course MA225
2025-05-11 17:43:31,279 - WARNING - Sample missing roll numbers: ['1401CS31', '1401CS32', '1401CS33', '1401CS34', '1401CS36']
2025-05-11 17:43:31,289 - INFO - Generated: seating_arrangements\06_05_2016_MA225_B-101_morning.xlsx
2025-05-11 17:43:31,289 - INFO - Allocation for MA225 in B-002 with 70 students
2025-05-11 17:43:31,289 - WARNING - Found 70 roll numbers with no matching names in roll_names file for course MA225
2025-05-11 17:43:31,289 - WARNING - Sample missing roll numbers: ['1401EE15', '1401EE16', '1401EE17', '1401EE18', '1401EE19']
2025-05-11 17:43:31,298 - INFO - Generated: seating_arrangements\06_05_2016_MA225_B-002_morning.xlsx
2025-05-11 17:43:31,298 - INFO - Allocation for MA225 in B-003 with 58 students
2025-05-11 17:43:31,298 - WARNING - Found 58 roll numbers with no matching names in roll_names file for course MA225
2025-05-11 17:43:31,299 - WARNING - Sample missing roll numbers: ['1401EE92', '1401EE93', '1401EE94', '1401EE95', '1401EE96']
2025-05-11 17:43:31,308 - INFO - Generated: seating_arrangements\06_05_2016_MA225_B-003_morning.xlsx
2025-05-11 17:43:31,308 - INFO - Allocation for EE528 in B-003 with 12 students
2025-05-11 17:43:31,308 - WARNING - Found 12 roll numbers with no matching names in roll_names file for course EE528
2025-05-11 17:43:31,309 - WARNING - Sample missing roll numbers: ['1201EE04', '1201EE05', '1201EE06', '1201EE07', '1201EE09']
2025-05-11 17:43:31,317 - INFO - Generated: seating_arrangements\06_05_2016_EE528_B-003_morning.xlsx
2025-05-11 17:43:31,318 - INFO - Allocation for EE528 in B-103 with 70 students
2025-05-11 17:43:31,318 - WARNING - Found 70 roll numbers with no matching names in roll_names file for course EE528
2025-05-11 17:43:31,318 - WARNING - Sample missing roll numbers: ['1201EE18', '1201EE19', '1201EE22', '1201EE23', '1201EE24']
2025-05-11 17:43:31,328 - INFO - Generated: seating_arrangements\06_05_2016_EE528_B-103_morning.xlsx
2025-05-11 17:43:31,328 - INFO - Allocation for EE528 in 10502 with 1 students
2025-05-11 17:43:31,328 - WARNING - Found 1 roll numbers with no matching names in roll_names file for course EE528
2025-05-11 17:43:31,328 - WARNING - Sample missing roll numbers: ['1511EE47']
2025-05-11 17:43:31,335 - INFO - Generated: seating_arrangements\06_05_2016_EE528_10502_morning.xlsx
2025-05-11 17:43:31,335 - INFO - Allocation for CE568 in 10502 with 57 students
2025-05-11 17:43:31,335 - WARNING - Found 57 roll numbers with no matching names in roll_names file for course CE568
2025-05-11 17:43:31,336 - WARNING - Sample missing roll numbers: ['1201CE01', '1201CE03', '1201CE04', '1201CE05', '1201CE06']
2025-05-11 17:43:31,345 - INFO - Generated: seating_arrangements\06_05_2016_CE568_10502_morning.xlsx
2025-05-11 17:43:31,346 - INFO - Allocation for MA546 in 10502 with 32 students
2025-05-11 17:43:31,346 - WARNING - Found 32 roll numbers with no matching names in roll_names file for course MA546
2025-05-11 17:43:31,346 - WARNING - Sample missing roll numbers: ['1511AI01', '1511AI02', '1511AI03', '1511AI04', '1511AI05']
2025-05-11 17:43:31,355 - INFO - Generated: seating_arrangements\06_05_2016_MA546_10502_morning.xlsx
2025-05-11 17:43:31,355 - INFO - Allocation for MA546 in 6101 with 7 students
2025-05-11 17:43:31,355 - WARNING - Found 7 roll numbers with no matching names in roll_names file for course MA546
2025-05-11 17:43:31,355 - WARNING - Sample missing roll numbers: ['1511EE26', '1511EE28', '1511EE29', '1511EE36', '1511EE40']
2025-05-11 17:43:31,364 - INFO - Generated: seating_arrangements\06_05_2016_MA546_6101_morning.xlsx
2025-05-11 17:43:31,364 - INFO - Allocation for MA426 in 6101 with 23 students
2025-05-11 17:43:31,365 - WARNING - Found 23 roll numbers with no matching names in roll_names file for course MA426
2025-05-11 17:43:31,365 - WARNING - Sample missing roll numbers: ['1312MA09', '1512MA01', '1512MA02', '1512MA03', '1512MA05']
2025-05-11 17:43:31,373 - INFO - Generated: seating_arrangements\06_05_2016_MA426_6101_morning.xlsx
2025-05-11 17:43:31,374 - INFO - Allocation for MA426 in 6102 with 7 students
2025-05-11 17:43:31,374 - WARNING - Found 7 roll numbers with no matching names in roll_names file for course MA426
2025-05-11 17:43:31,374 - WARNING - Sample missing roll numbers: ['1512MA28', '1512MA29', '1512MA30', '1512MA31', '1512MA32']
2025-05-11 17:43:31,382 - INFO - Generated: seating_arrangements\06_05_2016_MA426_6102_morning.xlsx
2025-05-11 17:43:31,382 - INFO - Allocation for MA541 in 6102 with 28 students
2025-05-11 17:43:31,382 - WARNING - Found 28 roll numbers with no matching names in roll_names file for course MA541
2025-05-11 17:43:31,382 - WARNING - Sample missing roll numbers: ['1312MA16', '1412MA01', '1412MA02', '1412MA03', '1412MA05']
2025-05-11 17:43:31,392 - INFO - Generated: seating_arrangements\06_05_2016_MA541_6102_morning.xlsx
2025-05-11 17:43:31,393 - INFO - Allocation for CH432 in 6102 with 26 students
2025-05-11 17:43:31,393 - WARNING - Found 26 roll numbers with no matching names in roll_names file for course CH432
2025-05-11 17:43:31,393 - WARNING - Sample missing roll numbers: ['1512CH01', '1512CH04', '1512CH06', '1512CH11', '1512CH12']
2025-05-11 17:43:31,402 - INFO - Generated: seating_arrangements\06_05_2016_CH432_6102_morning.xlsx
2025-05-11 17:43:31,403 - INFO - Allocation for CE534 in 6102 with 11 students
2025-05-11 17:43:31,403 - WARNING - Found 11 roll numbers with no matching names in roll_names file for course CE534
2025-05-11 17:43:31,403 - WARNING - Sample missing roll numbers: ['1201CE19', '1201CE20', '1201CE28', '1201CE29', '1201CE31']
2025-05-11 17:43:31,410 - INFO - Generated: seating_arrangements\06_05_2016_CE534_6102_morning.xlsx
2025-05-11 17:43:31,411 - INFO - Allocation for CE534 in 6103 with 5 students
2025-05-11 17:43:31,411 - WARNING - Found 5 roll numbers with no matching names in roll_names file for course CE534
2025-05-11 17:43:31,411 - WARNING - Sample missing roll numbers: ['1521CE09', '1521CE10', '1521CE13', '1621CE01', '1621CE04']
2025-05-11 17:43:31,418 - INFO - Generated: seating_arrangements\06_05_2016_CE534_6103_morning.xlsx
2025-05-11 17:43:31,419 - INFO - Allocation for PH605 in 6103 with 15 students
2025-05-11 17:43:31,419 - WARNING - Found 15 roll numbers with no matching names in roll_names file for course PH605
2025-05-11 17:43:31,419 - WARNING - Sample missing roll numbers: ['1412PH01', '1412PH02', '1412PH04', '1412PH05', '1412PH07']
2025-05-11 17:43:31,426 - INFO - Generated: seating_arrangements\06_05_2016_PH605_6103_morning.xlsx
2025-05-11 17:43:31,427 - INFO - Allocation for ME541 in 6103 with 9 students
2025-05-11 17:43:31,427 - WARNING - Found 9 roll numbers with no matching names in roll_names file for course ME541
2025-05-11 17:43:31,427 - WARNING - Sample missing roll numbers: ['1511ME08', '1511ME15', '1511ME17', '1511ME20', '1511ME23']
2025-05-11 17:43:31,436 - INFO - Generated: seating_arrangements\06_05_2016_ME541_6103_morning.xlsx
2025-05-11 17:43:31,436 - INFO - Allocation for ME506 in 6103 with 1 students
2025-05-11 17:43:31,436 - WARNING - Found 1 roll numbers with no matching names in roll_names file for course ME506
2025-05-11 17:43:31,436 - WARNING - Sample missing roll numbers: ['1201ME15']
2025-05-11 17:43:31,443 - INFO - Generated: seating_arrangements\06_05_2016_ME506_6103_morning.xlsx
2025-05-11 17:43:31,444 - INFO - Allocation for ME506 in 6104 with 8 students
2025-05-11 17:43:31,444 - WARNING - Found 8 roll numbers with no matching names in roll_names file for course ME506
2025-05-11 17:43:31,444 - WARNING - Sample missing roll numbers: ['1201ME25', '1511ME21', '1511ME25', '1511MT02', '1511MT08']
2025-05-11 17:43:31,452 - INFO - Generated: seating_arrangements\06_05_2016_ME506_6104_morning.xlsx
2025-05-11 17:43:31,452 - INFO - Allocation for HS702 in 6104 with 8 students
2025-05-11 17:43:31,452 - WARNING - Found 8 roll numbers with no matching names in roll_names file for course HS702
2025-05-11 17:43:31,452 - WARNING - Sample missing roll numbers: ['1521HS09', '1521HS17', '1521HS18', '1521HS19', '1521HS20']
2025-05-11 17:43:31,459 - INFO - Generated: seating_arrangements\06_05_2016_HS702_6104_morning.xlsx
2025-05-11 17:43:31,459 - INFO - Allocation for ME534 in 6104 with 5 students
2025-05-11 17:43:31,459 - WARNING - Found 5 roll numbers with no matching names in roll_names file for course ME534
2025-05-11 17:43:31,460 - WARNING - Sample missing roll numbers: ['1511MT12', '1511MT13', '1511MT17', '1511MT18', '1511MT22']
2025-05-11 17:43:31,467 - INFO - Generated: seating_arrangements\06_05_2016_ME534_6104_morning.xlsx
2025-05-11 17:43:31,467 - INFO - Seating arrangement generation completed successfully
2025-05-11 17:43:31,467 - INFO - Operation completed successfully!
2025-05-11 17:46:16,388 - INFO - Course rolls columns: Course, RollNo
2025-05-11 17:46:16,396 - INFO - Course rolls loaded with 9864 entries
2025-05-11 17:46:16,402 - INFO - Found 232 unique courses in the course rolls file
2025-05-11 17:46:16,428 - INFO - Timetable columns: Date, Day, Session, Course
2025-05-11 17:46:16,428 - INFO - Timetable loaded successfully
2025-05-11 17:46:16,446 - INFO - Room capacities columns: Room, Capacity, Building
2025-05-11 17:46:16,446 - INFO - Room capacities loaded successfully
2025-05-11 17:46:16,567 - INFO - Roll names file columns: Roll, Name
2025-05-11 17:46:16,567 - INFO - Roll names file contains 1810 entries
2025-05-11 17:46:16,575 - INFO - Sample of roll_names data: 
       Roll                    Name
0  1121CH05              Ajit Singh
1  1121CH07         Jaishree Mayank
2  1121CH08         Sudipta Acharya
3  1121CH11      Nilesh Chakraborty
4  1121CH12  Mohammad Junaid Akhtar
2025-05-11 17:46:16,575 - INFO - Roll number to name mapping loaded successfully
2025-05-11 17:46:16,576 - INFO - Timetable columns: Date, Day, Session, Course
2025-05-11 17:46:16,576 - INFO - Using columns for grouping: Date, Session
2025-05-11 17:46:16,577 - INFO - Using columns for name mapping: Roll -> Name
2025-05-11 17:46:16,578 - INFO - Created name mapping with 1810 entries
2025-05-11 17:46:16,578 - INFO - Sample mapping entries: [('1121CH05', 'Ajit Singh'), ('1121CH07', 'Jaishree Mayank'), ('1121CH08', 'Sudipta Acharya'), ('1121CH11', 'Nilesh Chakraborty'), ('1121CH12', 'Mohammad Junaid Akhtar')]
2025-05-11 17:46:16,586 - INFO - Processing 2016-04-30 00:00:00 - Morning session
2025-05-11 17:46:16,590 - INFO - Found 40 roll numbers for course: CS249
2025-05-11 17:46:16,591 - INFO - Found 26 roll numbers for course: CH426
2025-05-11 17:46:16,593 - INFO - Found 29 roll numbers for course: MM304
2025-05-11 17:46:16,595 - INFO - Found 54 roll numbers for course: CB308
2025-05-11 17:46:16,598 - INFO - Found 54 roll numbers for course: CE216
2025-05-11 17:46:16,600 - INFO - Found 56 roll numbers for course: CB204
2025-05-11 17:46:16,602 - INFO - Found 28 roll numbers for course: PH422
2025-05-11 17:46:16,604 - INFO - Found 32 roll numbers for course: MM202
2025-05-11 17:46:16,606 - INFO - Found 40 roll numbers for course: CS249
2025-05-11 17:46:16,607 - INFO - Found 26 roll numbers for course: CH426
2025-05-11 17:46:16,609 - INFO - Found 29 roll numbers for course: MM304
2025-05-11 17:46:16,612 - INFO - Found 54 roll numbers for course: CB308
2025-05-11 17:46:16,614 - INFO - Found 54 roll numbers for course: CE216
2025-05-11 17:46:16,617 - INFO - Found 56 roll numbers for course: CB204
2025-05-11 17:46:16,619 - INFO - Found 28 roll numbers for course: PH422
2025-05-11 17:46:16,621 - INFO - Found 32 roll numbers for course: MM202
2025-05-11 17:46:16,624 - INFO - Found 56 roll numbers for course: CB204
2025-05-11 17:46:16,627 - INFO - Found 54 roll numbers for course: CB308
2025-05-11 17:46:16,629 - INFO - Found 54 roll numbers for course: CE216
2025-05-11 17:46:16,631 - INFO - Found 40 roll numbers for course: CS249
2025-05-11 17:46:16,632 - INFO - Found 32 roll numbers for course: MM202
2025-05-11 17:46:16,634 - INFO - Found 29 roll numbers for course: MM304
2025-05-11 17:46:16,636 - INFO - Found 28 roll numbers for course: PH422
2025-05-11 17:46:16,637 - INFO - Found 26 roll numbers for course: CH426
2025-05-11 17:46:16,638 - INFO - Allocation for CB204 in B-001 with 56 students
2025-05-11 17:46:16,638 - INFO - Found names for 56 out of 56 roll numbers
2025-05-11 17:46:16,653 - INFO - Generated: seating_arrangements\30_04_2016_CB204_B-001_morning.xlsx
2025-05-11 17:46:16,653 - INFO - Allocation for CB308 in B-001 with 14 students
2025-05-11 17:46:16,653 - INFO - Found names for 14 out of 14 roll numbers
2025-05-11 17:46:16,660 - INFO - Generated: seating_arrangements\30_04_2016_CB308_B-001_morning.xlsx
2025-05-11 17:46:16,660 - INFO - Allocation for CB308 in B-101 with 40 students
2025-05-11 17:46:16,661 - INFO - Found names for 40 out of 40 roll numbers
2025-05-11 17:46:16,669 - INFO - Generated: seating_arrangements\30_04_2016_CB308_B-101_morning.xlsx
2025-05-11 17:46:16,670 - INFO - Allocation for CE216 in B-101 with 30 students
2025-05-11 17:46:16,670 - INFO - Found names for 30 out of 30 roll numbers
2025-05-11 17:46:16,676 - INFO - Generated: seating_arrangements\30_04_2016_CE216_B-101_morning.xlsx
2025-05-11 17:46:16,676 - INFO - Allocation for CE216 in B-002 with 24 students
2025-05-11 17:46:16,678 - INFO - Found names for 24 out of 24 roll numbers
2025-05-11 17:46:16,686 - INFO - Generated: seating_arrangements\30_04_2016_CE216_B-002_morning.xlsx
2025-05-11 17:46:16,686 - INFO - Allocation for CS249 in B-002 with 40 students
2025-05-11 17:46:16,686 - INFO - Found names for 40 out of 40 roll numbers
2025-05-11 17:46:16,693 - INFO - Generated: seating_arrangements\30_04_2016_CS249_B-002_morning.xlsx
2025-05-11 17:46:16,693 - INFO - Allocation for MM202 in B-002 with 6 students
2025-05-11 17:46:16,693 - INFO - Found names for 6 out of 6 roll numbers
2025-05-11 17:46:16,701 - INFO - Generated: seating_arrangements\30_04_2016_MM202_B-002_morning.xlsx
2025-05-11 17:46:16,701 - INFO - Allocation for MM202 in B-003 with 26 students
2025-05-11 17:46:16,701 - INFO - Found names for 26 out of 26 roll numbers
2025-05-11 17:46:16,707 - INFO - Generated: seating_arrangements\30_04_2016_MM202_B-003_morning.xlsx
2025-05-11 17:46:16,707 - INFO - Allocation for MM304 in B-003 with 29 students
2025-05-11 17:46:16,708 - INFO - Found names for 29 out of 29 roll numbers
2025-05-11 17:46:16,716 - INFO - Generated: seating_arrangements\30_04_2016_MM304_B-003_morning.xlsx
2025-05-11 17:46:16,716 - INFO - Allocation for PH422 in B-003 with 15 students
2025-05-11 17:46:16,716 - INFO - Found names for 15 out of 15 roll numbers
2025-05-11 17:46:16,723 - INFO - Generated: seating_arrangements\30_04_2016_PH422_B-003_morning.xlsx
2025-05-11 17:46:16,723 - INFO - Allocation for PH422 in B-103 with 13 students
2025-05-11 17:46:16,723 - INFO - Found names for 13 out of 13 roll numbers
2025-05-11 17:46:16,730 - INFO - Generated: seating_arrangements\30_04_2016_PH422_B-103_morning.xlsx
2025-05-11 17:46:16,730 - INFO - Allocation for CH426 in B-103 with 26 students
2025-05-11 17:46:16,730 - INFO - Found names for 26 out of 26 roll numbers
2025-05-11 17:46:16,737 - INFO - Generated: seating_arrangements\30_04_2016_CH426_B-103_morning.xlsx
2025-05-11 17:46:16,737 - INFO - Processing 2016-05-01 00:00:00 - Evening session
2025-05-11 17:46:16,739 - INFO - Found 49 roll numbers for course: CS514
2025-05-11 17:46:16,741 - INFO - Found 32 roll numbers for course: CE512
2025-05-11 17:46:16,744 - INFO - Found 7 roll numbers for course: CH606
2025-05-11 17:46:16,745 - INFO - Found 5 roll numbers for course: ME526
2025-05-11 17:46:16,746 - INFO - Found 19 roll numbers for course: ME522
2025-05-11 17:46:16,747 - INFO - Found 7 roll numbers for course: EE513
2025-05-11 17:46:16,748 - INFO - Found 12 roll numbers for course: EE580
2025-05-11 17:46:16,749 - INFO - Found 16 roll numbers for course: MM504
2025-05-11 17:46:16,750 - INFO - Found 8 roll numbers for course: PH601
2025-05-11 17:46:16,751 - INFO - Found 8 roll numbers for course: PH603
2025-05-11 17:46:16,752 - INFO - Found 15 roll numbers for course: MH504
2025-05-11 17:46:16,755 - INFO - Found 78 roll numbers for course: ME312
2025-05-11 17:46:16,758 - INFO - Found 56 roll numbers for course: CE314
2025-05-11 17:46:16,761 - INFO - Found 86 roll numbers for course: EE320
2025-05-11 17:46:16,765 - INFO - Found 87 roll numbers for course: CS341
2025-05-11 17:46:16,767 - INFO - Found 49 roll numbers for course: CS514
2025-05-11 17:46:16,769 - INFO - Found 32 roll numbers for course: CE512
2025-05-11 17:46:16,769 - INFO - Found 7 roll numbers for course: CH606
2025-05-11 17:46:16,770 - INFO - Found 5 roll numbers for course: ME526
2025-05-11 17:46:16,772 - INFO - Found 19 roll numbers for course: ME522
2025-05-11 17:46:16,773 - INFO - Found 7 roll numbers for course: EE513
2025-05-11 17:46:16,774 - INFO - Found 12 roll numbers for course: EE580
2025-05-11 17:46:16,776 - INFO - Found 16 roll numbers for course: MM504
2025-05-11 17:46:16,777 - INFO - Found 8 roll numbers for course: PH601
2025-05-11 17:46:16,778 - INFO - Found 8 roll numbers for course: PH603
2025-05-11 17:46:16,779 - INFO - Found 15 roll numbers for course: MH504
2025-05-11 17:46:16,782 - INFO - Found 78 roll numbers for course: ME312
2025-05-11 17:46:16,784 - INFO - Found 56 roll numbers for course: CE314
2025-05-11 17:46:16,788 - INFO - Found 86 roll numbers for course: EE320
2025-05-11 17:46:16,792 - INFO - Found 87 roll numbers for course: CS341
2025-05-11 17:46:16,796 - INFO - Found 87 roll numbers for course: CS341
2025-05-11 17:46:16,799 - INFO - Found 86 roll numbers for course: EE320
2025-05-11 17:46:16,802 - INFO - Found 78 roll numbers for course: ME312
2025-05-11 17:46:16,806 - INFO - Found 56 roll numbers for course: CE314
2025-05-11 17:46:16,808 - INFO - Found 49 roll numbers for course: CS514
2025-05-11 17:46:16,810 - INFO - Found 32 roll numbers for course: CE512
2025-05-11 17:46:16,811 - INFO - Found 19 roll numbers for course: ME522
2025-05-11 17:46:16,812 - INFO - Found 16 roll numbers for course: MM504
2025-05-11 17:46:16,813 - INFO - Found 15 roll numbers for course: MH504
2025-05-11 17:46:16,814 - INFO - Found 12 roll numbers for course: EE580
2025-05-11 17:46:16,815 - INFO - Found 8 roll numbers for course: PH601
2025-05-11 17:46:16,816 - INFO - Found 8 roll numbers for course: PH603
2025-05-11 17:46:16,817 - INFO - Found 7 roll numbers for course: CH606
2025-05-11 17:46:16,818 - INFO - Found 7 roll numbers for course: EE513
2025-05-11 17:46:16,819 - INFO - Found 5 roll numbers for course: ME526
2025-05-11 17:46:16,820 - INFO - Allocation for CS341 in B-001 with 70 students
2025-05-11 17:46:16,820 - INFO - Found names for 70 out of 70 roll numbers
2025-05-11 17:46:16,829 - INFO - Generated: seating_arrangements\01_05_2016_CS341_B-001_evening.xlsx
2025-05-11 17:46:16,829 - INFO - Allocation for CS341 in B-101 with 17 students
2025-05-11 17:46:16,829 - INFO - Found names for 17 out of 17 roll numbers
2025-05-11 17:46:16,837 - INFO - Generated: seating_arrangements\01_05_2016_CS341_B-101_evening.xlsx
2025-05-11 17:46:16,837 - INFO - Allocation for EE320 in B-101 with 53 students
2025-05-11 17:46:16,837 - INFO - Found names for 53 out of 53 roll numbers
2025-05-11 17:46:16,845 - INFO - Generated: seating_arrangements\01_05_2016_EE320_B-101_evening.xlsx
2025-05-11 17:46:16,845 - INFO - Allocation for EE320 in B-002 with 33 students
2025-05-11 17:46:16,845 - INFO - Found names for 33 out of 33 roll numbers
2025-05-11 17:46:16,853 - INFO - Generated: seating_arrangements\01_05_2016_EE320_B-002_evening.xlsx
2025-05-11 17:46:16,853 - INFO - Allocation for ME312 in B-002 with 37 students
2025-05-11 17:46:16,853 - INFO - Found names for 37 out of 37 roll numbers
2025-05-11 17:46:16,861 - INFO - Generated: seating_arrangements\01_05_2016_ME312_B-002_evening.xlsx
2025-05-11 17:46:16,861 - INFO - Allocation for ME312 in B-003 with 41 students
2025-05-11 17:46:16,861 - INFO - Found names for 41 out of 41 roll numbers
2025-05-11 17:46:16,870 - INFO - Generated: seating_arrangements\01_05_2016_ME312_B-003_evening.xlsx
2025-05-11 17:46:16,871 - INFO - Allocation for CE314 in B-003 with 29 students
2025-05-11 17:46:16,871 - INFO - Found names for 29 out of 29 roll numbers
2025-05-11 17:46:16,878 - INFO - Generated: seating_arrangements\01_05_2016_CE314_B-003_evening.xlsx
2025-05-11 17:46:16,878 - INFO - Allocation for CE314 in B-103 with 27 students
2025-05-11 17:46:16,878 - INFO - Found names for 27 out of 27 roll numbers
2025-05-11 17:46:16,887 - INFO - Generated: seating_arrangements\01_05_2016_CE314_B-103_evening.xlsx
2025-05-11 17:46:16,887 - INFO - Allocation for CS514 in B-103 with 43 students
2025-05-11 17:46:16,887 - INFO - Found names for 43 out of 43 roll numbers
2025-05-11 17:46:16,894 - INFO - Generated: seating_arrangements\01_05_2016_CS514_B-103_evening.xlsx
2025-05-11 17:46:16,895 - INFO - Allocation for CS514 in 10502 with 6 students
2025-05-11 17:46:16,895 - INFO - Found names for 6 out of 6 roll numbers
2025-05-11 17:46:16,902 - INFO - Generated: seating_arrangements\01_05_2016_CS514_10502_evening.xlsx
2025-05-11 17:46:16,902 - INFO - Allocation for CE512 in 10502 with 32 students
2025-05-11 17:46:16,902 - INFO - Found names for 32 out of 32 roll numbers
2025-05-11 17:46:16,910 - INFO - Generated: seating_arrangements\01_05_2016_CE512_10502_evening.xlsx
2025-05-11 17:46:16,910 - INFO - Allocation for ME522 in 10502 with 19 students
2025-05-11 17:46:16,910 - INFO - Found names for 19 out of 19 roll numbers
2025-05-11 17:46:16,917 - INFO - Generated: seating_arrangements\01_05_2016_ME522_10502_evening.xlsx
2025-05-11 17:46:16,917 - INFO - Allocation for MM504 in 10502 with 16 students
2025-05-11 17:46:16,917 - INFO - Found names for 16 out of 16 roll numbers
2025-05-11 17:46:16,924 - INFO - Generated: seating_arrangements\01_05_2016_MM504_10502_evening.xlsx
2025-05-11 17:46:16,924 - INFO - Allocation for MH504 in 10502 with 15 students
2025-05-11 17:46:16,924 - INFO - Found names for 15 out of 15 roll numbers
2025-05-11 17:46:16,931 - INFO - Generated: seating_arrangements\01_05_2016_MH504_10502_evening.xlsx
2025-05-11 17:46:16,932 - INFO - Allocation for EE580 in 10502 with 2 students
2025-05-11 17:46:16,932 - INFO - Found names for 2 out of 2 roll numbers
2025-05-11 17:46:16,938 - INFO - Generated: seating_arrangements\01_05_2016_EE580_10502_evening.xlsx
2025-05-11 17:46:16,938 - INFO - Allocation for EE580 in 6101 with 10 students
2025-05-11 17:46:16,939 - INFO - Found names for 10 out of 10 roll numbers
2025-05-11 17:46:16,946 - INFO - Generated: seating_arrangements\01_05_2016_EE580_6101_evening.xlsx
2025-05-11 17:46:16,946 - INFO - Allocation for PH601 in 6101 with 8 students
2025-05-11 17:46:16,947 - INFO - Found names for 8 out of 8 roll numbers
2025-05-11 17:46:16,953 - INFO - Generated: seating_arrangements\01_05_2016_PH601_6101_evening.xlsx
2025-05-11 17:46:16,953 - INFO - Allocation for PH603 in 6101 with 8 students
2025-05-11 17:46:16,953 - INFO - Found names for 8 out of 8 roll numbers
2025-05-11 17:46:16,961 - INFO - Generated: seating_arrangements\01_05_2016_PH603_6101_evening.xlsx
2025-05-11 17:46:16,961 - INFO - Allocation for CH606 in 6101 with 4 students
2025-05-11 17:46:16,961 - INFO - Found names for 4 out of 4 roll numbers
2025-05-11 17:46:16,968 - INFO - Generated: seating_arrangements\01_05_2016_CH606_6101_evening.xlsx
2025-05-11 17:46:16,969 - INFO - Allocation for CH606 in 6102 with 3 students
2025-05-11 17:46:16,969 - INFO - Found names for 3 out of 3 roll numbers
2025-05-11 17:46:16,975 - INFO - Generated: seating_arrangements\01_05_2016_CH606_6102_evening.xlsx
2025-05-11 17:46:16,975 - INFO - Allocation for EE513 in 6102 with 7 students
2025-05-11 17:46:16,975 - INFO - Found names for 7 out of 7 roll numbers
2025-05-11 17:46:16,981 - INFO - Generated: seating_arrangements\01_05_2016_EE513_6102_evening.xlsx
2025-05-11 17:46:16,982 - INFO - Allocation for ME526 in 6102 with 5 students
2025-05-11 17:46:16,982 - INFO - Found names for 5 out of 5 roll numbers
2025-05-11 17:46:16,988 - INFO - Generated: seating_arrangements\01_05_2016_ME526_6102_evening.xlsx
2025-05-11 17:46:16,988 - INFO - Processing 2016-05-01 00:00:00 - Morning session
2025-05-11 17:46:16,998 - INFO - Found 284 roll numbers for course: HS202
2025-05-11 17:46:17,003 - INFO - Found 124 roll numbers for course: HS212
2025-05-11 17:46:17,007 - INFO - Found 96 roll numbers for course: HS225
2025-05-11 17:46:17,009 - INFO - Found 48 roll numbers for course: HS302
2025-05-11 17:46:17,012 - INFO - Found 94 roll numbers for course: HS312
2025-05-11 17:46:17,016 - INFO - Found 97 roll numbers for course: HS341
2025-05-11 17:46:17,021 - INFO - Found 151 roll numbers for course: HS331
2025-05-11 17:46:17,022 - INFO - Found 12 roll numbers for course: HS713
2025-05-11 17:46:17,023 - INFO - Found 17 roll numbers for course: EE574
2025-05-11 17:46:17,025 - INFO - Found 28 roll numbers for course: MA524
2025-05-11 17:46:17,035 - INFO - Found 284 roll numbers for course: HS202
2025-05-11 17:46:17,041 - INFO - Found 124 roll numbers for course: HS212
2025-05-11 17:46:17,044 - INFO - Found 96 roll numbers for course: HS225
2025-05-11 17:46:17,047 - INFO - Found 48 roll numbers for course: HS302
2025-05-11 17:46:17,050 - INFO - Found 94 roll numbers for course: HS312
2025-05-11 17:46:17,054 - INFO - Found 97 roll numbers for course: HS341
2025-05-11 17:46:17,059 - INFO - Found 151 roll numbers for course: HS331
2025-05-11 17:46:17,060 - INFO - Found 12 roll numbers for course: HS713
2025-05-11 17:46:17,061 - INFO - Found 17 roll numbers for course: EE574
2025-05-11 17:46:17,063 - INFO - Found 28 roll numbers for course: MA524
2025-05-11 17:46:17,073 - INFO - Found 284 roll numbers for course: HS202
2025-05-11 17:46:17,078 - INFO - Found 151 roll numbers for course: HS331
2025-05-11 17:46:17,083 - INFO - Found 124 roll numbers for course: HS212
2025-05-11 17:46:17,087 - INFO - Found 97 roll numbers for course: HS341
2025-05-11 17:46:17,090 - INFO - Found 96 roll numbers for course: HS225
2025-05-11 17:46:17,094 - INFO - Found 94 roll numbers for course: HS312
2025-05-11 17:46:17,096 - INFO - Found 48 roll numbers for course: HS302
2025-05-11 17:46:17,098 - INFO - Found 28 roll numbers for course: MA524
2025-05-11 17:46:17,100 - INFO - Found 17 roll numbers for course: EE574
2025-05-11 17:46:17,101 - INFO - Found 12 roll numbers for course: HS713
2025-05-11 17:46:17,101 - INFO - Allocation for HS202 in B-001 with 70 students
2025-05-11 17:46:17,101 - INFO - Found names for 70 out of 70 roll numbers
2025-05-11 17:46:17,110 - INFO - Generated: seating_arrangements\01_05_2016_HS202_B-001_morning.xlsx
2025-05-11 17:46:17,110 - INFO - Allocation for HS202 in B-101 with 70 students
2025-05-11 17:46:17,111 - INFO - Found names for 70 out of 70 roll numbers
2025-05-11 17:46:17,120 - INFO - Generated: seating_arrangements\01_05_2016_HS202_B-101_morning.xlsx
2025-05-11 17:46:17,120 - INFO - Allocation for HS202 in B-002 with 70 students
2025-05-11 17:46:17,121 - INFO - Found names for 70 out of 70 roll numbers
2025-05-11 17:46:17,129 - INFO - Generated: seating_arrangements\01_05_2016_HS202_B-002_morning.xlsx
2025-05-11 17:46:17,129 - INFO - Allocation for HS202 in B-003 with 70 students
2025-05-11 17:46:17,129 - INFO - Found names for 70 out of 70 roll numbers
2025-05-11 17:46:17,139 - INFO - Generated: seating_arrangements\01_05_2016_HS202_B-003_morning.xlsx
2025-05-11 17:46:17,139 - INFO - Allocation for HS202 in B-103 with 4 students
2025-05-11 17:46:17,139 - INFO - Found names for 4 out of 4 roll numbers
2025-05-11 17:46:17,145 - INFO - Generated: seating_arrangements\01_05_2016_HS202_B-103_morning.xlsx
2025-05-11 17:46:17,145 - INFO - Allocation for HS331 in B-103 with 66 students
2025-05-11 17:46:17,146 - INFO - Found names for 66 out of 66 roll numbers
2025-05-11 17:46:17,155 - INFO - Generated: seating_arrangements\01_05_2016_HS331_B-103_morning.xlsx
2025-05-11 17:46:17,155 - INFO - Allocation for HS331 in 10502 with 85 students
2025-05-11 17:46:17,155 - INFO - Found names for 85 out of 85 roll numbers
2025-05-11 17:46:17,164 - INFO - Generated: seating_arrangements\01_05_2016_HS331_10502_morning.xlsx
2025-05-11 17:46:17,164 - INFO - Allocation for HS212 in 10502 with 5 students
2025-05-11 17:46:17,164 - INFO - Found names for 5 out of 5 roll numbers
2025-05-11 17:46:17,171 - INFO - Generated: seating_arrangements\01_05_2016_HS212_10502_morning.xlsx
2025-05-11 17:46:17,172 - INFO - Allocation for HS212 in 6101 with 30 students
2025-05-11 17:46:17,172 - INFO - Found names for 30 out of 30 roll numbers
2025-05-11 17:46:17,179 - INFO - Generated: seating_arrangements\01_05_2016_HS212_6101_morning.xlsx
2025-05-11 17:46:17,179 - INFO - Allocation for HS212 in 6102 with 72 students
2025-05-11 17:46:17,179 - INFO - Found names for 72 out of 72 roll numbers
2025-05-11 17:46:17,188 - INFO - Generated: seating_arrangements\01_05_2016_HS212_6102_morning.xlsx
2025-05-11 17:46:17,188 - INFO - Allocation for HS212 in 6103 with 17 students
2025-05-11 17:46:17,188 - INFO - Found names for 17 out of 17 roll numbers
2025-05-11 17:46:17,196 - INFO - Generated: seating_arrangements\01_05_2016_HS212_6103_morning.xlsx
2025-05-11 17:46:17,196 - INFO - Allocation for HS341 in 6103 with 13 students
2025-05-11 17:46:17,196 - INFO - Found names for 13 out of 13 roll numbers
2025-05-11 17:46:17,203 - INFO - Generated: seating_arrangements\01_05_2016_HS341_6103_morning.xlsx
2025-05-11 17:46:17,203 - INFO - Allocation for HS341 in 6104 with 72 students
2025-05-11 17:46:17,203 - INFO - Found names for 72 out of 72 roll numbers
2025-05-11 17:46:17,211 - INFO - Generated: seating_arrangements\01_05_2016_HS341_6104_morning.xlsx
2025-05-11 17:46:17,211 - INFO - Allocation for HS341 in 6105 with 12 students
2025-05-11 17:46:17,211 - INFO - Found names for 12 out of 12 roll numbers
2025-05-11 17:46:17,218 - INFO - Generated: seating_arrangements\01_05_2016_HS341_6105_morning.xlsx
2025-05-11 17:46:17,218 - INFO - Allocation for HS225 in 6105 with 18 students
2025-05-11 17:46:17,218 - INFO - Found names for 18 out of 18 roll numbers
2025-05-11 17:46:17,225 - INFO - Generated: seating_arrangements\01_05_2016_HS225_6105_morning.xlsx
2025-05-11 17:46:17,225 - INFO - Allocation for HS225 in 6106 with 30 students
2025-05-11 17:46:17,226 - INFO - Found names for 30 out of 30 roll numbers
2025-05-11 17:46:17,233 - INFO - Generated: seating_arrangements\01_05_2016_HS225_6106_morning.xlsx
2025-05-11 17:46:17,233 - INFO - Allocation for HS225 in 6107 with 48 students
2025-05-11 17:46:17,233 - INFO - Found names for 48 out of 48 roll numbers
2025-05-11 17:46:17,242 - INFO - Generated: seating_arrangements\01_05_2016_HS225_6107_morning.xlsx
2025-05-11 17:46:17,242 - INFO - Allocation for HS312 in 6107 with 24 students
2025-05-11 17:46:17,242 - INFO - Found names for 24 out of 24 roll numbers
2025-05-11 17:46:17,249 - INFO - Generated: seating_arrangements\01_05_2016_HS312_6107_morning.xlsx
2025-05-11 17:46:17,249 - INFO - Allocation for HS312 in 6108 with 30 students
2025-05-11 17:46:17,249 - INFO - Found names for 30 out of 30 roll numbers
2025-05-11 17:46:17,256 - INFO - Generated: seating_arrangements\01_05_2016_HS312_6108_morning.xlsx
2025-05-11 17:46:17,257 - INFO - Allocation for HS312 in 6109 with 40 students
2025-05-11 17:46:17,257 - INFO - Found names for 40 out of 40 roll numbers
2025-05-11 17:46:17,265 - INFO - Generated: seating_arrangements\01_05_2016_HS312_6109_morning.xlsx
2025-05-11 17:46:17,265 - INFO - Allocation for HS302 in 6109 with 32 students
2025-05-11 17:46:17,265 - INFO - Found names for 32 out of 32 roll numbers
2025-05-11 17:46:17,274 - INFO - Generated: seating_arrangements\01_05_2016_HS302_6109_morning.xlsx
2025-05-11 17:46:17,274 - INFO - Allocation for HS302 in 6110 with 16 students
2025-05-11 17:46:17,274 - INFO - Found names for 16 out of 16 roll numbers
2025-05-11 17:46:17,281 - INFO - Generated: seating_arrangements\01_05_2016_HS302_6110_morning.xlsx
2025-05-11 17:46:17,281 - INFO - Allocation for MA524 in 6110 with 14 students
2025-05-11 17:46:17,281 - INFO - Found names for 14 out of 14 roll numbers
2025-05-11 17:46:17,289 - INFO - Generated: seating_arrangements\01_05_2016_MA524_6110_morning.xlsx
2025-05-11 17:46:17,289 - INFO - Allocation for MA524 in 8301 with 14 students
2025-05-11 17:46:17,289 - INFO - Found names for 14 out of 14 roll numbers
2025-05-11 17:46:17,296 - INFO - Generated: seating_arrangements\01_05_2016_MA524_8301_morning.xlsx
2025-05-11 17:46:17,296 - INFO - Allocation for EE574 in 8301 with 16 students
2025-05-11 17:46:17,296 - INFO - Found names for 16 out of 16 roll numbers
2025-05-11 17:46:17,304 - INFO - Generated: seating_arrangements\01_05_2016_EE574_8301_morning.xlsx
2025-05-11 17:46:17,304 - INFO - Allocation for EE574 in 8302 with 1 students
2025-05-11 17:46:17,304 - INFO - Found names for 1 out of 1 roll numbers
2025-05-11 17:46:17,310 - INFO - Generated: seating_arrangements\01_05_2016_EE574_8302_morning.xlsx
2025-05-11 17:46:17,310 - INFO - Allocation for HS713 in 8302 with 12 students
2025-05-11 17:46:17,310 - INFO - Found names for 12 out of 12 roll numbers
2025-05-11 17:46:17,317 - INFO - Generated: seating_arrangements\01_05_2016_HS713_8302_morning.xlsx
2025-05-11 17:46:17,318 - INFO - Processing 2016-05-02 00:00:00 - Evening session
2025-05-11 17:46:17,320 - INFO - Found 35 roll numbers for course: MA504
2025-05-11 17:46:17,321 - INFO - Found 15 roll numbers for course: CE506
2025-05-11 17:46:17,323 - INFO - Found 15 roll numbers for course: MH502
2025-05-11 17:46:17,324 - INFO - Found 7 roll numbers for course: EE507
2025-05-11 17:46:17,325 - INFO - Found 20 roll numbers for course: MM502
2025-05-11 17:46:17,327 - INFO - Found 58 roll numbers for course: CB504
2025-05-11 17:46:17,329 - INFO - Found 30 roll numbers for course: CS546
2025-05-11 17:46:17,333 - INFO - Found 56 roll numbers for course: CE318
2025-05-11 17:46:17,336 - INFO - Found 78 roll numbers for course: ME332
2025-05-11 17:46:17,339 - INFO - Found 86 roll numbers for course: EE309
2025-05-11 17:46:17,341 - INFO - Found 29 roll numbers for course: MM302
2025-05-11 17:46:17,345 - INFO - Found 131 roll numbers for course: CS267
2025-05-11 17:46:17,347 - INFO - Found 35 roll numbers for course: MA504
2025-05-11 17:46:17,348 - INFO - Found 15 roll numbers for course: CE506
2025-05-11 17:46:17,350 - INFO - Found 15 roll numbers for course: MH502
2025-05-11 17:46:17,351 - INFO - Found 7 roll numbers for course: EE507
2025-05-11 17:46:17,352 - INFO - Found 20 roll numbers for course: MM502
2025-05-11 17:46:17,355 - INFO - Found 58 roll numbers for course: CB504
2025-05-11 17:46:17,356 - INFO - Found 30 roll numbers for course: CS546
2025-05-11 17:46:17,359 - INFO - Found 56 roll numbers for course: CE318
2025-05-11 17:46:17,362 - INFO - Found 78 roll numbers for course: ME332
2025-05-11 17:46:17,366 - INFO - Found 86 roll numbers for course: EE309
2025-05-11 17:46:17,368 - INFO - Found 29 roll numbers for course: MM302
2025-05-11 17:46:17,372 - INFO - Found 131 roll numbers for course: CS267
2025-05-11 17:46:17,378 - INFO - Found 131 roll numbers for course: CS267
2025-05-11 17:46:17,382 - INFO - Found 86 roll numbers for course: EE309
2025-05-11 17:46:17,385 - INFO - Found 78 roll numbers for course: ME332
2025-05-11 17:46:17,388 - INFO - Found 58 roll numbers for course: CB504
2025-05-11 17:46:17,390 - INFO - Found 56 roll numbers for course: CE318
2025-05-11 17:46:17,392 - INFO - Found 35 roll numbers for course: MA504
2025-05-11 17:46:17,395 - INFO - Found 30 roll numbers for course: CS546
2025-05-11 17:46:17,396 - INFO - Found 29 roll numbers for course: MM302
2025-05-11 17:46:17,398 - INFO - Found 20 roll numbers for course: MM502
2025-05-11 17:46:17,399 - INFO - Found 15 roll numbers for course: CE506
2025-05-11 17:46:17,400 - INFO - Found 15 roll numbers for course: MH502
2025-05-11 17:46:17,401 - INFO - Found 7 roll numbers for course: EE507
2025-05-11 17:46:17,401 - INFO - Allocation for CS267 in B-001 with 70 students
2025-05-11 17:46:17,401 - INFO - Found names for 70 out of 70 roll numbers
2025-05-11 17:46:17,411 - INFO - Generated: seating_arrangements\02_05_2016_CS267_B-001_evening.xlsx
2025-05-11 17:46:17,411 - INFO - Allocation for CS267 in B-101 with 61 students
2025-05-11 17:46:17,411 - INFO - Found names for 61 out of 61 roll numbers
2025-05-11 17:46:17,420 - INFO - Generated: seating_arrangements\02_05_2016_CS267_B-101_evening.xlsx
2025-05-11 17:46:17,420 - INFO - Allocation for EE309 in B-101 with 9 students
2025-05-11 17:46:17,420 - INFO - Found names for 9 out of 9 roll numbers
2025-05-11 17:46:17,426 - INFO - Generated: seating_arrangements\02_05_2016_EE309_B-101_evening.xlsx
2025-05-11 17:46:17,427 - INFO - Allocation for EE309 in B-002 with 70 students
2025-05-11 17:46:17,427 - INFO - Found names for 70 out of 70 roll numbers
2025-05-11 17:46:17,435 - INFO - Generated: seating_arrangements\02_05_2016_EE309_B-002_evening.xlsx
2025-05-11 17:46:17,435 - INFO - Allocation for EE309 in B-003 with 7 students
2025-05-11 17:46:17,435 - INFO - Found names for 7 out of 7 roll numbers
2025-05-11 17:46:17,443 - INFO - Generated: seating_arrangements\02_05_2016_EE309_B-003_evening.xlsx
2025-05-11 17:46:17,443 - INFO - Allocation for ME332 in B-003 with 63 students
2025-05-11 17:46:17,444 - INFO - Found names for 63 out of 63 roll numbers
2025-05-11 17:46:17,452 - INFO - Generated: seating_arrangements\02_05_2016_ME332_B-003_evening.xlsx
2025-05-11 17:46:17,452 - INFO - Allocation for ME332 in B-103 with 15 students
2025-05-11 17:46:17,452 - INFO - Found names for 15 out of 15 roll numbers
2025-05-11 17:46:17,459 - INFO - Generated: seating_arrangements\02_05_2016_ME332_B-103_evening.xlsx
2025-05-11 17:46:17,459 - INFO - Allocation for CB504 in B-103 with 55 students
2025-05-11 17:46:17,460 - INFO - Found names for 55 out of 55 roll numbers
2025-05-11 17:46:17,469 - INFO - Generated: seating_arrangements\02_05_2016_CB504_B-103_evening.xlsx
2025-05-11 17:46:17,469 - INFO - Allocation for CB504 in 10502 with 3 students
2025-05-11 17:46:17,469 - INFO - Found names for 3 out of 3 roll numbers
2025-05-11 17:46:17,476 - INFO - Generated: seating_arrangements\02_05_2016_CB504_10502_evening.xlsx
2025-05-11 17:46:17,476 - INFO - Allocation for CE318 in 10502 with 56 students
2025-05-11 17:46:17,476 - INFO - Found names for 56 out of 56 roll numbers
2025-05-11 17:46:17,484 - INFO - Generated: seating_arrangements\02_05_2016_CE318_10502_evening.xlsx
2025-05-11 17:46:17,485 - INFO - Allocation for MA504 in 10502 with 31 students
2025-05-11 17:46:17,485 - INFO - Found names for 31 out of 31 roll numbers
2025-05-11 17:46:17,493 - INFO - Generated: seating_arrangements\02_05_2016_MA504_10502_evening.xlsx
2025-05-11 17:46:17,493 - INFO - Allocation for MA504 in 6101 with 4 students
2025-05-11 17:46:17,493 - INFO - Found names for 4 out of 4 roll numbers
2025-05-11 17:46:17,499 - INFO - Generated: seating_arrangements\02_05_2016_MA504_6101_evening.xlsx
2025-05-11 17:46:17,500 - INFO - Allocation for CS546 in 6101 with 26 students
2025-05-11 17:46:17,500 - INFO - Found names for 26 out of 26 roll numbers
2025-05-11 17:46:17,508 - INFO - Generated: seating_arrangements\02_05_2016_CS546_6101_evening.xlsx
2025-05-11 17:46:17,509 - INFO - Allocation for CS546 in 6102 with 4 students
2025-05-11 17:46:17,509 - INFO - Found names for 4 out of 4 roll numbers
2025-05-11 17:46:17,516 - INFO - Generated: seating_arrangements\02_05_2016_CS546_6102_evening.xlsx
2025-05-11 17:46:17,516 - INFO - Allocation for MM302 in 6102 with 29 students
2025-05-11 17:46:17,516 - INFO - Found names for 29 out of 29 roll numbers
2025-05-11 17:46:17,524 - INFO - Generated: seating_arrangements\02_05_2016_MM302_6102_evening.xlsx
2025-05-11 17:46:17,524 - INFO - Allocation for MM502 in 6102 with 20 students
2025-05-11 17:46:17,525 - INFO - Found names for 20 out of 20 roll numbers
2025-05-11 17:46:17,532 - INFO - Generated: seating_arrangements\02_05_2016_MM502_6102_evening.xlsx
2025-05-11 17:46:17,532 - INFO - Allocation for CE506 in 6102 with 15 students
2025-05-11 17:46:17,532 - INFO - Found names for 15 out of 15 roll numbers
2025-05-11 17:46:17,539 - INFO - Generated: seating_arrangements\02_05_2016_CE506_6102_evening.xlsx
2025-05-11 17:46:17,540 - INFO - Allocation for MH502 in 6102 with 4 students
2025-05-11 17:46:17,540 - INFO - Found names for 4 out of 4 roll numbers
2025-05-11 17:46:17,548 - INFO - Generated: seating_arrangements\02_05_2016_MH502_6102_evening.xlsx
2025-05-11 17:46:17,548 - INFO - Allocation for MH502 in 6103 with 11 students
2025-05-11 17:46:17,548 - INFO - Found names for 11 out of 11 roll numbers
2025-05-11 17:46:17,555 - INFO - Generated: seating_arrangements\02_05_2016_MH502_6103_evening.xlsx
2025-05-11 17:46:17,555 - INFO - Allocation for EE507 in 6103 with 7 students
2025-05-11 17:46:17,555 - INFO - Found names for 7 out of 7 roll numbers
2025-05-11 17:46:17,562 - INFO - Generated: seating_arrangements\02_05_2016_EE507_6103_evening.xlsx
2025-05-11 17:46:17,563 - INFO - Processing 2016-05-02 00:00:00 - Morning session
2025-05-11 17:46:17,567 - INFO - Found 96 roll numbers for course: HS514
2025-05-11 17:46:17,569 - INFO - Found 38 roll numbers for course: CS372
2025-05-11 17:46:17,572 - INFO - Found 49 roll numbers for course: CS392
2025-05-11 17:46:17,573 - INFO - Found 26 roll numbers for course: CH422
2025-05-11 17:46:17,575 - INFO - Found 24 roll numbers for course: EP206
2025-05-11 17:46:17,577 - INFO - Found 39 roll numbers for course: PH201
2025-05-11 17:46:17,587 - INFO - Found 290 roll numbers for course: CS244
2025-05-11 17:46:17,589 - INFO - Found 28 roll numbers for course: PH426
2025-05-11 17:46:17,590 - INFO - Found 30 roll numbers for course: MA424
2025-05-11 17:46:17,593 - INFO - Found 54 roll numbers for course: CB302
2025-05-11 17:46:17,597 - INFO - Found 96 roll numbers for course: HS514
2025-05-11 17:46:17,599 - INFO - Found 38 roll numbers for course: CS372
2025-05-11 17:46:17,602 - INFO - Found 49 roll numbers for course: CS392
2025-05-11 17:46:17,603 - INFO - Found 26 roll numbers for course: CH422
2025-05-11 17:46:17,605 - INFO - Found 24 roll numbers for course: EP206
2025-05-11 17:46:17,606 - INFO - Found 39 roll numbers for course: PH201
2025-05-11 17:46:17,617 - INFO - Found 290 roll numbers for course: CS244
2025-05-11 17:46:17,619 - INFO - Found 28 roll numbers for course: PH426
2025-05-11 17:46:17,620 - INFO - Found 30 roll numbers for course: MA424
2025-05-11 17:46:17,623 - INFO - Found 54 roll numbers for course: CB302
2025-05-11 17:46:17,635 - INFO - Found 290 roll numbers for course: CS244
2025-05-11 17:46:17,640 - INFO - Found 96 roll numbers for course: HS514
2025-05-11 17:46:17,644 - INFO - Found 54 roll numbers for course: CB302
2025-05-11 17:46:17,647 - INFO - Found 49 roll numbers for course: CS392
2025-05-11 17:46:17,649 - INFO - Found 39 roll numbers for course: PH201
2025-05-11 17:46:17,651 - INFO - Found 38 roll numbers for course: CS372
2025-05-11 17:46:17,653 - INFO - Found 30 roll numbers for course: MA424
2025-05-11 17:46:17,655 - INFO - Found 28 roll numbers for course: PH426
2025-05-11 17:46:17,657 - INFO - Found 26 roll numbers for course: CH422
2025-05-11 17:46:17,659 - INFO - Found 24 roll numbers for course: EP206
2025-05-11 17:46:17,660 - INFO - Allocation for CS244 in B-001 with 70 students
2025-05-11 17:46:17,660 - INFO - Found names for 70 out of 70 roll numbers
2025-05-11 17:46:17,669 - INFO - Generated: seating_arrangements\02_05_2016_CS244_B-001_morning.xlsx
2025-05-11 17:46:17,669 - INFO - Allocation for CS244 in B-101 with 70 students
2025-05-11 17:46:17,669 - INFO - Found names for 70 out of 70 roll numbers
2025-05-11 17:46:17,679 - INFO - Generated: seating_arrangements\02_05_2016_CS244_B-101_morning.xlsx
2025-05-11 17:46:17,679 - INFO - Allocation for CS244 in B-002 with 70 students
2025-05-11 17:46:17,679 - INFO - Found names for 70 out of 70 roll numbers
2025-05-11 17:46:17,688 - INFO - Generated: seating_arrangements\02_05_2016_CS244_B-002_morning.xlsx
2025-05-11 17:46:17,688 - INFO - Allocation for CS244 in B-003 with 70 students
2025-05-11 17:46:17,688 - INFO - Found names for 70 out of 70 roll numbers
2025-05-11 17:46:17,698 - INFO - Generated: seating_arrangements\02_05_2016_CS244_B-003_morning.xlsx
2025-05-11 17:46:17,698 - INFO - Allocation for CS244 in B-103 with 10 students
2025-05-11 17:46:17,698 - INFO - Found names for 10 out of 10 roll numbers
2025-05-11 17:46:17,705 - INFO - Generated: seating_arrangements\02_05_2016_CS244_B-103_morning.xlsx
2025-05-11 17:46:17,705 - INFO - Allocation for HS514 in B-103 with 60 students
2025-05-11 17:46:17,705 - INFO - Found names for 60 out of 60 roll numbers
2025-05-11 17:46:17,714 - INFO - Generated: seating_arrangements\02_05_2016_HS514_B-103_morning.xlsx
2025-05-11 17:46:17,714 - INFO - Allocation for HS514 in 10502 with 36 students
2025-05-11 17:46:17,714 - INFO - Found names for 36 out of 36 roll numbers
2025-05-11 17:46:17,723 - INFO - Generated: seating_arrangements\02_05_2016_HS514_10502_morning.xlsx
2025-05-11 17:46:17,723 - INFO - Allocation for CB302 in 10502 with 54 students
2025-05-11 17:46:17,724 - INFO - Found names for 54 out of 54 roll numbers
2025-05-11 17:46:17,733 - INFO - Generated: seating_arrangements\02_05_2016_CB302_10502_morning.xlsx
2025-05-11 17:46:17,733 - INFO - Allocation for CS392 in 6101 with 30 students
2025-05-11 17:46:17,733 - INFO - Found names for 30 out of 30 roll numbers
2025-05-11 17:46:17,742 - INFO - Generated: seating_arrangements\02_05_2016_CS392_6101_morning.xlsx
2025-05-11 17:46:17,742 - INFO - Allocation for CS392 in 6102 with 19 students
2025-05-11 17:46:17,742 - INFO - Found names for 19 out of 19 roll numbers
2025-05-11 17:46:17,752 - INFO - Generated: seating_arrangements\02_05_2016_CS392_6102_morning.xlsx
2025-05-11 17:46:17,752 - INFO - Allocation for PH201 in 6102 with 39 students
2025-05-11 17:46:17,752 - INFO - Found names for 39 out of 39 roll numbers
2025-05-11 17:46:17,761 - INFO - Generated: seating_arrangements\02_05_2016_PH201_6102_morning.xlsx
2025-05-11 17:46:17,762 - INFO - Allocation for CS372 in 6102 with 14 students
2025-05-11 17:46:17,762 - INFO - Found names for 14 out of 14 roll numbers
2025-05-11 17:46:17,770 - INFO - Generated: seating_arrangements\02_05_2016_CS372_6102_morning.xlsx
2025-05-11 17:46:17,770 - INFO - Allocation for CS372 in 6103 with 24 students
2025-05-11 17:46:17,770 - INFO - Found names for 24 out of 24 roll numbers
2025-05-11 17:46:17,778 - INFO - Generated: seating_arrangements\02_05_2016_CS372_6103_morning.xlsx
2025-05-11 17:46:17,778 - INFO - Allocation for MA424 in 6103 with 6 students
2025-05-11 17:46:17,778 - INFO - Found names for 6 out of 6 roll numbers
2025-05-11 17:46:17,787 - INFO - Generated: seating_arrangements\02_05_2016_MA424_6103_morning.xlsx
2025-05-11 17:46:17,787 - INFO - Allocation for MA424 in 6104 with 24 students
2025-05-11 17:46:17,787 - INFO - Found names for 24 out of 24 roll numbers
2025-05-11 17:46:17,796 - INFO - Generated: seating_arrangements\02_05_2016_MA424_6104_morning.xlsx
2025-05-11 17:46:17,796 - INFO - Allocation for PH426 in 6104 with 28 students
2025-05-11 17:46:17,796 - INFO - Found names for 28 out of 28 roll numbers
2025-05-11 17:46:17,804 - INFO - Generated: seating_arrangements\02_05_2016_PH426_6104_morning.xlsx
2025-05-11 17:46:17,805 - INFO - Allocation for CH422 in 6104 with 20 students
2025-05-11 17:46:17,805 - INFO - Found names for 20 out of 20 roll numbers
2025-05-11 17:46:17,814 - INFO - Generated: seating_arrangements\02_05_2016_CH422_6104_morning.xlsx
2025-05-11 17:46:17,814 - INFO - Allocation for CH422 in 6105 with 6 students
2025-05-11 17:46:17,814 - INFO - Found names for 6 out of 6 roll numbers
2025-05-11 17:46:17,823 - INFO - Generated: seating_arrangements\02_05_2016_CH422_6105_morning.xlsx
2025-05-11 17:46:17,823 - INFO - Allocation for EP206 in 6105 with 24 students
2025-05-11 17:46:17,823 - INFO - Found names for 24 out of 24 roll numbers
2025-05-11 17:46:17,832 - INFO - Generated: seating_arrangements\02_05_2016_EP206_6105_morning.xlsx
2025-05-11 17:46:17,832 - INFO - Processing 2016-05-03 00:00:00 - Evening session
2025-05-11 17:46:17,838 - INFO - Found 173 roll numbers for course: CS551
2025-05-11 17:46:17,839 - INFO - Found 12 roll numbers for course: CE514
2025-05-11 17:46:17,841 - INFO - Found 25 roll numbers for course: ME542
2025-05-11 17:46:17,844 - INFO - Found 61 roll numbers for course: ME544
2025-05-11 17:46:17,847 - INFO - Found 7 roll numbers for course: EE514
2025-05-11 17:46:17,848 - INFO - Found 14 roll numbers for course: EE549
2025-05-11 17:46:17,849 - INFO - Found 10 roll numbers for course: PH602
2025-05-11 17:46:17,850 - INFO - Found 16 roll numbers for course: PH513
2025-05-11 17:46:17,852 - INFO - Found 29 roll numbers for course: CH604
2025-05-11 17:46:17,853 - INFO - Found 5 roll numbers for course: ME546
2025-05-11 17:46:17,856 - INFO - Found 87 roll numbers for course: CS358
2025-05-11 17:46:17,859 - INFO - Found 56 roll numbers for course: CE320
2025-05-11 17:46:17,866 - INFO - Found 173 roll numbers for course: CS551
2025-05-11 17:46:17,867 - INFO - Found 12 roll numbers for course: CE514
2025-05-11 17:46:17,869 - INFO - Found 25 roll numbers for course: ME542
2025-05-11 17:46:17,872 - INFO - Found 61 roll numbers for course: ME544
2025-05-11 17:46:17,873 - INFO - Found 7 roll numbers for course: EE514
2025-05-11 17:46:17,874 - INFO - Found 14 roll numbers for course: EE549
2025-05-11 17:46:17,875 - INFO - Found 10 roll numbers for course: PH602
2025-05-11 17:46:17,877 - INFO - Found 16 roll numbers for course: PH513
2025-05-11 17:46:17,879 - INFO - Found 29 roll numbers for course: CH604
2025-05-11 17:46:17,880 - INFO - Found 5 roll numbers for course: ME546
2025-05-11 17:46:17,884 - INFO - Found 87 roll numbers for course: CS358
2025-05-11 17:46:17,886 - INFO - Found 56 roll numbers for course: CE320
2025-05-11 17:46:17,894 - INFO - Found 173 roll numbers for course: CS551
2025-05-11 17:46:17,897 - INFO - Found 87 roll numbers for course: CS358
2025-05-11 17:46:17,900 - INFO - Found 61 roll numbers for course: ME544
2025-05-11 17:46:17,902 - INFO - Found 56 roll numbers for course: CE320
2025-05-11 17:46:17,904 - INFO - Found 29 roll numbers for course: CH604
2025-05-11 17:46:17,906 - INFO - Found 25 roll numbers for course: ME542
2025-05-11 17:46:17,908 - INFO - Found 16 roll numbers for course: PH513
2025-05-11 17:46:17,909 - INFO - Found 14 roll numbers for course: EE549
2025-05-11 17:46:17,911 - INFO - Found 12 roll numbers for course: CE514
2025-05-11 17:46:17,912 - INFO - Found 10 roll numbers for course: PH602
2025-05-11 17:46:17,913 - INFO - Found 7 roll numbers for course: EE514
2025-05-11 17:46:17,913 - INFO - Found 5 roll numbers for course: ME546
2025-05-11 17:46:17,914 - INFO - Allocation for CS551 in B-001 with 70 students
2025-05-11 17:46:17,914 - INFO - Found names for 70 out of 70 roll numbers
2025-05-11 17:46:17,922 - INFO - Generated: seating_arrangements\03_05_2016_CS551_B-001_evening.xlsx
2025-05-11 17:46:17,923 - INFO - Allocation for CS551 in B-101 with 70 students
2025-05-11 17:46:17,923 - INFO - Found names for 70 out of 70 roll numbers
2025-05-11 17:46:17,932 - INFO - Generated: seating_arrangements\03_05_2016_CS551_B-101_evening.xlsx
2025-05-11 17:46:17,932 - INFO - Allocation for CS551 in B-002 with 33 students
2025-05-11 17:46:17,932 - INFO - Found names for 33 out of 33 roll numbers
2025-05-11 17:46:17,940 - INFO - Generated: seating_arrangements\03_05_2016_CS551_B-002_evening.xlsx
2025-05-11 17:46:17,940 - INFO - Allocation for CS358 in B-002 with 37 students
2025-05-11 17:46:17,940 - INFO - Found names for 37 out of 37 roll numbers
2025-05-11 17:46:17,949 - INFO - Generated: seating_arrangements\03_05_2016_CS358_B-002_evening.xlsx
2025-05-11 17:46:17,949 - INFO - Allocation for CS358 in B-003 with 50 students
2025-05-11 17:46:17,949 - INFO - Found names for 50 out of 50 roll numbers
2025-05-11 17:46:17,957 - INFO - Generated: seating_arrangements\03_05_2016_CS358_B-003_evening.xlsx
2025-05-11 17:46:17,957 - INFO - Allocation for ME544 in B-003 with 20 students
2025-05-11 17:46:17,958 - INFO - Found names for 20 out of 20 roll numbers
2025-05-11 17:46:17,964 - INFO - Generated: seating_arrangements\03_05_2016_ME544_B-003_evening.xlsx
2025-05-11 17:46:17,964 - INFO - Allocation for ME544 in B-103 with 41 students
2025-05-11 17:46:17,965 - INFO - Found names for 41 out of 41 roll numbers
2025-05-11 17:46:17,974 - INFO - Generated: seating_arrangements\03_05_2016_ME544_B-103_evening.xlsx
2025-05-11 17:46:17,974 - INFO - Allocation for CE320 in B-103 with 29 students
2025-05-11 17:46:17,974 - INFO - Found names for 29 out of 29 roll numbers
2025-05-11 17:46:17,982 - INFO - Generated: seating_arrangements\03_05_2016_CE320_B-103_evening.xlsx
2025-05-11 17:46:17,983 - INFO - Allocation for CE320 in 10502 with 27 students
2025-05-11 17:46:17,983 - INFO - Found names for 27 out of 27 roll numbers
2025-05-11 17:46:17,991 - INFO - Generated: seating_arrangements\03_05_2016_CE320_10502_evening.xlsx
2025-05-11 17:46:17,991 - INFO - Allocation for CH604 in 10502 with 29 students
2025-05-11 17:46:17,991 - INFO - Found names for 29 out of 29 roll numbers
2025-05-11 17:46:17,999 - INFO - Generated: seating_arrangements\03_05_2016_CH604_10502_evening.xlsx
2025-05-11 17:46:17,999 - INFO - Allocation for ME542 in 10502 with 25 students
2025-05-11 17:46:17,999 - INFO - Found names for 25 out of 25 roll numbers
2025-05-11 17:46:18,007 - INFO - Generated: seating_arrangements\03_05_2016_ME542_10502_evening.xlsx
2025-05-11 17:46:18,007 - INFO - Allocation for PH513 in 10502 with 9 students
2025-05-11 17:46:18,007 - INFO - Found names for 9 out of 9 roll numbers
2025-05-11 17:46:18,014 - INFO - Generated: seating_arrangements\03_05_2016_PH513_10502_evening.xlsx
2025-05-11 17:46:18,014 - INFO - Allocation for PH513 in 6101 with 7 students
2025-05-11 17:46:18,014 - INFO - Found names for 7 out of 7 roll numbers
2025-05-11 17:46:18,021 - INFO - Generated: seating_arrangements\03_05_2016_PH513_6101_evening.xlsx
2025-05-11 17:46:18,021 - INFO - Allocation for EE549 in 6101 with 14 students
2025-05-11 17:46:18,021 - INFO - Found names for 14 out of 14 roll numbers
2025-05-11 17:46:18,028 - INFO - Generated: seating_arrangements\03_05_2016_EE549_6101_evening.xlsx
2025-05-11 17:46:18,028 - INFO - Allocation for CE514 in 6101 with 9 students
2025-05-11 17:46:18,028 - INFO - Found names for 9 out of 9 roll numbers
2025-05-11 17:46:18,035 - INFO - Generated: seating_arrangements\03_05_2016_CE514_6101_evening.xlsx
2025-05-11 17:46:18,035 - INFO - Allocation for CE514 in 6102 with 3 students
2025-05-11 17:46:18,035 - INFO - Found names for 3 out of 3 roll numbers
2025-05-11 17:46:18,042 - INFO - Generated: seating_arrangements\03_05_2016_CE514_6102_evening.xlsx
2025-05-11 17:46:18,042 - INFO - Allocation for PH602 in 6102 with 10 students
2025-05-11 17:46:18,042 - INFO - Found names for 10 out of 10 roll numbers
2025-05-11 17:46:18,050 - INFO - Generated: seating_arrangements\03_05_2016_PH602_6102_evening.xlsx
2025-05-11 17:46:18,050 - INFO - Allocation for EE514 in 6102 with 7 students
2025-05-11 17:46:18,050 - INFO - Found names for 7 out of 7 roll numbers
2025-05-11 17:46:18,057 - INFO - Generated: seating_arrangements\03_05_2016_EE514_6102_evening.xlsx
2025-05-11 17:46:18,057 - INFO - Allocation for ME546 in 6102 with 5 students
2025-05-11 17:46:18,057 - INFO - Found names for 5 out of 5 roll numbers
2025-05-11 17:46:18,063 - INFO - Generated: seating_arrangements\03_05_2016_ME546_6102_evening.xlsx
2025-05-11 17:46:18,063 - INFO - Processing 2016-05-03 00:00:00 - Morning session
2025-05-11 17:46:18,069 - INFO - Found 131 roll numbers for course: CS259
2025-05-11 17:46:18,071 - INFO - Found 30 roll numbers for course: MA428
2025-05-11 17:46:18,073 - INFO - Found 50 roll numbers for course: MA220
2025-05-11 17:46:18,075 - INFO - Found 54 roll numbers for course: CE218
2025-05-11 17:46:18,078 - INFO - Found 26 roll numbers for course: CH428
2025-05-11 17:46:18,080 - INFO - Found 70 roll numbers for course: ME216
2025-05-11 17:46:18,084 - INFO - Found 89 roll numbers for course: EE205
2025-05-11 17:46:18,087 - INFO - Found 86 roll numbers for course: EE341
2025-05-11 17:46:18,089 - INFO - Found 32 roll numbers for course: MM206
2025-05-11 17:46:18,091 - INFO - Found 29 roll numbers for course: MM306
2025-05-11 17:46:18,095 - INFO - Found 78 roll numbers for course: ME314
2025-05-11 17:46:18,096 - INFO - Found 24 roll numbers for course: EP202
2025-05-11 17:46:18,098 - INFO - Found 28 roll numbers for course: PH420
2025-05-11 17:46:18,101 - INFO - Found 56 roll numbers for course: CB206
2025-05-11 17:46:18,103 - INFO - Found 54 roll numbers for course: CB304
2025-05-11 17:46:18,105 - INFO - Found 23 roll numbers for course: MA533
2025-05-11 17:46:18,110 - INFO - Found 131 roll numbers for course: CS259
2025-05-11 17:46:18,112 - INFO - Found 30 roll numbers for course: MA428
2025-05-11 17:46:18,114 - INFO - Found 50 roll numbers for course: MA220
2025-05-11 17:46:18,117 - INFO - Found 54 roll numbers for course: CE218
2025-05-11 17:46:18,118 - INFO - Found 26 roll numbers for course: CH428
2025-05-11 17:46:18,121 - INFO - Found 70 roll numbers for course: ME216
2025-05-11 17:46:18,125 - INFO - Found 89 roll numbers for course: EE205
2025-05-11 17:46:18,129 - INFO - Found 86 roll numbers for course: EE341
2025-05-11 17:46:18,131 - INFO - Found 32 roll numbers for course: MM206
2025-05-11 17:46:18,133 - INFO - Found 29 roll numbers for course: MM306
2025-05-11 17:46:18,136 - INFO - Found 78 roll numbers for course: ME314
2025-05-11 17:46:18,137 - INFO - Found 24 roll numbers for course: EP202
2025-05-11 17:46:18,139 - INFO - Found 28 roll numbers for course: PH420
2025-05-11 17:46:18,142 - INFO - Found 56 roll numbers for course: CB206
2025-05-11 17:46:18,145 - INFO - Found 54 roll numbers for course: CB304
2025-05-11 17:46:18,147 - INFO - Found 23 roll numbers for course: MA533
2025-05-11 17:46:18,152 - INFO - Found 131 roll numbers for course: CS259
2025-05-11 17:46:18,156 - INFO - Found 89 roll numbers for course: EE205
2025-05-11 17:46:18,159 - INFO - Found 86 roll numbers for course: EE341
2025-05-11 17:46:18,164 - INFO - Found 78 roll numbers for course: ME314
2025-05-11 17:46:18,166 - INFO - Found 70 roll numbers for course: ME216
2025-05-11 17:46:18,170 - INFO - Found 56 roll numbers for course: CB206
2025-05-11 17:46:18,172 - INFO - Found 54 roll numbers for course: CE218
2025-05-11 17:46:18,176 - INFO - Found 54 roll numbers for course: CB304
2025-05-11 17:46:18,179 - INFO - Found 50 roll numbers for course: MA220
2025-05-11 17:46:18,180 - INFO - Found 32 roll numbers for course: MM206
2025-05-11 17:46:18,182 - INFO - Found 30 roll numbers for course: MA428
2025-05-11 17:46:18,184 - INFO - Found 29 roll numbers for course: MM306
2025-05-11 17:46:18,186 - INFO - Found 28 roll numbers for course: PH420
2025-05-11 17:46:18,188 - INFO - Found 26 roll numbers for course: CH428
2025-05-11 17:46:18,189 - INFO - Found 24 roll numbers for course: EP202
2025-05-11 17:46:18,191 - INFO - Found 23 roll numbers for course: MA533
2025-05-11 17:46:18,191 - INFO - Allocation for CS259 in B-001 with 70 students
2025-05-11 17:46:18,191 - INFO - Found names for 70 out of 70 roll numbers
2025-05-11 17:46:18,200 - INFO - Generated: seating_arrangements\03_05_2016_CS259_B-001_morning.xlsx
2025-05-11 17:46:18,200 - INFO - Allocation for CS259 in B-101 with 61 students
2025-05-11 17:46:18,200 - INFO - Found names for 61 out of 61 roll numbers
2025-05-11 17:46:18,210 - INFO - Generated: seating_arrangements\03_05_2016_CS259_B-101_morning.xlsx
2025-05-11 17:46:18,211 - INFO - Allocation for EE205 in B-101 with 9 students
2025-05-11 17:46:18,211 - INFO - Found names for 9 out of 9 roll numbers
2025-05-11 17:46:18,218 - INFO - Generated: seating_arrangements\03_05_2016_EE205_B-101_morning.xlsx
2025-05-11 17:46:18,219 - INFO - Allocation for EE205 in B-002 with 70 students
2025-05-11 17:46:18,219 - INFO - Found names for 70 out of 70 roll numbers
2025-05-11 17:46:18,227 - INFO - Generated: seating_arrangements\03_05_2016_EE205_B-002_morning.xlsx
2025-05-11 17:46:18,228 - INFO - Allocation for EE205 in B-003 with 10 students
2025-05-11 17:46:18,228 - INFO - Found names for 10 out of 10 roll numbers
2025-05-11 17:46:18,234 - INFO - Generated: seating_arrangements\03_05_2016_EE205_B-003_morning.xlsx
2025-05-11 17:46:18,235 - INFO - Allocation for EE341 in B-003 with 60 students
2025-05-11 17:46:18,235 - INFO - Found names for 60 out of 60 roll numbers
2025-05-11 17:46:18,243 - INFO - Generated: seating_arrangements\03_05_2016_EE341_B-003_morning.xlsx
2025-05-11 17:46:18,243 - INFO - Allocation for EE341 in B-103 with 26 students
2025-05-11 17:46:18,243 - INFO - Found names for 26 out of 26 roll numbers
2025-05-11 17:46:18,251 - INFO - Generated: seating_arrangements\03_05_2016_EE341_B-103_morning.xlsx
2025-05-11 17:46:18,251 - INFO - Allocation for ME314 in B-103 with 44 students
2025-05-11 17:46:18,251 - INFO - Found names for 44 out of 44 roll numbers
2025-05-11 17:46:18,261 - INFO - Generated: seating_arrangements\03_05_2016_ME314_B-103_morning.xlsx
2025-05-11 17:46:18,261 - INFO - Allocation for ME314 in 10502 with 34 students
2025-05-11 17:46:18,261 - INFO - Found names for 34 out of 34 roll numbers
2025-05-11 17:46:18,268 - INFO - Generated: seating_arrangements\03_05_2016_ME314_10502_morning.xlsx
2025-05-11 17:46:18,269 - INFO - Allocation for ME216 in 10502 with 56 students
2025-05-11 17:46:18,269 - INFO - Found names for 56 out of 56 roll numbers
2025-05-11 17:46:18,277 - INFO - Generated: seating_arrangements\03_05_2016_ME216_10502_morning.xlsx
2025-05-11 17:46:18,277 - INFO - Allocation for ME216 in 6101 with 14 students
2025-05-11 17:46:18,278 - INFO - Found names for 14 out of 14 roll numbers
2025-05-11 17:46:18,285 - INFO - Generated: seating_arrangements\03_05_2016_ME216_6101_morning.xlsx
2025-05-11 17:46:18,286 - INFO - Allocation for CB206 in 6101 with 16 students
2025-05-11 17:46:18,286 - INFO - Found names for 16 out of 16 roll numbers
2025-05-11 17:46:18,292 - INFO - Generated: seating_arrangements\03_05_2016_CB206_6101_morning.xlsx
2025-05-11 17:46:18,293 - INFO - Allocation for CB206 in 6102 with 40 students
2025-05-11 17:46:18,293 - INFO - Found names for 40 out of 40 roll numbers
2025-05-11 17:46:18,300 - INFO - Generated: seating_arrangements\03_05_2016_CB206_6102_morning.xlsx
2025-05-11 17:46:18,301 - INFO - Allocation for CE218 in 6102 with 32 students
2025-05-11 17:46:18,301 - INFO - Found names for 32 out of 32 roll numbers
2025-05-11 17:46:18,308 - INFO - Generated: seating_arrangements\03_05_2016_CE218_6102_morning.xlsx
2025-05-11 17:46:18,308 - INFO - Allocation for CE218 in 6103 with 22 students
2025-05-11 17:46:18,310 - INFO - Found names for 22 out of 22 roll numbers
2025-05-11 17:46:18,317 - INFO - Generated: seating_arrangements\03_05_2016_CE218_6103_morning.xlsx
2025-05-11 17:46:18,317 - INFO - Allocation for CB304 in 6103 with 8 students
2025-05-11 17:46:18,317 - INFO - Found names for 8 out of 8 roll numbers
2025-05-11 17:46:18,323 - INFO - Generated: seating_arrangements\03_05_2016_CB304_6103_morning.xlsx
2025-05-11 17:46:18,323 - INFO - Allocation for CB304 in 6104 with 46 students
2025-05-11 17:46:18,324 - INFO - Found names for 46 out of 46 roll numbers
2025-05-11 17:46:18,331 - INFO - Generated: seating_arrangements\03_05_2016_CB304_6104_morning.xlsx
2025-05-11 17:46:18,331 - INFO - Allocation for MA220 in 6104 with 26 students
2025-05-11 17:46:18,331 - INFO - Found names for 26 out of 26 roll numbers
2025-05-11 17:46:18,338 - INFO - Generated: seating_arrangements\03_05_2016_MA220_6104_morning.xlsx
2025-05-11 17:46:18,338 - INFO - Allocation for MA220 in 6105 with 24 students
2025-05-11 17:46:18,339 - INFO - Found names for 24 out of 24 roll numbers
2025-05-11 17:46:18,347 - INFO - Generated: seating_arrangements\03_05_2016_MA220_6105_morning.xlsx
2025-05-11 17:46:18,347 - INFO - Allocation for MM206 in 6105 with 6 students
2025-05-11 17:46:18,347 - INFO - Found names for 6 out of 6 roll numbers
2025-05-11 17:46:18,354 - INFO - Generated: seating_arrangements\03_05_2016_MM206_6105_morning.xlsx
2025-05-11 17:46:18,354 - INFO - Allocation for MM206 in 6106 with 26 students
2025-05-11 17:46:18,354 - INFO - Found names for 26 out of 26 roll numbers
2025-05-11 17:46:18,362 - INFO - Generated: seating_arrangements\03_05_2016_MM206_6106_morning.xlsx
2025-05-11 17:46:18,362 - INFO - Allocation for MA428 in 6106 with 4 students
2025-05-11 17:46:18,362 - INFO - Found names for 4 out of 4 roll numbers
2025-05-11 17:46:18,368 - INFO - Generated: seating_arrangements\03_05_2016_MA428_6106_morning.xlsx
2025-05-11 17:46:18,369 - INFO - Allocation for MA428 in 6107 with 26 students
2025-05-11 17:46:18,369 - INFO - Found names for 26 out of 26 roll numbers
2025-05-11 17:46:18,377 - INFO - Generated: seating_arrangements\03_05_2016_MA428_6107_morning.xlsx
2025-05-11 17:46:18,377 - INFO - Allocation for MM306 in 6107 with 29 students
2025-05-11 17:46:18,377 - INFO - Found names for 29 out of 29 roll numbers
2025-05-11 17:46:18,384 - INFO - Generated: seating_arrangements\03_05_2016_MM306_6107_morning.xlsx
2025-05-11 17:46:18,384 - INFO - Allocation for PH420 in 6107 with 17 students
2025-05-11 17:46:18,384 - INFO - Found names for 17 out of 17 roll numbers
2025-05-11 17:46:18,392 - INFO - Generated: seating_arrangements\03_05_2016_PH420_6107_morning.xlsx
2025-05-11 17:46:18,392 - INFO - Allocation for PH420 in 6108 with 11 students
2025-05-11 17:46:18,392 - INFO - Found names for 11 out of 11 roll numbers
2025-05-11 17:46:18,399 - INFO - Generated: seating_arrangements\03_05_2016_PH420_6108_morning.xlsx
2025-05-11 17:46:18,400 - INFO - Allocation for CH428 in 6108 with 19 students
2025-05-11 17:46:18,400 - INFO - Found names for 19 out of 19 roll numbers
2025-05-11 17:46:18,406 - INFO - Generated: seating_arrangements\03_05_2016_CH428_6108_morning.xlsx
2025-05-11 17:46:18,407 - INFO - Allocation for CH428 in 6109 with 7 students
2025-05-11 17:46:18,407 - INFO - Found names for 7 out of 7 roll numbers
2025-05-11 17:46:18,414 - INFO - Generated: seating_arrangements\03_05_2016_CH428_6109_morning.xlsx
2025-05-11 17:46:18,414 - INFO - Allocation for EP202 in 6109 with 24 students
2025-05-11 17:46:18,414 - INFO - Found names for 24 out of 24 roll numbers
2025-05-11 17:46:18,421 - INFO - Generated: seating_arrangements\03_05_2016_EP202_6109_morning.xlsx
2025-05-11 17:46:18,421 - INFO - Allocation for MA533 in 6109 with 23 students
2025-05-11 17:46:18,421 - INFO - Found names for 23 out of 23 roll numbers
2025-05-11 17:46:18,429 - INFO - Generated: seating_arrangements\03_05_2016_MA533_6109_morning.xlsx
2025-05-11 17:46:18,429 - INFO - Processing 2016-05-04 00:00:00 - Evening session
2025-05-11 17:46:18,431 - INFO - Found 30 roll numbers for course: CS547
2025-05-11 17:46:18,436 - INFO - Found 120 roll numbers for course: CS568
2025-05-11 17:46:18,438 - INFO - Found 27 roll numbers for course: CE545
2025-05-11 17:46:18,441 - INFO - Found 59 roll numbers for course: CH607
2025-05-11 17:46:18,443 - INFO - Found 14 roll numbers for course: ME567
2025-05-11 17:46:18,446 - INFO - Found 59 roll numbers for course: ME547
2025-05-11 17:46:18,447 - INFO - Found 21 roll numbers for course: ME552
2025-05-11 17:46:18,448 - INFO - Found 18 roll numbers for course: EE560
2025-05-11 17:46:18,452 - INFO - Found 49 roll numbers for course: MM510
2025-05-11 17:46:18,455 - INFO - Found 48 roll numbers for course: CB502
2025-05-11 17:46:18,456 - INFO - Found 26 roll numbers for course: MA522
2025-05-11 17:46:18,457 - INFO - Found 8 roll numbers for course: PH703
2025-05-11 17:46:18,460 - INFO - Found 56 roll numbers for course: CE324
2025-05-11 17:46:18,462 - INFO - Found 30 roll numbers for course: CS547
2025-05-11 17:46:18,466 - INFO - Found 120 roll numbers for course: CS568
2025-05-11 17:46:18,469 - INFO - Found 27 roll numbers for course: CE545
2025-05-11 17:46:18,472 - INFO - Found 59 roll numbers for course: CH607
2025-05-11 17:46:18,473 - INFO - Found 14 roll numbers for course: ME567
2025-05-11 17:46:18,476 - INFO - Found 59 roll numbers for course: ME547
2025-05-11 17:46:18,478 - INFO - Found 21 roll numbers for course: ME552
2025-05-11 17:46:18,480 - INFO - Found 18 roll numbers for course: EE560
2025-05-11 17:46:18,482 - INFO - Found 49 roll numbers for course: MM510
2025-05-11 17:46:18,486 - INFO - Found 48 roll numbers for course: CB502
2025-05-11 17:46:18,488 - INFO - Found 26 roll numbers for course: MA522
2025-05-11 17:46:18,489 - INFO - Found 8 roll numbers for course: PH703
2025-05-11 17:46:18,492 - INFO - Found 56 roll numbers for course: CE324
2025-05-11 17:46:18,497 - INFO - Found 120 roll numbers for course: CS568
2025-05-11 17:46:18,501 - INFO - Found 59 roll numbers for course: CH607
2025-05-11 17:46:18,505 - INFO - Found 59 roll numbers for course: ME547
2025-05-11 17:46:18,507 - INFO - Found 56 roll numbers for course: CE324
2025-05-11 17:46:18,509 - INFO - Found 49 roll numbers for course: MM510
2025-05-11 17:46:18,512 - INFO - Found 48 roll numbers for course: CB502
2025-05-11 17:46:18,514 - INFO - Found 30 roll numbers for course: CS547
2025-05-11 17:46:18,517 - INFO - Found 27 roll numbers for course: CE545
2025-05-11 17:46:18,519 - INFO - Found 26 roll numbers for course: MA522
2025-05-11 17:46:18,520 - INFO - Found 21 roll numbers for course: ME552
2025-05-11 17:46:18,522 - INFO - Found 18 roll numbers for course: EE560
2025-05-11 17:46:18,523 - INFO - Found 14 roll numbers for course: ME567
2025-05-11 17:46:18,524 - INFO - Found 8 roll numbers for course: PH703
2025-05-11 17:46:18,525 - INFO - Allocation for CS568 in B-001 with 70 students
2025-05-11 17:46:18,525 - INFO - Found names for 70 out of 70 roll numbers
2025-05-11 17:46:18,536 - INFO - Generated: seating_arrangements\04_05_2016_CS568_B-001_evening.xlsx
2025-05-11 17:46:18,536 - INFO - Allocation for CS568 in B-101 with 50 students
2025-05-11 17:46:18,536 - INFO - Found names for 50 out of 50 roll numbers
2025-05-11 17:46:18,546 - INFO - Generated: seating_arrangements\04_05_2016_CS568_B-101_evening.xlsx
2025-05-11 17:46:18,547 - INFO - Allocation for CH607 in B-101 with 20 students
2025-05-11 17:46:18,547 - INFO - Found names for 20 out of 20 roll numbers
2025-05-11 17:46:18,554 - INFO - Generated: seating_arrangements\04_05_2016_CH607_B-101_evening.xlsx
2025-05-11 17:46:18,554 - INFO - Allocation for CH607 in B-002 with 39 students
2025-05-11 17:46:18,554 - INFO - Found names for 39 out of 39 roll numbers
2025-05-11 17:46:18,564 - INFO - Generated: seating_arrangements\04_05_2016_CH607_B-002_evening.xlsx
2025-05-11 17:46:18,564 - INFO - Allocation for ME547 in B-002 with 31 students
2025-05-11 17:46:18,565 - INFO - Found names for 31 out of 31 roll numbers
2025-05-11 17:46:18,573 - INFO - Generated: seating_arrangements\04_05_2016_ME547_B-002_evening.xlsx
2025-05-11 17:46:18,573 - INFO - Allocation for ME547 in B-003 with 28 students
2025-05-11 17:46:18,573 - INFO - Found names for 28 out of 28 roll numbers
2025-05-11 17:46:18,582 - INFO - Generated: seating_arrangements\04_05_2016_ME547_B-003_evening.xlsx
2025-05-11 17:46:18,582 - INFO - Allocation for CE324 in B-003 with 42 students
2025-05-11 17:46:18,582 - INFO - Found names for 42 out of 42 roll numbers
2025-05-11 17:46:18,590 - INFO - Generated: seating_arrangements\04_05_2016_CE324_B-003_evening.xlsx
2025-05-11 17:46:18,590 - INFO - Allocation for CE324 in B-103 with 14 students
2025-05-11 17:46:18,590 - INFO - Found names for 14 out of 14 roll numbers
2025-05-11 17:46:18,598 - INFO - Generated: seating_arrangements\04_05_2016_CE324_B-103_evening.xlsx
2025-05-11 17:46:18,598 - INFO - Allocation for MM510 in B-103 with 49 students
2025-05-11 17:46:18,598 - INFO - Found names for 49 out of 49 roll numbers
2025-05-11 17:46:18,607 - INFO - Generated: seating_arrangements\04_05_2016_MM510_B-103_evening.xlsx
2025-05-11 17:46:18,608 - INFO - Allocation for CB502 in B-103 with 7 students
2025-05-11 17:46:18,608 - INFO - Found names for 7 out of 7 roll numbers
2025-05-11 17:46:18,616 - INFO - Generated: seating_arrangements\04_05_2016_CB502_B-103_evening.xlsx
2025-05-11 17:46:18,616 - INFO - Allocation for CB502 in 10502 with 41 students
2025-05-11 17:46:18,616 - INFO - Found names for 41 out of 41 roll numbers
2025-05-11 17:46:18,624 - INFO - Generated: seating_arrangements\04_05_2016_CB502_10502_evening.xlsx
2025-05-11 17:46:18,625 - INFO - Allocation for CS547 in 10502 with 30 students
2025-05-11 17:46:18,625 - INFO - Found names for 30 out of 30 roll numbers
2025-05-11 17:46:18,632 - INFO - Generated: seating_arrangements\04_05_2016_CS547_10502_evening.xlsx
2025-05-11 17:46:18,632 - INFO - Allocation for CE545 in 10502 with 19 students
2025-05-11 17:46:18,633 - INFO - Found names for 19 out of 19 roll numbers
2025-05-11 17:46:18,640 - INFO - Generated: seating_arrangements\04_05_2016_CE545_10502_evening.xlsx
2025-05-11 17:46:18,640 - INFO - Allocation for CE545 in 6101 with 8 students
2025-05-11 17:46:18,641 - INFO - Found names for 8 out of 8 roll numbers
2025-05-11 17:46:18,648 - INFO - Generated: seating_arrangements\04_05_2016_CE545_6101_evening.xlsx
2025-05-11 17:46:18,648 - INFO - Allocation for MA522 in 6101 with 22 students
2025-05-11 17:46:18,648 - INFO - Found names for 22 out of 22 roll numbers
2025-05-11 17:46:18,657 - INFO - Generated: seating_arrangements\04_05_2016_MA522_6101_evening.xlsx
2025-05-11 17:46:18,657 - INFO - Allocation for MA522 in 6102 with 4 students
2025-05-11 17:46:18,657 - INFO - Found names for 4 out of 4 roll numbers
2025-05-11 17:46:18,664 - INFO - Generated: seating_arrangements\04_05_2016_MA522_6102_evening.xlsx
2025-05-11 17:46:18,664 - INFO - Allocation for ME552 in 6102 with 21 students
2025-05-11 17:46:18,664 - INFO - Found names for 21 out of 21 roll numbers
2025-05-11 17:46:18,672 - INFO - Generated: seating_arrangements\04_05_2016_ME552_6102_evening.xlsx
2025-05-11 17:46:18,672 - INFO - Allocation for EE560 in 6102 with 18 students
2025-05-11 17:46:18,673 - INFO - Found names for 18 out of 18 roll numbers
2025-05-11 17:46:18,681 - INFO - Generated: seating_arrangements\04_05_2016_EE560_6102_evening.xlsx
2025-05-11 17:46:18,681 - INFO - Allocation for ME567 in 6102 with 14 students
2025-05-11 17:46:18,681 - INFO - Found names for 14 out of 14 roll numbers
2025-05-11 17:46:18,691 - INFO - Generated: seating_arrangements\04_05_2016_ME567_6102_evening.xlsx
2025-05-11 17:46:18,691 - INFO - Allocation for PH703 in 6102 with 8 students
2025-05-11 17:46:18,691 - INFO - Found names for 8 out of 8 roll numbers
2025-05-11 17:46:18,699 - INFO - Generated: seating_arrangements\04_05_2016_PH703_6102_evening.xlsx
2025-05-11 17:46:18,699 - INFO - Processing 2016-05-04 00:00:00 - Morning session
2025-05-11 17:46:18,701 - INFO - Found 13 roll numbers for course: HS716
2025-05-11 17:46:18,706 - INFO - Found 91 roll numbers for course: CS209
2025-05-11 17:46:18,708 - INFO - Found 30 roll numbers for course: MA430
2025-05-11 17:46:18,712 - INFO - Found 55 roll numbers for course: CE220
2025-05-11 17:46:18,715 - INFO - Found 70 roll numbers for course: ME214
2025-05-11 17:46:18,720 - INFO - Found 89 roll numbers for course: EE280
2025-05-11 17:46:18,724 - INFO - Found 86 roll numbers for course: EE382
2025-05-11 17:46:18,726 - INFO - Found 32 roll numbers for course: MM204
2025-05-11 17:46:18,728 - INFO - Found 28 roll numbers for course: PH428
2025-05-11 17:46:18,729 - INFO - Found 18 roll numbers for course: PH608
2025-05-11 17:46:18,731 - INFO - Found 24 roll numbers for course: EP204
2025-05-11 17:46:18,734 - INFO - Found 56 roll numbers for course: CB208
2025-05-11 17:46:18,737 - INFO - Found 54 roll numbers for course: CB424
2025-05-11 17:46:18,739 - INFO - Found 26 roll numbers for course: CH424
2025-05-11 17:46:18,742 - INFO - Found 50 roll numbers for course: MA216
2025-05-11 17:46:18,743 - INFO - Found 13 roll numbers for course: HS716
2025-05-11 17:46:18,747 - INFO - Found 91 roll numbers for course: CS209
2025-05-11 17:46:18,751 - INFO - Found 30 roll numbers for course: MA430
2025-05-11 17:46:18,753 - INFO - Found 55 roll numbers for course: CE220
2025-05-11 17:46:18,756 - INFO - Found 70 roll numbers for course: ME214
2025-05-11 17:46:18,760 - INFO - Found 89 roll numbers for course: EE280
2025-05-11 17:46:18,765 - INFO - Found 86 roll numbers for course: EE382
2025-05-11 17:46:18,768 - INFO - Found 32 roll numbers for course: MM204
2025-05-11 17:46:18,771 - INFO - Found 28 roll numbers for course: PH428
2025-05-11 17:46:18,773 - INFO - Found 18 roll numbers for course: PH608
2025-05-11 17:46:18,774 - INFO - Found 24 roll numbers for course: EP204
2025-05-11 17:46:18,779 - INFO - Found 56 roll numbers for course: CB208
2025-05-11 17:46:18,782 - INFO - Found 54 roll numbers for course: CB424
2025-05-11 17:46:18,784 - INFO - Found 26 roll numbers for course: CH424
2025-05-11 17:46:18,786 - INFO - Found 50 roll numbers for course: MA216
2025-05-11 17:46:18,791 - INFO - Found 91 roll numbers for course: CS209
2025-05-11 17:46:18,795 - INFO - Found 89 roll numbers for course: EE280
2025-05-11 17:46:18,800 - INFO - Found 86 roll numbers for course: EE382
2025-05-11 17:46:18,802 - INFO - Found 70 roll numbers for course: ME214
2025-05-11 17:46:18,805 - INFO - Found 56 roll numbers for course: CB208
2025-05-11 17:46:18,808 - INFO - Found 55 roll numbers for course: CE220
2025-05-11 17:46:18,811 - INFO - Found 54 roll numbers for course: CB424
2025-05-11 17:46:18,815 - INFO - Found 50 roll numbers for course: MA216
2025-05-11 17:46:18,817 - INFO - Found 32 roll numbers for course: MM204
2025-05-11 17:46:18,819 - INFO - Found 30 roll numbers for course: MA430
2025-05-11 17:46:18,820 - INFO - Found 28 roll numbers for course: PH428
2025-05-11 17:46:18,822 - INFO - Found 26 roll numbers for course: CH424
2025-05-11 17:46:18,825 - INFO - Found 24 roll numbers for course: EP204
2025-05-11 17:46:18,827 - INFO - Found 18 roll numbers for course: PH608
2025-05-11 17:46:18,829 - INFO - Found 13 roll numbers for course: HS716
2025-05-11 17:46:18,829 - INFO - Allocation for CS209 in B-001 with 70 students
2025-05-11 17:46:18,829 - INFO - Found names for 70 out of 70 roll numbers
2025-05-11 17:46:18,840 - INFO - Generated: seating_arrangements\04_05_2016_CS209_B-001_morning.xlsx
2025-05-11 17:46:18,841 - INFO - Allocation for CS209 in B-101 with 21 students
2025-05-11 17:46:18,841 - INFO - Found names for 21 out of 21 roll numbers
2025-05-11 17:46:18,850 - INFO - Generated: seating_arrangements\04_05_2016_CS209_B-101_morning.xlsx
2025-05-11 17:46:18,850 - INFO - Allocation for EE280 in B-101 with 49 students
2025-05-11 17:46:18,850 - INFO - Found names for 49 out of 49 roll numbers
2025-05-11 17:46:18,859 - INFO - Generated: seating_arrangements\04_05_2016_EE280_B-101_morning.xlsx
2025-05-11 17:46:18,859 - INFO - Allocation for EE280 in B-002 with 40 students
2025-05-11 17:46:18,859 - INFO - Found names for 40 out of 40 roll numbers
2025-05-11 17:46:18,868 - INFO - Generated: seating_arrangements\04_05_2016_EE280_B-002_morning.xlsx
2025-05-11 17:46:18,868 - INFO - Allocation for EE382 in B-002 with 30 students
2025-05-11 17:46:18,869 - INFO - Found names for 30 out of 30 roll numbers
2025-05-11 17:46:18,877 - INFO - Generated: seating_arrangements\04_05_2016_EE382_B-002_morning.xlsx
2025-05-11 17:46:18,878 - INFO - Allocation for EE382 in B-003 with 56 students
2025-05-11 17:46:18,878 - INFO - Found names for 56 out of 56 roll numbers
2025-05-11 17:46:18,887 - INFO - Generated: seating_arrangements\04_05_2016_EE382_B-003_morning.xlsx
2025-05-11 17:46:18,887 - INFO - Allocation for ME214 in B-003 with 14 students
2025-05-11 17:46:18,887 - INFO - Found names for 14 out of 14 roll numbers
2025-05-11 17:46:18,895 - INFO - Generated: seating_arrangements\04_05_2016_ME214_B-003_morning.xlsx
2025-05-11 17:46:18,896 - INFO - Allocation for ME214 in B-103 with 56 students
2025-05-11 17:46:18,896 - INFO - Found names for 56 out of 56 roll numbers
2025-05-11 17:46:18,905 - INFO - Generated: seating_arrangements\04_05_2016_ME214_B-103_morning.xlsx
2025-05-11 17:46:18,905 - INFO - Allocation for CB208 in B-103 with 14 students
2025-05-11 17:46:18,905 - INFO - Found names for 14 out of 14 roll numbers
2025-05-11 17:46:18,913 - INFO - Generated: seating_arrangements\04_05_2016_CB208_B-103_morning.xlsx
2025-05-11 17:46:18,913 - INFO - Allocation for CB208 in 10502 with 42 students
2025-05-11 17:46:18,913 - INFO - Found names for 42 out of 42 roll numbers
2025-05-11 17:46:18,923 - INFO - Generated: seating_arrangements\04_05_2016_CB208_10502_morning.xlsx
2025-05-11 17:46:18,923 - INFO - Allocation for CE220 in 10502 with 48 students
2025-05-11 17:46:18,923 - INFO - Found names for 48 out of 48 roll numbers
2025-05-11 17:46:18,932 - INFO - Generated: seating_arrangements\04_05_2016_CE220_10502_morning.xlsx
2025-05-11 17:46:18,932 - INFO - Allocation for CE220 in 6101 with 7 students
2025-05-11 17:46:18,933 - INFO - Found names for 7 out of 7 roll numbers
2025-05-11 17:46:18,940 - INFO - Generated: seating_arrangements\04_05_2016_CE220_6101_morning.xlsx
2025-05-11 17:46:18,940 - INFO - Allocation for CB424 in 6101 with 23 students
2025-05-11 17:46:18,940 - INFO - Found names for 23 out of 23 roll numbers
2025-05-11 17:46:18,948 - INFO - Generated: seating_arrangements\04_05_2016_CB424_6101_morning.xlsx
2025-05-11 17:46:18,948 - INFO - Allocation for CB424 in 6102 with 31 students
2025-05-11 17:46:18,949 - INFO - Found names for 31 out of 31 roll numbers
2025-05-11 17:46:18,957 - INFO - Generated: seating_arrangements\04_05_2016_CB424_6102_morning.xlsx
2025-05-11 17:46:18,957 - INFO - Allocation for MA216 in 6102 with 41 students
2025-05-11 17:46:18,958 - INFO - Found names for 41 out of 41 roll numbers
2025-05-11 17:46:18,966 - INFO - Generated: seating_arrangements\04_05_2016_MA216_6102_morning.xlsx
2025-05-11 17:46:18,966 - INFO - Allocation for MA216 in 6103 with 9 students
2025-05-11 17:46:18,966 - INFO - Found names for 9 out of 9 roll numbers
2025-05-11 17:46:18,974 - INFO - Generated: seating_arrangements\04_05_2016_MA216_6103_morning.xlsx
2025-05-11 17:46:18,974 - INFO - Allocation for MM204 in 6103 with 21 students
2025-05-11 17:46:18,975 - INFO - Found names for 21 out of 21 roll numbers
2025-05-11 17:46:18,982 - INFO - Generated: seating_arrangements\04_05_2016_MM204_6103_morning.xlsx
2025-05-11 17:46:18,983 - INFO - Allocation for MM204 in 6104 with 11 students
2025-05-11 17:46:18,983 - INFO - Found names for 11 out of 11 roll numbers
2025-05-11 17:46:18,991 - INFO - Generated: seating_arrangements\04_05_2016_MM204_6104_morning.xlsx
2025-05-11 17:46:18,991 - INFO - Allocation for MA430 in 6104 with 30 students
2025-05-11 17:46:18,991 - INFO - Found names for 30 out of 30 roll numbers
2025-05-11 17:46:19,000 - INFO - Generated: seating_arrangements\04_05_2016_MA430_6104_morning.xlsx
2025-05-11 17:46:19,000 - INFO - Allocation for PH428 in 6104 with 28 students
2025-05-11 17:46:19,000 - INFO - Found names for 28 out of 28 roll numbers
2025-05-11 17:46:19,009 - INFO - Generated: seating_arrangements\04_05_2016_PH428_6104_morning.xlsx
2025-05-11 17:46:19,009 - INFO - Allocation for CH424 in 6104 with 3 students
2025-05-11 17:46:19,009 - INFO - Found names for 3 out of 3 roll numbers
2025-05-11 17:46:19,015 - INFO - Generated: seating_arrangements\04_05_2016_CH424_6104_morning.xlsx
2025-05-11 17:46:19,015 - INFO - Allocation for CH424 in 6105 with 23 students
2025-05-11 17:46:19,016 - INFO - Found names for 23 out of 23 roll numbers
2025-05-11 17:46:19,024 - INFO - Generated: seating_arrangements\04_05_2016_CH424_6105_morning.xlsx
2025-05-11 17:46:19,024 - INFO - Allocation for EP204 in 6105 with 7 students
2025-05-11 17:46:19,025 - INFO - Found names for 7 out of 7 roll numbers
2025-05-11 17:46:19,032 - INFO - Generated: seating_arrangements\04_05_2016_EP204_6105_morning.xlsx
2025-05-11 17:46:19,032 - INFO - Allocation for EP204 in 6106 with 17 students
2025-05-11 17:46:19,032 - INFO - Found names for 17 out of 17 roll numbers
2025-05-11 17:46:19,040 - INFO - Generated: seating_arrangements\04_05_2016_EP204_6106_morning.xlsx
2025-05-11 17:46:19,041 - INFO - Allocation for PH608 in 6106 with 13 students
2025-05-11 17:46:19,041 - INFO - Found names for 13 out of 13 roll numbers
2025-05-11 17:46:19,048 - INFO - Generated: seating_arrangements\04_05_2016_PH608_6106_morning.xlsx
2025-05-11 17:46:19,048 - INFO - Allocation for PH608 in 6107 with 5 students
2025-05-11 17:46:19,049 - INFO - Found names for 5 out of 5 roll numbers
2025-05-11 17:46:19,056 - INFO - Generated: seating_arrangements\04_05_2016_PH608_6107_morning.xlsx
2025-05-11 17:46:19,056 - INFO - Allocation for HS716 in 6107 with 13 students
2025-05-11 17:46:19,056 - INFO - Found names for 13 out of 13 roll numbers
2025-05-11 17:46:19,064 - INFO - Generated: seating_arrangements\04_05_2016_HS716_6107_morning.xlsx
2025-05-11 17:46:19,064 - INFO - Processing 2016-05-05 00:00:00 - Evening session
2025-05-11 17:46:19,066 - INFO - Found 15 roll numbers for course: CE532
2025-05-11 17:46:19,067 - INFO - Found 13 roll numbers for course: CE536
2025-05-11 17:46:19,069 - INFO - Found 17 roll numbers for course: EE535
2025-05-11 17:46:19,070 - INFO - Found 13 roll numbers for course: MM520
2025-05-11 17:46:19,071 - INFO - Found 11 roll numbers for course: ME510
2025-05-11 17:46:19,074 - INFO - Found 25 roll numbers for course: MA502
2025-05-11 17:46:19,076 - INFO - Found 45 roll numbers for course: CB506
2025-05-11 17:46:19,078 - INFO - Found 16 roll numbers for course: MA536
2025-05-11 17:46:19,079 - INFO - Found 24 roll numbers for course: EP208
2025-05-11 17:46:19,081 - INFO - Found 25 roll numbers for course: PH203
2025-05-11 17:46:19,083 - INFO - Found 25 roll numbers for course: CS511
2025-05-11 17:46:19,084 - INFO - Found 15 roll numbers for course: CE526
2025-05-11 17:46:19,086 - INFO - Found 12 roll numbers for course: EE566
2025-05-11 17:46:19,087 - INFO - Found 15 roll numbers for course: CE532
2025-05-11 17:46:19,089 - INFO - Found 13 roll numbers for course: CE536
2025-05-11 17:46:19,092 - INFO - Found 17 roll numbers for course: EE535
2025-05-11 17:46:19,093 - INFO - Found 13 roll numbers for course: MM520
2025-05-11 17:46:19,094 - INFO - Found 11 roll numbers for course: ME510
2025-05-11 17:46:19,096 - INFO - Found 25 roll numbers for course: MA502
2025-05-11 17:46:19,098 - INFO - Found 45 roll numbers for course: CB506
2025-05-11 17:46:19,100 - INFO - Found 16 roll numbers for course: MA536
2025-05-11 17:46:19,101 - INFO - Found 24 roll numbers for course: EP208
2025-05-11 17:46:19,103 - INFO - Found 25 roll numbers for course: PH203
2025-05-11 17:46:19,105 - INFO - Found 25 roll numbers for course: CS511
2025-05-11 17:46:19,106 - INFO - Found 15 roll numbers for course: CE526
2025-05-11 17:46:19,107 - INFO - Found 12 roll numbers for course: EE566
2025-05-11 17:46:19,111 - INFO - Found 45 roll numbers for course: CB506
2025-05-11 17:46:19,113 - INFO - Found 25 roll numbers for course: MA502
2025-05-11 17:46:19,114 - INFO - Found 25 roll numbers for course: PH203
2025-05-11 17:46:19,116 - INFO - Found 25 roll numbers for course: CS511
2025-05-11 17:46:19,117 - INFO - Found 24 roll numbers for course: EP208
2025-05-11 17:46:19,119 - INFO - Found 17 roll numbers for course: EE535
2025-05-11 17:46:19,120 - INFO - Found 16 roll numbers for course: MA536
2025-05-11 17:46:19,122 - INFO - Found 15 roll numbers for course: CE532
2025-05-11 17:46:19,123 - INFO - Found 15 roll numbers for course: CE526
2025-05-11 17:46:19,124 - INFO - Found 13 roll numbers for course: CE536
2025-05-11 17:46:19,126 - INFO - Found 13 roll numbers for course: MM520
2025-05-11 17:46:19,127 - INFO - Found 12 roll numbers for course: EE566
2025-05-11 17:46:19,128 - INFO - Found 11 roll numbers for course: ME510
2025-05-11 17:46:19,129 - INFO - Allocation for CB506 in B-001 with 45 students
2025-05-11 17:46:19,129 - INFO - Found names for 45 out of 45 roll numbers
2025-05-11 17:46:19,140 - INFO - Generated: seating_arrangements\05_05_2016_CB506_B-001_evening.xlsx
2025-05-11 17:46:19,140 - INFO - Allocation for MA502 in B-001 with 25 students
2025-05-11 17:46:19,140 - INFO - Found names for 25 out of 25 roll numbers
2025-05-11 17:46:19,148 - INFO - Generated: seating_arrangements\05_05_2016_MA502_B-001_evening.xlsx
2025-05-11 17:46:19,148 - INFO - Allocation for PH203 in B-101 with 25 students
2025-05-11 17:46:19,148 - INFO - Found names for 25 out of 25 roll numbers
2025-05-11 17:46:19,157 - INFO - Generated: seating_arrangements\05_05_2016_PH203_B-101_evening.xlsx
2025-05-11 17:46:19,157 - INFO - Allocation for CS511 in B-101 with 25 students
2025-05-11 17:46:19,157 - INFO - Found names for 25 out of 25 roll numbers
2025-05-11 17:46:19,165 - INFO - Generated: seating_arrangements\05_05_2016_CS511_B-101_evening.xlsx
2025-05-11 17:46:19,165 - INFO - Allocation for EP208 in B-101 with 20 students
2025-05-11 17:46:19,165 - INFO - Found names for 20 out of 20 roll numbers
2025-05-11 17:46:19,172 - INFO - Generated: seating_arrangements\05_05_2016_EP208_B-101_evening.xlsx
2025-05-11 17:46:19,173 - INFO - Allocation for EP208 in B-002 with 4 students
2025-05-11 17:46:19,173 - INFO - Found names for 4 out of 4 roll numbers
2025-05-11 17:46:19,180 - INFO - Generated: seating_arrangements\05_05_2016_EP208_B-002_evening.xlsx
2025-05-11 17:46:19,180 - INFO - Allocation for EE535 in B-002 with 17 students
2025-05-11 17:46:19,180 - INFO - Found names for 17 out of 17 roll numbers
2025-05-11 17:46:19,189 - INFO - Generated: seating_arrangements\05_05_2016_EE535_B-002_evening.xlsx
2025-05-11 17:46:19,190 - INFO - Allocation for MA536 in B-002 with 16 students
2025-05-11 17:46:19,190 - INFO - Found names for 16 out of 16 roll numbers
2025-05-11 17:46:19,198 - INFO - Generated: seating_arrangements\05_05_2016_MA536_B-002_evening.xlsx
2025-05-11 17:46:19,198 - INFO - Allocation for CE532 in B-002 with 15 students
2025-05-11 17:46:19,198 - INFO - Found names for 15 out of 15 roll numbers
2025-05-11 17:46:19,208 - INFO - Generated: seating_arrangements\05_05_2016_CE532_B-002_evening.xlsx
2025-05-11 17:46:19,208 - INFO - Allocation for CE526 in B-002 with 15 students
2025-05-11 17:46:19,208 - INFO - Found names for 15 out of 15 roll numbers
2025-05-11 17:46:19,217 - INFO - Generated: seating_arrangements\05_05_2016_CE526_B-002_evening.xlsx
2025-05-11 17:46:19,217 - INFO - Allocation for CE536 in B-002 with 3 students
2025-05-11 17:46:19,217 - INFO - Found names for 3 out of 3 roll numbers
2025-05-11 17:46:19,225 - INFO - Generated: seating_arrangements\05_05_2016_CE536_B-002_evening.xlsx
2025-05-11 17:46:19,225 - INFO - Allocation for CE536 in B-003 with 10 students
2025-05-11 17:46:19,225 - INFO - Found names for 10 out of 10 roll numbers
2025-05-11 17:46:19,233 - INFO - Generated: seating_arrangements\05_05_2016_CE536_B-003_evening.xlsx
2025-05-11 17:46:19,233 - INFO - Allocation for MM520 in B-003 with 13 students
2025-05-11 17:46:19,233 - INFO - Found names for 13 out of 13 roll numbers
2025-05-11 17:46:19,241 - INFO - Generated: seating_arrangements\05_05_2016_MM520_B-003_evening.xlsx
2025-05-11 17:46:19,241 - INFO - Allocation for EE566 in B-003 with 12 students
2025-05-11 17:46:19,241 - INFO - Found names for 12 out of 12 roll numbers
2025-05-11 17:46:19,250 - INFO - Generated: seating_arrangements\05_05_2016_EE566_B-003_evening.xlsx
2025-05-11 17:46:19,250 - INFO - Allocation for ME510 in B-003 with 11 students
2025-05-11 17:46:19,250 - INFO - Found names for 11 out of 11 roll numbers
2025-05-11 17:46:19,257 - INFO - Generated: seating_arrangements\05_05_2016_ME510_B-003_evening.xlsx
2025-05-11 17:46:19,258 - INFO - Processing 2016-05-05 00:00:00 - Morning session
2025-05-11 17:46:19,260 - INFO - Found 40 roll numbers for course: CS277
2025-05-11 17:46:19,264 - INFO - Found 30 roll numbers for course: MA422
2025-05-11 17:46:19,266 - INFO - Found 50 roll numbers for course: MA218
2025-05-11 17:46:19,269 - INFO - Found 54 roll numbers for course: CE214
2025-05-11 17:46:19,273 - INFO - Found 70 roll numbers for course: ME208
2025-05-11 17:46:19,277 - INFO - Found 89 roll numbers for course: EE203
2025-05-11 17:46:19,279 - INFO - Found 28 roll numbers for course: PH424
2025-05-11 17:46:19,282 - INFO - Found 56 roll numbers for course: CB202
2025-05-11 17:46:19,283 - INFO - Found 15 roll numbers for course: NT512
2025-05-11 17:46:19,285 - INFO - Found 26 roll numbers for course: CH434
2025-05-11 17:46:19,286 - INFO - Found 1 roll numbers for course: EE561
2025-05-11 17:46:19,287 - INFO - Found 16 roll numbers for course: EE731
2025-05-11 17:46:19,289 - INFO - Found 40 roll numbers for course: CS277
2025-05-11 17:46:19,291 - INFO - Found 30 roll numbers for course: MA422
2025-05-11 17:46:19,294 - INFO - Found 50 roll numbers for course: MA218
2025-05-11 17:46:19,297 - INFO - Found 54 roll numbers for course: CE214
2025-05-11 17:46:19,300 - INFO - Found 70 roll numbers for course: ME208
2025-05-11 17:46:19,305 - INFO - Found 89 roll numbers for course: EE203
2025-05-11 17:46:19,308 - INFO - Found 28 roll numbers for course: PH424
2025-05-11 17:46:19,311 - INFO - Found 56 roll numbers for course: CB202
2025-05-11 17:46:19,312 - INFO - Found 15 roll numbers for course: NT512
2025-05-11 17:46:19,314 - INFO - Found 26 roll numbers for course: CH434
2025-05-11 17:46:19,315 - INFO - Found 1 roll numbers for course: EE561
2025-05-11 17:46:19,316 - INFO - Found 16 roll numbers for course: EE731
2025-05-11 17:46:19,321 - INFO - Found 89 roll numbers for course: EE203
2025-05-11 17:46:19,325 - INFO - Found 70 roll numbers for course: ME208
2025-05-11 17:46:19,328 - INFO - Found 56 roll numbers for course: CB202
2025-05-11 17:46:19,331 - INFO - Found 54 roll numbers for course: CE214
2025-05-11 17:46:19,333 - INFO - Found 50 roll numbers for course: MA218
2025-05-11 17:46:19,336 - INFO - Found 40 roll numbers for course: CS277
2025-05-11 17:46:19,338 - INFO - Found 30 roll numbers for course: MA422
2025-05-11 17:46:19,340 - INFO - Found 28 roll numbers for course: PH424
2025-05-11 17:46:19,342 - INFO - Found 26 roll numbers for course: CH434
2025-05-11 17:46:19,344 - INFO - Found 16 roll numbers for course: EE731
2025-05-11 17:46:19,345 - INFO - Found 15 roll numbers for course: NT512
2025-05-11 17:46:19,346 - INFO - Found 1 roll numbers for course: EE561
2025-05-11 17:46:19,346 - INFO - Allocation for EE203 in B-001 with 70 students
2025-05-11 17:46:19,346 - INFO - Found names for 70 out of 70 roll numbers
2025-05-11 17:46:19,358 - INFO - Generated: seating_arrangements\05_05_2016_EE203_B-001_morning.xlsx
2025-05-11 17:46:19,358 - INFO - Allocation for EE203 in B-101 with 19 students
2025-05-11 17:46:19,358 - INFO - Found names for 19 out of 19 roll numbers
2025-05-11 17:46:19,365 - INFO - Generated: seating_arrangements\05_05_2016_EE203_B-101_morning.xlsx
2025-05-11 17:46:19,365 - INFO - Allocation for ME208 in B-101 with 51 students
2025-05-11 17:46:19,365 - INFO - Found names for 51 out of 51 roll numbers
2025-05-11 17:46:19,376 - INFO - Generated: seating_arrangements\05_05_2016_ME208_B-101_morning.xlsx
2025-05-11 17:46:19,376 - INFO - Allocation for ME208 in B-002 with 19 students
2025-05-11 17:46:19,376 - INFO - Found names for 19 out of 19 roll numbers
2025-05-11 17:46:19,385 - INFO - Generated: seating_arrangements\05_05_2016_ME208_B-002_morning.xlsx
2025-05-11 17:46:19,385 - INFO - Allocation for CB202 in B-002 with 51 students
2025-05-11 17:46:19,385 - INFO - Found names for 51 out of 51 roll numbers
2025-05-11 17:46:19,395 - INFO - Generated: seating_arrangements\05_05_2016_CB202_B-002_morning.xlsx
2025-05-11 17:46:19,395 - INFO - Allocation for CB202 in B-003 with 5 students
2025-05-11 17:46:19,395 - INFO - Found names for 5 out of 5 roll numbers
2025-05-11 17:46:19,402 - INFO - Generated: seating_arrangements\05_05_2016_CB202_B-003_morning.xlsx
2025-05-11 17:46:19,403 - INFO - Allocation for CE214 in B-003 with 54 students
2025-05-11 17:46:19,403 - INFO - Found names for 54 out of 54 roll numbers
2025-05-11 17:46:19,412 - INFO - Generated: seating_arrangements\05_05_2016_CE214_B-003_morning.xlsx
2025-05-11 17:46:19,412 - INFO - Allocation for MA218 in B-003 with 11 students
2025-05-11 17:46:19,413 - INFO - Found names for 11 out of 11 roll numbers
2025-05-11 17:46:19,421 - INFO - Generated: seating_arrangements\05_05_2016_MA218_B-003_morning.xlsx
2025-05-11 17:46:19,421 - INFO - Allocation for MA218 in B-103 with 39 students
2025-05-11 17:46:19,421 - INFO - Found names for 39 out of 39 roll numbers
2025-05-11 17:46:19,429 - INFO - Generated: seating_arrangements\05_05_2016_MA218_B-103_morning.xlsx
2025-05-11 17:46:19,429 - INFO - Allocation for CS277 in B-103 with 31 students
2025-05-11 17:46:19,429 - INFO - Found names for 31 out of 31 roll numbers
2025-05-11 17:46:19,439 - INFO - Generated: seating_arrangements\05_05_2016_CS277_B-103_morning.xlsx
2025-05-11 17:46:19,439 - INFO - Allocation for CS277 in 10502 with 9 students
2025-05-11 17:46:19,439 - INFO - Found names for 9 out of 9 roll numbers
2025-05-11 17:46:19,447 - INFO - Generated: seating_arrangements\05_05_2016_CS277_10502_morning.xlsx
2025-05-11 17:46:19,448 - INFO - Allocation for MA422 in 10502 with 30 students
2025-05-11 17:46:19,448 - INFO - Found names for 30 out of 30 roll numbers
2025-05-11 17:46:19,456 - INFO - Generated: seating_arrangements\05_05_2016_MA422_10502_morning.xlsx
2025-05-11 17:46:19,456 - INFO - Allocation for PH424 in 10502 with 28 students
2025-05-11 17:46:19,456 - INFO - Found names for 28 out of 28 roll numbers
2025-05-11 17:46:19,464 - INFO - Generated: seating_arrangements\05_05_2016_PH424_10502_morning.xlsx
2025-05-11 17:46:19,465 - INFO - Allocation for CH434 in 10502 with 23 students
2025-05-11 17:46:19,465 - INFO - Found names for 23 out of 23 roll numbers
2025-05-11 17:46:19,472 - INFO - Generated: seating_arrangements\05_05_2016_CH434_10502_morning.xlsx
2025-05-11 17:46:19,473 - INFO - Allocation for CH434 in 6101 with 3 students
2025-05-11 17:46:19,473 - INFO - Found names for 3 out of 3 roll numbers
2025-05-11 17:46:19,481 - INFO - Generated: seating_arrangements\05_05_2016_CH434_6101_morning.xlsx
2025-05-11 17:46:19,481 - INFO - Allocation for EE731 in 6101 with 16 students
2025-05-11 17:46:19,482 - INFO - Found names for 16 out of 16 roll numbers
2025-05-11 17:46:19,489 - INFO - Generated: seating_arrangements\05_05_2016_EE731_6101_morning.xlsx
2025-05-11 17:46:19,490 - INFO - Allocation for NT512 in 6101 with 11 students
2025-05-11 17:46:19,490 - INFO - Found names for 11 out of 11 roll numbers
2025-05-11 17:46:19,499 - INFO - Generated: seating_arrangements\05_05_2016_NT512_6101_morning.xlsx
2025-05-11 17:46:19,499 - INFO - Allocation for NT512 in 6102 with 4 students
2025-05-11 17:46:19,499 - INFO - Found names for 4 out of 4 roll numbers
2025-05-11 17:46:19,507 - INFO - Generated: seating_arrangements\05_05_2016_NT512_6102_morning.xlsx
2025-05-11 17:46:19,507 - INFO - Allocation for EE561 in 6102 with 1 students
2025-05-11 17:46:19,507 - INFO - Found names for 1 out of 1 roll numbers
2025-05-11 17:46:19,514 - INFO - Generated: seating_arrangements\05_05_2016_EE561_6102_morning.xlsx
2025-05-11 17:46:19,514 - INFO - Processing 2016-05-06 00:00:00 - Evening session
2025-05-11 17:46:19,517 - INFO - Found 54 roll numbers for course: EE529
2025-05-11 17:46:19,519 - INFO - Found 12 roll numbers for course: CS508
2025-05-11 17:46:19,522 - INFO - Found 56 roll numbers for course: CE528
2025-05-11 17:46:19,524 - INFO - Found 17 roll numbers for course: CE570
2025-05-11 17:46:19,527 - INFO - Found 47 roll numbers for course: EE573
2025-05-11 17:46:19,532 - INFO - Found 134 roll numbers for course: CS563
2025-05-11 17:46:19,534 - INFO - Found 53 roll numbers for course: MM512
2025-05-11 17:46:19,537 - INFO - Found 54 roll numbers for course: EE529
2025-05-11 17:46:19,538 - INFO - Found 12 roll numbers for course: CS508
2025-05-11 17:46:19,542 - INFO - Found 56 roll numbers for course: CE528
2025-05-11 17:46:19,543 - INFO - Found 17 roll numbers for course: CE570
2025-05-11 17:46:19,546 - INFO - Found 47 roll numbers for course: EE573
2025-05-11 17:46:19,551 - INFO - Found 134 roll numbers for course: CS563
2025-05-11 17:46:19,554 - INFO - Found 53 roll numbers for course: MM512
2025-05-11 17:46:19,563 - INFO - Found 134 roll numbers for course: CS563
2025-05-11 17:46:19,567 - INFO - Found 56 roll numbers for course: CE528
2025-05-11 17:46:19,570 - INFO - Found 54 roll numbers for course: EE529
2025-05-11 17:46:19,572 - INFO - Found 53 roll numbers for course: MM512
2025-05-11 17:46:19,575 - INFO - Found 47 roll numbers for course: EE573
2025-05-11 17:46:19,576 - INFO - Found 17 roll numbers for course: CE570
2025-05-11 17:46:19,577 - INFO - Found 12 roll numbers for course: CS508
2025-05-11 17:46:19,577 - INFO - Allocation for CS563 in B-001 with 70 students
2025-05-11 17:46:19,578 - INFO - Found names for 70 out of 70 roll numbers
2025-05-11 17:46:19,588 - INFO - Generated: seating_arrangements\06_05_2016_CS563_B-001_evening.xlsx
2025-05-11 17:46:19,588 - INFO - Allocation for CS563 in B-101 with 64 students
2025-05-11 17:46:19,588 - INFO - Found names for 64 out of 64 roll numbers
2025-05-11 17:46:19,598 - INFO - Generated: seating_arrangements\06_05_2016_CS563_B-101_evening.xlsx
2025-05-11 17:46:19,598 - INFO - Allocation for CE528 in B-101 with 6 students
2025-05-11 17:46:19,599 - INFO - Found names for 6 out of 6 roll numbers
2025-05-11 17:46:19,605 - INFO - Generated: seating_arrangements\06_05_2016_CE528_B-101_evening.xlsx
2025-05-11 17:46:19,606 - INFO - Allocation for CE528 in B-002 with 50 students
2025-05-11 17:46:19,606 - INFO - Found names for 50 out of 50 roll numbers
2025-05-11 17:46:19,615 - INFO - Generated: seating_arrangements\06_05_2016_CE528_B-002_evening.xlsx
2025-05-11 17:46:19,615 - INFO - Allocation for EE529 in B-002 with 20 students
2025-05-11 17:46:19,615 - INFO - Found names for 20 out of 20 roll numbers
2025-05-11 17:46:19,625 - INFO - Generated: seating_arrangements\06_05_2016_EE529_B-002_evening.xlsx
2025-05-11 17:46:19,625 - INFO - Allocation for EE529 in B-003 with 34 students
2025-05-11 17:46:19,625 - INFO - Found names for 34 out of 34 roll numbers
2025-05-11 17:46:19,634 - INFO - Generated: seating_arrangements\06_05_2016_EE529_B-003_evening.xlsx
2025-05-11 17:46:19,634 - INFO - Allocation for MM512 in B-003 with 36 students
2025-05-11 17:46:19,634 - INFO - Found names for 36 out of 36 roll numbers
2025-05-11 17:46:19,642 - INFO - Generated: seating_arrangements\06_05_2016_MM512_B-003_evening.xlsx
2025-05-11 17:46:19,642 - INFO - Allocation for MM512 in B-103 with 17 students
2025-05-11 17:46:19,642 - INFO - Found names for 17 out of 17 roll numbers
2025-05-11 17:46:19,650 - INFO - Generated: seating_arrangements\06_05_2016_MM512_B-103_evening.xlsx
2025-05-11 17:46:19,651 - INFO - Allocation for EE573 in B-103 with 47 students
2025-05-11 17:46:19,651 - INFO - Found names for 47 out of 47 roll numbers
2025-05-11 17:46:19,660 - INFO - Generated: seating_arrangements\06_05_2016_EE573_B-103_evening.xlsx
2025-05-11 17:46:19,660 - INFO - Allocation for CE570 in B-103 with 6 students
2025-05-11 17:46:19,660 - INFO - Found names for 6 out of 6 roll numbers
2025-05-11 17:46:19,668 - INFO - Generated: seating_arrangements\06_05_2016_CE570_B-103_evening.xlsx
2025-05-11 17:46:19,668 - INFO - Allocation for CE570 in 10502 with 11 students
2025-05-11 17:46:19,669 - INFO - Found names for 11 out of 11 roll numbers
2025-05-11 17:46:19,677 - INFO - Generated: seating_arrangements\06_05_2016_CE570_10502_evening.xlsx
2025-05-11 17:46:19,677 - INFO - Allocation for CS508 in 10502 with 12 students
2025-05-11 17:46:19,677 - INFO - Found names for 12 out of 12 roll numbers
2025-05-11 17:46:19,685 - INFO - Generated: seating_arrangements\06_05_2016_CS508_10502_evening.xlsx
2025-05-11 17:46:19,685 - INFO - Processing 2016-05-06 00:00:00 - Morning session
2025-05-11 17:46:19,697 - INFO - Found 268 roll numbers for course: MA225
2025-05-11 17:46:19,699 - INFO - Found 26 roll numbers for course: CH432
2025-05-11 17:46:19,703 - INFO - Found 83 roll numbers for course: EE528
2025-05-11 17:46:19,705 - INFO - Found 39 roll numbers for course: MA546
2025-05-11 17:46:19,706 - INFO - Found 8 roll numbers for course: HS702
2025-05-11 17:46:19,708 - INFO - Found 30 roll numbers for course: MA426
2025-05-11 17:46:19,711 - INFO - Found 28 roll numbers for course: MA541
2025-05-11 17:46:19,712 - INFO - Found 9 roll numbers for course: ME541
2025-05-11 17:46:19,713 - INFO - Found 5 roll numbers for course: ME534
2025-05-11 17:46:19,714 - INFO - Found 9 roll numbers for course: ME506
2025-05-11 17:46:19,716 - INFO - Found 15 roll numbers for course: PH605
2025-05-11 17:46:19,717 - INFO - Found 16 roll numbers for course: CE534
2025-05-11 17:46:19,720 - INFO - Found 57 roll numbers for course: CE568
2025-05-11 17:46:19,731 - INFO - Found 268 roll numbers for course: MA225
2025-05-11 17:46:19,733 - INFO - Found 26 roll numbers for course: CH432
2025-05-11 17:46:19,737 - INFO - Found 83 roll numbers for course: EE528
2025-05-11 17:46:19,740 - INFO - Found 39 roll numbers for course: MA546
2025-05-11 17:46:19,741 - INFO - Found 8 roll numbers for course: HS702
2025-05-11 17:46:19,743 - INFO - Found 30 roll numbers for course: MA426
2025-05-11 17:46:19,745 - INFO - Found 28 roll numbers for course: MA541
2025-05-11 17:46:19,746 - INFO - Found 9 roll numbers for course: ME541
2025-05-11 17:46:19,747 - INFO - Found 5 roll numbers for course: ME534
2025-05-11 17:46:19,749 - INFO - Found 9 roll numbers for course: ME506
2025-05-11 17:46:19,750 - INFO - Found 15 roll numbers for course: PH605
2025-05-11 17:46:19,751 - INFO - Found 16 roll numbers for course: CE534
2025-05-11 17:46:19,754 - INFO - Found 57 roll numbers for course: CE568
2025-05-11 17:46:19,766 - INFO - Found 268 roll numbers for course: MA225
2025-05-11 17:46:19,770 - INFO - Found 83 roll numbers for course: EE528
2025-05-11 17:46:19,774 - INFO - Found 57 roll numbers for course: CE568
2025-05-11 17:46:19,776 - INFO - Found 39 roll numbers for course: MA546
2025-05-11 17:46:19,778 - INFO - Found 30 roll numbers for course: MA426
2025-05-11 17:46:19,780 - INFO - Found 28 roll numbers for course: MA541
2025-05-11 17:46:19,782 - INFO - Found 26 roll numbers for course: CH432
2025-05-11 17:46:19,783 - INFO - Found 16 roll numbers for course: CE534
2025-05-11 17:46:19,784 - INFO - Found 15 roll numbers for course: PH605
2025-05-11 17:46:19,786 - INFO - Found 9 roll numbers for course: ME541
2025-05-11 17:46:19,787 - INFO - Found 9 roll numbers for course: ME506
2025-05-11 17:46:19,788 - INFO - Found 8 roll numbers for course: HS702
2025-05-11 17:46:19,789 - INFO - Found 5 roll numbers for course: ME534
2025-05-11 17:46:19,790 - INFO - Allocation for MA225 in B-001 with 70 students
2025-05-11 17:46:19,790 - INFO - Found names for 70 out of 70 roll numbers
2025-05-11 17:46:19,800 - INFO - Generated: seating_arrangements\06_05_2016_MA225_B-001_morning.xlsx
2025-05-11 17:46:19,800 - INFO - Allocation for MA225 in B-101 with 70 students
2025-05-11 17:46:19,800 - INFO - Found names for 70 out of 70 roll numbers
2025-05-11 17:46:19,811 - INFO - Generated: seating_arrangements\06_05_2016_MA225_B-101_morning.xlsx
2025-05-11 17:46:19,811 - INFO - Allocation for MA225 in B-002 with 70 students
2025-05-11 17:46:19,811 - INFO - Found names for 70 out of 70 roll numbers
2025-05-11 17:46:19,821 - INFO - Generated: seating_arrangements\06_05_2016_MA225_B-002_morning.xlsx
2025-05-11 17:46:19,821 - INFO - Allocation for MA225 in B-003 with 58 students
2025-05-11 17:46:19,821 - INFO - Found names for 58 out of 58 roll numbers
2025-05-11 17:46:19,830 - INFO - Generated: seating_arrangements\06_05_2016_MA225_B-003_morning.xlsx
2025-05-11 17:46:19,830 - INFO - Allocation for EE528 in B-003 with 12 students
2025-05-11 17:46:19,830 - INFO - Found names for 12 out of 12 roll numbers
2025-05-11 17:46:19,839 - INFO - Generated: seating_arrangements\06_05_2016_EE528_B-003_morning.xlsx
2025-05-11 17:46:19,840 - INFO - Allocation for EE528 in B-103 with 70 students
2025-05-11 17:46:19,840 - INFO - Found names for 70 out of 70 roll numbers
2025-05-11 17:46:19,849 - INFO - Generated: seating_arrangements\06_05_2016_EE528_B-103_morning.xlsx
2025-05-11 17:46:19,849 - INFO - Allocation for EE528 in 10502 with 1 students
2025-05-11 17:46:19,850 - INFO - Found names for 1 out of 1 roll numbers
2025-05-11 17:46:19,857 - INFO - Generated: seating_arrangements\06_05_2016_EE528_10502_morning.xlsx
2025-05-11 17:46:19,858 - INFO - Allocation for CE568 in 10502 with 57 students
2025-05-11 17:46:19,858 - INFO - Found names for 57 out of 57 roll numbers
2025-05-11 17:46:19,867 - INFO - Generated: seating_arrangements\06_05_2016_CE568_10502_morning.xlsx
2025-05-11 17:46:19,867 - INFO - Allocation for MA546 in 10502 with 32 students
2025-05-11 17:46:19,867 - INFO - Found names for 32 out of 32 roll numbers
2025-05-11 17:46:19,876 - INFO - Generated: seating_arrangements\06_05_2016_MA546_10502_morning.xlsx
2025-05-11 17:46:19,876 - INFO - Allocation for MA546 in 6101 with 7 students
2025-05-11 17:46:19,876 - INFO - Found names for 7 out of 7 roll numbers
2025-05-11 17:46:19,884 - INFO - Generated: seating_arrangements\06_05_2016_MA546_6101_morning.xlsx
2025-05-11 17:46:19,884 - INFO - Allocation for MA426 in 6101 with 23 students
2025-05-11 17:46:19,884 - INFO - Found names for 23 out of 23 roll numbers
2025-05-11 17:46:19,893 - INFO - Generated: seating_arrangements\06_05_2016_MA426_6101_morning.xlsx
2025-05-11 17:46:19,893 - INFO - Allocation for MA426 in 6102 with 7 students
2025-05-11 17:46:19,893 - INFO - Found names for 7 out of 7 roll numbers
2025-05-11 17:46:19,900 - INFO - Generated: seating_arrangements\06_05_2016_MA426_6102_morning.xlsx
2025-05-11 17:46:19,900 - INFO - Allocation for MA541 in 6102 with 28 students
2025-05-11 17:46:19,900 - INFO - Found names for 28 out of 28 roll numbers
2025-05-11 17:46:19,909 - INFO - Generated: seating_arrangements\06_05_2016_MA541_6102_morning.xlsx
2025-05-11 17:46:19,909 - INFO - Allocation for CH432 in 6102 with 26 students
2025-05-11 17:46:19,909 - INFO - Found names for 26 out of 26 roll numbers
2025-05-11 17:46:19,918 - INFO - Generated: seating_arrangements\06_05_2016_CH432_6102_morning.xlsx
2025-05-11 17:46:19,918 - INFO - Allocation for CE534 in 6102 with 11 students
2025-05-11 17:46:19,919 - INFO - Found names for 11 out of 11 roll numbers
2025-05-11 17:46:19,926 - INFO - Generated: seating_arrangements\06_05_2016_CE534_6102_morning.xlsx
2025-05-11 17:46:19,926 - INFO - Allocation for CE534 in 6103 with 5 students
2025-05-11 17:46:19,926 - INFO - Found names for 5 out of 5 roll numbers
2025-05-11 17:46:19,935 - INFO - Generated: seating_arrangements\06_05_2016_CE534_6103_morning.xlsx
2025-05-11 17:46:19,935 - INFO - Allocation for PH605 in 6103 with 15 students
2025-05-11 17:46:19,935 - INFO - Found names for 15 out of 15 roll numbers
2025-05-11 17:46:19,944 - INFO - Generated: seating_arrangements\06_05_2016_PH605_6103_morning.xlsx
2025-05-11 17:46:19,944 - INFO - Allocation for ME541 in 6103 with 9 students
2025-05-11 17:46:19,944 - INFO - Found names for 9 out of 9 roll numbers
2025-05-11 17:46:19,952 - INFO - Generated: seating_arrangements\06_05_2016_ME541_6103_morning.xlsx
2025-05-11 17:46:19,952 - INFO - Allocation for ME506 in 6103 with 1 students
2025-05-11 17:46:19,952 - INFO - Found names for 1 out of 1 roll numbers
2025-05-11 17:46:19,960 - INFO - Generated: seating_arrangements\06_05_2016_ME506_6103_morning.xlsx
2025-05-11 17:46:19,961 - INFO - Allocation for ME506 in 6104 with 8 students
2025-05-11 17:46:19,961 - INFO - Found names for 8 out of 8 roll numbers
2025-05-11 17:46:19,968 - INFO - Generated: seating_arrangements\06_05_2016_ME506_6104_morning.xlsx
2025-05-11 17:46:19,968 - INFO - Allocation for HS702 in 6104 with 8 students
2025-05-11 17:46:19,968 - INFO - Found names for 8 out of 8 roll numbers
2025-05-11 17:46:19,976 - INFO - Generated: seating_arrangements\06_05_2016_HS702_6104_morning.xlsx
2025-05-11 17:46:19,976 - INFO - Allocation for ME534 in 6104 with 5 students
2025-05-11 17:46:19,976 - INFO - Found names for 5 out of 5 roll numbers
2025-05-11 17:46:19,984 - INFO - Generated: seating_arrangements\06_05_2016_ME534_6104_morning.xlsx
2025-05-11 17:46:19,984 - INFO - Seating arrangement generation completed successfully
2025-05-11 17:46:19,984 - INFO - Operation completed successfully!
2025-05-25 00:04:38,768 - INFO - Course rolls columns: Course, RollNo
2025-05-25 00:04:38,768 - INFO - Course rolls loaded with 9864 entries
2025-05-25 00:04:38,770 - INFO - Found 232 unique courses in the course rolls file
2025-05-25 00:04:38,810 - INFO - Timetable columns: Date, Day, Session, Course
2025-05-25 00:04:38,810 - INFO - Timetable loaded successfully
2025-05-25 00:04:38,852 - INFO - Room capacities columns: Room, Capacity, Building
2025-05-25 00:04:38,853 - INFO - Room capacities loaded successfully
2025-05-25 00:04:39,002 - INFO - Roll names file columns: Roll, Name
2025-05-25 00:04:39,003 - INFO - Roll names file contains 1810 entries
2025-05-25 00:04:39,007 - INFO - Sample of roll_names data: 
       Roll                    Name
0  1121CH05              Ajit Singh
1  1121CH07         Jaishree Mayank
2  1121CH08         Sudipta Acharya
3  1121CH11      Nilesh Chakraborty
4  1121CH12  Mohammad Junaid Akhtar
2025-05-25 00:04:39,007 - INFO - Roll number to name mapping loaded successfully
2025-05-25 00:04:39,008 - INFO - Timetable columns: Date, Day, Session, Course
2025-05-25 00:04:39,009 - INFO - Using columns for grouping: Date, Session
2025-05-25 00:04:39,009 - INFO - Using columns for name mapping: Roll -> Name
2025-05-25 00:04:39,010 - INFO - Created name mapping with 1810 entries
2025-05-25 00:04:39,011 - INFO - Sample mapping entries: [('1121CH05', 'Ajit Singh'), ('1121CH07', 'Jaishree Mayank'), ('1121CH08', 'Sudipta Acharya'), ('1121CH11', 'Nilesh Chakraborty'), ('1121CH12', 'Mohammad Junaid Akhtar')]
2025-05-25 00:04:39,013 - INFO - Processing 2016-04-30 00:00:00 - Morning session
2025-05-25 00:04:39,016 - INFO - Found 40 roll numbers for course: CS249
2025-05-25 00:04:39,017 - INFO - Found 26 roll numbers for course: CH426
2025-05-25 00:04:39,019 - INFO - Found 29 roll numbers for course: MM304
2025-05-25 00:04:39,022 - INFO - Found 54 roll numbers for course: CB308
2025-05-25 00:04:39,024 - INFO - Found 54 roll numbers for course: CE216
2025-05-25 00:04:39,027 - INFO - Found 56 roll numbers for course: CB204
2025-05-25 00:04:39,028 - INFO - Found 28 roll numbers for course: PH422
2025-05-25 00:04:39,031 - INFO - Found 32 roll numbers for course: MM202
2025-05-25 00:04:39,033 - INFO - Found 40 roll numbers for course: CS249
2025-05-25 00:04:39,035 - INFO - Found 26 roll numbers for course: CH426
2025-05-25 00:04:39,037 - INFO - Found 29 roll numbers for course: MM304
2025-05-25 00:04:39,040 - INFO - Found 54 roll numbers for course: CB308
2025-05-25 00:04:39,043 - INFO - Found 54 roll numbers for course: CE216
2025-05-25 00:04:39,045 - INFO - Found 56 roll numbers for course: CB204
2025-05-25 00:04:39,048 - INFO - Found 28 roll numbers for course: PH422
2025-05-25 00:04:39,050 - INFO - Found 32 roll numbers for course: MM202
2025-05-25 00:04:39,053 - INFO - Found 56 roll numbers for course: CB204
2025-05-25 00:04:39,056 - INFO - Found 54 roll numbers for course: CB308
2025-05-25 00:04:39,059 - INFO - Found 54 roll numbers for course: CE216
2025-05-25 00:04:39,062 - INFO - Found 40 roll numbers for course: CS249
2025-05-25 00:04:39,065 - INFO - Found 32 roll numbers for course: MM202
2025-05-25 00:04:39,067 - INFO - Found 29 roll numbers for course: MM304
2025-05-25 00:04:39,068 - INFO - Found 28 roll numbers for course: PH422
2025-05-25 00:04:39,070 - INFO - Found 26 roll numbers for course: CH426
2025-05-25 00:04:39,071 - INFO - Allocation for CB204 in B-001 with 56 students
2025-05-25 00:04:39,071 - INFO - Found names for 56 out of 56 roll numbers
2025-05-25 00:04:39,103 - INFO - Generated: seating_arrangements\30_04_2016_CB204_B-001_morning.xlsx
2025-05-25 00:04:39,103 - INFO - Allocation for CB308 in B-001 with 14 students
2025-05-25 00:04:39,103 - INFO - Found names for 14 out of 14 roll numbers
2025-05-25 00:04:39,122 - INFO - Generated: seating_arrangements\30_04_2016_CB308_B-001_morning.xlsx
2025-05-25 00:04:39,122 - INFO - Allocation for CB308 in B-101 with 40 students
2025-05-25 00:04:39,122 - INFO - Found names for 40 out of 40 roll numbers
2025-05-25 00:04:39,143 - INFO - Generated: seating_arrangements\30_04_2016_CB308_B-101_morning.xlsx
2025-05-25 00:04:39,144 - INFO - Allocation for CE216 in B-101 with 30 students
2025-05-25 00:04:39,144 - INFO - Found names for 30 out of 30 roll numbers
2025-05-25 00:04:39,164 - INFO - Generated: seating_arrangements\30_04_2016_CE216_B-101_morning.xlsx
2025-05-25 00:04:39,164 - INFO - Allocation for CE216 in B-002 with 24 students
2025-05-25 00:04:39,164 - INFO - Found names for 24 out of 24 roll numbers
2025-05-25 00:04:39,183 - INFO - Generated: seating_arrangements\30_04_2016_CE216_B-002_morning.xlsx
2025-05-25 00:04:39,183 - INFO - Allocation for CS249 in B-002 with 40 students
2025-05-25 00:04:39,184 - INFO - Found names for 40 out of 40 roll numbers
2025-05-25 00:04:39,203 - INFO - Generated: seating_arrangements\30_04_2016_CS249_B-002_morning.xlsx
2025-05-25 00:04:39,203 - INFO - Allocation for MM202 in B-002 with 6 students
2025-05-25 00:04:39,203 - INFO - Found names for 6 out of 6 roll numbers
2025-05-25 00:04:39,221 - INFO - Generated: seating_arrangements\30_04_2016_MM202_B-002_morning.xlsx
2025-05-25 00:04:39,221 - INFO - Allocation for MM202 in B-003 with 26 students
2025-05-25 00:04:39,221 - INFO - Found names for 26 out of 26 roll numbers
2025-05-25 00:04:39,240 - INFO - Generated: seating_arrangements\30_04_2016_MM202_B-003_morning.xlsx
2025-05-25 00:04:39,240 - INFO - Allocation for MM304 in B-003 with 29 students
2025-05-25 00:04:39,240 - INFO - Found names for 29 out of 29 roll numbers
2025-05-25 00:04:39,262 - INFO - Generated: seating_arrangements\30_04_2016_MM304_B-003_morning.xlsx
2025-05-25 00:04:39,262 - INFO - Allocation for PH422 in B-003 with 15 students
2025-05-25 00:04:39,262 - INFO - Found names for 15 out of 15 roll numbers
2025-05-25 00:04:39,281 - INFO - Generated: seating_arrangements\30_04_2016_PH422_B-003_morning.xlsx
2025-05-25 00:04:39,281 - INFO - Allocation for PH422 in B-103 with 13 students
2025-05-25 00:04:39,281 - INFO - Found names for 13 out of 13 roll numbers
2025-05-25 00:04:39,301 - INFO - Generated: seating_arrangements\30_04_2016_PH422_B-103_morning.xlsx
2025-05-25 00:04:39,301 - INFO - Allocation for CH426 in B-103 with 26 students
2025-05-25 00:04:39,301 - INFO - Found names for 26 out of 26 roll numbers
2025-05-25 00:04:39,321 - INFO - Generated: seating_arrangements\30_04_2016_CH426_B-103_morning.xlsx
2025-05-25 00:04:39,321 - INFO - Processing 2016-05-01 00:00:00 - Evening session
2025-05-25 00:04:39,324 - INFO - Found 49 roll numbers for course: CS514
2025-05-25 00:04:39,326 - INFO - Found 32 roll numbers for course: CE512
2025-05-25 00:04:39,327 - INFO - Found 7 roll numbers for course: CH606
2025-05-25 00:04:39,329 - INFO - Found 5 roll numbers for course: ME526
2025-05-25 00:04:39,330 - INFO - Found 19 roll numbers for course: ME522
2025-05-25 00:04:39,331 - INFO - Found 7 roll numbers for course: EE513
2025-05-25 00:04:39,333 - INFO - Found 12 roll numbers for course: EE580
2025-05-25 00:04:39,333 - INFO - Found 16 roll numbers for course: MM504
2025-05-25 00:04:39,334 - INFO - Found 8 roll numbers for course: PH601
2025-05-25 00:04:39,335 - INFO - Found 8 roll numbers for course: PH603
2025-05-25 00:04:39,337 - INFO - Found 15 roll numbers for course: MH504
2025-05-25 00:04:39,340 - INFO - Found 78 roll numbers for course: ME312
2025-05-25 00:04:39,344 - INFO - Found 56 roll numbers for course: CE314
2025-05-25 00:04:39,347 - INFO - Found 86 roll numbers for course: EE320
2025-05-25 00:04:39,351 - INFO - Found 87 roll numbers for course: CS341
2025-05-25 00:04:39,354 - INFO - Found 49 roll numbers for course: CS514
2025-05-25 00:04:39,356 - INFO - Found 32 roll numbers for course: CE512
2025-05-25 00:04:39,357 - INFO - Found 7 roll numbers for course: CH606
2025-05-25 00:04:39,358 - INFO - Found 5 roll numbers for course: ME526
2025-05-25 00:04:39,360 - INFO - Found 19 roll numbers for course: ME522
2025-05-25 00:04:39,361 - INFO - Found 7 roll numbers for course: EE513
2025-05-25 00:04:39,362 - INFO - Found 12 roll numbers for course: EE580
2025-05-25 00:04:39,363 - INFO - Found 16 roll numbers for course: MM504
2025-05-25 00:04:39,363 - INFO - Found 8 roll numbers for course: PH601
2025-05-25 00:04:39,366 - INFO - Found 8 roll numbers for course: PH603
2025-05-25 00:04:39,367 - INFO - Found 15 roll numbers for course: MH504
2025-05-25 00:04:39,371 - INFO - Found 78 roll numbers for course: ME312
2025-05-25 00:04:39,373 - INFO - Found 56 roll numbers for course: CE314
2025-05-25 00:04:39,376 - INFO - Found 86 roll numbers for course: EE320
2025-05-25 00:04:39,380 - INFO - Found 87 roll numbers for course: CS341
2025-05-25 00:04:39,385 - INFO - Found 87 roll numbers for course: CS341
2025-05-25 00:04:39,389 - INFO - Found 86 roll numbers for course: EE320
2025-05-25 00:04:39,394 - INFO - Found 78 roll numbers for course: ME312
2025-05-25 00:04:39,397 - INFO - Found 56 roll numbers for course: CE314
2025-05-25 00:04:39,400 - INFO - Found 49 roll numbers for course: CS514
2025-05-25 00:04:39,402 - INFO - Found 32 roll numbers for course: CE512
2025-05-25 00:04:39,403 - INFO - Found 19 roll numbers for course: ME522
2025-05-25 00:04:39,404 - INFO - Found 16 roll numbers for course: MM504
2025-05-25 00:04:39,406 - INFO - Found 15 roll numbers for course: MH504
2025-05-25 00:04:39,407 - INFO - Found 12 roll numbers for course: EE580
2025-05-25 00:04:39,408 - INFO - Found 8 roll numbers for course: PH601
2025-05-25 00:04:39,409 - INFO - Found 8 roll numbers for course: PH603
2025-05-25 00:04:39,410 - INFO - Found 7 roll numbers for course: CH606
2025-05-25 00:04:39,411 - INFO - Found 7 roll numbers for course: EE513
2025-05-25 00:04:39,412 - INFO - Found 5 roll numbers for course: ME526
2025-05-25 00:04:39,413 - INFO - Allocation for CS341 in B-001 with 70 students
2025-05-25 00:04:39,413 - INFO - Found names for 70 out of 70 roll numbers
2025-05-25 00:04:39,435 - INFO - Generated: seating_arrangements\01_05_2016_CS341_B-001_evening.xlsx
2025-05-25 00:04:39,435 - INFO - Allocation for CS341 in B-101 with 17 students
2025-05-25 00:04:39,435 - INFO - Found names for 17 out of 17 roll numbers
2025-05-25 00:04:39,454 - INFO - Generated: seating_arrangements\01_05_2016_CS341_B-101_evening.xlsx
2025-05-25 00:04:39,455 - INFO - Allocation for EE320 in B-101 with 53 students
2025-05-25 00:04:39,455 - INFO - Found names for 53 out of 53 roll numbers
2025-05-25 00:04:39,473 - INFO - Generated: seating_arrangements\01_05_2016_EE320_B-101_evening.xlsx
2025-05-25 00:04:39,474 - INFO - Allocation for EE320 in B-002 with 33 students
2025-05-25 00:04:39,474 - INFO - Found names for 33 out of 33 roll numbers
2025-05-25 00:04:39,496 - INFO - Generated: seating_arrangements\01_05_2016_EE320_B-002_evening.xlsx
2025-05-25 00:04:39,496 - INFO - Allocation for ME312 in B-002 with 37 students
2025-05-25 00:04:39,497 - INFO - Found names for 37 out of 37 roll numbers
2025-05-25 00:04:39,517 - INFO - Generated: seating_arrangements\01_05_2016_ME312_B-002_evening.xlsx
2025-05-25 00:04:39,518 - INFO - Allocation for ME312 in B-003 with 41 students
2025-05-25 00:04:39,518 - INFO - Found names for 41 out of 41 roll numbers
2025-05-25 00:04:39,540 - INFO - Generated: seating_arrangements\01_05_2016_ME312_B-003_evening.xlsx
2025-05-25 00:04:39,541 - INFO - Allocation for CE314 in B-003 with 29 students
2025-05-25 00:04:39,541 - INFO - Found names for 29 out of 29 roll numbers
2025-05-25 00:04:39,561 - INFO - Generated: seating_arrangements\01_05_2016_CE314_B-003_evening.xlsx
2025-05-25 00:04:39,562 - INFO - Allocation for CE314 in B-103 with 27 students
2025-05-25 00:04:39,562 - INFO - Found names for 27 out of 27 roll numbers
2025-05-25 00:04:39,580 - INFO - Generated: seating_arrangements\01_05_2016_CE314_B-103_evening.xlsx
2025-05-25 00:04:39,580 - INFO - Allocation for CS514 in B-103 with 43 students
2025-05-25 00:04:39,580 - INFO - Found names for 43 out of 43 roll numbers
2025-05-25 00:04:39,602 - INFO - Generated: seating_arrangements\01_05_2016_CS514_B-103_evening.xlsx
2025-05-25 00:04:39,602 - INFO - Allocation for CS514 in 10502 with 6 students
2025-05-25 00:04:39,602 - INFO - Found names for 6 out of 6 roll numbers
2025-05-25 00:04:39,622 - INFO - Generated: seating_arrangements\01_05_2016_CS514_10502_evening.xlsx
2025-05-25 00:04:39,622 - INFO - Allocation for CE512 in 10502 with 32 students
2025-05-25 00:04:39,622 - INFO - Found names for 32 out of 32 roll numbers
2025-05-25 00:04:39,642 - INFO - Generated: seating_arrangements\01_05_2016_CE512_10502_evening.xlsx
2025-05-25 00:04:39,642 - INFO - Allocation for ME522 in 10502 with 19 students
2025-05-25 00:04:39,643 - INFO - Found names for 19 out of 19 roll numbers
2025-05-25 00:04:39,664 - INFO - Generated: seating_arrangements\01_05_2016_ME522_10502_evening.xlsx
2025-05-25 00:04:39,664 - INFO - Allocation for MM504 in 10502 with 16 students
2025-05-25 00:04:39,664 - INFO - Found names for 16 out of 16 roll numbers
2025-05-25 00:04:39,691 - INFO - Generated: seating_arrangements\01_05_2016_MM504_10502_evening.xlsx
2025-05-25 00:04:39,692 - INFO - Allocation for MH504 in 10502 with 15 students
2025-05-25 00:04:39,692 - INFO - Found names for 15 out of 15 roll numbers
2025-05-25 00:04:39,709 - INFO - Generated: seating_arrangements\01_05_2016_MH504_10502_evening.xlsx
2025-05-25 00:04:39,709 - INFO - Allocation for EE580 in 10502 with 2 students
2025-05-25 00:04:39,710 - INFO - Found names for 2 out of 2 roll numbers
2025-05-25 00:04:39,729 - INFO - Generated: seating_arrangements\01_05_2016_EE580_10502_evening.xlsx
2025-05-25 00:04:39,729 - INFO - Allocation for EE580 in 6101 with 10 students
2025-05-25 00:04:39,729 - INFO - Found names for 10 out of 10 roll numbers
2025-05-25 00:04:39,748 - INFO - Generated: seating_arrangements\01_05_2016_EE580_6101_evening.xlsx
2025-05-25 00:04:39,748 - INFO - Allocation for PH601 in 6101 with 8 students
2025-05-25 00:04:39,748 - INFO - Found names for 8 out of 8 roll numbers
2025-05-25 00:04:39,767 - INFO - Generated: seating_arrangements\01_05_2016_PH601_6101_evening.xlsx
2025-05-25 00:04:39,767 - INFO - Allocation for PH603 in 6101 with 8 students
2025-05-25 00:04:39,767 - INFO - Found names for 8 out of 8 roll numbers
2025-05-25 00:04:39,787 - INFO - Generated: seating_arrangements\01_05_2016_PH603_6101_evening.xlsx
2025-05-25 00:04:39,787 - INFO - Allocation for CH606 in 6101 with 4 students
2025-05-25 00:04:39,787 - INFO - Found names for 4 out of 4 roll numbers
2025-05-25 00:04:39,807 - INFO - Generated: seating_arrangements\01_05_2016_CH606_6101_evening.xlsx
2025-05-25 00:04:39,807 - INFO - Allocation for CH606 in 6102 with 3 students
2025-05-25 00:04:39,807 - INFO - Found names for 3 out of 3 roll numbers
2025-05-25 00:04:39,825 - INFO - Generated: seating_arrangements\01_05_2016_CH606_6102_evening.xlsx
2025-05-25 00:04:39,825 - INFO - Allocation for EE513 in 6102 with 7 students
2025-05-25 00:04:39,825 - INFO - Found names for 7 out of 7 roll numbers
2025-05-25 00:04:39,847 - INFO - Generated: seating_arrangements\01_05_2016_EE513_6102_evening.xlsx
2025-05-25 00:04:39,847 - INFO - Allocation for ME526 in 6102 with 5 students
2025-05-25 00:04:39,847 - INFO - Found names for 5 out of 5 roll numbers
2025-05-25 00:04:39,866 - INFO - Generated: seating_arrangements\01_05_2016_ME526_6102_evening.xlsx
2025-05-25 00:04:39,866 - INFO - Processing 2016-05-01 00:00:00 - Morning session
2025-05-25 00:04:39,877 - INFO - Found 284 roll numbers for course: HS202
2025-05-25 00:04:39,882 - INFO - Found 124 roll numbers for course: HS212
2025-05-25 00:04:39,887 - INFO - Found 96 roll numbers for course: HS225
2025-05-25 00:04:39,889 - INFO - Found 48 roll numbers for course: HS302
2025-05-25 00:04:39,893 - INFO - Found 94 roll numbers for course: HS312
2025-05-25 00:04:39,897 - INFO - Found 97 roll numbers for course: HS341
2025-05-25 00:04:39,903 - INFO - Found 151 roll numbers for course: HS331
2025-05-25 00:04:39,905 - INFO - Found 12 roll numbers for course: HS713
2025-05-25 00:04:39,907 - INFO - Found 17 roll numbers for course: EE574
2025-05-25 00:04:39,909 - INFO - Found 28 roll numbers for course: MA524
2025-05-25 00:04:39,919 - INFO - Found 284 roll numbers for course: HS202
2025-05-25 00:04:39,924 - INFO - Found 124 roll numbers for course: HS212
2025-05-25 00:04:39,929 - INFO - Found 96 roll numbers for course: HS225
2025-05-25 00:04:39,933 - INFO - Found 48 roll numbers for course: HS302
2025-05-25 00:04:39,937 - INFO - Found 94 roll numbers for course: HS312
2025-05-25 00:04:39,942 - INFO - Found 97 roll numbers for course: HS341
2025-05-25 00:04:39,949 - INFO - Found 151 roll numbers for course: HS331
2025-05-25 00:04:39,951 - INFO - Found 12 roll numbers for course: HS713
2025-05-25 00:04:39,952 - INFO - Found 17 roll numbers for course: EE574
2025-05-25 00:04:39,954 - INFO - Found 28 roll numbers for course: MA524
2025-05-25 00:04:39,967 - INFO - Found 284 roll numbers for course: HS202
2025-05-25 00:04:39,974 - INFO - Found 151 roll numbers for course: HS331
2025-05-25 00:04:39,980 - INFO - Found 124 roll numbers for course: HS212
2025-05-25 00:04:39,985 - INFO - Found 97 roll numbers for course: HS341
2025-05-25 00:04:39,991 - INFO - Found 96 roll numbers for course: HS225
2025-05-25 00:04:39,996 - INFO - Found 94 roll numbers for course: HS312
2025-05-25 00:04:40,000 - INFO - Found 48 roll numbers for course: HS302
2025-05-25 00:04:40,002 - INFO - Found 28 roll numbers for course: MA524
2025-05-25 00:04:40,004 - INFO - Found 17 roll numbers for course: EE574
2025-05-25 00:04:40,005 - INFO - Found 12 roll numbers for course: HS713
2025-05-25 00:04:40,005 - INFO - Allocation for HS202 in B-001 with 70 students
2025-05-25 00:04:40,005 - INFO - Found names for 70 out of 70 roll numbers
2025-05-25 00:04:40,029 - INFO - Generated: seating_arrangements\01_05_2016_HS202_B-001_morning.xlsx
2025-05-25 00:04:40,030 - INFO - Allocation for HS202 in B-101 with 70 students
2025-05-25 00:04:40,030 - INFO - Found names for 70 out of 70 roll numbers
2025-05-25 00:04:40,052 - INFO - Generated: seating_arrangements\01_05_2016_HS202_B-101_morning.xlsx
2025-05-25 00:04:40,053 - INFO - Allocation for HS202 in B-002 with 70 students
2025-05-25 00:04:40,053 - INFO - Found names for 70 out of 70 roll numbers
2025-05-25 00:04:40,074 - INFO - Generated: seating_arrangements\01_05_2016_HS202_B-002_morning.xlsx
2025-05-25 00:04:40,074 - INFO - Allocation for HS202 in B-003 with 70 students
2025-05-25 00:04:40,074 - INFO - Found names for 70 out of 70 roll numbers
2025-05-25 00:04:40,098 - INFO - Generated: seating_arrangements\01_05_2016_HS202_B-003_morning.xlsx
2025-05-25 00:04:40,098 - INFO - Allocation for HS202 in B-103 with 4 students
2025-05-25 00:04:40,098 - INFO - Found names for 4 out of 4 roll numbers
2025-05-25 00:04:40,120 - INFO - Generated: seating_arrangements\01_05_2016_HS202_B-103_morning.xlsx
2025-05-25 00:04:40,120 - INFO - Allocation for HS331 in B-103 with 66 students
2025-05-25 00:04:40,120 - INFO - Found names for 66 out of 66 roll numbers
2025-05-25 00:04:40,144 - INFO - Generated: seating_arrangements\01_05_2016_HS331_B-103_morning.xlsx
2025-05-25 00:04:40,144 - INFO - Allocation for HS331 in 10502 with 85 students
2025-05-25 00:04:40,144 - INFO - Found names for 85 out of 85 roll numbers
2025-05-25 00:04:40,171 - INFO - Generated: seating_arrangements\01_05_2016_HS331_10502_morning.xlsx
2025-05-25 00:04:40,171 - INFO - Allocation for HS212 in 10502 with 5 students
2025-05-25 00:04:40,171 - INFO - Found names for 5 out of 5 roll numbers
2025-05-25 00:04:40,193 - INFO - Generated: seating_arrangements\01_05_2016_HS212_10502_morning.xlsx
2025-05-25 00:04:40,193 - INFO - Allocation for HS212 in 6101 with 30 students
2025-05-25 00:04:40,193 - INFO - Found names for 30 out of 30 roll numbers
2025-05-25 00:04:40,215 - INFO - Generated: seating_arrangements\01_05_2016_HS212_6101_morning.xlsx
2025-05-25 00:04:40,215 - INFO - Allocation for HS212 in 6102 with 72 students
2025-05-25 00:04:40,215 - INFO - Found names for 72 out of 72 roll numbers
2025-05-25 00:04:40,236 - INFO - Generated: seating_arrangements\01_05_2016_HS212_6102_morning.xlsx
2025-05-25 00:04:40,236 - INFO - Allocation for HS212 in 6103 with 17 students
2025-05-25 00:04:40,236 - INFO - Found names for 17 out of 17 roll numbers
2025-05-25 00:04:40,254 - INFO - Generated: seating_arrangements\01_05_2016_HS212_6103_morning.xlsx
2025-05-25 00:04:40,254 - INFO - Allocation for HS341 in 6103 with 13 students
2025-05-25 00:04:40,254 - INFO - Found names for 13 out of 13 roll numbers
2025-05-25 00:04:40,276 - INFO - Generated: seating_arrangements\01_05_2016_HS341_6103_morning.xlsx
2025-05-25 00:04:40,276 - INFO - Allocation for HS341 in 6104 with 72 students
2025-05-25 00:04:40,276 - INFO - Found names for 72 out of 72 roll numbers
2025-05-25 00:04:40,298 - INFO - Generated: seating_arrangements\01_05_2016_HS341_6104_morning.xlsx
2025-05-25 00:04:40,298 - INFO - Allocation for HS341 in 6105 with 12 students
2025-05-25 00:04:40,298 - INFO - Found names for 12 out of 12 roll numbers
2025-05-25 00:04:40,319 - INFO - Generated: seating_arrangements\01_05_2016_HS341_6105_morning.xlsx
2025-05-25 00:04:40,319 - INFO - Allocation for HS225 in 6105 with 18 students
2025-05-25 00:04:40,319 - INFO - Found names for 18 out of 18 roll numbers
2025-05-25 00:04:40,338 - INFO - Generated: seating_arrangements\01_05_2016_HS225_6105_morning.xlsx
2025-05-25 00:04:40,338 - INFO - Allocation for HS225 in 6106 with 30 students
2025-05-25 00:04:40,338 - INFO - Found names for 30 out of 30 roll numbers
2025-05-25 00:04:40,358 - INFO - Generated: seating_arrangements\01_05_2016_HS225_6106_morning.xlsx
2025-05-25 00:04:40,359 - INFO - Allocation for HS225 in 6107 with 48 students
2025-05-25 00:04:40,359 - INFO - Found names for 48 out of 48 roll numbers
2025-05-25 00:04:40,380 - INFO - Generated: seating_arrangements\01_05_2016_HS225_6107_morning.xlsx
2025-05-25 00:04:40,380 - INFO - Allocation for HS312 in 6107 with 24 students
2025-05-25 00:04:40,380 - INFO - Found names for 24 out of 24 roll numbers
2025-05-25 00:04:40,401 - INFO - Generated: seating_arrangements\01_05_2016_HS312_6107_morning.xlsx
2025-05-25 00:04:40,402 - INFO - Allocation for HS312 in 6108 with 30 students
2025-05-25 00:04:40,402 - INFO - Found names for 30 out of 30 roll numbers
2025-05-25 00:04:40,423 - INFO - Generated: seating_arrangements\01_05_2016_HS312_6108_morning.xlsx
2025-05-25 00:04:40,423 - INFO - Allocation for HS312 in 6109 with 40 students
2025-05-25 00:04:40,424 - INFO - Found names for 40 out of 40 roll numbers
2025-05-25 00:04:40,443 - INFO - Generated: seating_arrangements\01_05_2016_HS312_6109_morning.xlsx
2025-05-25 00:04:40,444 - INFO - Allocation for HS302 in 6109 with 32 students
2025-05-25 00:04:40,444 - INFO - Found names for 32 out of 32 roll numbers
2025-05-25 00:04:40,464 - INFO - Generated: seating_arrangements\01_05_2016_HS302_6109_morning.xlsx
2025-05-25 00:04:40,465 - INFO - Allocation for HS302 in 6110 with 16 students
2025-05-25 00:04:40,465 - INFO - Found names for 16 out of 16 roll numbers
2025-05-25 00:04:40,486 - INFO - Generated: seating_arrangements\01_05_2016_HS302_6110_morning.xlsx
2025-05-25 00:04:40,486 - INFO - Allocation for MA524 in 6110 with 14 students
2025-05-25 00:04:40,486 - INFO - Found names for 14 out of 14 roll numbers
2025-05-25 00:04:40,504 - INFO - Generated: seating_arrangements\01_05_2016_MA524_6110_morning.xlsx
2025-05-25 00:04:40,504 - INFO - Allocation for MA524 in 8301 with 14 students
2025-05-25 00:04:40,504 - INFO - Found names for 14 out of 14 roll numbers
2025-05-25 00:04:40,526 - INFO - Generated: seating_arrangements\01_05_2016_MA524_8301_morning.xlsx
2025-05-25 00:04:40,526 - INFO - Allocation for EE574 in 8301 with 16 students
2025-05-25 00:04:40,526 - INFO - Found names for 16 out of 16 roll numbers
2025-05-25 00:04:40,547 - INFO - Generated: seating_arrangements\01_05_2016_EE574_8301_morning.xlsx
2025-05-25 00:04:40,547 - INFO - Allocation for EE574 in 8302 with 1 students
2025-05-25 00:04:40,548 - INFO - Found names for 1 out of 1 roll numbers
2025-05-25 00:04:40,566 - INFO - Generated: seating_arrangements\01_05_2016_EE574_8302_morning.xlsx
2025-05-25 00:04:40,566 - INFO - Allocation for HS713 in 8302 with 12 students
2025-05-25 00:04:40,566 - INFO - Found names for 12 out of 12 roll numbers
2025-05-25 00:04:40,586 - INFO - Generated: seating_arrangements\01_05_2016_HS713_8302_morning.xlsx
2025-05-25 00:04:40,586 - INFO - Processing 2016-05-02 00:00:00 - Evening session
2025-05-25 00:04:40,589 - INFO - Found 35 roll numbers for course: MA504
2025-05-25 00:04:40,590 - INFO - Found 15 roll numbers for course: CE506
2025-05-25 00:04:40,591 - INFO - Found 15 roll numbers for course: MH502
2025-05-25 00:04:40,592 - INFO - Found 7 roll numbers for course: EE507
2025-05-25 00:04:40,595 - INFO - Found 20 roll numbers for course: MM502
2025-05-25 00:04:40,597 - INFO - Found 58 roll numbers for course: CB504
2025-05-25 00:04:40,599 - INFO - Found 30 roll numbers for course: CS546
2025-05-25 00:04:40,602 - INFO - Found 56 roll numbers for course: CE318
2025-05-25 00:04:40,605 - INFO - Found 78 roll numbers for course: ME332
2025-05-25 00:04:40,609 - INFO - Found 86 roll numbers for course: EE309
2025-05-25 00:04:40,610 - INFO - Found 29 roll numbers for course: MM302
2025-05-25 00:04:40,616 - INFO - Found 131 roll numbers for course: CS267
2025-05-25 00:04:40,618 - INFO - Found 35 roll numbers for course: MA504
2025-05-25 00:04:40,618 - INFO - Found 15 roll numbers for course: CE506
2025-05-25 00:04:40,621 - INFO - Found 15 roll numbers for course: MH502
2025-05-25 00:04:40,622 - INFO - Found 7 roll numbers for course: EE507
2025-05-25 00:04:40,623 - INFO - Found 20 roll numbers for course: MM502
2025-05-25 00:04:40,625 - INFO - Found 58 roll numbers for course: CB504
2025-05-25 00:04:40,628 - INFO - Found 30 roll numbers for course: CS546
2025-05-25 00:04:40,630 - INFO - Found 56 roll numbers for course: CE318
2025-05-25 00:04:40,634 - INFO - Found 78 roll numbers for course: ME332
2025-05-25 00:04:40,637 - INFO - Found 86 roll numbers for course: EE309
2025-05-25 00:04:40,640 - INFO - Found 29 roll numbers for course: MM302
2025-05-25 00:04:40,648 - INFO - Found 131 roll numbers for course: CS267
2025-05-25 00:04:40,655 - INFO - Found 131 roll numbers for course: CS267
2025-05-25 00:04:40,659 - INFO - Found 86 roll numbers for course: EE309
2025-05-25 00:04:40,662 - INFO - Found 78 roll numbers for course: ME332
2025-05-25 00:04:40,665 - INFO - Found 58 roll numbers for course: CB504
2025-05-25 00:04:40,668 - INFO - Found 56 roll numbers for course: CE318
2025-05-25 00:04:40,671 - INFO - Found 35 roll numbers for course: MA504
2025-05-25 00:04:40,673 - INFO - Found 30 roll numbers for course: CS546
2025-05-25 00:04:40,675 - INFO - Found 29 roll numbers for course: MM302
2025-05-25 00:04:40,676 - INFO - Found 20 roll numbers for course: MM502
2025-05-25 00:04:40,677 - INFO - Found 15 roll numbers for course: CE506
2025-05-25 00:04:40,678 - INFO - Found 15 roll numbers for course: MH502
2025-05-25 00:04:40,680 - INFO - Found 7 roll numbers for course: EE507
2025-05-25 00:04:40,681 - INFO - Allocation for CS267 in B-001 with 70 students
2025-05-25 00:04:40,681 - INFO - Found names for 70 out of 70 roll numbers
2025-05-25 00:04:40,705 - INFO - Generated: seating_arrangements\02_05_2016_CS267_B-001_evening.xlsx
2025-05-25 00:04:40,705 - INFO - Allocation for CS267 in B-101 with 61 students
2025-05-25 00:04:40,705 - INFO - Found names for 61 out of 61 roll numbers
2025-05-25 00:04:40,724 - INFO - Generated: seating_arrangements\02_05_2016_CS267_B-101_evening.xlsx
2025-05-25 00:04:40,725 - INFO - Allocation for EE309 in B-101 with 9 students
2025-05-25 00:04:40,725 - INFO - Found names for 9 out of 9 roll numbers
2025-05-25 00:04:40,744 - INFO - Generated: seating_arrangements\02_05_2016_EE309_B-101_evening.xlsx
2025-05-25 00:04:40,744 - INFO - Allocation for EE309 in B-002 with 70 students
2025-05-25 00:04:40,744 - INFO - Found names for 70 out of 70 roll numbers
2025-05-25 00:04:40,766 - INFO - Generated: seating_arrangements\02_05_2016_EE309_B-002_evening.xlsx
2025-05-25 00:04:40,766 - INFO - Allocation for EE309 in B-003 with 7 students
2025-05-25 00:04:40,766 - INFO - Found names for 7 out of 7 roll numbers
2025-05-25 00:04:40,785 - INFO - Generated: seating_arrangements\02_05_2016_EE309_B-003_evening.xlsx
2025-05-25 00:04:40,786 - INFO - Allocation for ME332 in B-003 with 63 students
2025-05-25 00:04:40,786 - INFO - Found names for 63 out of 63 roll numbers
2025-05-25 00:04:40,808 - INFO - Generated: seating_arrangements\02_05_2016_ME332_B-003_evening.xlsx
2025-05-25 00:04:40,808 - INFO - Allocation for ME332 in B-103 with 15 students
2025-05-25 00:04:40,808 - INFO - Found names for 15 out of 15 roll numbers
2025-05-25 00:04:40,826 - INFO - Generated: seating_arrangements\02_05_2016_ME332_B-103_evening.xlsx
2025-05-25 00:04:40,826 - INFO - Allocation for CB504 in B-103 with 55 students
2025-05-25 00:04:40,826 - INFO - Found names for 55 out of 55 roll numbers
2025-05-25 00:04:40,848 - INFO - Generated: seating_arrangements\02_05_2016_CB504_B-103_evening.xlsx
2025-05-25 00:04:40,849 - INFO - Allocation for CB504 in 10502 with 3 students
2025-05-25 00:04:40,849 - INFO - Found names for 3 out of 3 roll numbers
2025-05-25 00:04:40,867 - INFO - Generated: seating_arrangements\02_05_2016_CB504_10502_evening.xlsx
2025-05-25 00:04:40,867 - INFO - Allocation for CE318 in 10502 with 56 students
2025-05-25 00:04:40,868 - INFO - Found names for 56 out of 56 roll numbers
2025-05-25 00:04:40,888 - INFO - Generated: seating_arrangements\02_05_2016_CE318_10502_evening.xlsx
2025-05-25 00:04:40,889 - INFO - Allocation for MA504 in 10502 with 31 students
2025-05-25 00:04:40,889 - INFO - Found names for 31 out of 31 roll numbers
2025-05-25 00:04:40,907 - INFO - Generated: seating_arrangements\02_05_2016_MA504_10502_evening.xlsx
2025-05-25 00:04:40,907 - INFO - Allocation for MA504 in 6101 with 4 students
2025-05-25 00:04:40,907 - INFO - Found names for 4 out of 4 roll numbers
2025-05-25 00:04:40,929 - INFO - Generated: seating_arrangements\02_05_2016_MA504_6101_evening.xlsx
2025-05-25 00:04:40,929 - INFO - Allocation for CS546 in 6101 with 26 students
2025-05-25 00:04:40,929 - INFO - Found names for 26 out of 26 roll numbers
2025-05-25 00:04:40,951 - INFO - Generated: seating_arrangements\02_05_2016_CS546_6101_evening.xlsx
2025-05-25 00:04:40,952 - INFO - Allocation for CS546 in 6102 with 4 students
2025-05-25 00:04:40,952 - INFO - Found names for 4 out of 4 roll numbers
2025-05-25 00:04:40,969 - INFO - Generated: seating_arrangements\02_05_2016_CS546_6102_evening.xlsx
2025-05-25 00:04:40,970 - INFO - Allocation for MM302 in 6102 with 29 students
2025-05-25 00:04:40,970 - INFO - Found names for 29 out of 29 roll numbers
2025-05-25 00:04:40,988 - INFO - Generated: seating_arrangements\02_05_2016_MM302_6102_evening.xlsx
2025-05-25 00:04:40,988 - INFO - Allocation for MM502 in 6102 with 20 students
2025-05-25 00:04:40,988 - INFO - Found names for 20 out of 20 roll numbers
2025-05-25 00:04:41,008 - INFO - Generated: seating_arrangements\02_05_2016_MM502_6102_evening.xlsx
2025-05-25 00:04:41,008 - INFO - Allocation for CE506 in 6102 with 15 students
2025-05-25 00:04:41,008 - INFO - Found names for 15 out of 15 roll numbers
2025-05-25 00:04:41,032 - INFO - Generated: seating_arrangements\02_05_2016_CE506_6102_evening.xlsx
2025-05-25 00:04:41,032 - INFO - Allocation for MH502 in 6102 with 4 students
2025-05-25 00:04:41,033 - INFO - Found names for 4 out of 4 roll numbers
2025-05-25 00:04:41,058 - INFO - Generated: seating_arrangements\02_05_2016_MH502_6102_evening.xlsx
2025-05-25 00:04:41,059 - INFO - Allocation for MH502 in 6103 with 11 students
2025-05-25 00:04:41,059 - INFO - Found names for 11 out of 11 roll numbers
2025-05-25 00:04:41,080 - INFO - Generated: seating_arrangements\02_05_2016_MH502_6103_evening.xlsx
2025-05-25 00:04:41,080 - INFO - Allocation for EE507 in 6103 with 7 students
2025-05-25 00:04:41,080 - INFO - Found names for 7 out of 7 roll numbers
2025-05-25 00:04:41,105 - INFO - Generated: seating_arrangements\02_05_2016_EE507_6103_evening.xlsx
2025-05-25 00:04:41,105 - INFO - Processing 2016-05-02 00:00:00 - Morning session
2025-05-25 00:04:41,113 - INFO - Found 96 roll numbers for course: HS514
2025-05-25 00:04:41,116 - INFO - Found 38 roll numbers for course: CS372
2025-05-25 00:04:41,118 - INFO - Found 49 roll numbers for course: CS392
2025-05-25 00:04:41,120 - INFO - Found 26 roll numbers for course: CH422
2025-05-25 00:04:41,122 - INFO - Found 24 roll numbers for course: EP206
2025-05-25 00:04:41,124 - INFO - Found 39 roll numbers for course: PH201
2025-05-25 00:04:41,135 - INFO - Found 290 roll numbers for course: CS244
2025-05-25 00:04:41,137 - INFO - Found 28 roll numbers for course: PH426
2025-05-25 00:04:41,141 - INFO - Found 30 roll numbers for course: MA424
2025-05-25 00:04:41,146 - INFO - Found 54 roll numbers for course: CB302
2025-05-25 00:04:41,151 - INFO - Found 96 roll numbers for course: HS514
2025-05-25 00:04:41,154 - INFO - Found 38 roll numbers for course: CS372
2025-05-25 00:04:41,157 - INFO - Found 49 roll numbers for course: CS392
2025-05-25 00:04:41,159 - INFO - Found 26 roll numbers for course: CH422
2025-05-25 00:04:41,161 - INFO - Found 24 roll numbers for course: EP206
2025-05-25 00:04:41,163 - INFO - Found 39 roll numbers for course: PH201
2025-05-25 00:04:41,174 - INFO - Found 290 roll numbers for course: CS244
2025-05-25 00:04:41,177 - INFO - Found 28 roll numbers for course: PH426
2025-05-25 00:04:41,179 - INFO - Found 30 roll numbers for course: MA424
2025-05-25 00:04:41,182 - INFO - Found 54 roll numbers for course: CB302
2025-05-25 00:04:41,195 - INFO - Found 290 roll numbers for course: CS244
2025-05-25 00:04:41,200 - INFO - Found 96 roll numbers for course: HS514
2025-05-25 00:04:41,202 - INFO - Found 54 roll numbers for course: CB302
2025-05-25 00:04:41,205 - INFO - Found 49 roll numbers for course: CS392
2025-05-25 00:04:41,207 - INFO - Found 39 roll numbers for course: PH201
2025-05-25 00:04:41,209 - INFO - Found 38 roll numbers for course: CS372
2025-05-25 00:04:41,211 - INFO - Found 30 roll numbers for course: MA424
2025-05-25 00:04:41,213 - INFO - Found 28 roll numbers for course: PH426
2025-05-25 00:04:41,215 - INFO - Found 26 roll numbers for course: CH422
2025-05-25 00:04:41,216 - INFO - Found 24 roll numbers for course: EP206
2025-05-25 00:04:41,216 - INFO - Allocation for CS244 in B-001 with 70 students
2025-05-25 00:04:41,217 - INFO - Found names for 70 out of 70 roll numbers
2025-05-25 00:04:41,239 - INFO - Generated: seating_arrangements\02_05_2016_CS244_B-001_morning.xlsx
2025-05-25 00:04:41,240 - INFO - Allocation for CS244 in B-101 with 70 students
2025-05-25 00:04:41,240 - INFO - Found names for 70 out of 70 roll numbers
2025-05-25 00:04:41,263 - INFO - Generated: seating_arrangements\02_05_2016_CS244_B-101_morning.xlsx
2025-05-25 00:04:41,263 - INFO - Allocation for CS244 in B-002 with 70 students
2025-05-25 00:04:41,263 - INFO - Found names for 70 out of 70 roll numbers
2025-05-25 00:04:41,288 - INFO - Generated: seating_arrangements\02_05_2016_CS244_B-002_morning.xlsx
2025-05-25 00:04:41,289 - INFO - Allocation for CS244 in B-003 with 70 students
2025-05-25 00:04:41,289 - INFO - Found names for 70 out of 70 roll numbers
2025-05-25 00:04:41,309 - INFO - Generated: seating_arrangements\02_05_2016_CS244_B-003_morning.xlsx
2025-05-25 00:04:41,310 - INFO - Allocation for CS244 in B-103 with 10 students
2025-05-25 00:04:41,310 - INFO - Found names for 10 out of 10 roll numbers
2025-05-25 00:04:41,331 - INFO - Generated: seating_arrangements\02_05_2016_CS244_B-103_morning.xlsx
2025-05-25 00:04:41,331 - INFO - Allocation for HS514 in B-103 with 60 students
2025-05-25 00:04:41,331 - INFO - Found names for 60 out of 60 roll numbers
2025-05-25 00:04:41,352 - INFO - Generated: seating_arrangements\02_05_2016_HS514_B-103_morning.xlsx
2025-05-25 00:04:41,353 - INFO - Allocation for HS514 in 10502 with 36 students
2025-05-25 00:04:41,353 - INFO - Found names for 36 out of 36 roll numbers
2025-05-25 00:04:41,372 - INFO - Generated: seating_arrangements\02_05_2016_HS514_10502_morning.xlsx
2025-05-25 00:04:41,373 - INFO - Allocation for CB302 in 10502 with 54 students
2025-05-25 00:04:41,373 - INFO - Found names for 54 out of 54 roll numbers
2025-05-25 00:04:41,394 - INFO - Generated: seating_arrangements\02_05_2016_CB302_10502_morning.xlsx
2025-05-25 00:04:41,395 - INFO - Allocation for CS392 in 6101 with 30 students
2025-05-25 00:04:41,395 - INFO - Found names for 30 out of 30 roll numbers
2025-05-25 00:04:41,417 - INFO - Generated: seating_arrangements\02_05_2016_CS392_6101_morning.xlsx
2025-05-25 00:04:41,417 - INFO - Allocation for CS392 in 6102 with 19 students
2025-05-25 00:04:41,417 - INFO - Found names for 19 out of 19 roll numbers
2025-05-25 00:04:41,438 - INFO - Generated: seating_arrangements\02_05_2016_CS392_6102_morning.xlsx
2025-05-25 00:04:41,438 - INFO - Allocation for PH201 in 6102 with 39 students
2025-05-25 00:04:41,438 - INFO - Found names for 39 out of 39 roll numbers
2025-05-25 00:04:41,458 - INFO - Generated: seating_arrangements\02_05_2016_PH201_6102_morning.xlsx
2025-05-25 00:04:41,458 - INFO - Allocation for CS372 in 6102 with 14 students
2025-05-25 00:04:41,458 - INFO - Found names for 14 out of 14 roll numbers
2025-05-25 00:04:41,481 - INFO - Generated: seating_arrangements\02_05_2016_CS372_6102_morning.xlsx
2025-05-25 00:04:41,481 - INFO - Allocation for CS372 in 6103 with 24 students
2025-05-25 00:04:41,481 - INFO - Found names for 24 out of 24 roll numbers
2025-05-25 00:04:41,507 - INFO - Generated: seating_arrangements\02_05_2016_CS372_6103_morning.xlsx
2025-05-25 00:04:41,507 - INFO - Allocation for MA424 in 6103 with 6 students
2025-05-25 00:04:41,508 - INFO - Found names for 6 out of 6 roll numbers
2025-05-25 00:04:41,529 - INFO - Generated: seating_arrangements\02_05_2016_MA424_6103_morning.xlsx
2025-05-25 00:04:41,529 - INFO - Allocation for MA424 in 6104 with 24 students
2025-05-25 00:04:41,530 - INFO - Found names for 24 out of 24 roll numbers
2025-05-25 00:04:41,551 - INFO - Generated: seating_arrangements\02_05_2016_MA424_6104_morning.xlsx
2025-05-25 00:04:41,551 - INFO - Allocation for PH426 in 6104 with 28 students
2025-05-25 00:04:41,551 - INFO - Found names for 28 out of 28 roll numbers
2025-05-25 00:04:41,572 - INFO - Generated: seating_arrangements\02_05_2016_PH426_6104_morning.xlsx
2025-05-25 00:04:41,573 - INFO - Allocation for CH422 in 6104 with 20 students
2025-05-25 00:04:41,573 - INFO - Found names for 20 out of 20 roll numbers
2025-05-25 00:04:41,593 - INFO - Generated: seating_arrangements\02_05_2016_CH422_6104_morning.xlsx
2025-05-25 00:04:41,593 - INFO - Allocation for CH422 in 6105 with 6 students
2025-05-25 00:04:41,593 - INFO - Found names for 6 out of 6 roll numbers
2025-05-25 00:04:41,614 - INFO - Generated: seating_arrangements\02_05_2016_CH422_6105_morning.xlsx
2025-05-25 00:04:41,614 - INFO - Allocation for EP206 in 6105 with 24 students
2025-05-25 00:04:41,614 - INFO - Found names for 24 out of 24 roll numbers
2025-05-25 00:04:41,635 - INFO - Generated: seating_arrangements\02_05_2016_EP206_6105_morning.xlsx
2025-05-25 00:04:41,635 - INFO - Processing 2016-05-03 00:00:00 - Evening session
2025-05-25 00:04:41,642 - INFO - Found 173 roll numbers for course: CS551
2025-05-25 00:04:41,643 - INFO - Found 12 roll numbers for course: CE514
2025-05-25 00:04:41,645 - INFO - Found 25 roll numbers for course: ME542
2025-05-25 00:04:41,647 - INFO - Found 61 roll numbers for course: ME544
2025-05-25 00:04:41,648 - INFO - Found 7 roll numbers for course: EE514
2025-05-25 00:04:41,650 - INFO - Found 14 roll numbers for course: EE549
2025-05-25 00:04:41,651 - INFO - Found 10 roll numbers for course: PH602
2025-05-25 00:04:41,652 - INFO - Found 16 roll numbers for course: PH513
2025-05-25 00:04:41,655 - INFO - Found 29 roll numbers for course: CH604
2025-05-25 00:04:41,656 - INFO - Found 5 roll numbers for course: ME546
2025-05-25 00:04:41,661 - INFO - Found 87 roll numbers for course: CS358
2025-05-25 00:04:41,665 - INFO - Found 56 roll numbers for course: CE320
2025-05-25 00:04:41,672 - INFO - Found 173 roll numbers for course: CS551
2025-05-25 00:04:41,673 - INFO - Found 12 roll numbers for course: CE514
2025-05-25 00:04:41,675 - INFO - Found 25 roll numbers for course: ME542
2025-05-25 00:04:41,678 - INFO - Found 61 roll numbers for course: ME544
2025-05-25 00:04:41,679 - INFO - Found 7 roll numbers for course: EE514
2025-05-25 00:04:41,680 - INFO - Found 14 roll numbers for course: EE549
2025-05-25 00:04:41,681 - INFO - Found 10 roll numbers for course: PH602
2025-05-25 00:04:41,683 - INFO - Found 16 roll numbers for course: PH513
2025-05-25 00:04:41,685 - INFO - Found 29 roll numbers for course: CH604
2025-05-25 00:04:41,687 - INFO - Found 5 roll numbers for course: ME546
2025-05-25 00:04:41,690 - INFO - Found 87 roll numbers for course: CS358
2025-05-25 00:04:41,693 - INFO - Found 56 roll numbers for course: CE320
2025-05-25 00:04:41,701 - INFO - Found 173 roll numbers for course: CS551
2025-05-25 00:04:41,705 - INFO - Found 87 roll numbers for course: CS358
2025-05-25 00:04:41,708 - INFO - Found 61 roll numbers for course: ME544
2025-05-25 00:04:41,711 - INFO - Found 56 roll numbers for course: CE320
2025-05-25 00:04:41,712 - INFO - Found 29 roll numbers for course: CH604
2025-05-25 00:04:41,714 - INFO - Found 25 roll numbers for course: ME542
2025-05-25 00:04:41,715 - INFO - Found 16 roll numbers for course: PH513
2025-05-25 00:04:41,716 - INFO - Found 14 roll numbers for course: EE549
2025-05-25 00:04:41,718 - INFO - Found 12 roll numbers for course: CE514
2025-05-25 00:04:41,719 - INFO - Found 10 roll numbers for course: PH602
2025-05-25 00:04:41,720 - INFO - Found 7 roll numbers for course: EE514
2025-05-25 00:04:41,721 - INFO - Found 5 roll numbers for course: ME546
2025-05-25 00:04:41,721 - INFO - Allocation for CS551 in B-001 with 70 students
2025-05-25 00:04:41,722 - INFO - Found names for 70 out of 70 roll numbers
2025-05-25 00:04:41,746 - INFO - Generated: seating_arrangements\03_05_2016_CS551_B-001_evening.xlsx
2025-05-25 00:04:41,746 - INFO - Allocation for CS551 in B-101 with 70 students
2025-05-25 00:04:41,746 - INFO - Found names for 70 out of 70 roll numbers
2025-05-25 00:04:41,767 - INFO - Generated: seating_arrangements\03_05_2016_CS551_B-101_evening.xlsx
2025-05-25 00:04:41,767 - INFO - Allocation for CS551 in B-002 with 33 students
2025-05-25 00:04:41,768 - INFO - Found names for 33 out of 33 roll numbers
2025-05-25 00:04:41,786 - INFO - Generated: seating_arrangements\03_05_2016_CS551_B-002_evening.xlsx
2025-05-25 00:04:41,787 - INFO - Allocation for CS358 in B-002 with 37 students
2025-05-25 00:04:41,787 - INFO - Found names for 37 out of 37 roll numbers
2025-05-25 00:04:41,808 - INFO - Generated: seating_arrangements\03_05_2016_CS358_B-002_evening.xlsx
2025-05-25 00:04:41,808 - INFO - Allocation for CS358 in B-003 with 50 students
2025-05-25 00:04:41,808 - INFO - Found names for 50 out of 50 roll numbers
2025-05-25 00:04:41,829 - INFO - Generated: seating_arrangements\03_05_2016_CS358_B-003_evening.xlsx
2025-05-25 00:04:41,830 - INFO - Allocation for ME544 in B-003 with 20 students
2025-05-25 00:04:41,830 - INFO - Found names for 20 out of 20 roll numbers
2025-05-25 00:04:41,849 - INFO - Generated: seating_arrangements\03_05_2016_ME544_B-003_evening.xlsx
2025-05-25 00:04:41,849 - INFO - Allocation for ME544 in B-103 with 41 students
2025-05-25 00:04:41,849 - INFO - Found names for 41 out of 41 roll numbers
2025-05-25 00:04:41,868 - INFO - Generated: seating_arrangements\03_05_2016_ME544_B-103_evening.xlsx
2025-05-25 00:04:41,868 - INFO - Allocation for CE320 in B-103 with 29 students
2025-05-25 00:04:41,869 - INFO - Found names for 29 out of 29 roll numbers
2025-05-25 00:04:41,888 - INFO - Generated: seating_arrangements\03_05_2016_CE320_B-103_evening.xlsx
2025-05-25 00:04:41,888 - INFO - Allocation for CE320 in 10502 with 27 students
2025-05-25 00:04:41,890 - INFO - Found names for 27 out of 27 roll numbers
2025-05-25 00:04:41,910 - INFO - Generated: seating_arrangements\03_05_2016_CE320_10502_evening.xlsx
2025-05-25 00:04:41,910 - INFO - Allocation for CH604 in 10502 with 29 students
2025-05-25 00:04:41,911 - INFO - Found names for 29 out of 29 roll numbers
2025-05-25 00:04:41,930 - INFO - Generated: seating_arrangements\03_05_2016_CH604_10502_evening.xlsx
2025-05-25 00:04:41,930 - INFO - Allocation for ME542 in 10502 with 25 students
2025-05-25 00:04:41,930 - INFO - Found names for 25 out of 25 roll numbers
2025-05-25 00:04:41,949 - INFO - Generated: seating_arrangements\03_05_2016_ME542_10502_evening.xlsx
2025-05-25 00:04:41,949 - INFO - Allocation for PH513 in 10502 with 9 students
2025-05-25 00:04:41,949 - INFO - Found names for 9 out of 9 roll numbers
2025-05-25 00:04:41,969 - INFO - Generated: seating_arrangements\03_05_2016_PH513_10502_evening.xlsx
2025-05-25 00:04:41,969 - INFO - Allocation for PH513 in 6101 with 7 students
2025-05-25 00:04:41,969 - INFO - Found names for 7 out of 7 roll numbers
2025-05-25 00:04:41,987 - INFO - Generated: seating_arrangements\03_05_2016_PH513_6101_evening.xlsx
2025-05-25 00:04:41,987 - INFO - Allocation for EE549 in 6101 with 14 students
2025-05-25 00:04:41,987 - INFO - Found names for 14 out of 14 roll numbers
2025-05-25 00:04:42,008 - INFO - Generated: seating_arrangements\03_05_2016_EE549_6101_evening.xlsx
2025-05-25 00:04:42,008 - INFO - Allocation for CE514 in 6101 with 9 students
2025-05-25 00:04:42,008 - INFO - Found names for 9 out of 9 roll numbers
2025-05-25 00:04:42,027 - INFO - Generated: seating_arrangements\03_05_2016_CE514_6101_evening.xlsx
2025-05-25 00:04:42,027 - INFO - Allocation for CE514 in 6102 with 3 students
2025-05-25 00:04:42,027 - INFO - Found names for 3 out of 3 roll numbers
2025-05-25 00:04:42,046 - INFO - Generated: seating_arrangements\03_05_2016_CE514_6102_evening.xlsx
2025-05-25 00:04:42,046 - INFO - Allocation for PH602 in 6102 with 10 students
2025-05-25 00:04:42,047 - INFO - Found names for 10 out of 10 roll numbers
2025-05-25 00:04:42,067 - INFO - Generated: seating_arrangements\03_05_2016_PH602_6102_evening.xlsx
2025-05-25 00:04:42,068 - INFO - Allocation for EE514 in 6102 with 7 students
2025-05-25 00:04:42,068 - INFO - Found names for 7 out of 7 roll numbers
2025-05-25 00:04:42,087 - INFO - Generated: seating_arrangements\03_05_2016_EE514_6102_evening.xlsx
2025-05-25 00:04:42,088 - INFO - Allocation for ME546 in 6102 with 5 students
2025-05-25 00:04:42,088 - INFO - Found names for 5 out of 5 roll numbers
2025-05-25 00:04:42,106 - INFO - Generated: seating_arrangements\03_05_2016_ME546_6102_evening.xlsx
2025-05-25 00:04:42,107 - INFO - Processing 2016-05-03 00:00:00 - Morning session
2025-05-25 00:04:42,112 - INFO - Found 131 roll numbers for course: CS259
2025-05-25 00:04:42,114 - INFO - Found 30 roll numbers for course: MA428
2025-05-25 00:04:42,116 - INFO - Found 50 roll numbers for course: MA220
2025-05-25 00:04:42,119 - INFO - Found 54 roll numbers for course: CE218
2025-05-25 00:04:42,122 - INFO - Found 26 roll numbers for course: CH428
2025-05-25 00:04:42,126 - INFO - Found 70 roll numbers for course: ME216
2025-05-25 00:04:42,129 - INFO - Found 89 roll numbers for course: EE205
2025-05-25 00:04:42,133 - INFO - Found 86 roll numbers for course: EE341
2025-05-25 00:04:42,135 - INFO - Found 32 roll numbers for course: MM206
2025-05-25 00:04:42,138 - INFO - Found 29 roll numbers for course: MM306
2025-05-25 00:04:42,142 - INFO - Found 78 roll numbers for course: ME314
2025-05-25 00:04:42,144 - INFO - Found 24 roll numbers for course: EP202
2025-05-25 00:04:42,146 - INFO - Found 28 roll numbers for course: PH420
2025-05-25 00:04:42,148 - INFO - Found 56 roll numbers for course: CB206
2025-05-25 00:04:42,151 - INFO - Found 54 roll numbers for course: CB304
2025-05-25 00:04:42,154 - INFO - Found 23 roll numbers for course: MA533
2025-05-25 00:04:42,164 - INFO - Found 131 roll numbers for course: CS259
2025-05-25 00:04:42,167 - INFO - Found 30 roll numbers for course: MA428
2025-05-25 00:04:42,169 - INFO - Found 50 roll numbers for course: MA220
2025-05-25 00:04:42,174 - INFO - Found 54 roll numbers for course: CE218
2025-05-25 00:04:42,179 - INFO - Found 26 roll numbers for course: CH428
2025-05-25 00:04:42,185 - INFO - Found 70 roll numbers for course: ME216
2025-05-25 00:04:42,192 - INFO - Found 89 roll numbers for course: EE205
2025-05-25 00:04:42,199 - INFO - Found 86 roll numbers for course: EE341
2025-05-25 00:04:42,203 - INFO - Found 32 roll numbers for course: MM206
2025-05-25 00:04:42,205 - INFO - Found 29 roll numbers for course: MM306
2025-05-25 00:04:42,209 - INFO - Found 78 roll numbers for course: ME314
2025-05-25 00:04:42,212 - INFO - Found 24 roll numbers for course: EP202
2025-05-25 00:04:42,216 - INFO - Found 28 roll numbers for course: PH420
2025-05-25 00:04:42,218 - INFO - Found 56 roll numbers for course: CB206
2025-05-25 00:04:42,221 - INFO - Found 54 roll numbers for course: CB304
2025-05-25 00:04:42,223 - INFO - Found 23 roll numbers for course: MA533
2025-05-25 00:04:42,230 - INFO - Found 131 roll numbers for course: CS259
2025-05-25 00:04:42,234 - INFO - Found 89 roll numbers for course: EE205
2025-05-25 00:04:42,238 - INFO - Found 86 roll numbers for course: EE341
2025-05-25 00:04:42,241 - INFO - Found 78 roll numbers for course: ME314
2025-05-25 00:04:42,245 - INFO - Found 70 roll numbers for course: ME216
2025-05-25 00:04:42,248 - INFO - Found 56 roll numbers for course: CB206
2025-05-25 00:04:42,251 - INFO - Found 54 roll numbers for course: CE218
2025-05-25 00:04:42,253 - INFO - Found 54 roll numbers for course: CB304
2025-05-25 00:04:42,256 - INFO - Found 50 roll numbers for course: MA220
2025-05-25 00:04:42,258 - INFO - Found 32 roll numbers for course: MM206
2025-05-25 00:04:42,259 - INFO - Found 30 roll numbers for course: MA428
2025-05-25 00:04:42,261 - INFO - Found 29 roll numbers for course: MM306
2025-05-25 00:04:42,263 - INFO - Found 28 roll numbers for course: PH420
2025-05-25 00:04:42,265 - INFO - Found 26 roll numbers for course: CH428
2025-05-25 00:04:42,267 - INFO - Found 24 roll numbers for course: EP202
2025-05-25 00:04:42,268 - INFO - Found 23 roll numbers for course: MA533
2025-05-25 00:04:42,268 - INFO - Allocation for CS259 in B-001 with 70 students
2025-05-25 00:04:42,268 - INFO - Found names for 70 out of 70 roll numbers
2025-05-25 00:04:42,291 - INFO - Generated: seating_arrangements\03_05_2016_CS259_B-001_morning.xlsx
2025-05-25 00:04:42,292 - INFO - Allocation for CS259 in B-101 with 61 students
2025-05-25 00:04:42,292 - INFO - Found names for 61 out of 61 roll numbers
2025-05-25 00:04:42,314 - INFO - Generated: seating_arrangements\03_05_2016_CS259_B-101_morning.xlsx
2025-05-25 00:04:42,314 - INFO - Allocation for EE205 in B-101 with 9 students
2025-05-25 00:04:42,314 - INFO - Found names for 9 out of 9 roll numbers
2025-05-25 00:04:42,333 - INFO - Generated: seating_arrangements\03_05_2016_EE205_B-101_morning.xlsx
2025-05-25 00:04:42,333 - INFO - Allocation for EE205 in B-002 with 70 students
2025-05-25 00:04:42,333 - INFO - Found names for 70 out of 70 roll numbers
2025-05-25 00:04:42,354 - INFO - Generated: seating_arrangements\03_05_2016_EE205_B-002_morning.xlsx
2025-05-25 00:04:42,354 - INFO - Allocation for EE205 in B-003 with 10 students
2025-05-25 00:04:42,354 - INFO - Found names for 10 out of 10 roll numbers
2025-05-25 00:04:42,373 - INFO - Generated: seating_arrangements\03_05_2016_EE205_B-003_morning.xlsx
2025-05-25 00:04:42,373 - INFO - Allocation for EE341 in B-003 with 60 students
2025-05-25 00:04:42,374 - INFO - Found names for 60 out of 60 roll numbers
2025-05-25 00:04:42,397 - INFO - Generated: seating_arrangements\03_05_2016_EE341_B-003_morning.xlsx
2025-05-25 00:04:42,398 - INFO - Allocation for EE341 in B-103 with 26 students
2025-05-25 00:04:42,398 - INFO - Found names for 26 out of 26 roll numbers
2025-05-25 00:04:42,417 - INFO - Generated: seating_arrangements\03_05_2016_EE341_B-103_morning.xlsx
2025-05-25 00:04:42,417 - INFO - Allocation for ME314 in B-103 with 44 students
2025-05-25 00:04:42,417 - INFO - Found names for 44 out of 44 roll numbers
2025-05-25 00:04:42,437 - INFO - Generated: seating_arrangements\03_05_2016_ME314_B-103_morning.xlsx
2025-05-25 00:04:42,438 - INFO - Allocation for ME314 in 10502 with 34 students
2025-05-25 00:04:42,438 - INFO - Found names for 34 out of 34 roll numbers
2025-05-25 00:04:42,459 - INFO - Generated: seating_arrangements\03_05_2016_ME314_10502_morning.xlsx
2025-05-25 00:04:42,459 - INFO - Allocation for ME216 in 10502 with 56 students
2025-05-25 00:04:42,460 - INFO - Found names for 56 out of 56 roll numbers
2025-05-25 00:04:42,480 - INFO - Generated: seating_arrangements\03_05_2016_ME216_10502_morning.xlsx
2025-05-25 00:04:42,480 - INFO - Allocation for ME216 in 6101 with 14 students
2025-05-25 00:04:42,481 - INFO - Found names for 14 out of 14 roll numbers
2025-05-25 00:04:42,499 - INFO - Generated: seating_arrangements\03_05_2016_ME216_6101_morning.xlsx
2025-05-25 00:04:42,499 - INFO - Allocation for CB206 in 6101 with 16 students
2025-05-25 00:04:42,499 - INFO - Found names for 16 out of 16 roll numbers
2025-05-25 00:04:42,521 - INFO - Generated: seating_arrangements\03_05_2016_CB206_6101_morning.xlsx
2025-05-25 00:04:42,521 - INFO - Allocation for CB206 in 6102 with 40 students
2025-05-25 00:04:42,521 - INFO - Found names for 40 out of 40 roll numbers
2025-05-25 00:04:42,540 - INFO - Generated: seating_arrangements\03_05_2016_CB206_6102_morning.xlsx
2025-05-25 00:04:42,540 - INFO - Allocation for CE218 in 6102 with 32 students
2025-05-25 00:04:42,541 - INFO - Found names for 32 out of 32 roll numbers
2025-05-25 00:04:42,561 - INFO - Generated: seating_arrangements\03_05_2016_CE218_6102_morning.xlsx
2025-05-25 00:04:42,562 - INFO - Allocation for CE218 in 6103 with 22 students
2025-05-25 00:04:42,562 - INFO - Found names for 22 out of 22 roll numbers
2025-05-25 00:04:42,582 - INFO - Generated: seating_arrangements\03_05_2016_CE218_6103_morning.xlsx
2025-05-25 00:04:42,582 - INFO - Allocation for CB304 in 6103 with 8 students
2025-05-25 00:04:42,582 - INFO - Found names for 8 out of 8 roll numbers
2025-05-25 00:04:42,602 - INFO - Generated: seating_arrangements\03_05_2016_CB304_6103_morning.xlsx
2025-05-25 00:04:42,603 - INFO - Allocation for CB304 in 6104 with 46 students
2025-05-25 00:04:42,603 - INFO - Found names for 46 out of 46 roll numbers
2025-05-25 00:04:42,624 - INFO - Generated: seating_arrangements\03_05_2016_CB304_6104_morning.xlsx
2025-05-25 00:04:42,624 - INFO - Allocation for MA220 in 6104 with 26 students
2025-05-25 00:04:42,625 - INFO - Found names for 26 out of 26 roll numbers
2025-05-25 00:04:42,644 - INFO - Generated: seating_arrangements\03_05_2016_MA220_6104_morning.xlsx
2025-05-25 00:04:42,644 - INFO - Allocation for MA220 in 6105 with 24 students
2025-05-25 00:04:42,644 - INFO - Found names for 24 out of 24 roll numbers
2025-05-25 00:04:42,665 - INFO - Generated: seating_arrangements\03_05_2016_MA220_6105_morning.xlsx
2025-05-25 00:04:42,666 - INFO - Allocation for MM206 in 6105 with 6 students
2025-05-25 00:04:42,666 - INFO - Found names for 6 out of 6 roll numbers
2025-05-25 00:04:42,686 - INFO - Generated: seating_arrangements\03_05_2016_MM206_6105_morning.xlsx
2025-05-25 00:04:42,686 - INFO - Allocation for MM206 in 6106 with 26 students
2025-05-25 00:04:42,686 - INFO - Found names for 26 out of 26 roll numbers
2025-05-25 00:04:42,707 - INFO - Generated: seating_arrangements\03_05_2016_MM206_6106_morning.xlsx
2025-05-25 00:04:42,708 - INFO - Allocation for MA428 in 6106 with 4 students
2025-05-25 00:04:42,708 - INFO - Found names for 4 out of 4 roll numbers
2025-05-25 00:04:42,731 - INFO - Generated: seating_arrangements\03_05_2016_MA428_6106_morning.xlsx
2025-05-25 00:04:42,731 - INFO - Allocation for MA428 in 6107 with 26 students
2025-05-25 00:04:42,731 - INFO - Found names for 26 out of 26 roll numbers
2025-05-25 00:04:42,751 - INFO - Generated: seating_arrangements\03_05_2016_MA428_6107_morning.xlsx
2025-05-25 00:04:42,751 - INFO - Allocation for MM306 in 6107 with 29 students
2025-05-25 00:04:42,751 - INFO - Found names for 29 out of 29 roll numbers
2025-05-25 00:04:42,772 - INFO - Generated: seating_arrangements\03_05_2016_MM306_6107_morning.xlsx
2025-05-25 00:04:42,773 - INFO - Allocation for PH420 in 6107 with 17 students
2025-05-25 00:04:42,773 - INFO - Found names for 17 out of 17 roll numbers
2025-05-25 00:04:42,792 - INFO - Generated: seating_arrangements\03_05_2016_PH420_6107_morning.xlsx
2025-05-25 00:04:42,792 - INFO - Allocation for PH420 in 6108 with 11 students
2025-05-25 00:04:42,792 - INFO - Found names for 11 out of 11 roll numbers
2025-05-25 00:04:42,810 - INFO - Generated: seating_arrangements\03_05_2016_PH420_6108_morning.xlsx
2025-05-25 00:04:42,810 - INFO - Allocation for CH428 in 6108 with 19 students
2025-05-25 00:04:42,810 - INFO - Found names for 19 out of 19 roll numbers
2025-05-25 00:04:42,830 - INFO - Generated: seating_arrangements\03_05_2016_CH428_6108_morning.xlsx
2025-05-25 00:04:42,830 - INFO - Allocation for CH428 in 6109 with 7 students
2025-05-25 00:04:42,830 - INFO - Found names for 7 out of 7 roll numbers
2025-05-25 00:04:42,849 - INFO - Generated: seating_arrangements\03_05_2016_CH428_6109_morning.xlsx
2025-05-25 00:04:42,849 - INFO - Allocation for EP202 in 6109 with 24 students
2025-05-25 00:04:42,849 - INFO - Found names for 24 out of 24 roll numbers
2025-05-25 00:04:42,870 - INFO - Generated: seating_arrangements\03_05_2016_EP202_6109_morning.xlsx
2025-05-25 00:04:42,870 - INFO - Allocation for MA533 in 6109 with 23 students
2025-05-25 00:04:42,870 - INFO - Found names for 23 out of 23 roll numbers
2025-05-25 00:04:42,892 - INFO - Generated: seating_arrangements\03_05_2016_MA533_6109_morning.xlsx
2025-05-25 00:04:42,892 - INFO - Processing 2016-05-04 00:00:00 - Evening session
2025-05-25 00:04:42,895 - INFO - Found 30 roll numbers for course: CS547
2025-05-25 00:04:42,899 - INFO - Found 120 roll numbers for course: CS568
2025-05-25 00:04:42,901 - INFO - Found 27 roll numbers for course: CE545
2025-05-25 00:04:42,903 - INFO - Found 59 roll numbers for course: CH607
2025-05-25 00:04:42,906 - INFO - Found 14 roll numbers for course: ME567
2025-05-25 00:04:42,908 - INFO - Found 59 roll numbers for course: ME547
2025-05-25 00:04:42,910 - INFO - Found 21 roll numbers for course: ME552
2025-05-25 00:04:42,912 - INFO - Found 18 roll numbers for course: EE560
2025-05-25 00:04:42,914 - INFO - Found 49 roll numbers for course: MM510
2025-05-25 00:04:42,916 - INFO - Found 48 roll numbers for course: CB502
2025-05-25 00:04:42,918 - INFO - Found 26 roll numbers for course: MA522
2025-05-25 00:04:42,919 - INFO - Found 8 roll numbers for course: PH703
2025-05-25 00:04:42,921 - INFO - Found 56 roll numbers for course: CE324
2025-05-25 00:04:42,923 - INFO - Found 30 roll numbers for course: CS547
2025-05-25 00:04:42,929 - INFO - Found 120 roll numbers for course: CS568
2025-05-25 00:04:42,930 - INFO - Found 27 roll numbers for course: CE545
2025-05-25 00:04:42,932 - INFO - Found 59 roll numbers for course: CH607
2025-05-25 00:04:42,934 - INFO - Found 14 roll numbers for course: ME567
2025-05-25 00:04:42,936 - INFO - Found 59 roll numbers for course: ME547
2025-05-25 00:04:42,938 - INFO - Found 21 roll numbers for course: ME552
2025-05-25 00:04:42,939 - INFO - Found 18 roll numbers for course: EE560
2025-05-25 00:04:42,942 - INFO - Found 49 roll numbers for course: MM510
2025-05-25 00:04:42,944 - INFO - Found 48 roll numbers for course: CB502
2025-05-25 00:04:42,946 - INFO - Found 26 roll numbers for course: MA522
2025-05-25 00:04:42,947 - INFO - Found 8 roll numbers for course: PH703
2025-05-25 00:04:42,949 - INFO - Found 56 roll numbers for course: CE324
2025-05-25 00:04:42,955 - INFO - Found 120 roll numbers for course: CS568
2025-05-25 00:04:42,958 - INFO - Found 59 roll numbers for course: CH607
2025-05-25 00:04:42,961 - INFO - Found 59 roll numbers for course: ME547
2025-05-25 00:04:42,964 - INFO - Found 56 roll numbers for course: CE324
2025-05-25 00:04:42,966 - INFO - Found 49 roll numbers for course: MM510
2025-05-25 00:04:42,969 - INFO - Found 48 roll numbers for course: CB502
2025-05-25 00:04:42,971 - INFO - Found 30 roll numbers for course: CS547
2025-05-25 00:04:42,972 - INFO - Found 27 roll numbers for course: CE545
2025-05-25 00:04:42,974 - INFO - Found 26 roll numbers for course: MA522
2025-05-25 00:04:42,975 - INFO - Found 21 roll numbers for course: ME552
2025-05-25 00:04:42,976 - INFO - Found 18 roll numbers for course: EE560
2025-05-25 00:04:42,978 - INFO - Found 14 roll numbers for course: ME567
2025-05-25 00:04:42,979 - INFO - Found 8 roll numbers for course: PH703
2025-05-25 00:04:42,979 - INFO - Allocation for CS568 in B-001 with 70 students
2025-05-25 00:04:42,979 - INFO - Found names for 70 out of 70 roll numbers
2025-05-25 00:04:43,002 - INFO - Generated: seating_arrangements\04_05_2016_CS568_B-001_evening.xlsx
2025-05-25 00:04:43,002 - INFO - Allocation for CS568 in B-101 with 50 students
2025-05-25 00:04:43,002 - INFO - Found names for 50 out of 50 roll numbers
2025-05-25 00:04:43,024 - INFO - Generated: seating_arrangements\04_05_2016_CS568_B-101_evening.xlsx
2025-05-25 00:04:43,024 - INFO - Allocation for CH607 in B-101 with 20 students
2025-05-25 00:04:43,025 - INFO - Found names for 20 out of 20 roll numbers
2025-05-25 00:04:43,048 - INFO - Generated: seating_arrangements\04_05_2016_CH607_B-101_evening.xlsx
2025-05-25 00:04:43,048 - INFO - Allocation for CH607 in B-002 with 39 students
2025-05-25 00:04:43,048 - INFO - Found names for 39 out of 39 roll numbers
2025-05-25 00:04:43,070 - INFO - Generated: seating_arrangements\04_05_2016_CH607_B-002_evening.xlsx
2025-05-25 00:04:43,070 - INFO - Allocation for ME547 in B-002 with 31 students
2025-05-25 00:04:43,070 - INFO - Found names for 31 out of 31 roll numbers
2025-05-25 00:04:43,092 - INFO - Generated: seating_arrangements\04_05_2016_ME547_B-002_evening.xlsx
2025-05-25 00:04:43,092 - INFO - Allocation for ME547 in B-003 with 28 students
2025-05-25 00:04:43,093 - INFO - Found names for 28 out of 28 roll numbers
2025-05-25 00:04:43,115 - INFO - Generated: seating_arrangements\04_05_2016_ME547_B-003_evening.xlsx
2025-05-25 00:04:43,115 - INFO - Allocation for CE324 in B-003 with 42 students
2025-05-25 00:04:43,115 - INFO - Found names for 42 out of 42 roll numbers
2025-05-25 00:04:43,137 - INFO - Generated: seating_arrangements\04_05_2016_CE324_B-003_evening.xlsx
2025-05-25 00:04:43,137 - INFO - Allocation for CE324 in B-103 with 14 students
2025-05-25 00:04:43,137 - INFO - Found names for 14 out of 14 roll numbers
2025-05-25 00:04:43,160 - INFO - Generated: seating_arrangements\04_05_2016_CE324_B-103_evening.xlsx
2025-05-25 00:04:43,160 - INFO - Allocation for MM510 in B-103 with 49 students
2025-05-25 00:04:43,160 - INFO - Found names for 49 out of 49 roll numbers
2025-05-25 00:04:43,182 - INFO - Generated: seating_arrangements\04_05_2016_MM510_B-103_evening.xlsx
2025-05-25 00:04:43,182 - INFO - Allocation for CB502 in B-103 with 7 students
2025-05-25 00:04:43,182 - INFO - Found names for 7 out of 7 roll numbers
2025-05-25 00:04:43,203 - INFO - Generated: seating_arrangements\04_05_2016_CB502_B-103_evening.xlsx
2025-05-25 00:04:43,203 - INFO - Allocation for CB502 in 10502 with 41 students
2025-05-25 00:04:43,203 - INFO - Found names for 41 out of 41 roll numbers
2025-05-25 00:04:43,225 - INFO - Generated: seating_arrangements\04_05_2016_CB502_10502_evening.xlsx
2025-05-25 00:04:43,226 - INFO - Allocation for CS547 in 10502 with 30 students
2025-05-25 00:04:43,226 - INFO - Found names for 30 out of 30 roll numbers
2025-05-25 00:04:43,251 - INFO - Generated: seating_arrangements\04_05_2016_CS547_10502_evening.xlsx
2025-05-25 00:04:43,251 - INFO - Allocation for CE545 in 10502 with 19 students
2025-05-25 00:04:43,251 - INFO - Found names for 19 out of 19 roll numbers
2025-05-25 00:04:43,277 - INFO - Generated: seating_arrangements\04_05_2016_CE545_10502_evening.xlsx
2025-05-25 00:04:43,278 - INFO - Allocation for CE545 in 6101 with 8 students
2025-05-25 00:04:43,278 - INFO - Found names for 8 out of 8 roll numbers
2025-05-25 00:04:43,307 - INFO - Generated: seating_arrangements\04_05_2016_CE545_6101_evening.xlsx
2025-05-25 00:04:43,308 - INFO - Allocation for MA522 in 6101 with 22 students
2025-05-25 00:04:43,308 - INFO - Found names for 22 out of 22 roll numbers
2025-05-25 00:04:43,338 - INFO - Generated: seating_arrangements\04_05_2016_MA522_6101_evening.xlsx
2025-05-25 00:04:43,338 - INFO - Allocation for MA522 in 6102 with 4 students
2025-05-25 00:04:43,338 - INFO - Found names for 4 out of 4 roll numbers
2025-05-25 00:04:43,363 - INFO - Generated: seating_arrangements\04_05_2016_MA522_6102_evening.xlsx
2025-05-25 00:04:43,363 - INFO - Allocation for ME552 in 6102 with 21 students
2025-05-25 00:04:43,363 - INFO - Found names for 21 out of 21 roll numbers
2025-05-25 00:04:43,386 - INFO - Generated: seating_arrangements\04_05_2016_ME552_6102_evening.xlsx
2025-05-25 00:04:43,386 - INFO - Allocation for EE560 in 6102 with 18 students
2025-05-25 00:04:43,386 - INFO - Found names for 18 out of 18 roll numbers
2025-05-25 00:04:43,410 - INFO - Generated: seating_arrangements\04_05_2016_EE560_6102_evening.xlsx
2025-05-25 00:04:43,410 - INFO - Allocation for ME567 in 6102 with 14 students
2025-05-25 00:04:43,410 - INFO - Found names for 14 out of 14 roll numbers
2025-05-25 00:04:43,433 - INFO - Generated: seating_arrangements\04_05_2016_ME567_6102_evening.xlsx
2025-05-25 00:04:43,433 - INFO - Allocation for PH703 in 6102 with 8 students
2025-05-25 00:04:43,433 - INFO - Found names for 8 out of 8 roll numbers
2025-05-25 00:04:43,456 - INFO - Generated: seating_arrangements\04_05_2016_PH703_6102_evening.xlsx
2025-05-25 00:04:43,456 - INFO - Processing 2016-05-04 00:00:00 - Morning session
2025-05-25 00:04:43,458 - INFO - Found 13 roll numbers for course: HS716
2025-05-25 00:04:43,464 - INFO - Found 91 roll numbers for course: CS209
2025-05-25 00:04:43,467 - INFO - Found 30 roll numbers for course: MA430
2025-05-25 00:04:43,472 - INFO - Found 55 roll numbers for course: CE220
2025-05-25 00:04:43,477 - INFO - Found 70 roll numbers for course: ME214
2025-05-25 00:04:43,485 - INFO - Found 89 roll numbers for course: EE280
2025-05-25 00:04:43,491 - INFO - Found 86 roll numbers for course: EE382
2025-05-25 00:04:43,494 - INFO - Found 32 roll numbers for course: MM204
2025-05-25 00:04:43,497 - INFO - Found 28 roll numbers for course: PH428
2025-05-25 00:04:43,499 - INFO - Found 18 roll numbers for course: PH608
2025-05-25 00:04:43,502 - INFO - Found 24 roll numbers for course: EP204
2025-05-25 00:04:43,506 - INFO - Found 56 roll numbers for course: CB208
2025-05-25 00:04:43,510 - INFO - Found 54 roll numbers for course: CB424
2025-05-25 00:04:43,513 - INFO - Found 26 roll numbers for course: CH424
2025-05-25 00:04:43,517 - INFO - Found 50 roll numbers for course: MA216
2025-05-25 00:04:43,519 - INFO - Found 13 roll numbers for course: HS716
2025-05-25 00:04:43,526 - INFO - Found 91 roll numbers for course: CS209
2025-05-25 00:04:43,529 - INFO - Found 30 roll numbers for course: MA430
2025-05-25 00:04:43,534 - INFO - Found 55 roll numbers for course: CE220
2025-05-25 00:04:43,539 - INFO - Found 70 roll numbers for course: ME214
2025-05-25 00:04:43,546 - INFO - Found 89 roll numbers for course: EE280
2025-05-25 00:04:43,552 - INFO - Found 86 roll numbers for course: EE382
2025-05-25 00:04:43,555 - INFO - Found 32 roll numbers for course: MM204
2025-05-25 00:04:43,559 - INFO - Found 28 roll numbers for course: PH428
2025-05-25 00:04:43,562 - INFO - Found 18 roll numbers for course: PH608
2025-05-25 00:04:43,564 - INFO - Found 24 roll numbers for course: EP204
2025-05-25 00:04:43,569 - INFO - Found 56 roll numbers for course: CB208
2025-05-25 00:04:43,574 - INFO - Found 54 roll numbers for course: CB424
2025-05-25 00:04:43,577 - INFO - Found 26 roll numbers for course: CH424
2025-05-25 00:04:43,581 - INFO - Found 50 roll numbers for course: MA216
2025-05-25 00:04:43,591 - INFO - Found 91 roll numbers for course: CS209
2025-05-25 00:04:43,597 - INFO - Found 89 roll numbers for course: EE280
2025-05-25 00:04:43,602 - INFO - Found 86 roll numbers for course: EE382
2025-05-25 00:04:43,608 - INFO - Found 70 roll numbers for course: ME214
2025-05-25 00:04:43,612 - INFO - Found 56 roll numbers for course: CB208
2025-05-25 00:04:43,615 - INFO - Found 55 roll numbers for course: CE220
2025-05-25 00:04:43,618 - INFO - Found 54 roll numbers for course: CB424
2025-05-25 00:04:43,621 - INFO - Found 50 roll numbers for course: MA216
2025-05-25 00:04:43,623 - INFO - Found 32 roll numbers for course: MM204
2025-05-25 00:04:43,626 - INFO - Found 30 roll numbers for course: MA430
2025-05-25 00:04:43,628 - INFO - Found 28 roll numbers for course: PH428
2025-05-25 00:04:43,631 - INFO - Found 26 roll numbers for course: CH424
2025-05-25 00:04:43,632 - INFO - Found 24 roll numbers for course: EP204
2025-05-25 00:04:43,635 - INFO - Found 18 roll numbers for course: PH608
2025-05-25 00:04:43,636 - INFO - Found 13 roll numbers for course: HS716
2025-05-25 00:04:43,636 - INFO - Allocation for CS209 in B-001 with 70 students
2025-05-25 00:04:43,636 - INFO - Found names for 70 out of 70 roll numbers
2025-05-25 00:04:43,662 - INFO - Generated: seating_arrangements\04_05_2016_CS209_B-001_morning.xlsx
2025-05-25 00:04:43,662 - INFO - Allocation for CS209 in B-101 with 21 students
2025-05-25 00:04:43,662 - INFO - Found names for 21 out of 21 roll numbers
2025-05-25 00:04:43,692 - INFO - Generated: seating_arrangements\04_05_2016_CS209_B-101_morning.xlsx
2025-05-25 00:04:43,692 - INFO - Allocation for EE280 in B-101 with 49 students
2025-05-25 00:04:43,693 - INFO - Found names for 49 out of 49 roll numbers
2025-05-25 00:04:43,718 - INFO - Generated: seating_arrangements\04_05_2016_EE280_B-101_morning.xlsx
2025-05-25 00:04:43,718 - INFO - Allocation for EE280 in B-002 with 40 students
2025-05-25 00:04:43,718 - INFO - Found names for 40 out of 40 roll numbers
2025-05-25 00:04:43,746 - INFO - Generated: seating_arrangements\04_05_2016_EE280_B-002_morning.xlsx
2025-05-25 00:04:43,748 - INFO - Allocation for EE382 in B-002 with 30 students
2025-05-25 00:04:43,748 - INFO - Found names for 30 out of 30 roll numbers
2025-05-25 00:04:43,775 - INFO - Generated: seating_arrangements\04_05_2016_EE382_B-002_morning.xlsx
2025-05-25 00:04:43,776 - INFO - Allocation for EE382 in B-003 with 56 students
2025-05-25 00:04:43,776 - INFO - Found names for 56 out of 56 roll numbers
2025-05-25 00:04:43,806 - INFO - Generated: seating_arrangements\04_05_2016_EE382_B-003_morning.xlsx
2025-05-25 00:04:43,806 - INFO - Allocation for ME214 in B-003 with 14 students
2025-05-25 00:04:43,806 - INFO - Found names for 14 out of 14 roll numbers
2025-05-25 00:04:43,832 - INFO - Generated: seating_arrangements\04_05_2016_ME214_B-003_morning.xlsx
2025-05-25 00:04:43,832 - INFO - Allocation for ME214 in B-103 with 56 students
2025-05-25 00:04:43,832 - INFO - Found names for 56 out of 56 roll numbers
2025-05-25 00:04:43,858 - INFO - Generated: seating_arrangements\04_05_2016_ME214_B-103_morning.xlsx
2025-05-25 00:04:43,859 - INFO - Allocation for CB208 in B-103 with 14 students
2025-05-25 00:04:43,859 - INFO - Found names for 14 out of 14 roll numbers
2025-05-25 00:04:43,886 - INFO - Generated: seating_arrangements\04_05_2016_CB208_B-103_morning.xlsx
2025-05-25 00:04:43,886 - INFO - Allocation for CB208 in 10502 with 42 students
2025-05-25 00:04:43,886 - INFO - Found names for 42 out of 42 roll numbers
2025-05-25 00:04:43,909 - INFO - Generated: seating_arrangements\04_05_2016_CB208_10502_morning.xlsx
2025-05-25 00:04:43,909 - INFO - Allocation for CE220 in 10502 with 48 students
2025-05-25 00:04:43,909 - INFO - Found names for 48 out of 48 roll numbers
2025-05-25 00:04:43,931 - INFO - Generated: seating_arrangements\04_05_2016_CE220_10502_morning.xlsx
2025-05-25 00:04:43,932 - INFO - Allocation for CE220 in 6101 with 7 students
2025-05-25 00:04:43,932 - INFO - Found names for 7 out of 7 roll numbers
2025-05-25 00:04:43,955 - INFO - Generated: seating_arrangements\04_05_2016_CE220_6101_morning.xlsx
2025-05-25 00:04:43,955 - INFO - Allocation for CB424 in 6101 with 23 students
2025-05-25 00:04:43,956 - INFO - Found names for 23 out of 23 roll numbers
2025-05-25 00:04:43,982 - INFO - Generated: seating_arrangements\04_05_2016_CB424_6101_morning.xlsx
2025-05-25 00:04:43,982 - INFO - Allocation for CB424 in 6102 with 31 students
2025-05-25 00:04:43,982 - INFO - Found names for 31 out of 31 roll numbers
2025-05-25 00:04:44,003 - INFO - Generated: seating_arrangements\04_05_2016_CB424_6102_morning.xlsx
2025-05-25 00:04:44,003 - INFO - Allocation for MA216 in 6102 with 41 students
2025-05-25 00:04:44,004 - INFO - Found names for 41 out of 41 roll numbers
2025-05-25 00:04:44,028 - INFO - Generated: seating_arrangements\04_05_2016_MA216_6102_morning.xlsx
2025-05-25 00:04:44,028 - INFO - Allocation for MA216 in 6103 with 9 students
2025-05-25 00:04:44,028 - INFO - Found names for 9 out of 9 roll numbers
2025-05-25 00:04:44,056 - INFO - Generated: seating_arrangements\04_05_2016_MA216_6103_morning.xlsx
2025-05-25 00:04:44,057 - INFO - Allocation for MM204 in 6103 with 21 students
2025-05-25 00:04:44,057 - INFO - Found names for 21 out of 21 roll numbers
2025-05-25 00:04:44,080 - INFO - Generated: seating_arrangements\04_05_2016_MM204_6103_morning.xlsx
2025-05-25 00:04:44,080 - INFO - Allocation for MM204 in 6104 with 11 students
2025-05-25 00:04:44,080 - INFO - Found names for 11 out of 11 roll numbers
2025-05-25 00:04:44,106 - INFO - Generated: seating_arrangements\04_05_2016_MM204_6104_morning.xlsx
2025-05-25 00:04:44,107 - INFO - Allocation for MA430 in 6104 with 30 students
2025-05-25 00:04:44,107 - INFO - Found names for 30 out of 30 roll numbers
2025-05-25 00:04:44,133 - INFO - Generated: seating_arrangements\04_05_2016_MA430_6104_morning.xlsx
2025-05-25 00:04:44,133 - INFO - Allocation for PH428 in 6104 with 28 students
2025-05-25 00:04:44,133 - INFO - Found names for 28 out of 28 roll numbers
2025-05-25 00:04:44,156 - INFO - Generated: seating_arrangements\04_05_2016_PH428_6104_morning.xlsx
2025-05-25 00:04:44,156 - INFO - Allocation for CH424 in 6104 with 3 students
2025-05-25 00:04:44,156 - INFO - Found names for 3 out of 3 roll numbers
2025-05-25 00:04:44,173 - INFO - Generated: seating_arrangements\04_05_2016_CH424_6104_morning.xlsx
2025-05-25 00:04:44,173 - INFO - Allocation for CH424 in 6105 with 23 students
2025-05-25 00:04:44,173 - INFO - Found names for 23 out of 23 roll numbers
2025-05-25 00:04:44,197 - INFO - Generated: seating_arrangements\04_05_2016_CH424_6105_morning.xlsx
2025-05-25 00:04:44,197 - INFO - Allocation for EP204 in 6105 with 7 students
2025-05-25 00:04:44,197 - INFO - Found names for 7 out of 7 roll numbers
2025-05-25 00:04:44,218 - INFO - Generated: seating_arrangements\04_05_2016_EP204_6105_morning.xlsx
2025-05-25 00:04:44,218 - INFO - Allocation for EP204 in 6106 with 17 students
2025-05-25 00:04:44,218 - INFO - Found names for 17 out of 17 roll numbers
2025-05-25 00:04:44,240 - INFO - Generated: seating_arrangements\04_05_2016_EP204_6106_morning.xlsx
2025-05-25 00:04:44,240 - INFO - Allocation for PH608 in 6106 with 13 students
2025-05-25 00:04:44,241 - INFO - Found names for 13 out of 13 roll numbers
2025-05-25 00:04:44,267 - INFO - Generated: seating_arrangements\04_05_2016_PH608_6106_morning.xlsx
2025-05-25 00:04:44,268 - INFO - Allocation for PH608 in 6107 with 5 students
2025-05-25 00:04:44,268 - INFO - Found names for 5 out of 5 roll numbers
2025-05-25 00:04:44,291 - INFO - Generated: seating_arrangements\04_05_2016_PH608_6107_morning.xlsx
2025-05-25 00:04:44,291 - INFO - Allocation for HS716 in 6107 with 13 students
2025-05-25 00:04:44,291 - INFO - Found names for 13 out of 13 roll numbers
2025-05-25 00:04:44,316 - INFO - Generated: seating_arrangements\04_05_2016_HS716_6107_morning.xlsx
2025-05-25 00:04:44,316 - INFO - Processing 2016-05-05 00:00:00 - Evening session
2025-05-25 00:04:44,318 - INFO - Found 15 roll numbers for course: CE532
2025-05-25 00:04:44,320 - INFO - Found 13 roll numbers for course: CE536
2025-05-25 00:04:44,322 - INFO - Found 17 roll numbers for course: EE535
2025-05-25 00:04:44,323 - INFO - Found 13 roll numbers for course: MM520
2025-05-25 00:04:44,325 - INFO - Found 11 roll numbers for course: ME510
2025-05-25 00:04:44,327 - INFO - Found 25 roll numbers for course: MA502
2025-05-25 00:04:44,331 - INFO - Found 45 roll numbers for course: CB506
2025-05-25 00:04:44,333 - INFO - Found 16 roll numbers for course: MA536
2025-05-25 00:04:44,336 - INFO - Found 24 roll numbers for course: EP208
2025-05-25 00:04:44,339 - INFO - Found 25 roll numbers for course: PH203
2025-05-25 00:04:44,342 - INFO - Found 25 roll numbers for course: CS511
2025-05-25 00:04:44,344 - INFO - Found 15 roll numbers for course: CE526
2025-05-25 00:04:44,346 - INFO - Found 12 roll numbers for course: EE566
2025-05-25 00:04:44,349 - INFO - Found 15 roll numbers for course: CE532
2025-05-25 00:04:44,351 - INFO - Found 13 roll numbers for course: CE536
2025-05-25 00:04:44,354 - INFO - Found 17 roll numbers for course: EE535
2025-05-25 00:04:44,356 - INFO - Found 13 roll numbers for course: MM520
2025-05-25 00:04:44,357 - INFO - Found 11 roll numbers for course: ME510
2025-05-25 00:04:44,361 - INFO - Found 25 roll numbers for course: MA502
2025-05-25 00:04:44,365 - INFO - Found 45 roll numbers for course: CB506
2025-05-25 00:04:44,366 - INFO - Found 16 roll numbers for course: MA536
2025-05-25 00:04:44,368 - INFO - Found 24 roll numbers for course: EP208
2025-05-25 00:04:44,372 - INFO - Found 25 roll numbers for course: PH203
2025-05-25 00:04:44,374 - INFO - Found 25 roll numbers for course: CS511
2025-05-25 00:04:44,377 - INFO - Found 15 roll numbers for course: CE526
2025-05-25 00:04:44,378 - INFO - Found 12 roll numbers for course: EE566
2025-05-25 00:04:44,385 - INFO - Found 45 roll numbers for course: CB506
2025-05-25 00:04:44,389 - INFO - Found 25 roll numbers for course: MA502
2025-05-25 00:04:44,391 - INFO - Found 25 roll numbers for course: PH203
2025-05-25 00:04:44,393 - INFO - Found 25 roll numbers for course: CS511
2025-05-25 00:04:44,395 - INFO - Found 24 roll numbers for course: EP208
2025-05-25 00:04:44,397 - INFO - Found 17 roll numbers for course: EE535
2025-05-25 00:04:44,399 - INFO - Found 16 roll numbers for course: MA536
2025-05-25 00:04:44,400 - INFO - Found 15 roll numbers for course: CE532
2025-05-25 00:04:44,402 - INFO - Found 15 roll numbers for course: CE526
2025-05-25 00:04:44,404 - INFO - Found 13 roll numbers for course: CE536
2025-05-25 00:04:44,406 - INFO - Found 13 roll numbers for course: MM520
2025-05-25 00:04:44,408 - INFO - Found 12 roll numbers for course: EE566
2025-05-25 00:04:44,410 - INFO - Found 11 roll numbers for course: ME510
2025-05-25 00:04:44,410 - INFO - Allocation for CB506 in B-001 with 45 students
2025-05-25 00:04:44,412 - INFO - Found names for 45 out of 45 roll numbers
2025-05-25 00:04:44,440 - INFO - Generated: seating_arrangements\05_05_2016_CB506_B-001_evening.xlsx
2025-05-25 00:04:44,441 - INFO - Allocation for MA502 in B-001 with 25 students
2025-05-25 00:04:44,441 - INFO - Found names for 25 out of 25 roll numbers
2025-05-25 00:04:44,464 - INFO - Generated: seating_arrangements\05_05_2016_MA502_B-001_evening.xlsx
2025-05-25 00:04:44,464 - INFO - Allocation for PH203 in B-101 with 25 students
2025-05-25 00:04:44,464 - INFO - Found names for 25 out of 25 roll numbers
2025-05-25 00:04:44,492 - INFO - Generated: seating_arrangements\05_05_2016_PH203_B-101_evening.xlsx
2025-05-25 00:04:44,492 - INFO - Allocation for CS511 in B-101 with 25 students
2025-05-25 00:04:44,492 - INFO - Found names for 25 out of 25 roll numbers
2025-05-25 00:04:44,517 - INFO - Generated: seating_arrangements\05_05_2016_CS511_B-101_evening.xlsx
2025-05-25 00:04:44,517 - INFO - Allocation for EP208 in B-101 with 20 students
2025-05-25 00:04:44,517 - INFO - Found names for 20 out of 20 roll numbers
2025-05-25 00:04:44,544 - INFO - Generated: seating_arrangements\05_05_2016_EP208_B-101_evening.xlsx
2025-05-25 00:04:44,544 - INFO - Allocation for EP208 in B-002 with 4 students
2025-05-25 00:04:44,544 - INFO - Found names for 4 out of 4 roll numbers
2025-05-25 00:04:44,566 - INFO - Generated: seating_arrangements\05_05_2016_EP208_B-002_evening.xlsx
2025-05-25 00:04:44,566 - INFO - Allocation for EE535 in B-002 with 17 students
2025-05-25 00:04:44,566 - INFO - Found names for 17 out of 17 roll numbers
2025-05-25 00:04:44,590 - INFO - Generated: seating_arrangements\05_05_2016_EE535_B-002_evening.xlsx
2025-05-25 00:04:44,590 - INFO - Allocation for MA536 in B-002 with 16 students
2025-05-25 00:04:44,590 - INFO - Found names for 16 out of 16 roll numbers
2025-05-25 00:04:44,615 - INFO - Generated: seating_arrangements\05_05_2016_MA536_B-002_evening.xlsx
2025-05-25 00:04:44,616 - INFO - Allocation for CE532 in B-002 with 15 students
2025-05-25 00:04:44,616 - INFO - Found names for 15 out of 15 roll numbers
2025-05-25 00:04:44,640 - INFO - Generated: seating_arrangements\05_05_2016_CE532_B-002_evening.xlsx
2025-05-25 00:04:44,640 - INFO - Allocation for CE526 in B-002 with 15 students
2025-05-25 00:04:44,640 - INFO - Found names for 15 out of 15 roll numbers
2025-05-25 00:04:44,664 - INFO - Generated: seating_arrangements\05_05_2016_CE526_B-002_evening.xlsx
2025-05-25 00:04:44,664 - INFO - Allocation for CE536 in B-002 with 3 students
2025-05-25 00:04:44,664 - INFO - Found names for 3 out of 3 roll numbers
2025-05-25 00:04:44,688 - INFO - Generated: seating_arrangements\05_05_2016_CE536_B-002_evening.xlsx
2025-05-25 00:04:44,688 - INFO - Allocation for CE536 in B-003 with 10 students
2025-05-25 00:04:44,689 - INFO - Found names for 10 out of 10 roll numbers
2025-05-25 00:04:44,711 - INFO - Generated: seating_arrangements\05_05_2016_CE536_B-003_evening.xlsx
2025-05-25 00:04:44,712 - INFO - Allocation for MM520 in B-003 with 13 students
2025-05-25 00:04:44,712 - INFO - Found names for 13 out of 13 roll numbers
2025-05-25 00:04:44,732 - INFO - Generated: seating_arrangements\05_05_2016_MM520_B-003_evening.xlsx
2025-05-25 00:04:44,732 - INFO - Allocation for EE566 in B-003 with 12 students
2025-05-25 00:04:44,732 - INFO - Found names for 12 out of 12 roll numbers
2025-05-25 00:04:44,753 - INFO - Generated: seating_arrangements\05_05_2016_EE566_B-003_evening.xlsx
2025-05-25 00:04:44,753 - INFO - Allocation for ME510 in B-003 with 11 students
2025-05-25 00:04:44,753 - INFO - Found names for 11 out of 11 roll numbers
2025-05-25 00:04:44,773 - INFO - Generated: seating_arrangements\05_05_2016_ME510_B-003_evening.xlsx
2025-05-25 00:04:44,773 - INFO - Processing 2016-05-05 00:00:00 - Morning session
2025-05-25 00:04:44,776 - INFO - Found 40 roll numbers for course: CS277
2025-05-25 00:04:44,778 - INFO - Found 30 roll numbers for course: MA422
2025-05-25 00:04:44,781 - INFO - Found 50 roll numbers for course: MA218
2025-05-25 00:04:44,783 - INFO - Found 54 roll numbers for course: CE214
2025-05-25 00:04:44,786 - INFO - Found 70 roll numbers for course: ME208
2025-05-25 00:04:44,791 - INFO - Found 89 roll numbers for course: EE203
2025-05-25 00:04:44,792 - INFO - Found 28 roll numbers for course: PH424
2025-05-25 00:04:44,795 - INFO - Found 56 roll numbers for course: CB202
2025-05-25 00:04:44,796 - INFO - Found 15 roll numbers for course: NT512
2025-05-25 00:04:44,797 - INFO - Found 26 roll numbers for course: CH434
2025-05-25 00:04:44,798 - INFO - Found 1 roll numbers for course: EE561
2025-05-25 00:04:44,799 - INFO - Found 16 roll numbers for course: EE731
2025-05-25 00:04:44,802 - INFO - Found 40 roll numbers for course: CS277
2025-05-25 00:04:44,804 - INFO - Found 30 roll numbers for course: MA422
2025-05-25 00:04:44,807 - INFO - Found 50 roll numbers for course: MA218
2025-05-25 00:04:44,810 - INFO - Found 54 roll numbers for course: CE214
2025-05-25 00:04:44,813 - INFO - Found 70 roll numbers for course: ME208
2025-05-25 00:04:44,816 - INFO - Found 89 roll numbers for course: EE203
2025-05-25 00:04:44,818 - INFO - Found 28 roll numbers for course: PH424
2025-05-25 00:04:44,821 - INFO - Found 56 roll numbers for course: CB202
2025-05-25 00:04:44,822 - INFO - Found 15 roll numbers for course: NT512
2025-05-25 00:04:44,824 - INFO - Found 26 roll numbers for course: CH434
2025-05-25 00:04:44,825 - INFO - Found 1 roll numbers for course: EE561
2025-05-25 00:04:44,826 - INFO - Found 16 roll numbers for course: EE731
2025-05-25 00:04:44,831 - INFO - Found 89 roll numbers for course: EE203
2025-05-25 00:04:44,834 - INFO - Found 70 roll numbers for course: ME208
2025-05-25 00:04:44,837 - INFO - Found 56 roll numbers for course: CB202
2025-05-25 00:04:44,841 - INFO - Found 54 roll numbers for course: CE214
2025-05-25 00:04:44,843 - INFO - Found 50 roll numbers for course: MA218
2025-05-25 00:04:44,845 - INFO - Found 40 roll numbers for course: CS277
2025-05-25 00:04:44,847 - INFO - Found 30 roll numbers for course: MA422
2025-05-25 00:04:44,848 - INFO - Found 28 roll numbers for course: PH424
2025-05-25 00:04:44,850 - INFO - Found 26 roll numbers for course: CH434
2025-05-25 00:04:44,851 - INFO - Found 16 roll numbers for course: EE731
2025-05-25 00:04:44,853 - INFO - Found 15 roll numbers for course: NT512
2025-05-25 00:04:44,854 - INFO - Found 1 roll numbers for course: EE561
2025-05-25 00:04:44,854 - INFO - Allocation for EE203 in B-001 with 70 students
2025-05-25 00:04:44,854 - INFO - Found names for 70 out of 70 roll numbers
2025-05-25 00:04:44,879 - INFO - Generated: seating_arrangements\05_05_2016_EE203_B-001_morning.xlsx
2025-05-25 00:04:44,879 - INFO - Allocation for EE203 in B-101 with 19 students
2025-05-25 00:04:44,879 - INFO - Found names for 19 out of 19 roll numbers
2025-05-25 00:04:44,900 - INFO - Generated: seating_arrangements\05_05_2016_EE203_B-101_morning.xlsx
2025-05-25 00:04:44,900 - INFO - Allocation for ME208 in B-101 with 51 students
2025-05-25 00:04:44,900 - INFO - Found names for 51 out of 51 roll numbers
2025-05-25 00:04:44,921 - INFO - Generated: seating_arrangements\05_05_2016_ME208_B-101_morning.xlsx
2025-05-25 00:04:44,922 - INFO - Allocation for ME208 in B-002 with 19 students
2025-05-25 00:04:44,922 - INFO - Found names for 19 out of 19 roll numbers
2025-05-25 00:04:44,942 - INFO - Generated: seating_arrangements\05_05_2016_ME208_B-002_morning.xlsx
2025-05-25 00:04:44,942 - INFO - Allocation for CB202 in B-002 with 51 students
2025-05-25 00:04:44,942 - INFO - Found names for 51 out of 51 roll numbers
2025-05-25 00:04:44,965 - INFO - Generated: seating_arrangements\05_05_2016_CB202_B-002_morning.xlsx
2025-05-25 00:04:44,966 - INFO - Allocation for CB202 in B-003 with 5 students
2025-05-25 00:04:44,966 - INFO - Found names for 5 out of 5 roll numbers
2025-05-25 00:04:44,984 - INFO - Generated: seating_arrangements\05_05_2016_CB202_B-003_morning.xlsx
2025-05-25 00:04:44,984 - INFO - Allocation for CE214 in B-003 with 54 students
2025-05-25 00:04:44,984 - INFO - Found names for 54 out of 54 roll numbers
2025-05-25 00:04:45,005 - INFO - Generated: seating_arrangements\05_05_2016_CE214_B-003_morning.xlsx
2025-05-25 00:04:45,005 - INFO - Allocation for MA218 in B-003 with 11 students
2025-05-25 00:04:45,005 - INFO - Found names for 11 out of 11 roll numbers
2025-05-25 00:04:45,024 - INFO - Generated: seating_arrangements\05_05_2016_MA218_B-003_morning.xlsx
2025-05-25 00:04:45,024 - INFO - Allocation for MA218 in B-103 with 39 students
2025-05-25 00:04:45,024 - INFO - Found names for 39 out of 39 roll numbers
2025-05-25 00:04:45,043 - INFO - Generated: seating_arrangements\05_05_2016_MA218_B-103_morning.xlsx
2025-05-25 00:04:45,043 - INFO - Allocation for CS277 in B-103 with 31 students
2025-05-25 00:04:45,044 - INFO - Found names for 31 out of 31 roll numbers
2025-05-25 00:04:45,063 - INFO - Generated: seating_arrangements\05_05_2016_CS277_B-103_morning.xlsx
2025-05-25 00:04:45,064 - INFO - Allocation for CS277 in 10502 with 9 students
2025-05-25 00:04:45,064 - INFO - Found names for 9 out of 9 roll numbers
2025-05-25 00:04:45,084 - INFO - Generated: seating_arrangements\05_05_2016_CS277_10502_morning.xlsx
2025-05-25 00:04:45,084 - INFO - Allocation for MA422 in 10502 with 30 students
2025-05-25 00:04:45,084 - INFO - Found names for 30 out of 30 roll numbers
2025-05-25 00:04:45,104 - INFO - Generated: seating_arrangements\05_05_2016_MA422_10502_morning.xlsx
2025-05-25 00:04:45,104 - INFO - Allocation for PH424 in 10502 with 28 students
2025-05-25 00:04:45,104 - INFO - Found names for 28 out of 28 roll numbers
2025-05-25 00:04:45,127 - INFO - Generated: seating_arrangements\05_05_2016_PH424_10502_morning.xlsx
2025-05-25 00:04:45,128 - INFO - Allocation for CH434 in 10502 with 23 students
2025-05-25 00:04:45,128 - INFO - Found names for 23 out of 23 roll numbers
2025-05-25 00:04:45,146 - INFO - Generated: seating_arrangements\05_05_2016_CH434_10502_morning.xlsx
2025-05-25 00:04:45,146 - INFO - Allocation for CH434 in 6101 with 3 students
2025-05-25 00:04:45,146 - INFO - Found names for 3 out of 3 roll numbers
2025-05-25 00:04:45,167 - INFO - Generated: seating_arrangements\05_05_2016_CH434_6101_morning.xlsx
2025-05-25 00:04:45,168 - INFO - Allocation for EE731 in 6101 with 16 students
2025-05-25 00:04:45,168 - INFO - Found names for 16 out of 16 roll numbers
2025-05-25 00:04:45,187 - INFO - Generated: seating_arrangements\05_05_2016_EE731_6101_morning.xlsx
2025-05-25 00:04:45,187 - INFO - Allocation for NT512 in 6101 with 11 students
2025-05-25 00:04:45,187 - INFO - Found names for 11 out of 11 roll numbers
2025-05-25 00:04:45,210 - INFO - Generated: seating_arrangements\05_05_2016_NT512_6101_morning.xlsx
2025-05-25 00:04:45,210 - INFO - Allocation for NT512 in 6102 with 4 students
2025-05-25 00:04:45,210 - INFO - Found names for 4 out of 4 roll numbers
2025-05-25 00:04:45,231 - INFO - Generated: seating_arrangements\05_05_2016_NT512_6102_morning.xlsx
2025-05-25 00:04:45,231 - INFO - Allocation for EE561 in 6102 with 1 students
2025-05-25 00:04:45,231 - INFO - Found names for 1 out of 1 roll numbers
2025-05-25 00:04:45,249 - INFO - Generated: seating_arrangements\05_05_2016_EE561_6102_morning.xlsx
2025-05-25 00:04:45,250 - INFO - Processing 2016-05-06 00:00:00 - Evening session
2025-05-25 00:04:45,252 - INFO - Found 54 roll numbers for course: EE529
2025-05-25 00:04:45,253 - INFO - Found 12 roll numbers for course: CS508
2025-05-25 00:04:45,256 - INFO - Found 56 roll numbers for course: CE528
2025-05-25 00:04:45,257 - INFO - Found 17 roll numbers for course: CE570
2025-05-25 00:04:45,261 - INFO - Found 47 roll numbers for course: EE573
2025-05-25 00:04:45,265 - INFO - Found 134 roll numbers for course: CS563
2025-05-25 00:04:45,268 - INFO - Found 53 roll numbers for course: MM512
2025-05-25 00:04:45,270 - INFO - Found 54 roll numbers for course: EE529
2025-05-25 00:04:45,271 - INFO - Found 12 roll numbers for course: CS508
2025-05-25 00:04:45,274 - INFO - Found 56 roll numbers for course: CE528
2025-05-25 00:04:45,275 - INFO - Found 17 roll numbers for course: CE570
2025-05-25 00:04:45,278 - INFO - Found 47 roll numbers for course: EE573
2025-05-25 00:04:45,283 - INFO - Found 134 roll numbers for course: CS563
2025-05-25 00:04:45,285 - INFO - Found 53 roll numbers for course: MM512
2025-05-25 00:04:45,292 - INFO - Found 134 roll numbers for course: CS563
2025-05-25 00:04:45,295 - INFO - Found 56 roll numbers for course: CE528
2025-05-25 00:04:45,297 - INFO - Found 54 roll numbers for course: EE529
2025-05-25 00:04:45,300 - INFO - Found 53 roll numbers for course: MM512
2025-05-25 00:04:45,302 - INFO - Found 47 roll numbers for course: EE573
2025-05-25 00:04:45,304 - INFO - Found 17 roll numbers for course: CE570
2025-05-25 00:04:45,306 - INFO - Found 12 roll numbers for course: CS508
2025-05-25 00:04:45,306 - INFO - Allocation for CS563 in B-001 with 70 students
2025-05-25 00:04:45,306 - INFO - Found names for 70 out of 70 roll numbers
2025-05-25 00:04:45,330 - INFO - Generated: seating_arrangements\06_05_2016_CS563_B-001_evening.xlsx
2025-05-25 00:04:45,330 - INFO - Allocation for CS563 in B-101 with 64 students
2025-05-25 00:04:45,331 - INFO - Found names for 64 out of 64 roll numbers
2025-05-25 00:04:45,353 - INFO - Generated: seating_arrangements\06_05_2016_CS563_B-101_evening.xlsx
2025-05-25 00:04:45,353 - INFO - Allocation for CE528 in B-101 with 6 students
2025-05-25 00:04:45,354 - INFO - Found names for 6 out of 6 roll numbers
2025-05-25 00:04:45,374 - INFO - Generated: seating_arrangements\06_05_2016_CE528_B-101_evening.xlsx
2025-05-25 00:04:45,374 - INFO - Allocation for CE528 in B-002 with 50 students
2025-05-25 00:04:45,375 - INFO - Found names for 50 out of 50 roll numbers
2025-05-25 00:04:45,396 - INFO - Generated: seating_arrangements\06_05_2016_CE528_B-002_evening.xlsx
2025-05-25 00:04:45,396 - INFO - Allocation for EE529 in B-002 with 20 students
2025-05-25 00:04:45,396 - INFO - Found names for 20 out of 20 roll numbers
2025-05-25 00:04:45,420 - INFO - Generated: seating_arrangements\06_05_2016_EE529_B-002_evening.xlsx
2025-05-25 00:04:45,420 - INFO - Allocation for EE529 in B-003 with 34 students
2025-05-25 00:04:45,420 - INFO - Found names for 34 out of 34 roll numbers
2025-05-25 00:04:45,442 - INFO - Generated: seating_arrangements\06_05_2016_EE529_B-003_evening.xlsx
2025-05-25 00:04:45,443 - INFO - Allocation for MM512 in B-003 with 36 students
2025-05-25 00:04:45,443 - INFO - Found names for 36 out of 36 roll numbers
2025-05-25 00:04:45,468 - INFO - Generated: seating_arrangements\06_05_2016_MM512_B-003_evening.xlsx
2025-05-25 00:04:45,468 - INFO - Allocation for MM512 in B-103 with 17 students
2025-05-25 00:04:45,468 - INFO - Found names for 17 out of 17 roll numbers
2025-05-25 00:04:45,491 - INFO - Generated: seating_arrangements\06_05_2016_MM512_B-103_evening.xlsx
2025-05-25 00:04:45,491 - INFO - Allocation for EE573 in B-103 with 47 students
2025-05-25 00:04:45,492 - INFO - Found names for 47 out of 47 roll numbers
2025-05-25 00:04:45,516 - INFO - Generated: seating_arrangements\06_05_2016_EE573_B-103_evening.xlsx
2025-05-25 00:04:45,516 - INFO - Allocation for CE570 in B-103 with 6 students
2025-05-25 00:04:45,516 - INFO - Found names for 6 out of 6 roll numbers
2025-05-25 00:04:45,537 - INFO - Generated: seating_arrangements\06_05_2016_CE570_B-103_evening.xlsx
2025-05-25 00:04:45,537 - INFO - Allocation for CE570 in 10502 with 11 students
2025-05-25 00:04:45,537 - INFO - Found names for 11 out of 11 roll numbers
2025-05-25 00:04:45,555 - INFO - Generated: seating_arrangements\06_05_2016_CE570_10502_evening.xlsx
2025-05-25 00:04:45,557 - INFO - Allocation for CS508 in 10502 with 12 students
2025-05-25 00:04:45,557 - INFO - Found names for 12 out of 12 roll numbers
2025-05-25 00:04:45,576 - INFO - Generated: seating_arrangements\06_05_2016_CS508_10502_evening.xlsx
2025-05-25 00:04:45,577 - INFO - Processing 2016-05-06 00:00:00 - Morning session
2025-05-25 00:04:45,586 - INFO - Found 268 roll numbers for course: MA225
2025-05-25 00:04:45,589 - INFO - Found 26 roll numbers for course: CH432
2025-05-25 00:04:45,592 - INFO - Found 83 roll numbers for course: EE528
2025-05-25 00:04:45,594 - INFO - Found 39 roll numbers for course: MA546
2025-05-25 00:04:45,595 - INFO - Found 8 roll numbers for course: HS702
2025-05-25 00:04:45,597 - INFO - Found 30 roll numbers for course: MA426
2025-05-25 00:04:45,598 - INFO - Found 28 roll numbers for course: MA541
2025-05-25 00:04:45,599 - INFO - Found 9 roll numbers for course: ME541
2025-05-25 00:04:45,600 - INFO - Found 5 roll numbers for course: ME534
2025-05-25 00:04:45,601 - INFO - Found 9 roll numbers for course: ME506
2025-05-25 00:04:45,604 - INFO - Found 15 roll numbers for course: PH605
2025-05-25 00:04:45,605 - INFO - Found 16 roll numbers for course: CE534
2025-05-25 00:04:45,607 - INFO - Found 57 roll numbers for course: CE568
2025-05-25 00:04:45,616 - INFO - Found 268 roll numbers for course: MA225
2025-05-25 00:04:45,618 - INFO - Found 26 roll numbers for course: CH432
2025-05-25 00:04:45,622 - INFO - Found 83 roll numbers for course: EE528
2025-05-25 00:04:45,624 - INFO - Found 39 roll numbers for course: MA546
2025-05-25 00:04:45,625 - INFO - Found 8 roll numbers for course: HS702
2025-05-25 00:04:45,628 - INFO - Found 30 roll numbers for course: MA426
2025-05-25 00:04:45,629 - INFO - Found 28 roll numbers for course: MA541
2025-05-25 00:04:45,630 - INFO - Found 9 roll numbers for course: ME541
2025-05-25 00:04:45,631 - INFO - Found 5 roll numbers for course: ME534
2025-05-25 00:04:45,632 - INFO - Found 9 roll numbers for course: ME506
2025-05-25 00:04:45,634 - INFO - Found 15 roll numbers for course: PH605
2025-05-25 00:04:45,635 - INFO - Found 16 roll numbers for course: CE534
2025-05-25 00:04:45,638 - INFO - Found 57 roll numbers for course: CE568
2025-05-25 00:04:45,650 - INFO - Found 268 roll numbers for course: MA225
2025-05-25 00:04:45,654 - INFO - Found 83 roll numbers for course: EE528
2025-05-25 00:04:45,656 - INFO - Found 57 roll numbers for course: CE568
2025-05-25 00:04:45,659 - INFO - Found 39 roll numbers for course: MA546
2025-05-25 00:04:45,661 - INFO - Found 30 roll numbers for course: MA426
2025-05-25 00:04:45,663 - INFO - Found 28 roll numbers for course: MA541
2025-05-25 00:04:45,664 - INFO - Found 26 roll numbers for course: CH432
2025-05-25 00:04:45,666 - INFO - Found 16 roll numbers for course: CE534
2025-05-25 00:04:45,667 - INFO - Found 15 roll numbers for course: PH605
2025-05-25 00:04:45,669 - INFO - Found 9 roll numbers for course: ME541
2025-05-25 00:04:45,669 - INFO - Found 9 roll numbers for course: ME506
2025-05-25 00:04:45,670 - INFO - Found 8 roll numbers for course: HS702
2025-05-25 00:04:45,671 - INFO - Found 5 roll numbers for course: ME534
2025-05-25 00:04:45,672 - INFO - Allocation for MA225 in B-001 with 70 students
2025-05-25 00:04:45,672 - INFO - Found names for 70 out of 70 roll numbers
2025-05-25 00:04:45,695 - INFO - Generated: seating_arrangements\06_05_2016_MA225_B-001_morning.xlsx
2025-05-25 00:04:45,695 - INFO - Allocation for MA225 in B-101 with 70 students
2025-05-25 00:04:45,695 - INFO - Found names for 70 out of 70 roll numbers
2025-05-25 00:04:45,721 - INFO - Generated: seating_arrangements\06_05_2016_MA225_B-101_morning.xlsx
2025-05-25 00:04:45,721 - INFO - Allocation for MA225 in B-002 with 70 students
2025-05-25 00:04:45,722 - INFO - Found names for 70 out of 70 roll numbers
2025-05-25 00:04:45,744 - INFO - Generated: seating_arrangements\06_05_2016_MA225_B-002_morning.xlsx
2025-05-25 00:04:45,745 - INFO - Allocation for MA225 in B-003 with 58 students
2025-05-25 00:04:45,745 - INFO - Found names for 58 out of 58 roll numbers
2025-05-25 00:04:45,765 - INFO - Generated: seating_arrangements\06_05_2016_MA225_B-003_morning.xlsx
2025-05-25 00:04:45,765 - INFO - Allocation for EE528 in B-003 with 12 students
2025-05-25 00:04:45,765 - INFO - Found names for 12 out of 12 roll numbers
2025-05-25 00:04:45,784 - INFO - Generated: seating_arrangements\06_05_2016_EE528_B-003_morning.xlsx
2025-05-25 00:04:45,784 - INFO - Allocation for EE528 in B-103 with 70 students
2025-05-25 00:04:45,784 - INFO - Found names for 70 out of 70 roll numbers
2025-05-25 00:04:45,805 - INFO - Generated: seating_arrangements\06_05_2016_EE528_B-103_morning.xlsx
2025-05-25 00:04:45,805 - INFO - Allocation for EE528 in 10502 with 1 students
2025-05-25 00:04:45,805 - INFO - Found names for 1 out of 1 roll numbers
2025-05-25 00:04:45,822 - INFO - Generated: seating_arrangements\06_05_2016_EE528_10502_morning.xlsx
2025-05-25 00:04:45,822 - INFO - Allocation for CE568 in 10502 with 57 students
2025-05-25 00:04:45,824 - INFO - Found names for 57 out of 57 roll numbers
2025-05-25 00:04:45,843 - INFO - Generated: seating_arrangements\06_05_2016_CE568_10502_morning.xlsx
2025-05-25 00:04:45,843 - INFO - Allocation for MA546 in 10502 with 32 students
2025-05-25 00:04:45,843 - INFO - Found names for 32 out of 32 roll numbers
2025-05-25 00:04:45,863 - INFO - Generated: seating_arrangements\06_05_2016_MA546_10502_morning.xlsx
2025-05-25 00:04:45,863 - INFO - Allocation for MA546 in 6101 with 7 students
2025-05-25 00:04:45,863 - INFO - Found names for 7 out of 7 roll numbers
2025-05-25 00:04:45,882 - INFO - Generated: seating_arrangements\06_05_2016_MA546_6101_morning.xlsx
2025-05-25 00:04:45,882 - INFO - Allocation for MA426 in 6101 with 23 students
2025-05-25 00:04:45,882 - INFO - Found names for 23 out of 23 roll numbers
2025-05-25 00:04:45,902 - INFO - Generated: seating_arrangements\06_05_2016_MA426_6101_morning.xlsx
2025-05-25 00:04:45,902 - INFO - Allocation for MA426 in 6102 with 7 students
2025-05-25 00:04:45,902 - INFO - Found names for 7 out of 7 roll numbers
2025-05-25 00:04:45,920 - INFO - Generated: seating_arrangements\06_05_2016_MA426_6102_morning.xlsx
2025-05-25 00:04:45,920 - INFO - Allocation for MA541 in 6102 with 28 students
2025-05-25 00:04:45,921 - INFO - Found names for 28 out of 28 roll numbers
2025-05-25 00:04:45,939 - INFO - Generated: seating_arrangements\06_05_2016_MA541_6102_morning.xlsx
2025-05-25 00:04:45,939 - INFO - Allocation for CH432 in 6102 with 26 students
2025-05-25 00:04:45,940 - INFO - Found names for 26 out of 26 roll numbers
2025-05-25 00:04:45,961 - INFO - Generated: seating_arrangements\06_05_2016_CH432_6102_morning.xlsx
2025-05-25 00:04:45,962 - INFO - Allocation for CE534 in 6102 with 11 students
2025-05-25 00:04:45,962 - INFO - Found names for 11 out of 11 roll numbers
2025-05-25 00:04:45,980 - INFO - Generated: seating_arrangements\06_05_2016_CE534_6102_morning.xlsx
2025-05-25 00:04:45,980 - INFO - Allocation for CE534 in 6103 with 5 students
2025-05-25 00:04:45,981 - INFO - Found names for 5 out of 5 roll numbers
2025-05-25 00:04:46,000 - INFO - Generated: seating_arrangements\06_05_2016_CE534_6103_morning.xlsx
2025-05-25 00:04:46,000 - INFO - Allocation for PH605 in 6103 with 15 students
2025-05-25 00:04:46,000 - INFO - Found names for 15 out of 15 roll numbers
2025-05-25 00:04:46,018 - INFO - Generated: seating_arrangements\06_05_2016_PH605_6103_morning.xlsx
2025-05-25 00:04:46,018 - INFO - Allocation for ME541 in 6103 with 9 students
2025-05-25 00:04:46,019 - INFO - Found names for 9 out of 9 roll numbers
2025-05-25 00:04:46,040 - INFO - Generated: seating_arrangements\06_05_2016_ME541_6103_morning.xlsx
2025-05-25 00:04:46,040 - INFO - Allocation for ME506 in 6103 with 1 students
2025-05-25 00:04:46,040 - INFO - Found names for 1 out of 1 roll numbers
2025-05-25 00:04:46,058 - INFO - Generated: seating_arrangements\06_05_2016_ME506_6103_morning.xlsx
2025-05-25 00:04:46,058 - INFO - Allocation for ME506 in 6104 with 8 students
2025-05-25 00:04:46,058 - INFO - Found names for 8 out of 8 roll numbers
2025-05-25 00:04:46,076 - INFO - Generated: seating_arrangements\06_05_2016_ME506_6104_morning.xlsx
2025-05-25 00:04:46,076 - INFO - Allocation for HS702 in 6104 with 8 students
2025-05-25 00:04:46,077 - INFO - Found names for 8 out of 8 roll numbers
2025-05-25 00:04:46,096 - INFO - Generated: seating_arrangements\06_05_2016_HS702_6104_morning.xlsx
2025-05-25 00:04:46,097 - INFO - Allocation for ME534 in 6104 with 5 students
2025-05-25 00:04:46,097 - INFO - Found names for 5 out of 5 roll numbers
2025-05-25 00:04:46,117 - INFO - Generated: seating_arrangements\06_05_2016_ME534_6104_morning.xlsx
2025-05-25 00:04:46,117 - INFO - Seating arrangement generation completed successfully
2025-05-25 00:04:46,117 - INFO - Operation completed successfully!
